# Logfile created on 2026-09-21 21:33:48 +0700 by logger.rb/61378
2026-09-21 21:33:48 +0700: Memory Usage (413980K) : Starting running IHP-SG13G2 Klayout DRC Density runset on /home/admin/work/final/IHP__MSPHY6034/dependencies/ADC/release/v.1.0.0/gds/SAR_ADC.gds
2026-09-21 21:33:48 +0700: Memory Usage (413980K) : Ruby Version for klayout: 2.5.9
2026-09-21 21:33:48 +0700: Memory Usage (416176K) : Loading database to memory is complete.
2026-09-21 21:33:48 +0700: Memory Usage (416176K) : IHP-SG13G2 Klayout DRC Density runset output at: /home/admin/work/final/IHP__MSPHY6034/dependencies/ADC/ADC-main/verification/drc/drc_run_2026_09_21_21_33_17/SAR_ADC_SAR_ADC_density.lyrdb
2026-09-21 21:33:48 +0700: Memory Usage (416176K) : Evaluate switches.
2026-09-21 21:33:48 +0700: Memory Usage (416176K) : Configured KLayout worker thread(s): 96.
2026-09-21 21:33:48 +0700: Memory Usage (416176K) : Deep mode enabled: reading layers and preparing general derivations.
2026-09-21 21:33:48 +0700: Memory Usage (416176K) : PreCheck DRC enabled: false
2026-09-21 21:33:48 +0700: Memory Usage (416176K) : Density sanity checks enabled: false
2026-09-21 21:33:48 +0700: Memory Usage (416176K) : Read in polygons from layers.
2026-09-21 21:33:48 +0700: Memory Usage (417672K) : activ_drw has 3331 polygons
2026-09-21 21:33:48 +0700: Memory Usage (417672K) : activ_mask has 0 polygons
2026-09-21 21:33:48 +0700: Memory Usage (417672K) : activ_filler has 0 polygons
2026-09-21 21:33:48 +0700: Memory Usage (417672K) : gatpoly_drw has 3046 polygons
2026-09-21 21:33:48 +0700: Memory Usage (418104K) : gatpoly_filler has 0 polygons
2026-09-21 21:33:48 +0700: Memory Usage (418104K) : metal1_drw has 6117 polygons
2026-09-21 21:33:48 +0700: Memory Usage (418428K) : metal1_filler has 0 polygons
2026-09-21 21:33:48 +0700: Memory Usage (418428K) : metal1_slit has 0 polygons
2026-09-21 21:33:48 +0700: Memory Usage (418428K) : metal2_drw has 2258 polygons
2026-09-21 21:33:48 +0700: Memory Usage (418692K) : metal2_filler has 0 polygons
2026-09-21 21:33:48 +0700: Memory Usage (418692K) : metal2_slit has 0 polygons
2026-09-21 21:33:48 +0700: Memory Usage (418692K) : metal3_drw has 639 polygons
2026-09-21 21:33:48 +0700: Memory Usage (418956K) : metal3_filler has 0 polygons
2026-09-21 21:33:48 +0700: Memory Usage (418956K) : metal3_slit has 0 polygons
2026-09-21 21:33:48 +0700: Memory Usage (418956K) : metal4_drw has 183 polygons
2026-09-21 21:33:48 +0700: Memory Usage (418956K) : metal4_filler has 0 polygons
2026-09-21 21:33:48 +0700: Memory Usage (418956K) : metal4_slit has 0 polygons
2026-09-21 21:33:48 +0700: Memory Usage (419220K) : metal5_drw has 618 polygons
2026-09-21 21:33:48 +0700: Memory Usage (419220K) : metal5_filler has 0 polygons
2026-09-21 21:33:48 +0700: Memory Usage (419220K) : metal5_slit has 0 polygons
2026-09-21 21:33:48 +0700: Memory Usage (419220K) : topmetal1_drw has 528 polygons
2026-09-21 21:33:48 +0700: Memory Usage (419220K) : topmetal1_filler has 0 polygons
2026-09-21 21:33:48 +0700: Memory Usage (419484K) : topmetal1_slit has 0 polygons
2026-09-21 21:33:48 +0700: Memory Usage (419484K) : topmetal2_drw has 72 polygons
2026-09-21 21:33:48 +0700: Memory Usage (419484K) : topmetal2_filler has 0 polygons
2026-09-21 21:33:48 +0700: Memory Usage (419484K) : topmetal2_slit has 0 polygons
2026-09-21 21:33:48 +0700: Memory Usage (419484K) : lbe_drw has 0 polygons
2026-09-21 21:33:48 +0700: Memory Usage (419484K) : prboundary_drw has 0 polygons
2026-09-21 21:33:48 +0700: Memory Usage (419484K) : edgeseal_bound has 0 polygons
2026-09-21 21:33:48 +0700: Memory Usage (419484K) : Loaded TECH DRC rules values from /home/dkits/ihp-sg13g2/v0.3.0/ihp-sg13g2/libs.tech/klayout/python/sg13g2_pycell_lib/sg13g2_tech_mod.json
2026-09-21 21:33:48 +0700: Memory Usage (419484K) : Loaded default DRC rules values from /home/dkits/ihp-sg13g2/v0.3.0/ihp-sg13g2/libs.tech/klayout/tech/drc/rule_decks/sg13g2_tech_default.json
2026-09-21 21:33:48 +0700: Memory Usage (419484K) : The following rules values were missing in tech json and default values were used:
2026-09-21 21:33:48 +0700: Memory Usage (419484K) :   - NW_f1_digibnd
2026-09-21 21:33:48 +0700: Memory Usage (419484K) :   - Cnt_c_digibnd
2026-09-21 21:33:48 +0700: Memory Usage (419484K) :   - Cnt_c_sram
2026-09-21 21:33:48 +0700: Memory Usage (419484K) :   - Sdiod_b
2026-09-21 21:33:48 +0700: Memory Usage (419484K) :   - Sdiod_c
2026-09-21 21:33:48 +0700: Memory Usage (419920K) : Density sanity markers are disabled (set -rd density_sanity=true to enable).
2026-09-21 21:33:48 +0700: Memory Usage (419920K) : No prBoundary found. Using layout extent for chip area: 120736.31115 um^2.
2026-09-21 21:33:48 +0700: Memory Usage (419920K) : Using bbox (-85.015,-115.06;241.22,255.03) for density window origin.
2026-09-21 21:33:48 +0700: Memory Usage (419920K) : Total area of the design is 120736.31115 um^2.
2026-09-21 21:33:48 +0700: Memory Usage (419920K) : Starting density IHP-SG13G2 derivations.
2026-09-21 21:33:48 +0700: Memory Usage (422068K) : Starting IHP-SG13G2 DENSITY DRC rules.
2026-09-21 21:33:48 +0700: Memory Usage (422068K) : Computing activ area and density...
2026-09-21 21:33:48 +0700: Memory Usage (423272K) : Executing rule AFil.g
2026-09-21 21:33:48 +0700: Memory Usage (423272K) : Executing rule AFil.g1
2026-09-21 21:33:48 +0700: Memory Usage (423272K) : Executing rule AFil.g2
2026-09-21 21:33:48 +0700: Memory Usage (426556K) : Executing rule AFil.g3
2026-09-21 21:33:48 +0700: Memory Usage (426748K) : Computing poly area and density...
2026-09-21 21:33:49 +0700: Memory Usage (427008K) : Executing rule GFil.g
2026-09-21 21:33:49 +0700: Memory Usage (427008K) : Computing metal1 area and density...
2026-09-21 21:33:49 +0700: Memory Usage (427272K) : Executing rule M1.j
2026-09-21 21:33:49 +0700: Memory Usage (427272K) : Executing rule M1.k
2026-09-21 21:33:49 +0700: Memory Usage (427272K) : Computing metal2 area and density...
2026-09-21 21:33:49 +0700: Memory Usage (427272K) : Computing metal3 area and density...
2026-09-21 21:33:49 +0700: Memory Usage (427272K) : Computing metal4 area and density...
2026-09-21 21:33:49 +0700: Memory Usage (427272K) : Computing metal5 area and density...
2026-09-21 21:33:49 +0700: Memory Usage (427272K) : Executing rule M2.j
2026-09-21 21:33:49 +0700: Memory Usage (427272K) : Executing rule M2.k
2026-09-21 21:33:49 +0700: Memory Usage (427272K) : Executing rule M3.j
2026-09-21 21:33:49 +0700: Memory Usage (427272K) : Executing rule M3.k
2026-09-21 21:33:49 +0700: Memory Usage (427272K) : Executing rule M4.j
2026-09-21 21:33:49 +0700: Memory Usage (427272K) : Executing rule M4.k
2026-09-21 21:33:49 +0700: Memory Usage (427272K) : Executing rule M5.j
2026-09-21 21:33:49 +0700: Memory Usage (427272K) : Executing rule M5.k
2026-09-21 21:33:49 +0700: Memory Usage (427272K) : Executing rule M1Fil.h
2026-09-21 21:33:49 +0700: Memory Usage (427740K) : Executing rule M1Fil.k
2026-09-21 21:33:49 +0700: Memory Usage (427740K) : Executing rule M2Fil.h
2026-09-21 21:33:49 +0700: Memory Usage (427792K) : Executing rule M2Fil.k
2026-09-21 21:33:49 +0700: Memory Usage (427784K) : Executing rule M3Fil.h
2026-09-21 21:33:49 +0700: Memory Usage (427792K) : Executing rule M3Fil.k
2026-09-21 21:33:49 +0700: Memory Usage (427816K) : Executing rule M4Fil.h
2026-09-21 21:33:49 +0700: Memory Usage (427692K) : Executing rule M4Fil.k
2026-09-21 21:33:49 +0700: Memory Usage (427692K) : Executing rule M5Fil.h
2026-09-21 21:33:49 +0700: Memory Usage (427756K) : Executing rule M5Fil.k
2026-09-21 21:33:49 +0700: Memory Usage (427660K) : Computing TopMetal1 area and density...
2026-09-21 21:33:49 +0700: Memory Usage (427792K) : Executing rule TM1.c
2026-09-21 21:33:49 +0700: Memory Usage (427792K) : Executing rule TM1.d
2026-09-21 21:33:49 +0700: Memory Usage (427792K) : Computing TopMetal2 area and density...
2026-09-21 21:33:49 +0700: Memory Usage (427792K) : Executing rule TM2.c
2026-09-21 21:33:49 +0700: Memory Usage (427792K) : Executing rule TM2.d
2026-09-21 21:33:49 +0700: Memory Usage (427792K) : Computing LBE area and density...
2026-09-21 21:33:49 +0700: Memory Usage (427792K) : Executing rule LBE.i
2026-09-21 21:33:49 +0700: Memory Usage (427792K) : Executing rule Slt.i_M1
2026-09-21 21:33:50 +0700: Memory Usage (427988K) : Executing rule Slt.i_M2
2026-09-21 21:33:50 +0700: Memory Usage (427988K) : Executing rule Slt.i_M3
2026-09-21 21:33:50 +0700: Memory Usage (427988K) : Executing rule Slt.i_M4
2026-09-21 21:33:50 +0700: Memory Usage (427988K) : Executing rule Slt.i_M5
2026-09-21 21:33:50 +0700: Memory Usage (427988K) : Executing rule Slt.i_TM1
2026-09-21 21:33:50 +0700: Memory Usage (428308K) : Executing rule Slt.i_TM2
2026-09-21 21:33:50 +0700: Memory Usage (428424K) : ##################################################
2026-09-21 21:33:50 +0700: Memory Usage (428424K) :                  Density Report                 #
2026-09-21 21:33:50 +0700: Memory Usage (428424K) : ##################################################
2026-09-21 21:33:50 +0700: Memory Usage (428424K) : 
2026-09-21 21:33:50 +0700: Memory Usage (428424K) : Layer areas and percentages (units: um^2)
2026-09-21 21:33:50 +0700: Memory Usage (428424K) : --------------------------------------------------
2026-09-21 21:33:50 +0700: Memory Usage (428424K) : 
2026-09-21 21:33:50 +0700: Memory Usage (428424K) : Total Area     = 120736.31 um^2
2026-09-21 21:33:50 +0700: Memory Usage (428424K) : 
2026-09-21 21:33:50 +0700: Memory Usage (428424K) : Activ      Area      = 3379.18 µm²
2026-09-21 21:33:50 +0700: Memory Usage (428424K) : Activ      Density % =  2.80%  [Min = 35.00%,  Max = 55.00%]
2026-09-21 21:33:50 +0700: Memory Usage (428424K) : 
2026-09-21 21:33:50 +0700: Memory Usage (428424K) : GatPoly    Area      = 2161.40 µm²
2026-09-21 21:33:50 +0700: Memory Usage (428424K) : GatPoly    Density % =  1.79%  [Min = 15.00%]
2026-09-21 21:33:50 +0700: Memory Usage (428424K) : 
2026-09-21 21:33:50 +0700: Memory Usage (428424K) : Metal1     Area      = 5227.77 µm²
2026-09-21 21:33:50 +0700: Memory Usage (428424K) : Metal1     Density % =  4.33%  [Min = 35.00%,  Max = 60.00%]
2026-09-21 21:33:50 +0700: Memory Usage (428424K) : 
2026-09-21 21:33:50 +0700: Memory Usage (428424K) : Metal2     Area      = 1922.73 µm²
2026-09-21 21:33:50 +0700: Memory Usage (428424K) : Metal2     Density % =  1.59%  [Min = 35.00%,  Max = 60.00%]
2026-09-21 21:33:50 +0700: Memory Usage (428424K) : 
2026-09-21 21:33:50 +0700: Memory Usage (428424K) : Metal3     Area      = 2208.51 µm²
2026-09-21 21:33:50 +0700: Memory Usage (428424K) : Metal3     Density % =  1.83%  [Min = 35.00%,  Max = 60.00%]
2026-09-21 21:33:50 +0700: Memory Usage (428424K) : 
2026-09-21 21:33:50 +0700: Memory Usage (428424K) : Metal4     Area      = 334.04 µm²
2026-09-21 21:33:50 +0700: Memory Usage (428424K) : Metal4     Density % =  0.28%  [Min = 35.00%,  Max = 60.00%]
2026-09-21 21:33:50 +0700: Memory Usage (428424K) : 
2026-09-21 21:33:50 +0700: Memory Usage (428424K) : Metal5     Area      = 17930.61 µm²
2026-09-21 21:33:50 +0700: Memory Usage (428424K) : Metal5     Density % = 14.85%  [Min = 35.00%,  Max = 60.00%]
2026-09-21 21:33:50 +0700: Memory Usage (428424K) : 
2026-09-21 21:33:50 +0700: Memory Usage (428424K) : TopMetal1  Area      = 35993.47 µm²
2026-09-21 21:33:50 +0700: Memory Usage (428424K) : TopMetal1  Density % = 29.81%  [Min = 25.00%,  Max = 70.00%]
2026-09-21 21:33:50 +0700: Memory Usage (428424K) : 
2026-09-21 21:33:50 +0700: Memory Usage (428424K) : TopMetal2  Area      = 24947.97 µm²
2026-09-21 21:33:50 +0700: Memory Usage (428424K) : TopMetal2  Density % = 20.66%  [Min = 25.00%,  Max = 70.00%]
2026-09-21 21:33:50 +0700: Memory Usage (428424K) : 
2026-09-21 21:33:50 +0700: Memory Usage (428424K) : LBE        Area      =  0.00 µm²
2026-09-21 21:33:50 +0700: Memory Usage (428424K) : LBE        Density % =  0.00%  [Max = 20.00%]
2026-09-21 21:33:50 +0700: Memory Usage (428424K) : 
2026-09-21 21:33:50 +0700: Memory Usage (428424K) : KLayout DRC run for density table completed in 1.66 seconds
