# Logfile created on 2026-09-21 21:33:20 +0700 by logger.rb/61378
2026-09-21 21:33:20 +0700: Memory Usage (416372K) : Starting running IHP-SG13G2 KLayout DRC runset on /home/admin/work/final/IHP__MSPHY6034/dependencies/OTA/release/v.1.0.0/gds/OTA5174.gds
2026-09-21 21:33:20 +0700: Memory Usage (416372K) : Ruby Version for klayout: 2.5.9
2026-09-21 21:33:20 +0700: Memory Usage (416540K) : Loading database to memory is complete.
2026-09-21 21:33:20 +0700: Memory Usage (416540K) : IHP-SG13G2 KLayout DRC runset output at: /home/admin/work/final/IHP__MSPHY6034/dependencies/OTA/OTA-main/verification/drc/drc_run_2026_09_21_21_33_17/OTA5174_OTA5174_main.lyrdb
2026-09-21 21:33:20 +0700: Memory Usage (416540K) : Evaluate switches.
2026-09-21 21:33:20 +0700: Memory Usage (416540K) : tables selected: main
2026-09-21 21:33:20 +0700: Memory Usage (416540K) : KLayout will use 96 thread(s) in tiling mode.
2026-09-21 21:33:20 +0700: Memory Usage (416540K) : deep mode is enabled.
2026-09-21 21:33:20 +0700: Memory Usage (416540K) : FEOL enabled: true
2026-09-21 21:33:20 +0700: Memory Usage (416540K) : BEOL enabled: true
2026-09-21 21:33:20 +0700: Memory Usage (416540K) : OFFGRID enabled: true
2026-09-21 21:33:20 +0700: Memory Usage (416540K) : ANGLE enabled: true
2026-09-21 21:33:20 +0700: Memory Usage (416540K) : PIN enabled: true
2026-09-21 21:33:20 +0700: Memory Usage (416540K) : FORBIDDEN enabled: true
2026-09-21 21:33:20 +0700: Memory Usage (416540K) : RECOMMENDED enabled: true
2026-09-21 21:33:20 +0700: Memory Usage (416540K) : PreCheck DRC enabled: false
2026-09-21 21:33:20 +0700: Memory Usage (416540K) : CONNECTIVITY_RULES enabled: true.
2026-09-21 21:33:20 +0700: Memory Usage (416540K) : Read in polygons from layers.
2026-09-21 21:33:20 +0700: Memory Usage (417784K) : activ_drw has 540 polygons
2026-09-21 21:33:20 +0700: Memory Usage (417784K) : activ_pin has 0 polygons
2026-09-21 21:33:20 +0700: Memory Usage (417784K) : activ_mask has 0 polygons
2026-09-21 21:33:20 +0700: Memory Usage (417784K) : activ_filler has 0 polygons
2026-09-21 21:33:20 +0700: Memory Usage (417784K) : activ_nofill has 0 polygons
2026-09-21 21:33:20 +0700: Memory Usage (417784K) : activ_opc has 0 polygons
2026-09-21 21:33:20 +0700: Memory Usage (417784K) : activ_iopc has 0 polygons
2026-09-21 21:33:20 +0700: Memory Usage (417784K) : activ_noqrc has 0 polygons
2026-09-21 21:33:20 +0700: Memory Usage (417784K) : biwind_drw has 0 polygons
2026-09-21 21:33:20 +0700: Memory Usage (417784K) : biwind_opc has 0 polygons
2026-09-21 21:33:20 +0700: Memory Usage (417784K) : pemwind_drw has 0 polygons
2026-09-21 21:33:20 +0700: Memory Usage (417784K) : gatpoly_drw has 353 polygons
2026-09-21 21:33:20 +0700: Memory Usage (417784K) : gatpoly_pin has 159 polygons
2026-09-21 21:33:20 +0700: Memory Usage (417784K) : gatpoly_filler has 0 polygons
2026-09-21 21:33:20 +0700: Memory Usage (417784K) : gatpoly_nofill has 0 polygons
2026-09-21 21:33:20 +0700: Memory Usage (417784K) : gatpoly_opc has 0 polygons
2026-09-21 21:33:20 +0700: Memory Usage (417784K) : gatpoly_iopc has 0 polygons
2026-09-21 21:33:20 +0700: Memory Usage (417784K) : gatpoly_noqrc has 0 polygons
2026-09-21 21:33:20 +0700: Memory Usage (417784K) : cont_drw has 1991 polygons
2026-09-21 21:33:20 +0700: Memory Usage (418460K) : cont_opc has 0 polygons
2026-09-21 21:33:20 +0700: Memory Usage (418460K) : nsd_drw has 26 polygons
2026-09-21 21:33:20 +0700: Memory Usage (418460K) : nsd_block has 0 polygons
2026-09-21 21:33:21 +0700: Memory Usage (418724K) : metal1_drw has 1280 polygons
2026-09-21 21:33:21 +0700: Memory Usage (418724K) : metal1_pin has 439 polygons
2026-09-21 21:33:21 +0700: Memory Usage (418724K) : metal1_mask has 0 polygons
2026-09-21 21:33:21 +0700: Memory Usage (418724K) : metal1_filler has 0 polygons
2026-09-21 21:33:21 +0700: Memory Usage (419168K) : metal1_nofill has 0 polygons
2026-09-21 21:33:21 +0700: Memory Usage (419168K) : metal1_slit has 0 polygons
2026-09-21 21:33:21 +0700: Memory Usage (419168K) : metal1_text has 20 polygons
2026-09-21 21:33:21 +0700: Memory Usage (419168K) : metal1_opc has 0 polygons
2026-09-21 21:33:21 +0700: Memory Usage (419168K) : metal1_noqrc has 0 polygons
2026-09-21 21:33:21 +0700: Memory Usage (419168K) : metal1_res has 0 polygons
2026-09-21 21:33:21 +0700: Memory Usage (419168K) : metal1_iprobe has 0 polygons
2026-09-21 21:33:21 +0700: Memory Usage (419168K) : metal1_diffprb has 0 polygons
2026-09-21 21:33:21 +0700: Memory Usage (419656K) : passiv_drw has 0 polygons
2026-09-21 21:33:21 +0700: Memory Usage (419656K) : passiv_pin has 0 polygons
2026-09-21 21:33:21 +0700: Memory Usage (419656K) : passiv_sbump has 0 polygons
2026-09-21 21:33:21 +0700: Memory Usage (419656K) : passiv_pillar has 0 polygons
2026-09-21 21:33:21 +0700: Memory Usage (419920K) : passiv_pdl has 0 polygons
2026-09-21 21:33:21 +0700: Memory Usage (419920K) : metal2_drw has 837 polygons
2026-09-21 21:33:21 +0700: Memory Usage (419920K) : metal2_pin has 35 polygons
2026-09-21 21:33:21 +0700: Memory Usage (419920K) : metal2_mask has 0 polygons
2026-09-21 21:33:21 +0700: Memory Usage (420184K) : metal2_filler has 0 polygons
2026-09-21 21:33:21 +0700: Memory Usage (420184K) : metal2_nofill has 0 polygons
2026-09-21 21:33:21 +0700: Memory Usage (420184K) : metal2_slit has 0 polygons
2026-09-21 21:33:21 +0700: Memory Usage (420184K) : metal2_text has 13 polygons
2026-09-21 21:33:21 +0700: Memory Usage (420184K) : metal2_opc has 0 polygons
2026-09-21 21:33:21 +0700: Memory Usage (420448K) : metal2_noqrc has 0 polygons
2026-09-21 21:33:21 +0700: Memory Usage (420448K) : metal2_res has 0 polygons
2026-09-21 21:33:21 +0700: Memory Usage (420448K) : metal2_iprobe has 0 polygons
2026-09-21 21:33:21 +0700: Memory Usage (420448K) : metal2_diffprb has 0 polygons
2026-09-21 21:33:21 +0700: Memory Usage (420712K) : baspoly_drw has 0 polygons
2026-09-21 21:33:21 +0700: Memory Usage (420712K) : baspoly_pin has 0 polygons
2026-09-21 21:33:21 +0700: Memory Usage (420712K) : psd_drw has 113 polygons
2026-09-21 21:33:21 +0700: Memory Usage (420712K) : nldb_drw has 0 polygons
2026-09-21 21:33:21 +0700: Memory Usage (420976K) : digibnd_drw has 0 polygons
2026-09-21 21:33:21 +0700: Memory Usage (420976K) : via1_drw has 1023 polygons
2026-09-21 21:33:21 +0700: Memory Usage (420976K) : backmetal1_drw has 0 polygons
2026-09-21 21:33:21 +0700: Memory Usage (420976K) : backmetal1_pin has 0 polygons
2026-09-21 21:33:21 +0700: Memory Usage (421240K) : backmetal1_mask has 0 polygons
2026-09-21 21:33:21 +0700: Memory Usage (421240K) : backmetal1_filler has 0 polygons
2026-09-21 21:33:21 +0700: Memory Usage (421240K) : backmetal1_nofill has 0 polygons
2026-09-21 21:33:21 +0700: Memory Usage (421240K) : backmetal1_slit has 0 polygons
2026-09-21 21:33:21 +0700: Memory Usage (421240K) : backmetal1_text has 0 polygons
2026-09-21 21:33:21 +0700: Memory Usage (421504K) : backmetal1_opc has 0 polygons
2026-09-21 21:33:21 +0700: Memory Usage (421504K) : backmetal1_noqrc has 0 polygons
2026-09-21 21:33:21 +0700: Memory Usage (421504K) : backmetal1_res has 0 polygons
2026-09-21 21:33:21 +0700: Memory Usage (421504K) : backmetal1_iprobe has 0 polygons
2026-09-21 21:33:21 +0700: Memory Usage (421768K) : backmetal1_diffprb has 0 polygons
2026-09-21 21:33:21 +0700: Memory Usage (421768K) : backpassiv_drw has 0 polygons
2026-09-21 21:33:21 +0700: Memory Usage (421768K) : res_drw has 0 polygons
2026-09-21 21:33:21 +0700: Memory Usage (421768K) : sram_drw has 0 polygons
2026-09-21 21:33:21 +0700: Memory Usage (421768K) : trans_drw has 0 polygons
2026-09-21 21:33:21 +0700: Memory Usage (421768K) : ind_drw has 0 polygons
2026-09-21 21:33:21 +0700: Memory Usage (422032K) : ind_pin has 0 polygons
2026-09-21 21:33:21 +0700: Memory Usage (422032K) : ind_text has 0 polygons
2026-09-21 21:33:21 +0700: Memory Usage (422032K) : salblock_drw has 0 polygons
2026-09-21 21:33:21 +0700: Memory Usage (422032K) : via2_drw has 228 polygons
2026-09-21 21:33:21 +0700: Memory Usage (422296K) : metal3_drw has 195 polygons
2026-09-21 21:33:21 +0700: Memory Usage (422296K) : metal3_pin has 13 polygons
2026-09-21 21:33:21 +0700: Memory Usage (422296K) : metal3_mask has 0 polygons
2026-09-21 21:33:21 +0700: Memory Usage (422296K) : metal3_filler has 0 polygons
2026-09-21 21:33:21 +0700: Memory Usage (422560K) : metal3_nofill has 0 polygons
2026-09-21 21:33:21 +0700: Memory Usage (422560K) : metal3_slit has 0 polygons
2026-09-21 21:33:21 +0700: Memory Usage (422560K) : metal3_text has 8 polygons
2026-09-21 21:33:21 +0700: Memory Usage (422560K) : metal3_opc has 0 polygons
2026-09-21 21:33:21 +0700: Memory Usage (422560K) : metal3_noqrc has 0 polygons
2026-09-21 21:33:21 +0700: Memory Usage (422824K) : metal3_res has 0 polygons
2026-09-21 21:33:21 +0700: Memory Usage (422824K) : metal3_iprobe has 0 polygons
2026-09-21 21:33:21 +0700: Memory Usage (422824K) : metal3_diffprb has 0 polygons
2026-09-21 21:33:21 +0700: Memory Usage (422824K) : nwell_drw has 106 polygons
2026-09-21 21:33:21 +0700: Memory Usage (422824K) : nwell_pin has 0 polygons
2026-09-21 21:33:21 +0700: Memory Usage (423088K) : nbulay_drw has 0 polygons
2026-09-21 21:33:21 +0700: Memory Usage (423088K) : nbulay_pin has 0 polygons
2026-09-21 21:33:21 +0700: Memory Usage (423088K) : nbulay_block has 0 polygons
2026-09-21 21:33:21 +0700: Memory Usage (423088K) : emwind_drw has 0 polygons
2026-09-21 21:33:21 +0700: Memory Usage (423352K) : emwind_opc has 0 polygons
2026-09-21 21:33:21 +0700: Memory Usage (423352K) : deepco_drw has 0 polygons
2026-09-21 21:33:21 +0700: Memory Usage (423352K) : deepco_drw has 0 polygons
2026-09-21 21:33:21 +0700: Memory Usage (423352K) : mim_drw has 15 polygons
2026-09-21 21:33:21 +0700: Memory Usage (423352K) : edgeseal_drw has 0 polygons
2026-09-21 21:33:21 +0700: Memory Usage (423616K) : edgeseal_bound has 0 polygons
2026-09-21 21:33:21 +0700: Memory Usage (423616K) : substrate_drw has 82 polygons
2026-09-21 21:33:21 +0700: Memory Usage (423616K) : substrate_text has 0 polygons
2026-09-21 21:33:21 +0700: Memory Usage (423616K) : dfpad_drw has 0 polygons
2026-09-21 21:33:21 +0700: Memory Usage (423880K) : dfpad_pillar has 0 polygons
2026-09-21 21:33:21 +0700: Memory Usage (423880K) : dfpad_sbump has 0 polygons
2026-09-21 21:33:21 +0700: Memory Usage (423880K) : thickgateox_drw has 184 polygons
2026-09-21 21:33:21 +0700: Memory Usage (423880K) : pldb_drw has 0 polygons
2026-09-21 21:33:21 +0700: Memory Usage (424144K) : pwell_drw has 0 polygons
2026-09-21 21:33:21 +0700: Memory Usage (424144K) : pwell_pin has 0 polygons
2026-09-21 21:33:21 +0700: Memory Usage (424144K) : pwell_block has 0 polygons
2026-09-21 21:33:21 +0700: Memory Usage (424144K) : ic_drw has 0 polygons
2026-09-21 21:33:21 +0700: Memory Usage (424144K) : via3_drw has 115 polygons
2026-09-21 21:33:21 +0700: Memory Usage (424408K) : metal4_drw has 100 polygons
2026-09-21 21:33:21 +0700: Memory Usage (424408K) : metal4_pin has 4 polygons
2026-09-21 21:33:21 +0700: Memory Usage (424408K) : metal4_mask has 0 polygons
2026-09-21 21:33:21 +0700: Memory Usage (424408K) : metal4_filler has 0 polygons
2026-09-21 21:33:21 +0700: Memory Usage (424408K) : metal4_nofill has 0 polygons
2026-09-21 21:33:21 +0700: Memory Usage (424672K) : metal4_slit has 0 polygons
2026-09-21 21:33:21 +0700: Memory Usage (424672K) : metal4_text has 0 polygons
2026-09-21 21:33:21 +0700: Memory Usage (424672K) : metal4_opc has 0 polygons
2026-09-21 21:33:21 +0700: Memory Usage (424672K) : metal4_noqrc has 0 polygons
2026-09-21 21:33:21 +0700: Memory Usage (424936K) : metal4_res has 0 polygons
2026-09-21 21:33:21 +0700: Memory Usage (424936K) : metal4_iprobe has 0 polygons
2026-09-21 21:33:21 +0700: Memory Usage (424936K) : metal4_diffprb has 0 polygons
2026-09-21 21:33:21 +0700: Memory Usage (424936K) : heattrans_drw has 167 polygons
2026-09-21 21:33:21 +0700: Memory Usage (425200K) : heatres_drw has 0 polygons
2026-09-21 21:33:21 +0700: Memory Usage (425200K) : pempoly_drw has 0 polygons
2026-09-21 21:33:21 +0700: Memory Usage (425200K) : fbe_drw has 0 polygons
2026-09-21 21:33:21 +0700: Memory Usage (425200K) : empoly_drw has 0 polygons
2026-09-21 21:33:21 +0700: Memory Usage (425200K) : ldmos_drw has 0 polygons
2026-09-21 21:33:21 +0700: Memory Usage (425464K) : pbiwind_drw has 0 polygons
2026-09-21 21:33:21 +0700: Memory Usage (425464K) : digisub_drw has 0 polygons
2026-09-21 21:33:21 +0700: Memory Usage (425464K) : nodrc_drw has 0 polygons
2026-09-21 21:33:21 +0700: Memory Usage (425464K) : text_drw has 159 polygons
2026-09-21 21:33:21 +0700: Memory Usage (425728K) : via4_drw has 109 polygons
2026-09-21 21:33:21 +0700: Memory Usage (425728K) : metal5_drw has 140 polygons
2026-09-21 21:33:21 +0700: Memory Usage (425728K) : metal5_pin has 0 polygons
2026-09-21 21:33:21 +0700: Memory Usage (425728K) : metal5_mask has 0 polygons
2026-09-21 21:33:21 +0700: Memory Usage (425992K) : metal5_filler has 0 polygons
2026-09-21 21:33:21 +0700: Memory Usage (425992K) : metal5_nofill has 0 polygons
2026-09-21 21:33:21 +0700: Memory Usage (425992K) : metal5_slit has 0 polygons
2026-09-21 21:33:21 +0700: Memory Usage (425992K) : metal5_text has 0 polygons
2026-09-21 21:33:21 +0700: Memory Usage (425992K) : metal5_opc has 0 polygons
2026-09-21 21:33:21 +0700: Memory Usage (426256K) : metal5_noqrc has 0 polygons
2026-09-21 21:33:21 +0700: Memory Usage (426256K) : metal5_res has 0 polygons
2026-09-21 21:33:21 +0700: Memory Usage (426256K) : metal5_iprobe has 0 polygons
2026-09-21 21:33:21 +0700: Memory Usage (426256K) : metal5_diffprb has 0 polygons
2026-09-21 21:33:21 +0700: Memory Usage (426256K) : radhard_drw has 0 polygons
2026-09-21 21:33:21 +0700: Memory Usage (426520K) : memcap_drw has 0 polygons
2026-09-21 21:33:21 +0700: Memory Usage (426520K) : varicap_drw has 0 polygons
2026-09-21 21:33:21 +0700: Memory Usage (426520K) : flash_drw has 0 polygons
2026-09-21 21:33:21 +0700: Memory Usage (426520K) : intbondvia_drw has 0 polygons
2026-09-21 21:33:21 +0700: Memory Usage (426784K) : intbondmet_drw has 0 polygons
2026-09-21 21:33:21 +0700: Memory Usage (426784K) : devbondvia_drw has 0 polygons
2026-09-21 21:33:21 +0700: Memory Usage (426784K) : devbondmet_drw has 0 polygons
2026-09-21 21:33:21 +0700: Memory Usage (426784K) : devtrench_drw has 0 polygons
2026-09-21 21:33:21 +0700: Memory Usage (426784K) : redist_drw has 0 polygons
2026-09-21 21:33:21 +0700: Memory Usage (427048K) : graphbot_drw has 0 polygons
2026-09-21 21:33:21 +0700: Memory Usage (427048K) : graphtop_drw has 0 polygons
2026-09-21 21:33:21 +0700: Memory Usage (427048K) : antvia1_drw has 0 polygons
2026-09-21 21:33:21 +0700: Memory Usage (427048K) : antmetal2_drw has 0 polygons
2026-09-21 21:33:21 +0700: Memory Usage (427312K) : graphcont_drw has 0 polygons
2026-09-21 21:33:21 +0700: Memory Usage (427312K) : siwg_drw has 0 polygons
2026-09-21 21:33:21 +0700: Memory Usage (427312K) : siwg_filler has 0 polygons
2026-09-21 21:33:21 +0700: Memory Usage (427312K) : siwg_nofill has 0 polygons
2026-09-21 21:33:21 +0700: Memory Usage (427312K) : sigrating_drw has 0 polygons
2026-09-21 21:33:21 +0700: Memory Usage (427576K) : singrating_drw has 0 polygons
2026-09-21 21:33:21 +0700: Memory Usage (427576K) : graphpas_drw has 0 polygons
2026-09-21 21:33:21 +0700: Memory Usage (427576K) : emwind3_drw has 0 polygons
2026-09-21 21:33:21 +0700: Memory Usage (427576K) : emwihv3_drw has 0 polygons
2026-09-21 21:33:21 +0700: Memory Usage (427576K) : redbulay_drw has 0 polygons
2026-09-21 21:33:21 +0700: Memory Usage (427840K) : smos_drw has 0 polygons
2026-09-21 21:33:21 +0700: Memory Usage (427840K) : graphpad_drw has 0 polygons
2026-09-21 21:33:21 +0700: Memory Usage (427840K) : polimide_drw has 0 polygons
2026-09-21 21:33:21 +0700: Memory Usage (427840K) : polimide_pin has 0 polygons
2026-09-21 21:33:21 +0700: Memory Usage (428104K) : recog_drw has 0 polygons
2026-09-21 21:33:21 +0700: Memory Usage (428104K) : recog_pin has 0 polygons
2026-09-21 21:33:21 +0700: Memory Usage (428104K) : recog_esd has 0 polygons
2026-09-21 21:33:21 +0700: Memory Usage (428104K) : recog_diode has 0 polygons
2026-09-21 21:33:21 +0700: Memory Usage (428104K) : recog_tsv has 0 polygons
2026-09-21 21:33:21 +0700: Memory Usage (428368K) : recog_iprobe has 0 polygons
2026-09-21 21:33:21 +0700: Memory Usage (428368K) : recog_diffprb has 0 polygons
2026-09-21 21:33:21 +0700: Memory Usage (428368K) : recog_pillar has 0 polygons
2026-09-21 21:33:21 +0700: Memory Usage (428368K) : recog_sbump has 0 polygons
2026-09-21 21:33:21 +0700: Memory Usage (428640K) : recog_otp has 0 polygons
2026-09-21 21:33:21 +0700: Memory Usage (428640K) : recog_pdiode has 0 polygons
2026-09-21 21:33:21 +0700: Memory Usage (428640K) : recog_mom has 0 polygons
2026-09-21 21:33:21 +0700: Memory Usage (428640K) : recog_pcm has 0 polygons
2026-09-21 21:33:21 +0700: Memory Usage (428640K) : colopen_drw has 0 polygons
2026-09-21 21:33:21 +0700: Memory Usage (428640K) : graphmetal1_drw has 0 polygons
2026-09-21 21:33:21 +0700: Memory Usage (428640K) : graphmetal1_filler has 0 polygons
2026-09-21 21:33:21 +0700: Memory Usage (428640K) : graphmetal1_nofill has 0 polygons
2026-09-21 21:33:21 +0700: Memory Usage (428640K) : graphmetal1_slit has 0 polygons
2026-09-21 21:33:21 +0700: Memory Usage (428640K) : graphmetal1_opc has 0 polygons
2026-09-21 21:33:21 +0700: Memory Usage (428640K) : graphmet1l_drw has 0 polygons
2026-09-21 21:33:21 +0700: Memory Usage (428640K) : graphmet1l_filler has 0 polygons
2026-09-21 21:33:21 +0700: Memory Usage (428640K) : graphmet1l_nofill has 0 polygons
2026-09-21 21:33:21 +0700: Memory Usage (428640K) : graphmet1l_slit has 0 polygons
2026-09-21 21:33:21 +0700: Memory Usage (428640K) : graphmet1l_opc has 0 polygons
2026-09-21 21:33:21 +0700: Memory Usage (428640K) : extblock_drw has 0 polygons
2026-09-21 21:33:21 +0700: Memory Usage (428640K) : nldd_drw has 0 polygons
2026-09-21 21:33:21 +0700: Memory Usage (428640K) : pldd_drw has 0 polygons
2026-09-21 21:33:21 +0700: Memory Usage (428640K) : next_drw has 0 polygons
2026-09-21 21:33:21 +0700: Memory Usage (428640K) : pext_drw has 0 polygons
2026-09-21 21:33:21 +0700: Memory Usage (428640K) : nexthv_drw has 0 polygons
2026-09-21 21:33:21 +0700: Memory Usage (428640K) : pexthv_drw has 0 polygons
2026-09-21 21:33:21 +0700: Memory Usage (428640K) : graphgate_drw has 0 polygons
2026-09-21 21:33:21 +0700: Memory Usage (428640K) : sinwg_drw has 0 polygons
2026-09-21 21:33:21 +0700: Memory Usage (428640K) : sinwg_filler has 0 polygons
2026-09-21 21:33:21 +0700: Memory Usage (428640K) : sinwg_nofill has 0 polygons
2026-09-21 21:33:21 +0700: Memory Usage (428640K) : mempad_drw has 0 polygons
2026-09-21 21:33:21 +0700: Memory Usage (428640K) : topvia1_drw has 84 polygons
2026-09-21 21:33:21 +0700: Memory Usage (428640K) : topmetal1_drw has 70 polygons
2026-09-21 21:33:21 +0700: Memory Usage (428640K) : topmetal1_pin has 0 polygons
2026-09-21 21:33:21 +0700: Memory Usage (428640K) : topmetal1_mask has 0 polygons
2026-09-21 21:33:21 +0700: Memory Usage (428640K) : topmetal1_filler has 0 polygons
2026-09-21 21:33:21 +0700: Memory Usage (428640K) : topmetal1_nofill has 0 polygons
2026-09-21 21:33:21 +0700: Memory Usage (428640K) : topmetal1_slit has 0 polygons
2026-09-21 21:33:21 +0700: Memory Usage (428640K) : topmetal1_text has 0 polygons
2026-09-21 21:33:21 +0700: Memory Usage (428640K) : topmetal1_noqrc has 0 polygons
2026-09-21 21:33:21 +0700: Memory Usage (428640K) : topmetal1_res has 0 polygons
2026-09-21 21:33:21 +0700: Memory Usage (428640K) : topmetal1_iprobe has 0 polygons
2026-09-21 21:33:21 +0700: Memory Usage (428640K) : topmetal1_diffprb has 0 polygons
2026-09-21 21:33:21 +0700: Memory Usage (428640K) : inldpwl_drw has 0 polygons
2026-09-21 21:33:21 +0700: Memory Usage (428640K) : polyres_drw has 0 polygons
2026-09-21 21:33:21 +0700: Memory Usage (428640K) : polyres_pin has 0 polygons
2026-09-21 21:33:21 +0700: Memory Usage (428640K) : vmim_drw has 1443 polygons
2026-09-21 21:33:21 +0700: Memory Usage (428640K) : nbulaycut_drw has 0 polygons
2026-09-21 21:33:21 +0700: Memory Usage (428640K) : antmetal1_drw has 0 polygons
2026-09-21 21:33:21 +0700: Memory Usage (428640K) : topvia2_drw has 0 polygons
2026-09-21 21:33:21 +0700: Memory Usage (428640K) : topmetal2_drw has 0 polygons
2026-09-21 21:33:21 +0700: Memory Usage (428640K) : topmetal2_pin has 0 polygons
2026-09-21 21:33:21 +0700: Memory Usage (428640K) : topmetal2_mask has 0 polygons
2026-09-21 21:33:21 +0700: Memory Usage (428640K) : topmetal2_filler has 0 polygons
2026-09-21 21:33:21 +0700: Memory Usage (428640K) : topmetal2_nofill has 0 polygons
2026-09-21 21:33:21 +0700: Memory Usage (428640K) : topmetal2_slit has 0 polygons
2026-09-21 21:33:21 +0700: Memory Usage (428640K) : topmetal2_text has 0 polygons
2026-09-21 21:33:21 +0700: Memory Usage (428640K) : topmetal2_noqrc has 0 polygons
2026-09-21 21:33:21 +0700: Memory Usage (428640K) : topmetal2_res has 0 polygons
2026-09-21 21:33:21 +0700: Memory Usage (428640K) : topmetal2_iprobe has 0 polygons
2026-09-21 21:33:21 +0700: Memory Usage (428640K) : topmetal2_diffprb has 0 polygons
2026-09-21 21:33:21 +0700: Memory Usage (428640K) : snsring_drw has 0 polygons
2026-09-21 21:33:21 +0700: Memory Usage (428640K) : sensor_drw has 0 polygons
2026-09-21 21:33:21 +0700: Memory Usage (428640K) : snsarms_drw has 0 polygons
2026-09-21 21:33:21 +0700: Memory Usage (428640K) : snscmosvia_drw has 0 polygons
2026-09-21 21:33:21 +0700: Memory Usage (428640K) : colwind_drw has 0 polygons
2026-09-21 21:33:21 +0700: Memory Usage (428640K) : flm_drw has 0 polygons
2026-09-21 21:33:21 +0700: Memory Usage (428640K) : hafniumox_drw has 0 polygons
2026-09-21 21:33:21 +0700: Memory Usage (428640K) : memvia_drw has 0 polygons
2026-09-21 21:33:21 +0700: Memory Usage (428640K) : thinfilmres_drw has 0 polygons
2026-09-21 21:33:21 +0700: Memory Usage (428640K) : rfmem_drw has 0 polygons
2026-09-21 21:33:21 +0700: Memory Usage (428640K) : norcx_drw has 0 polygons
2026-09-21 21:33:21 +0700: Memory Usage (428640K) : norcx_m2m3 has 0 polygons
2026-09-21 21:33:21 +0700: Memory Usage (428640K) : norcx_m2m4 has 0 polygons
2026-09-21 21:33:21 +0700: Memory Usage (428640K) : norcx_m2m5 has 0 polygons
2026-09-21 21:33:21 +0700: Memory Usage (428640K) : norcx_m2tm1 has 0 polygons
2026-09-21 21:33:21 +0700: Memory Usage (428640K) : norcx_m2tm2 has 0 polygons
2026-09-21 21:33:21 +0700: Memory Usage (428640K) : norcx_m3m4 has 0 polygons
2026-09-21 21:33:21 +0700: Memory Usage (428640K) : norcx_m3m5 has 0 polygons
2026-09-21 21:33:21 +0700: Memory Usage (428640K) : norcx_m3tm1 has 0 polygons
2026-09-21 21:33:21 +0700: Memory Usage (428640K) : norcx_m3tm2 has 0 polygons
2026-09-21 21:33:21 +0700: Memory Usage (428640K) : norcx_m4m5 has 0 polygons
2026-09-21 21:33:21 +0700: Memory Usage (428640K) : norcx_m4tm1 has 0 polygons
2026-09-21 21:33:21 +0700: Memory Usage (428640K) : norcx_m4tm2 has 0 polygons
2026-09-21 21:33:21 +0700: Memory Usage (428640K) : norcx_m5tm1 has 0 polygons
2026-09-21 21:33:21 +0700: Memory Usage (428640K) : norcx_m5tm2 has 0 polygons
2026-09-21 21:33:21 +0700: Memory Usage (428640K) : norcx_tm1tm2 has 0 polygons
2026-09-21 21:33:21 +0700: Memory Usage (428640K) : norcx_m1sub has 0 polygons
2026-09-21 21:33:21 +0700: Memory Usage (428640K) : norcx_m2sub has 0 polygons
2026-09-21 21:33:21 +0700: Memory Usage (428640K) : norcx_m3sub has 0 polygons
2026-09-21 21:33:21 +0700: Memory Usage (428640K) : norcx_m4sub has 0 polygons
2026-09-21 21:33:21 +0700: Memory Usage (428640K) : norcx_m5sub has 0 polygons
2026-09-21 21:33:21 +0700: Memory Usage (428640K) : norcx_tm1sub has 0 polygons
2026-09-21 21:33:21 +0700: Memory Usage (428640K) : norcx_tm2sub has 0 polygons
2026-09-21 21:33:21 +0700: Memory Usage (428640K) : snsbotvia_drw has 0 polygons
2026-09-21 21:33:21 +0700: Memory Usage (428640K) : snstopvia_drw has 0 polygons
2026-09-21 21:33:21 +0700: Memory Usage (428640K) : deepvia_drw has 0 polygons
2026-09-21 21:33:21 +0700: Memory Usage (428640K) : fgetch_drw has 0 polygons
2026-09-21 21:33:21 +0700: Memory Usage (428640K) : ctrgat_drw has 0 polygons
2026-09-21 21:33:21 +0700: Memory Usage (428640K) : fgimp_drw has 0 polygons
2026-09-21 21:33:21 +0700: Memory Usage (428640K) : emwihv_drw has 0 polygons
2026-09-21 21:33:21 +0700: Memory Usage (428640K) : lbe_drw has 0 polygons
2026-09-21 21:33:21 +0700: Memory Usage (428640K) : alcustop_drw has 0 polygons
2026-09-21 21:33:21 +0700: Memory Usage (428640K) : nometfiller_drw has 0 polygons
2026-09-21 21:33:21 +0700: Memory Usage (428640K) : prboundary_drw has 0 polygons
2026-09-21 21:33:21 +0700: Memory Usage (428640K) : exchange0_drw has 0 polygons
2026-09-21 21:33:21 +0700: Memory Usage (428640K) : exchange0_pin has 0 polygons
2026-09-21 21:33:21 +0700: Memory Usage (428640K) : exchange0_text has 0 polygons
2026-09-21 21:33:21 +0700: Memory Usage (428640K) : exchange1_drw has 0 polygons
2026-09-21 21:33:21 +0700: Memory Usage (428640K) : exchange1_pin has 0 polygons
2026-09-21 21:33:21 +0700: Memory Usage (428640K) : exchange1_text has 0 polygons
2026-09-21 21:33:21 +0700: Memory Usage (428640K) : exchange2_drw has 0 polygons
2026-09-21 21:33:21 +0700: Memory Usage (428640K) : exchange2_pin has 0 polygons
2026-09-21 21:33:21 +0700: Memory Usage (428640K) : exchange2_text has 0 polygons
2026-09-21 21:33:21 +0700: Memory Usage (428640K) : exchange3_drw has 0 polygons
2026-09-21 21:33:21 +0700: Memory Usage (428640K) : exchange3_pin has 0 polygons
2026-09-21 21:33:21 +0700: Memory Usage (428640K) : exchange3_text has 0 polygons
2026-09-21 21:33:21 +0700: Memory Usage (428640K) : exchange4_drw has 0 polygons
2026-09-21 21:33:21 +0700: Memory Usage (428640K) : exchange4_pin has 0 polygons
2026-09-21 21:33:21 +0700: Memory Usage (428640K) : exchange4_text has 0 polygons
2026-09-21 21:33:21 +0700: Memory Usage (428640K) : isonwell_drw has 0 polygons
2026-09-21 21:33:21 +0700: Memory Usage (428640K) : Total no. of polygons in the design is 10051
2026-09-21 21:33:21 +0700: Memory Usage (428640K) : Loaded TECH DRC rules values from /home/dkits/ihp-sg13g2/v0.3.0/ihp-sg13g2/libs.tech/klayout/python/sg13g2_pycell_lib/sg13g2_tech_mod.json
2026-09-21 21:33:21 +0700: Memory Usage (428640K) : Loaded default DRC rules values from /home/dkits/ihp-sg13g2/v0.3.0/ihp-sg13g2/libs.tech/klayout/tech/drc/rule_decks/sg13g2_tech_default.json
2026-09-21 21:33:21 +0700: Memory Usage (428640K) : The following rules values were missing in tech json and default values were used:
2026-09-21 21:33:21 +0700: Memory Usage (428640K) :   - NW_f1_digibnd
2026-09-21 21:33:21 +0700: Memory Usage (428640K) :   - Cnt_c_digibnd
2026-09-21 21:33:21 +0700: Memory Usage (428640K) :   - Cnt_c_sram
2026-09-21 21:33:21 +0700: Memory Usage (428640K) :   - Sdiod_b
2026-09-21 21:33:21 +0700: Memory Usage (428640K) :   - Sdiod_c
2026-09-21 21:33:21 +0700: Memory Usage (429780K) : Total area of the design is 338665.14499999996 um^2.
2026-09-21 21:33:21 +0700: Memory Usage (429780K) : The design dimensions are 579.41 µm * 584.5 µm.
2026-09-21 21:33:21 +0700: Memory Usage (429780K) : Starting general IHP-SG13G2 derivations.
2026-09-21 21:33:21 +0700: Memory Usage (429780K) : Starting Pwell derivations
2026-09-21 21:33:21 +0700: Memory Usage (435984K) : Starting n-Activ derivations
2026-09-21 21:33:21 +0700: Memory Usage (437212K) : Starting p-Activ derivations
2026-09-21 21:33:22 +0700: Memory Usage (449352K) : Starting ptap derivations
2026-09-21 21:33:22 +0700: Memory Usage (443364K) : Starting ntap derivations
2026-09-21 21:33:22 +0700: Memory Usage (445384K) : Starting pact FET derivations
2026-09-21 21:33:22 +0700: Memory Usage (447412K) : Starting nact FET derivations
2026-09-21 21:33:22 +0700: Memory Usage (449536K) : Starting Gate derivations
2026-09-21 21:33:22 +0700: Memory Usage (445492K) : Starting cont/contbar general derivations
2026-09-21 21:33:22 +0700: Memory Usage (436588K) : Starting pad general derivations
2026-09-21 21:33:22 +0700: Memory Usage (436588K) : Starting schottky_nbl general derivations
2026-09-21 21:33:22 +0700: Memory Usage (436588K) : Starting SVaricap general derivations
2026-09-21 21:33:22 +0700: Memory Usage (436664K) : Starting HBT general derivations
2026-09-21 21:33:22 +0700: Memory Usage (436664K) : Starting IHP-SG13G2 DRC connectivity related derivations.
2026-09-21 21:33:22 +0700: Memory Usage (451936K) : Starting IHP-SG13G2 DRC connectivity setup
2026-09-21 21:33:22 +0700: Memory Usage (437132K) : Starting IHP-SG13G2 DRC rules.
2026-09-21 21:33:22 +0700: Memory Usage (437132K) : Running all FEOL rules
2026-09-21 21:33:22 +0700: Memory Usage (437132K) : Running all BEOL rules
2026-09-21 21:33:22 +0700: Memory Usage (437132K) : Running all PIN rules
2026-09-21 21:33:22 +0700: Memory Usage (437132K) : Running all FORBIDDEN rules
2026-09-21 21:33:22 +0700: Memory Usage (437132K) : Starting 5.1 NWell table
2026-09-21 21:33:22 +0700: Memory Usage (437132K) : Executing rule NW.b
2026-09-21 21:33:22 +0700: Memory Usage (437656K) : Executing rule NW.b1
2026-09-21 21:33:22 +0700: Memory Usage (437664K) : Executing rule NW.f1
2026-09-21 21:33:22 +0700: Memory Usage (438032K) : Executing rule NW.f1.digibnd
2026-09-21 21:33:22 +0700: Memory Usage (438032K) : Starting 5.2 PWell:block
2026-09-21 21:33:22 +0700: Memory Usage (438032K) : Executing rule PWB.e
2026-09-21 21:33:22 +0700: Memory Usage (437956K) : Executing rule PWB.e1
2026-09-21 21:33:23 +0700: Memory Usage (437868K) : Executing rule PWB.f
2026-09-21 21:33:23 +0700: Memory Usage (437984K) : Executing rule PWB.f1
2026-09-21 21:33:23 +0700: Memory Usage (437892K) : Starting 5.3 nBuLay table
2026-09-21 21:33:23 +0700: Memory Usage (437892K) : Executing rule NBL.b
2026-09-21 21:33:23 +0700: Memory Usage (438524K) : Executing rule NBL.c
2026-09-21 21:33:23 +0700: Memory Usage (438036K) : Executing rule NBL.d
2026-09-21 21:33:23 +0700: Memory Usage (437916K) : Executing rule NBL.e
2026-09-21 21:33:23 +0700: Memory Usage (439452K) : Executing rule NBL.f
2026-09-21 21:33:23 +0700: Memory Usage (438032K) : Starting 5.5. Activ table
2026-09-21 21:33:23 +0700: Memory Usage (438032K) : Executing rule Act.a
2026-09-21 21:33:23 +0700: Memory Usage (438032K) : Executing rule Act.b
2026-09-21 21:33:23 +0700: Memory Usage (438360K) : Starting 5.6 Activ:filler table
2026-09-21 21:33:23 +0700: Memory Usage (437976K) : Executing rule AFil.c1
2026-09-21 21:33:23 +0700: Memory Usage (437976K) : Executing rule AFil.c
2026-09-21 21:33:23 +0700: Memory Usage (437976K) : Executing rule AFil.d
2026-09-21 21:33:23 +0700: Memory Usage (437976K) : Executing rule AFil.e
2026-09-21 21:33:23 +0700: Memory Usage (437976K) : Executing rule AFil.j
2026-09-21 21:33:23 +0700: Memory Usage (437976K) : Starting 5.7. ThickGateOx table
2026-09-21 21:33:23 +0700: Memory Usage (437976K) : Executing rule TGO.f
2026-09-21 21:33:23 +0700: Memory Usage (438168K) : Starting 5.8. GatPoly table
2026-09-21 21:33:23 +0700: Memory Usage (438168K) : Executing rule Gat.a
2026-09-21 21:33:23 +0700: Memory Usage (438168K) : Executing rule Gat.b
2026-09-21 21:33:23 +0700: Memory Usage (439284K) : Executing rule Gat.d
2026-09-21 21:33:23 +0700: Memory Usage (438232K) : Executing rule Gat.a1
2026-09-21 21:33:23 +0700: Memory Usage (439108K) : Executing rule Gat.a2
2026-09-21 21:33:23 +0700: Memory Usage (439276K) : Executing rule Gat.g
2026-09-21 21:33:23 +0700: Memory Usage (438560K) : Starting 5.9 GatPoly:filler
2026-09-21 21:33:23 +0700: Memory Usage (438488K) : Executing rule GFil.d
2026-09-21 21:33:23 +0700: Memory Usage (438488K) : Executing rule GFil.e
2026-09-21 21:33:23 +0700: Memory Usage (438488K) : Executing rule GFil.i
2026-09-21 21:33:23 +0700: Memory Usage (438488K) : Starting 5.10 pSD table
2026-09-21 21:33:23 +0700: Memory Usage (438488K) : Executing rule pSD.c1
2026-09-21 21:33:24 +0700: Memory Usage (439728K) : Starting 5.14. Cont table
2026-09-21 21:33:24 +0700: Memory Usage (438608K) : Executing rule Cnt.a
2026-09-21 21:33:24 +0700: Memory Usage (438608K) : Executing rule Cnt.b
2026-09-21 21:33:24 +0700: Memory Usage (439024K) : Executing rule Cnt.c
2026-09-21 21:33:24 +0700: Memory Usage (438976K) : Executing rule Cnt.c.digibnd
2026-09-21 21:33:24 +0700: Memory Usage (438748K) : Executing rule Cnt.c.SRAM
2026-09-21 21:33:24 +0700: Memory Usage (438748K) : Executing rule Cnt.d
2026-09-21 21:33:24 +0700: Memory Usage (439356K) : Executing rule Cnt.e
2026-09-21 21:33:24 +0700: Memory Usage (438656K) : Executing rule Cnt.g1
2026-09-21 21:33:24 +0700: Memory Usage (438936K) : Executing rule Cnt.g2
2026-09-21 21:33:24 +0700: Memory Usage (438976K) : Starting 5.15. ContBar table
2026-09-21 21:33:24 +0700: Memory Usage (438976K) : Executing rule CntB.b1
2026-09-21 21:33:24 +0700: Memory Usage (438976K) : Executing rule CntB.h1
2026-09-21 21:33:24 +0700: Memory Usage (438976K) : Starting 6.1.3 NPN Substrate-Tie table
2026-09-21 21:33:24 +0700: Memory Usage (438976K) : Executing rule npn13G2.bR 
2026-09-21 21:33:24 +0700: Memory Usage (439076K) : Executing rule npn13G2L.cR 
2026-09-21 21:33:24 +0700: Memory Usage (439076K) : Executing rule npn13G2V.cR 
2026-09-21 21:33:24 +0700: Memory Usage (439076K) : Starting 6.7 Schottky diode table
2026-09-21 21:33:24 +0700: Memory Usage (439076K) : Executing rule Sdiod.b
2026-09-21 21:33:24 +0700: Memory Usage (439080K) : Executing rule Sdiod.c
2026-09-21 21:33:24 +0700: Memory Usage (439080K) : Executing rule Sdiod.d
2026-09-21 21:33:24 +0700: Memory Usage (439080K) : Executing rule Sdiod.e
2026-09-21 21:33:24 +0700: Memory Usage (439080K) : Starting 7.2 Latch-up table
2026-09-21 21:33:24 +0700: Memory Usage (439080K) : Executing rule LU.b
2026-09-21 21:33:25 +0700: Memory Usage (439044K) : Starting 5.16. Metal1 table
2026-09-21 21:33:25 +0700: Memory Usage (439020K) : Executing rule M1.a
2026-09-21 21:33:25 +0700: Memory Usage (439020K) : Executing rule M1.b
2026-09-21 21:33:25 +0700: Memory Usage (439676K) : Executing rule M1.e
2026-09-21 21:33:25 +0700: Memory Usage (439804K) : Executing rule M1.f
2026-09-21 21:33:26 +0700: Memory Usage (439804K) : Executing rule M1.g
2026-09-21 21:33:26 +0700: Memory Usage (439960K) : Executing rule M1.i
2026-09-21 21:33:26 +0700: Memory Usage (439880K) : Starting 5.17 Metaln table
2026-09-21 21:33:26 +0700: Memory Usage (439880K) : Executing rule M2.a
2026-09-21 21:33:26 +0700: Memory Usage (439880K) : Executing rule M2.b
2026-09-21 21:33:26 +0700: Memory Usage (440272K) : Executing rule M2.e
2026-09-21 21:33:26 +0700: Memory Usage (440428K) : Executing rule M2.f
2026-09-21 21:33:26 +0700: Memory Usage (440428K) : Executing rule M2.g
2026-09-21 21:33:26 +0700: Memory Usage (440300K) : Executing rule M2.i
2026-09-21 21:33:26 +0700: Memory Usage (440516K) : Executing rule M3.a
2026-09-21 21:33:26 +0700: Memory Usage (440704K) : Executing rule M3.b
2026-09-21 21:33:26 +0700: Memory Usage (440772K) : Executing rule M3.e
2026-09-21 21:33:26 +0700: Memory Usage (440804K) : Executing rule M3.f
2026-09-21 21:33:26 +0700: Memory Usage (440804K) : Executing rule M3.g
2026-09-21 21:33:26 +0700: Memory Usage (440728K) : Executing rule M3.i
2026-09-21 21:33:26 +0700: Memory Usage (440776K) : Executing rule M4.a
2026-09-21 21:33:26 +0700: Memory Usage (440776K) : Executing rule M4.b
2026-09-21 21:33:26 +0700: Memory Usage (441472K) : Executing rule M4.e
2026-09-21 21:33:26 +0700: Memory Usage (441188K) : Executing rule M4.f
2026-09-21 21:33:26 +0700: Memory Usage (440824K) : Executing rule M4.g
2026-09-21 21:33:26 +0700: Memory Usage (440624K) : Executing rule M4.i
2026-09-21 21:33:27 +0700: Memory Usage (440576K) : Executing rule M5.a
2026-09-21 21:33:27 +0700: Memory Usage (440576K) : Executing rule M5.b
2026-09-21 21:33:27 +0700: Memory Usage (441340K) : Executing rule M5.e
2026-09-21 21:33:27 +0700: Memory Usage (440656K) : Executing rule M5.f
2026-09-21 21:33:27 +0700: Memory Usage (440736K) : Executing rule M5.g
2026-09-21 21:33:27 +0700: Memory Usage (440580K) : Executing rule M5.i
2026-09-21 21:33:27 +0700: Memory Usage (440748K) : Starting 5.18 Metaln:filler table
2026-09-21 21:33:27 +0700: Memory Usage (440748K) : Executing rule M1Fil.c
2026-09-21 21:33:27 +0700: Memory Usage (440748K) : Executing rule M1Fil.a2
2026-09-21 21:33:27 +0700: Memory Usage (440748K) : Executing rule M2Fil.c
2026-09-21 21:33:27 +0700: Memory Usage (440748K) : Executing rule M2Fil.a2
2026-09-21 21:33:27 +0700: Memory Usage (440748K) : Executing rule M3Fil.c
2026-09-21 21:33:27 +0700: Memory Usage (440748K) : Executing rule M3Fil.a2
2026-09-21 21:33:27 +0700: Memory Usage (440748K) : Executing rule M4Fil.c
2026-09-21 21:33:27 +0700: Memory Usage (440816K) : Executing rule M4Fil.a2
2026-09-21 21:33:27 +0700: Memory Usage (440816K) : Executing rule M5Fil.c
2026-09-21 21:33:27 +0700: Memory Usage (440816K) : Executing rule M5Fil.a2
2026-09-21 21:33:27 +0700: Memory Usage (440816K) : Starting 5.19. Via1 table
2026-09-21 21:33:27 +0700: Memory Usage (440816K) : Starting 5.19. Via1 table derivations
2026-09-21 21:33:27 +0700: Memory Usage (440816K) : Executing rule V1.a
2026-09-21 21:33:27 +0700: Memory Usage (440816K) : Executing rule V1.b
2026-09-21 21:33:27 +0700: Memory Usage (440708K) : Executing rule V1.c
2026-09-21 21:33:27 +0700: Memory Usage (441668K) : Starting 5.20. Vian table
2026-09-21 21:33:27 +0700: Memory Usage (441036K) : Executing rule V2.a
2026-09-21 21:33:27 +0700: Memory Usage (441036K) : Executing rule V2.b
2026-09-21 21:33:27 +0700: Memory Usage (441816K) : Executing rule V2.c
2026-09-21 21:33:27 +0700: Memory Usage (440964K) : Executing rule V3.a
2026-09-21 21:33:27 +0700: Memory Usage (440964K) : Executing rule V3.b
2026-09-21 21:33:27 +0700: Memory Usage (441264K) : Executing rule V3.c
2026-09-21 21:33:27 +0700: Memory Usage (441028K) : Executing rule V4.a
2026-09-21 21:33:27 +0700: Memory Usage (441028K) : Executing rule V4.b
2026-09-21 21:33:27 +0700: Memory Usage (441816K) : Executing rule V4.c
2026-09-21 21:33:27 +0700: Memory Usage (440980K) : Starting 5.21. TopVia1 table
2026-09-21 21:33:27 +0700: Memory Usage (440980K) : Executing rule TV1.a
2026-09-21 21:33:27 +0700: Memory Usage (440980K) : Executing rule TV1.b
2026-09-21 21:33:27 +0700: Memory Usage (441156K) : Executing rule TV1.c
2026-09-21 21:33:27 +0700: Memory Usage (440964K) : Executing rule TV1.d
2026-09-21 21:33:28 +0700: Memory Usage (442252K) : Starting 5.22. TopMetal1 table
2026-09-21 21:33:28 +0700: Memory Usage (442220K) : Executing rule TM1.a
2026-09-21 21:33:28 +0700: Memory Usage (440960K) : Executing rule TM1.b
2026-09-21 21:33:28 +0700: Memory Usage (441996K) : Starting 5.23 TopMetal1:filler table
2026-09-21 21:33:28 +0700: Memory Usage (441908K) : Executing rule TM1Fil.c
2026-09-21 21:33:28 +0700: Memory Usage (441108K) : Executing rule TM1Fil.a1
2026-09-21 21:33:28 +0700: Memory Usage (441108K) : Starting 5.24. TopVia2 table
2026-09-21 21:33:28 +0700: Memory Usage (441108K) : Executing rule TV2.a
2026-09-21 21:33:28 +0700: Memory Usage (441108K) : Executing rule TV2.b
2026-09-21 21:33:28 +0700: Memory Usage (441108K) : Executing rule TV2.c
2026-09-21 21:33:28 +0700: Memory Usage (441108K) : Executing rule TV2.d
2026-09-21 21:33:28 +0700: Memory Usage (441108K) : Starting 5.25. TopMetal2 table
2026-09-21 21:33:28 +0700: Memory Usage (441108K) : Executing rule TM2.a
2026-09-21 21:33:28 +0700: Memory Usage (441108K) : Executing rule TM2.b
2026-09-21 21:33:28 +0700: Memory Usage (441108K) : Executing rule TM2.bR
2026-09-21 21:33:28 +0700: Memory Usage (441108K) : Starting 5.26 TopMetal2:filler table
2026-09-21 21:33:28 +0700: Memory Usage (441108K) : Executing rule TM2Fil.c
2026-09-21 21:33:28 +0700: Memory Usage (441108K) : Executing rule TM2Fil.a1
2026-09-21 21:33:28 +0700: Memory Usage (441108K) : Starting 5.27. Passiv table
2026-09-21 21:33:28 +0700: Memory Usage (441108K) : Executing rule Pas.a
2026-09-21 21:33:28 +0700: Memory Usage (441108K) : Executing rule Pas.b
2026-09-21 21:33:28 +0700: Memory Usage (441108K) : Executing rule Pas.c
2026-09-21 21:33:28 +0700: Memory Usage (441108K) : Starting 6.9.2 Copper Pillar table
2026-09-21 21:33:28 +0700: Memory Usage (441108K) : Executing rule Padc.a
2026-09-21 21:33:28 +0700: Memory Usage (441108K) : Executing rule Padc.b
2026-09-21 21:33:28 +0700: Memory Usage (441108K) : Executing rule Padc.c
2026-09-21 21:33:28 +0700: Memory Usage (441108K) : Executing rule Padb.f
2026-09-21 21:33:28 +0700: Memory Usage (441108K) : Starting 6.9 Pad table
2026-09-21 21:33:28 +0700: Memory Usage (441108K) : Executing rule Pad.m
2026-09-21 21:33:28 +0700: Memory Usage (441108K) : Executing rule Pad.fR_M1
2026-09-21 21:33:28 +0700: Memory Usage (441164K) : Executing rule Pad.fR_M2
2026-09-21 21:33:28 +0700: Memory Usage (441164K) : Executing rule Pad.fR_M3
2026-09-21 21:33:28 +0700: Memory Usage (441164K) : Executing rule Pad.fR_M4
2026-09-21 21:33:28 +0700: Memory Usage (441164K) : Executing rule Pad.fR_M5
2026-09-21 21:33:28 +0700: Memory Usage (441164K) : Executing rule Pad.fR_TM1
2026-09-21 21:33:28 +0700: Memory Usage (441164K) : Executing rule Pad.fR_TM2
2026-09-21 21:33:28 +0700: Memory Usage (441164K) : Executing rule Pad.i
2026-09-21 21:33:28 +0700: Memory Usage (441164K) : Starting 6.9.1 Solder Bump
2026-09-21 21:33:28 +0700: Memory Usage (441164K) : Executing rule Padb.a
2026-09-21 21:33:28 +0700: Memory Usage (441164K) : Executing rule Padb.b
2026-09-21 21:33:28 +0700: Memory Usage (441164K) : Executing rule Padb.c
2026-09-21 21:33:28 +0700: Memory Usage (441164K) : Executing rule Padb.f
2026-09-21 21:33:28 +0700: Memory Usage (441164K) : Executing rule Padb.d
2026-09-21 21:33:28 +0700: Memory Usage (441164K) : Starting 6.10 Sealring table
2026-09-21 21:33:28 +0700: Memory Usage (441164K) : Executing rule Seal.l
2026-09-21 21:33:28 +0700: Memory Usage (441164K) : Executing rule Seal.n
2026-09-21 21:33:28 +0700: Memory Usage (441164K) : Executing rule seal.b_metal1
2026-09-21 21:33:28 +0700: Memory Usage (441168K) : Executing rule seal.b_metal2
2026-09-21 21:33:28 +0700: Memory Usage (441168K) : Executing rule seal.b_metal3
2026-09-21 21:33:28 +0700: Memory Usage (441168K) : Executing rule seal.b_metal4
2026-09-21 21:33:28 +0700: Memory Usage (441168K) : Executing rule seal.b_metal5
2026-09-21 21:33:28 +0700: Memory Usage (441168K) : Executing rule seal.b_topmetal1
2026-09-21 21:33:28 +0700: Memory Usage (441168K) : Executing rule seal.b_topmetal2
2026-09-21 21:33:28 +0700: Memory Usage (441168K) : Executing rule seal.b_activ
2026-09-21 21:33:28 +0700: Memory Usage (441168K) : Executing rule seal.b_psd
2026-09-21 21:33:28 +0700: Memory Usage (441168K) : Executing rule Seal.k
2026-09-21 21:33:28 +0700: Memory Usage (441168K) : Executing rule Seal.m
2026-09-21 21:33:28 +0700: Memory Usage (441168K) : Starting 6.11 MIM table
2026-09-21 21:33:28 +0700: Memory Usage (441168K) : Executing rule MIM.c
2026-09-21 21:33:28 +0700: Memory Usage (441128K) : Executing rule MIM.d
2026-09-21 21:33:28 +0700: Memory Usage (440940K) : Executing rule MIM.gR
2026-09-21 21:33:28 +0700: Memory Usage (440940K) : Starting 7.3 Metal Slits table
2026-09-21 21:33:28 +0700: Memory Usage (440940K) : Executing rule Slt.e1_M1
2026-09-21 21:33:28 +0700: Memory Usage (441140K) : Executing rule Slt.e1_M2
2026-09-21 21:33:28 +0700: Memory Usage (441140K) : Executing rule Slt.e1_M3
2026-09-21 21:33:28 +0700: Memory Usage (441140K) : Executing rule Slt.e1_M4
2026-09-21 21:33:28 +0700: Memory Usage (441140K) : Executing rule Slt.e1_M5
2026-09-21 21:33:28 +0700: Memory Usage (441140K) : Executing rule Slt.e1_TM1
2026-09-21 21:33:28 +0700: Memory Usage (441140K) : Executing rule Slt.e1_TM2
2026-09-21 21:33:28 +0700: Memory Usage (441140K) : Starting 9.1. LBE table
2026-09-21 21:33:28 +0700: Memory Usage (441140K) : Executing rule LBE.a
2026-09-21 21:33:28 +0700: Memory Usage (441140K) : Executing rule LBE.b
2026-09-21 21:33:28 +0700: Memory Usage (441140K) : Executing rule LBE.b1
2026-09-21 21:33:28 +0700: Memory Usage (441140K) : Executing rule LBE.c
2026-09-21 21:33:28 +0700: Memory Usage (441140K) : Executing rule LBE.d
2026-09-21 21:33:28 +0700: Memory Usage (441140K) : Executing rule LBE.h
2026-09-21 21:33:28 +0700: Memory Usage (441140K) : Starting 7.4. PIN table
2026-09-21 21:33:28 +0700: Memory Usage (441140K) : Executing rule Pin.a
2026-09-21 21:33:28 +0700: Memory Usage (441140K) : Executing rule Pin.b
2026-09-21 21:33:28 +0700: Memory Usage (441140K) : Executing rule Pin.e
2026-09-21 21:33:28 +0700: Memory Usage (441152K) : Executing rule Pin.f_M2
2026-09-21 21:33:28 +0700: Memory Usage (441048K) : Executing rule Pin.f_M3
2026-09-21 21:33:29 +0700: Memory Usage (440972K) : Executing rule Pin.f_M4
2026-09-21 21:33:29 +0700: Memory Usage (440972K) : Executing rule Pin.f_M5
2026-09-21 21:33:29 +0700: Memory Usage (440972K) : Executing rule Pin.g
2026-09-21 21:33:29 +0700: Memory Usage (441192K) : Executing rule Pin.h
2026-09-21 21:33:29 +0700: Memory Usage (441192K) : Starting 3.1. offgrid table
2026-09-21 21:33:29 +0700: Memory Usage (441192K) : Executing rule activ_drw_Offgrid
2026-09-21 21:33:29 +0700: Memory Usage (441192K) : Executing rule activ_pin_Offgrid
2026-09-21 21:33:29 +0700: Memory Usage (441192K) : Executing rule activ_mask_Offgrid
2026-09-21 21:33:29 +0700: Memory Usage (441192K) : Executing rule activ_filler_Offgrid
2026-09-21 21:33:29 +0700: Memory Usage (441192K) : Executing rule activ_nofill_Offgrid
2026-09-21 21:33:29 +0700: Memory Usage (441192K) : Executing rule activ_opc_Offgrid
2026-09-21 21:33:29 +0700: Memory Usage (441192K) : Executing rule activ_iopc_Offgrid
2026-09-21 21:33:29 +0700: Memory Usage (441192K) : Executing rule activ_noqrc_Offgrid
2026-09-21 21:33:29 +0700: Memory Usage (441192K) : Executing rule biwind_drw_Offgrid
2026-09-21 21:33:29 +0700: Memory Usage (441192K) : Executing rule biwind_opc_Offgrid
2026-09-21 21:33:29 +0700: Memory Usage (441192K) : Executing rule pemwind_drw_Offgrid
2026-09-21 21:33:29 +0700: Memory Usage (441192K) : Executing rule gatpoly_drw_Offgrid
2026-09-21 21:33:29 +0700: Memory Usage (441192K) : Executing rule gatpoly_pin_Offgrid
2026-09-21 21:33:29 +0700: Memory Usage (441192K) : Executing rule gatpoly_filler_Offgrid
2026-09-21 21:33:29 +0700: Memory Usage (441192K) : Executing rule gatpoly_nofill_Offgrid
2026-09-21 21:33:29 +0700: Memory Usage (441252K) : Executing rule gatpoly_opc_Offgrid
2026-09-21 21:33:29 +0700: Memory Usage (441252K) : Executing rule gatpoly_iopc_Offgrid
2026-09-21 21:33:29 +0700: Memory Usage (441252K) : Executing rule gatpoly_noqrc_Offgrid
2026-09-21 21:33:29 +0700: Memory Usage (441944K) : Executing rule cont_drw_Offgrid
2026-09-21 21:33:29 +0700: Memory Usage (443968K) : Executing rule cont_opc_Offgrid
2026-09-21 21:33:29 +0700: Memory Usage (444232K) : Executing rule nsd_drw_Offgrid
2026-09-21 21:33:29 +0700: Memory Usage (445024K) : Executing rule nsd_block_Offgrid
2026-09-21 21:33:29 +0700: Memory Usage (445024K) : Executing rule metal1_drw_Offgrid
2026-09-21 21:33:29 +0700: Memory Usage (445024K) : Executing rule metal1_pin_Offgrid
2026-09-21 21:33:29 +0700: Memory Usage (445024K) : Executing rule metal1_mask_Offgrid
2026-09-21 21:33:29 +0700: Memory Usage (445024K) : Executing rule metal1_filler_Offgrid
2026-09-21 21:33:29 +0700: Memory Usage (445024K) : Executing rule metal1_nofill_Offgrid
2026-09-21 21:33:29 +0700: Memory Usage (445024K) : Executing rule metal1_slit_Offgrid
2026-09-21 21:33:29 +0700: Memory Usage (445024K) : Executing rule metal1_opc_Offgrid
2026-09-21 21:33:29 +0700: Memory Usage (445172K) : Executing rule metal1_noqrc_Offgrid
2026-09-21 21:33:29 +0700: Memory Usage (445172K) : Executing rule metal1_res_Offgrid
2026-09-21 21:33:29 +0700: Memory Usage (445172K) : Executing rule metal1_iprobe_Offgrid
2026-09-21 21:33:29 +0700: Memory Usage (445172K) : Executing rule metal1_diffprb_Offgrid
2026-09-21 21:33:29 +0700: Memory Usage (445172K) : Executing rule passiv_drw_Offgrid
2026-09-21 21:33:30 +0700: Memory Usage (445172K) : Executing rule passiv_pin_Offgrid
2026-09-21 21:33:30 +0700: Memory Usage (445172K) : Executing rule passiv_pillar_Offgrid
2026-09-21 21:33:30 +0700: Memory Usage (445172K) : Executing rule passiv_sbump_Offgrid
2026-09-21 21:33:30 +0700: Memory Usage (445172K) : Executing rule passiv_pdl_Offgrid
2026-09-21 21:33:30 +0700: Memory Usage (445172K) : Executing rule metal2_drw_Offgrid
2026-09-21 21:33:30 +0700: Memory Usage (445172K) : Executing rule metal2_pin_Offgrid
2026-09-21 21:33:30 +0700: Memory Usage (445172K) : Executing rule metal2_mask_Offgrid
2026-09-21 21:33:30 +0700: Memory Usage (445172K) : Executing rule metal2_filler_Offgrid
2026-09-21 21:33:30 +0700: Memory Usage (445172K) : Executing rule metal2_nofill_Offgrid
2026-09-21 21:33:30 +0700: Memory Usage (445172K) : Executing rule metal2_slit_Offgrid
2026-09-21 21:33:30 +0700: Memory Usage (445172K) : Executing rule metal2_opc_Offgrid
2026-09-21 21:33:30 +0700: Memory Usage (445172K) : Executing rule metal2_noqrc_Offgrid
2026-09-21 21:33:30 +0700: Memory Usage (445172K) : Executing rule metal2_res_Offgrid
2026-09-21 21:33:30 +0700: Memory Usage (445172K) : Executing rule metal2_iprobe_Offgrid
2026-09-21 21:33:30 +0700: Memory Usage (445172K) : Executing rule metal2_diffprb_Offgrid
2026-09-21 21:33:30 +0700: Memory Usage (445172K) : Executing rule baspoly_drw_Offgrid
2026-09-21 21:33:30 +0700: Memory Usage (445172K) : Executing rule baspoly_pin_Offgrid
2026-09-21 21:33:30 +0700: Memory Usage (445172K) : Executing rule psd_drw_Offgrid
2026-09-21 21:33:30 +0700: Memory Usage (445172K) : Executing rule nldb_drw_Offgrid
2026-09-21 21:33:30 +0700: Memory Usage (445172K) : Executing rule via1_drw_Offgrid
2026-09-21 21:33:30 +0700: Memory Usage (445172K) : Executing rule backmetal1_drw_Offgrid
2026-09-21 21:33:30 +0700: Memory Usage (445172K) : Executing rule backmetal1_pin_Offgrid
2026-09-21 21:33:30 +0700: Memory Usage (445172K) : Executing rule backmetal1_mask_Offgrid
2026-09-21 21:33:30 +0700: Memory Usage (445172K) : Executing rule backmetal1_filler_Offgrid
2026-09-21 21:33:30 +0700: Memory Usage (445172K) : Executing rule backmetal1_nofill_Offgrid
2026-09-21 21:33:30 +0700: Memory Usage (445172K) : Executing rule backmetal1_slit_Offgrid
2026-09-21 21:33:30 +0700: Memory Usage (445172K) : Executing rule backmetal1_opc_Offgrid
2026-09-21 21:33:30 +0700: Memory Usage (445172K) : Executing rule backmetal1_noqrc_Offgrid
2026-09-21 21:33:30 +0700: Memory Usage (445172K) : Executing rule backmetal1_res_Offgrid
2026-09-21 21:33:30 +0700: Memory Usage (445172K) : Executing rule backmetal1_iprobe_Offgrid
2026-09-21 21:33:30 +0700: Memory Usage (445172K) : Executing rule backmetal1_diffprb_Offgrid
2026-09-21 21:33:30 +0700: Memory Usage (445172K) : Executing rule backpassiv_drw_Offgrid
2026-09-21 21:33:30 +0700: Memory Usage (445172K) : Executing rule salblock_drw_Offgrid
2026-09-21 21:33:30 +0700: Memory Usage (445172K) : Executing rule via2_drw_Offgrid
2026-09-21 21:33:31 +0700: Memory Usage (445172K) : Executing rule metal3_drw_Offgrid
2026-09-21 21:33:31 +0700: Memory Usage (445172K) : Executing rule metal3_pin_Offgrid
2026-09-21 21:33:31 +0700: Memory Usage (445172K) : Executing rule metal3_mask_Offgrid
2026-09-21 21:33:31 +0700: Memory Usage (445172K) : Executing rule metal3_filler_Offgrid
2026-09-21 21:33:31 +0700: Memory Usage (445172K) : Executing rule metal3_nofill_Offgrid
2026-09-21 21:33:31 +0700: Memory Usage (445172K) : Executing rule metal3_slit_Offgrid
2026-09-21 21:33:31 +0700: Memory Usage (445172K) : Executing rule metal3_opc_Offgrid
2026-09-21 21:33:31 +0700: Memory Usage (445172K) : Executing rule metal3_noqrc_Offgrid
2026-09-21 21:33:31 +0700: Memory Usage (445172K) : Executing rule metal3_res_Offgrid
2026-09-21 21:33:31 +0700: Memory Usage (445172K) : Executing rule metal3_iprobe_Offgrid
2026-09-21 21:33:31 +0700: Memory Usage (445172K) : Executing rule metal3_diffprb_Offgrid
2026-09-21 21:33:31 +0700: Memory Usage (445172K) : Executing rule nwell_drw_Offgrid
2026-09-21 21:33:31 +0700: Memory Usage (445172K) : Executing rule nwell_pin_Offgrid
2026-09-21 21:33:31 +0700: Memory Usage (445172K) : Executing rule nbulay_drw_Offgrid
2026-09-21 21:33:31 +0700: Memory Usage (445172K) : Executing rule nbulay_pin_Offgrid
2026-09-21 21:33:31 +0700: Memory Usage (445172K) : Executing rule nbulay_block_Offgrid
2026-09-21 21:33:31 +0700: Memory Usage (445172K) : Executing rule pwell_drw_Offgrid
2026-09-21 21:33:31 +0700: Memory Usage (445172K) : Executing rule pwell_pin_Offgrid
2026-09-21 21:33:31 +0700: Memory Usage (445172K) : Executing rule pwell_block_Offgrid
2026-09-21 21:33:31 +0700: Memory Usage (445172K) : Executing rule emwind_drw_Offgrid
2026-09-21 21:33:31 +0700: Memory Usage (445172K) : Executing rule emwind_opc_Offgrid
2026-09-21 21:33:31 +0700: Memory Usage (445172K) : Executing rule deepco_drw_Offgrid
2026-09-21 21:33:31 +0700: Memory Usage (445172K) : Executing rule mim_drw_Offgrid
2026-09-21 21:33:31 +0700: Memory Usage (445172K) : Executing rule substrate_drw_Offgrid
2026-09-21 21:33:31 +0700: Memory Usage (445172K) : Executing rule ic_drw_Offgrid
2026-09-21 21:33:31 +0700: Memory Usage (445172K) : Executing rule via3_drw_Offgrid
2026-09-21 21:33:31 +0700: Memory Usage (445172K) : Executing rule pldb_drw_Offgrid
2026-09-21 21:33:31 +0700: Memory Usage (445172K) : Executing rule metal4_drw_Offgrid
2026-09-21 21:33:32 +0700: Memory Usage (445172K) : Executing rule metal4_pin_Offgrid
2026-09-21 21:33:32 +0700: Memory Usage (445172K) : Executing rule metal4_mask_Offgrid
2026-09-21 21:33:32 +0700: Memory Usage (445172K) : Executing rule metal4_filler_Offgrid
2026-09-21 21:33:32 +0700: Memory Usage (445172K) : Executing rule metal4_nofill_Offgrid
2026-09-21 21:33:32 +0700: Memory Usage (445172K) : Executing rule metal4_slit_Offgrid
2026-09-21 21:33:32 +0700: Memory Usage (445172K) : Executing rule metal4_opc_Offgrid
2026-09-21 21:33:32 +0700: Memory Usage (445172K) : Executing rule metal4_noqrc_Offgrid
2026-09-21 21:33:32 +0700: Memory Usage (445172K) : Executing rule metal4_res_Offgrid
2026-09-21 21:33:32 +0700: Memory Usage (445172K) : Executing rule metal4_iprobe_Offgrid
2026-09-21 21:33:32 +0700: Memory Usage (445172K) : Executing rule metal4_diffprb_Offgrid
2026-09-21 21:33:32 +0700: Memory Usage (445172K) : Executing rule via4_drw_Offgrid
2026-09-21 21:33:32 +0700: Memory Usage (445172K) : Executing rule metal5_drw_Offgrid
2026-09-21 21:33:32 +0700: Memory Usage (445172K) : Executing rule metal5_pin_Offgrid
2026-09-21 21:33:32 +0700: Memory Usage (445172K) : Executing rule metal5_mask_Offgrid
2026-09-21 21:33:32 +0700: Memory Usage (445172K) : Executing rule metal5_filler_Offgrid
2026-09-21 21:33:32 +0700: Memory Usage (445172K) : Executing rule metal5_nofill_Offgrid
2026-09-21 21:33:32 +0700: Memory Usage (445172K) : Executing rule metal5_slit_Offgrid
2026-09-21 21:33:32 +0700: Memory Usage (445172K) : Executing rule metal5_opc_Offgrid
2026-09-21 21:33:32 +0700: Memory Usage (445172K) : Executing rule metal5_noqrc_Offgrid
2026-09-21 21:33:32 +0700: Memory Usage (445172K) : Executing rule metal5_res_Offgrid
2026-09-21 21:33:32 +0700: Memory Usage (445172K) : Executing rule metal5_iprobe_Offgrid
2026-09-21 21:33:32 +0700: Memory Usage (445172K) : Executing rule metal5_diffprb_Offgrid
2026-09-21 21:33:32 +0700: Memory Usage (445172K) : Executing rule prboundary_drw_Offgrid
2026-09-21 21:33:32 +0700: Memory Usage (445172K) : Executing rule exchange0_drw_Offgrid
2026-09-21 21:33:32 +0700: Memory Usage (445172K) : Executing rule exchange0_pin_Offgrid
2026-09-21 21:33:32 +0700: Memory Usage (445172K) : Executing rule exchange1_drw_Offgrid
2026-09-21 21:33:32 +0700: Memory Usage (445172K) : Executing rule exchange1_pin_Offgrid
2026-09-21 21:33:32 +0700: Memory Usage (445172K) : Executing rule exchange2_drw_Offgrid
2026-09-21 21:33:32 +0700: Memory Usage (445172K) : Executing rule exchange2_pin_Offgrid
2026-09-21 21:33:32 +0700: Memory Usage (445172K) : Executing rule exchange3_drw_Offgrid
2026-09-21 21:33:32 +0700: Memory Usage (445172K) : Executing rule exchange3_pin_Offgrid
2026-09-21 21:33:32 +0700: Memory Usage (445512K) : Executing rule exchange4_drw_Offgrid
2026-09-21 21:33:32 +0700: Memory Usage (445512K) : Executing rule exchange4_pin_Offgrid
2026-09-21 21:33:32 +0700: Memory Usage (445512K) : Executing rule isonwell_drw_Offgrid
2026-09-21 21:33:32 +0700: Memory Usage (445512K) : Executing rule thickgateox_drw_Offgrid
2026-09-21 21:33:32 +0700: Memory Usage (445512K) : Executing rule pempoly_drw_Offgrid
2026-09-21 21:33:32 +0700: Memory Usage (445512K) : Executing rule fbe_drw_Offgrid
2026-09-21 21:33:33 +0700: Memory Usage (445512K) : Executing rule empoly_drw_Offgrid
2026-09-21 21:33:33 +0700: Memory Usage (445512K) : Executing rule ldmos_drw_Offgrid
2026-09-21 21:33:33 +0700: Memory Usage (445512K) : Executing rule pbiwind_drw_Offgrid
2026-09-21 21:33:33 +0700: Memory Usage (445512K) : Executing rule colopen_drw_Offgrid
2026-09-21 21:33:33 +0700: Memory Usage (445512K) : Executing rule extblock_drw_Offgrid
2026-09-21 21:33:33 +0700: Memory Usage (445512K) : Executing rule nldd_drw_Offgrid
2026-09-21 21:33:33 +0700: Memory Usage (445512K) : Executing rule pldd_drw_Offgrid
2026-09-21 21:33:33 +0700: Memory Usage (445512K) : Executing rule next_drw_Offgrid
2026-09-21 21:33:33 +0700: Memory Usage (445512K) : Executing rule pext_drw_Offgrid
2026-09-21 21:33:33 +0700: Memory Usage (445724K) : Executing rule nexthv_drw_Offgrid
2026-09-21 21:33:33 +0700: Memory Usage (445724K) : Executing rule pexthv_drw_Offgrid
2026-09-21 21:33:33 +0700: Memory Usage (445724K) : Executing rule graphgate_drw_Offgrid
2026-09-21 21:33:33 +0700: Memory Usage (445724K) : Executing rule mempad_drw_Offgrid
2026-09-21 21:33:33 +0700: Memory Usage (445724K) : Executing rule topvia1_drw_Offgrid
2026-09-21 21:33:33 +0700: Memory Usage (445724K) : Executing rule topmetal1_drw_Offgrid
2026-09-21 21:33:33 +0700: Memory Usage (445724K) : Executing rule topmetal1_pin_Offgrid
2026-09-21 21:33:33 +0700: Memory Usage (445724K) : Executing rule topmetal1_mask_Offgrid
2026-09-21 21:33:33 +0700: Memory Usage (445724K) : Executing rule topmetal1_filler_Offgrid
2026-09-21 21:33:33 +0700: Memory Usage (445724K) : Executing rule topmetal1_nofill_Offgrid
2026-09-21 21:33:33 +0700: Memory Usage (445724K) : Executing rule topmetal1_slit_Offgrid
2026-09-21 21:33:33 +0700: Memory Usage (445724K) : Executing rule topmetal1_noqrc_Offgrid
2026-09-21 21:33:33 +0700: Memory Usage (445724K) : Executing rule topmetal1_res_Offgrid
2026-09-21 21:33:33 +0700: Memory Usage (445724K) : Executing rule topmetal1_iprobe_Offgrid
2026-09-21 21:33:33 +0700: Memory Usage (445724K) : Executing rule topmetal1_diffprb_Offgrid
2026-09-21 21:33:33 +0700: Memory Usage (445724K) : Executing rule inldpwl_drw_Offgrid
2026-09-21 21:33:33 +0700: Memory Usage (445724K) : Executing rule polyres_drw_Offgrid
2026-09-21 21:33:33 +0700: Memory Usage (445724K) : Executing rule polyres_pin_Offgrid
2026-09-21 21:33:33 +0700: Memory Usage (445724K) : Executing rule vmim_drw_Offgrid
2026-09-21 21:33:33 +0700: Memory Usage (445724K) : Executing rule nbulaycut_drw_Offgrid
2026-09-21 21:33:33 +0700: Memory Usage (445724K) : Executing rule antmetal1_drw_Offgrid
2026-09-21 21:33:33 +0700: Memory Usage (445724K) : Executing rule topvia2_drw_Offgrid
2026-09-21 21:33:33 +0700: Memory Usage (445724K) : Executing rule topmetal2_drw_Offgrid
2026-09-21 21:33:33 +0700: Memory Usage (445724K) : Executing rule topmetal2_pin_Offgrid
2026-09-21 21:33:33 +0700: Memory Usage (445724K) : Executing rule topmetal2_mask_Offgrid
2026-09-21 21:33:33 +0700: Memory Usage (445724K) : Executing rule topmetal2_filler_Offgrid
2026-09-21 21:33:34 +0700: Memory Usage (445724K) : Executing rule topmetal2_nofill_Offgrid
2026-09-21 21:33:34 +0700: Memory Usage (445724K) : Executing rule topmetal2_slit_Offgrid
2026-09-21 21:33:34 +0700: Memory Usage (445724K) : Executing rule topmetal2_noqrc_Offgrid
2026-09-21 21:33:34 +0700: Memory Usage (445724K) : Executing rule topmetal2_res_Offgrid
2026-09-21 21:33:34 +0700: Memory Usage (445724K) : Executing rule topmetal2_iprobe_Offgrid
2026-09-21 21:33:34 +0700: Memory Usage (445724K) : Executing rule topmetal2_diffprb_Offgrid
2026-09-21 21:33:34 +0700: Memory Usage (445724K) : Executing rule snsring_drw_Offgrid
2026-09-21 21:33:34 +0700: Memory Usage (445724K) : Executing rule sensor_drw_Offgrid
2026-09-21 21:33:34 +0700: Memory Usage (445724K) : Executing rule snsarms_drw_Offgrid
2026-09-21 21:33:34 +0700: Memory Usage (445724K) : Executing rule snscmosvia_drw_Offgrid
2026-09-21 21:33:34 +0700: Memory Usage (445724K) : Executing rule colwind_drw_Offgrid
2026-09-21 21:33:34 +0700: Memory Usage (445724K) : Executing rule flm_drw_Offgrid
2026-09-21 21:33:34 +0700: Memory Usage (445724K) : Executing rule hafniumox_drw_Offgrid
2026-09-21 21:33:34 +0700: Memory Usage (445724K) : Executing rule memvia_drw_Offgrid
2026-09-21 21:33:34 +0700: Memory Usage (445724K) : Executing rule thinfilmres_drw_Offgrid
2026-09-21 21:33:34 +0700: Memory Usage (445724K) : Executing rule rfmem_drw_Offgrid
2026-09-21 21:33:34 +0700: Memory Usage (446072K) : Executing rule snsbotvia_drw_Offgrid
2026-09-21 21:33:34 +0700: Memory Usage (446600K) : Executing rule snstopvia_drw_Offgrid
2026-09-21 21:33:34 +0700: Memory Usage (447128K) : Executing rule deepvia_drw_Offgrid
2026-09-21 21:33:34 +0700: Memory Usage (447656K) : Executing rule fgetch_drw_Offgrid
2026-09-21 21:33:34 +0700: Memory Usage (448184K) : Executing rule ctrgat_drw_Offgrid
2026-09-21 21:33:34 +0700: Memory Usage (448184K) : Executing rule fgimp_drw_Offgrid
2026-09-21 21:33:34 +0700: Memory Usage (448184K) : Executing rule emwihv_drw_Offgrid
2026-09-21 21:33:34 +0700: Memory Usage (448184K) : Executing rule lbe_drw_Offgrid
2026-09-21 21:33:34 +0700: Memory Usage (448184K) : Executing rule alcustop_drw_Offgrid
2026-09-21 21:33:34 +0700: Memory Usage (448184K) : Starting 3.2. angle table
2026-09-21 21:33:34 +0700: Memory Usage (448184K) : Executing rule activ_drw_Acute
2026-09-21 21:33:34 +0700: Memory Usage (448204K) : Executing rule activ_pin_Acute
2026-09-21 21:33:34 +0700: Memory Usage (448204K) : Executing rule activ_mask_Acute
2026-09-21 21:33:34 +0700: Memory Usage (448204K) : Executing rule activ_filler_Acute
2026-09-21 21:33:34 +0700: Memory Usage (448204K) : Executing rule activ_nofill_Acute
2026-09-21 21:33:34 +0700: Memory Usage (448204K) : Executing rule activ_opc_Acute
2026-09-21 21:33:34 +0700: Memory Usage (448204K) : Executing rule activ_iopc_Acute
2026-09-21 21:33:34 +0700: Memory Usage (448204K) : Executing rule activ_noqrc_Acute
2026-09-21 21:33:34 +0700: Memory Usage (448204K) : Executing rule biwind_drw_Acute
2026-09-21 21:33:34 +0700: Memory Usage (448204K) : Executing rule biwind_opc_Acute
2026-09-21 21:33:34 +0700: Memory Usage (448204K) : Executing rule pemwind_drw_Acute
2026-09-21 21:33:34 +0700: Memory Usage (448204K) : Executing rule gatpoly_drw_Acute
2026-09-21 21:33:34 +0700: Memory Usage (448204K) : Executing rule gatpoly_pin_Acute
2026-09-21 21:33:34 +0700: Memory Usage (448204K) : Executing rule gatpoly_filler_Acute
2026-09-21 21:33:35 +0700: Memory Usage (448204K) : Executing rule gatpoly_nofill_Acute
2026-09-21 21:33:35 +0700: Memory Usage (448204K) : Executing rule gatpoly_opc_Acute
2026-09-21 21:33:35 +0700: Memory Usage (448204K) : Executing rule gatpoly_iopc_Acute
2026-09-21 21:33:35 +0700: Memory Usage (448204K) : Executing rule gatpoly_noqrc_Acute
2026-09-21 21:33:35 +0700: Memory Usage (448204K) : Executing rule cont_drw_Acute
2026-09-21 21:33:35 +0700: Memory Usage (448204K) : Executing rule cont_opc_Acute
2026-09-21 21:33:35 +0700: Memory Usage (448204K) : Executing rule nsd_drw_Acute
2026-09-21 21:33:35 +0700: Memory Usage (448204K) : Executing rule nsd_block_Acute
2026-09-21 21:33:35 +0700: Memory Usage (448204K) : Executing rule metal1_drw_Acute
2026-09-21 21:33:35 +0700: Memory Usage (448204K) : Executing rule metal1_pin_Acute
2026-09-21 21:33:35 +0700: Memory Usage (448204K) : Executing rule metal1_mask_Acute
2026-09-21 21:33:35 +0700: Memory Usage (448204K) : Executing rule metal1_filler_Acute
2026-09-21 21:33:35 +0700: Memory Usage (448204K) : Executing rule metal1_nofill_Acute
2026-09-21 21:33:35 +0700: Memory Usage (448204K) : Executing rule metal1_slit_Acute
2026-09-21 21:33:35 +0700: Memory Usage (448204K) : Executing rule metal1_opc_Acute
2026-09-21 21:33:35 +0700: Memory Usage (448204K) : Executing rule metal1_noqrc_Acute
2026-09-21 21:33:35 +0700: Memory Usage (448204K) : Executing rule metal1_res_Acute
2026-09-21 21:33:35 +0700: Memory Usage (448204K) : Executing rule metal1_iprobe_Acute
2026-09-21 21:33:35 +0700: Memory Usage (448204K) : Executing rule metal1_diffprb_Acute
2026-09-21 21:33:35 +0700: Memory Usage (448204K) : Executing rule passiv_drw_Acute
2026-09-21 21:33:35 +0700: Memory Usage (448204K) : Executing rule passiv_pin_Acute
2026-09-21 21:33:35 +0700: Memory Usage (448204K) : Executing rule passiv_pillar_Acute
2026-09-21 21:33:35 +0700: Memory Usage (448204K) : Executing rule passiv_sbump_Acute
2026-09-21 21:33:35 +0700: Memory Usage (448204K) : Executing rule passiv_pdl_Acute
2026-09-21 21:33:35 +0700: Memory Usage (448204K) : Executing rule metal2_drw_Acute
2026-09-21 21:33:35 +0700: Memory Usage (448204K) : Executing rule metal2_pin_Acute
2026-09-21 21:33:35 +0700: Memory Usage (448204K) : Executing rule metal2_mask_Acute
2026-09-21 21:33:35 +0700: Memory Usage (448204K) : Executing rule metal2_filler_Acute
2026-09-21 21:33:35 +0700: Memory Usage (448204K) : Executing rule metal2_nofill_Acute
2026-09-21 21:33:36 +0700: Memory Usage (448204K) : Executing rule metal2_slit_Acute
2026-09-21 21:33:36 +0700: Memory Usage (448204K) : Executing rule metal2_opc_Acute
2026-09-21 21:33:36 +0700: Memory Usage (448204K) : Executing rule metal2_noqrc_Acute
2026-09-21 21:33:36 +0700: Memory Usage (448204K) : Executing rule metal2_res_Acute
2026-09-21 21:33:36 +0700: Memory Usage (448204K) : Executing rule metal2_iprobe_Acute
2026-09-21 21:33:36 +0700: Memory Usage (448204K) : Executing rule metal2_diffprb_Acute
2026-09-21 21:33:36 +0700: Memory Usage (448204K) : Executing rule baspoly_drw_Acute
2026-09-21 21:33:36 +0700: Memory Usage (448204K) : Executing rule baspoly_pin_Acute
2026-09-21 21:33:36 +0700: Memory Usage (448204K) : Executing rule psd_drw_Acute
2026-09-21 21:33:36 +0700: Memory Usage (448204K) : Executing rule nldb_drw_Acute
2026-09-21 21:33:36 +0700: Memory Usage (448204K) : Executing rule via1_drw_Acute
2026-09-21 21:33:36 +0700: Memory Usage (448204K) : Executing rule backmetal1_drw_Acute
2026-09-21 21:33:36 +0700: Memory Usage (448204K) : Executing rule backmetal1_pin_Acute
2026-09-21 21:33:36 +0700: Memory Usage (448204K) : Executing rule backmetal1_mask_Acute
2026-09-21 21:33:36 +0700: Memory Usage (448204K) : Executing rule backmetal1_filler_Acute
2026-09-21 21:33:36 +0700: Memory Usage (448204K) : Executing rule backmetal1_nofill_Acute
2026-09-21 21:33:36 +0700: Memory Usage (448204K) : Executing rule backmetal1_slit_Acute
2026-09-21 21:33:36 +0700: Memory Usage (448204K) : Executing rule backmetal1_opc_Acute
2026-09-21 21:33:36 +0700: Memory Usage (448204K) : Executing rule backmetal1_noqrc_Acute
2026-09-21 21:33:36 +0700: Memory Usage (448204K) : Executing rule backmetal1_res_Acute
2026-09-21 21:33:36 +0700: Memory Usage (448204K) : Executing rule backmetal1_iprobe_Acute
2026-09-21 21:33:36 +0700: Memory Usage (448204K) : Executing rule backmetal1_diffprb_Acute
2026-09-21 21:33:36 +0700: Memory Usage (448204K) : Executing rule backpassiv_drw_Acute
2026-09-21 21:33:36 +0700: Memory Usage (448204K) : Executing rule salblock_drw_Acute
2026-09-21 21:33:36 +0700: Memory Usage (448204K) : Executing rule via2_drw_Acute
2026-09-21 21:33:36 +0700: Memory Usage (448204K) : Executing rule metal3_drw_Acute
2026-09-21 21:33:36 +0700: Memory Usage (448204K) : Executing rule metal3_pin_Acute
2026-09-21 21:33:36 +0700: Memory Usage (448204K) : Executing rule metal3_mask_Acute
2026-09-21 21:33:36 +0700: Memory Usage (448204K) : Executing rule metal3_filler_Acute
2026-09-21 21:33:36 +0700: Memory Usage (448204K) : Executing rule metal3_nofill_Acute
2026-09-21 21:33:36 +0700: Memory Usage (448204K) : Executing rule metal3_slit_Acute
2026-09-21 21:33:36 +0700: Memory Usage (448204K) : Executing rule metal3_opc_Acute
2026-09-21 21:33:36 +0700: Memory Usage (448204K) : Executing rule metal3_noqrc_Acute
2026-09-21 21:33:36 +0700: Memory Usage (448204K) : Executing rule metal3_res_Acute
2026-09-21 21:33:37 +0700: Memory Usage (448204K) : Executing rule metal3_iprobe_Acute
2026-09-21 21:33:37 +0700: Memory Usage (448204K) : Executing rule metal3_diffprb_Acute
2026-09-21 21:33:37 +0700: Memory Usage (448204K) : Executing rule nwell_drw_Acute
2026-09-21 21:33:37 +0700: Memory Usage (448204K) : Executing rule nwell_pin_Acute
2026-09-21 21:33:37 +0700: Memory Usage (448204K) : Executing rule nbulay_drw_Acute
2026-09-21 21:33:37 +0700: Memory Usage (448204K) : Executing rule nbulay_pin_Acute
2026-09-21 21:33:37 +0700: Memory Usage (448204K) : Executing rule nbulay_block_Acute
2026-09-21 21:33:37 +0700: Memory Usage (448204K) : Executing rule pwell_drw_Acute
2026-09-21 21:33:37 +0700: Memory Usage (448204K) : Executing rule pwell_pin_Acute
2026-09-21 21:33:37 +0700: Memory Usage (448204K) : Executing rule pwell_block_Acute
2026-09-21 21:33:37 +0700: Memory Usage (448204K) : Executing rule emwind_drw_Acute
2026-09-21 21:33:37 +0700: Memory Usage (448204K) : Executing rule emwind_opc_Acute
2026-09-21 21:33:37 +0700: Memory Usage (448204K) : Executing rule deepco_drw_Acute
2026-09-21 21:33:37 +0700: Memory Usage (448204K) : Executing rule mim_drw_Acute
2026-09-21 21:33:37 +0700: Memory Usage (448204K) : Executing rule substrate_drw_Acute
2026-09-21 21:33:37 +0700: Memory Usage (448204K) : Executing rule ic_drw_Acute
2026-09-21 21:33:37 +0700: Memory Usage (448204K) : Executing rule via3_drw_Acute
2026-09-21 21:33:37 +0700: Memory Usage (448204K) : Executing rule pldb_drw_Acute
2026-09-21 21:33:37 +0700: Memory Usage (448204K) : Executing rule metal4_drw_Acute
2026-09-21 21:33:37 +0700: Memory Usage (448204K) : Executing rule metal4_pin_Acute
2026-09-21 21:33:37 +0700: Memory Usage (448204K) : Executing rule metal4_mask_Acute
2026-09-21 21:33:37 +0700: Memory Usage (448204K) : Executing rule metal4_filler_Acute
2026-09-21 21:33:37 +0700: Memory Usage (448204K) : Executing rule metal4_nofill_Acute
2026-09-21 21:33:37 +0700: Memory Usage (448204K) : Executing rule metal4_slit_Acute
2026-09-21 21:33:37 +0700: Memory Usage (448204K) : Executing rule metal4_opc_Acute
2026-09-21 21:33:37 +0700: Memory Usage (448204K) : Executing rule metal4_noqrc_Acute
2026-09-21 21:33:37 +0700: Memory Usage (448204K) : Executing rule metal4_res_Acute
2026-09-21 21:33:37 +0700: Memory Usage (448204K) : Executing rule metal4_iprobe_Acute
2026-09-21 21:33:37 +0700: Memory Usage (448204K) : Executing rule metal4_diffprb_Acute
2026-09-21 21:33:37 +0700: Memory Usage (448204K) : Executing rule via4_drw_Acute
2026-09-21 21:33:38 +0700: Memory Usage (448204K) : Executing rule metal5_drw_Acute
2026-09-21 21:33:38 +0700: Memory Usage (448204K) : Executing rule metal5_pin_Acute
2026-09-21 21:33:38 +0700: Memory Usage (448204K) : Executing rule metal5_mask_Acute
2026-09-21 21:33:38 +0700: Memory Usage (448204K) : Executing rule metal5_filler_Acute
2026-09-21 21:33:38 +0700: Memory Usage (448204K) : Executing rule metal5_nofill_Acute
2026-09-21 21:33:38 +0700: Memory Usage (448204K) : Executing rule metal5_slit_Acute
2026-09-21 21:33:38 +0700: Memory Usage (448204K) : Executing rule metal5_opc_Acute
2026-09-21 21:33:38 +0700: Memory Usage (448204K) : Executing rule metal5_noqrc_Acute
2026-09-21 21:33:38 +0700: Memory Usage (448204K) : Executing rule metal5_res_Acute
2026-09-21 21:33:38 +0700: Memory Usage (448204K) : Executing rule metal5_iprobe_Acute
2026-09-21 21:33:38 +0700: Memory Usage (448204K) : Executing rule metal5_diffprb_Acute
2026-09-21 21:33:38 +0700: Memory Usage (448204K) : Executing rule prboundary_drw_Acute
2026-09-21 21:33:38 +0700: Memory Usage (448204K) : Executing rule exchange0_drw_Acute
2026-09-21 21:33:38 +0700: Memory Usage (448204K) : Executing rule exchange0_pin_Acute
2026-09-21 21:33:38 +0700: Memory Usage (448204K) : Executing rule exchange1_drw_Acute
2026-09-21 21:33:38 +0700: Memory Usage (448204K) : Executing rule exchange1_pin_Acute
2026-09-21 21:33:38 +0700: Memory Usage (448204K) : Executing rule exchange2_drw_Acute
2026-09-21 21:33:38 +0700: Memory Usage (448204K) : Executing rule exchange2_pin_Acute
2026-09-21 21:33:38 +0700: Memory Usage (448204K) : Executing rule exchange3_drw_Acute
2026-09-21 21:33:38 +0700: Memory Usage (448204K) : Executing rule exchange3_pin_Acute
2026-09-21 21:33:38 +0700: Memory Usage (448204K) : Executing rule exchange4_drw_Acute
2026-09-21 21:33:38 +0700: Memory Usage (448204K) : Executing rule exchange4_pin_Acute
2026-09-21 21:33:38 +0700: Memory Usage (448204K) : Executing rule isonwell_drw_Acute
2026-09-21 21:33:38 +0700: Memory Usage (448204K) : Executing rule thickgateox_drw_Acute
2026-09-21 21:33:38 +0700: Memory Usage (448204K) : Executing rule pempoly_drw_Acute
2026-09-21 21:33:38 +0700: Memory Usage (448204K) : Executing rule fbe_drw_Acute
2026-09-21 21:33:38 +0700: Memory Usage (448488K) : Executing rule empoly_drw_Acute
2026-09-21 21:33:38 +0700: Memory Usage (449004K) : Executing rule ldmos_drw_Acute
2026-09-21 21:33:38 +0700: Memory Usage (449268K) : Executing rule pbiwind_drw_Acute
2026-09-21 21:33:38 +0700: Memory Usage (449268K) : Executing rule colopen_drw_Acute
2026-09-21 21:33:38 +0700: Memory Usage (449268K) : Executing rule extblock_drw_Acute
2026-09-21 21:33:38 +0700: Memory Usage (449268K) : Executing rule nldd_drw_Acute
2026-09-21 21:33:38 +0700: Memory Usage (449268K) : Executing rule pldd_drw_Acute
2026-09-21 21:33:38 +0700: Memory Usage (449268K) : Executing rule next_drw_Acute
2026-09-21 21:33:38 +0700: Memory Usage (449268K) : Executing rule pext_drw_Acute
2026-09-21 21:33:38 +0700: Memory Usage (449268K) : Executing rule nexthv_drw_Acute
2026-09-21 21:33:38 +0700: Memory Usage (449268K) : Executing rule pexthv_drw_Acute
2026-09-21 21:33:38 +0700: Memory Usage (449268K) : Executing rule graphgate_drw_Acute
2026-09-21 21:33:38 +0700: Memory Usage (449268K) : Executing rule mempad_drw_Acute
2026-09-21 21:33:39 +0700: Memory Usage (449268K) : Executing rule topvia1_drw_Acute
2026-09-21 21:33:39 +0700: Memory Usage (449268K) : Executing rule topmetal1_drw_Acute
2026-09-21 21:33:39 +0700: Memory Usage (449444K) : Executing rule topmetal1_pin_Acute
2026-09-21 21:33:39 +0700: Memory Usage (449444K) : Executing rule topmetal1_mask_Acute
2026-09-21 21:33:39 +0700: Memory Usage (449444K) : Executing rule topmetal1_filler_Acute
2026-09-21 21:33:39 +0700: Memory Usage (449444K) : Executing rule topmetal1_nofill_Acute
2026-09-21 21:33:39 +0700: Memory Usage (449444K) : Executing rule topmetal1_slit_Acute
2026-09-21 21:33:39 +0700: Memory Usage (449444K) : Executing rule topmetal1_noqrc_Acute
2026-09-21 21:33:39 +0700: Memory Usage (449444K) : Executing rule topmetal1_res_Acute
2026-09-21 21:33:39 +0700: Memory Usage (449444K) : Executing rule topmetal1_iprobe_Acute
2026-09-21 21:33:39 +0700: Memory Usage (449444K) : Executing rule topmetal1_diffprb_Acute
2026-09-21 21:33:39 +0700: Memory Usage (449444K) : Executing rule inldpwl_drw_Acute
2026-09-21 21:33:39 +0700: Memory Usage (449444K) : Executing rule polyres_drw_Acute
2026-09-21 21:33:39 +0700: Memory Usage (449444K) : Executing rule polyres_pin_Acute
2026-09-21 21:33:39 +0700: Memory Usage (449444K) : Executing rule vmim_drw_Acute
2026-09-21 21:33:39 +0700: Memory Usage (449444K) : Executing rule nbulaycut_drw_Acute
2026-09-21 21:33:39 +0700: Memory Usage (449444K) : Executing rule antmetal1_drw_Acute
2026-09-21 21:33:39 +0700: Memory Usage (449444K) : Executing rule topvia2_drw_Acute
2026-09-21 21:33:39 +0700: Memory Usage (449444K) : Executing rule topmetal2_drw_Acute
2026-09-21 21:33:39 +0700: Memory Usage (449444K) : Executing rule topmetal2_pin_Acute
2026-09-21 21:33:39 +0700: Memory Usage (449444K) : Executing rule topmetal2_mask_Acute
2026-09-21 21:33:39 +0700: Memory Usage (449444K) : Executing rule topmetal2_filler_Acute
2026-09-21 21:33:39 +0700: Memory Usage (449444K) : Executing rule topmetal2_nofill_Acute
2026-09-21 21:33:39 +0700: Memory Usage (449444K) : Executing rule topmetal2_slit_Acute
2026-09-21 21:33:39 +0700: Memory Usage (449444K) : Executing rule topmetal2_noqrc_Acute
2026-09-21 21:33:39 +0700: Memory Usage (449444K) : Executing rule topmetal2_res_Acute
2026-09-21 21:33:39 +0700: Memory Usage (449444K) : Executing rule topmetal2_iprobe_Acute
2026-09-21 21:33:39 +0700: Memory Usage (449444K) : Executing rule topmetal2_diffprb_Acute
2026-09-21 21:33:39 +0700: Memory Usage (449444K) : Executing rule snsring_drw_Acute
2026-09-21 21:33:39 +0700: Memory Usage (449444K) : Executing rule sensor_drw_Acute
2026-09-21 21:33:39 +0700: Memory Usage (449444K) : Executing rule snsarms_drw_Acute
2026-09-21 21:33:39 +0700: Memory Usage (449444K) : Executing rule snscmosvia_drw_Acute
2026-09-21 21:33:39 +0700: Memory Usage (449444K) : Executing rule colwind_drw_Acute
2026-09-21 21:33:39 +0700: Memory Usage (449444K) : Executing rule flm_drw_Acute
2026-09-21 21:33:39 +0700: Memory Usage (449444K) : Executing rule hafniumox_drw_Acute
2026-09-21 21:33:39 +0700: Memory Usage (449444K) : Executing rule memvia_drw_Acute
2026-09-21 21:33:39 +0700: Memory Usage (449444K) : Executing rule thinfilmres_drw_Acute
2026-09-21 21:33:40 +0700: Memory Usage (449444K) : Executing rule rfmem_drw_Acute
2026-09-21 21:33:40 +0700: Memory Usage (449444K) : Executing rule snsbotvia_drw_Acute
2026-09-21 21:33:40 +0700: Memory Usage (449444K) : Executing rule snstopvia_drw_Acute
2026-09-21 21:33:40 +0700: Memory Usage (449444K) : Executing rule deepvia_drw_Acute
2026-09-21 21:33:40 +0700: Memory Usage (449444K) : Executing rule fgetch_drw_Acute
2026-09-21 21:33:40 +0700: Memory Usage (449444K) : Executing rule ctrgat_drw_Acute
2026-09-21 21:33:40 +0700: Memory Usage (449444K) : Executing rule fgimp_drw_Acute
2026-09-21 21:33:40 +0700: Memory Usage (449444K) : Executing rule emwihv_drw_Acute
2026-09-21 21:33:40 +0700: Memory Usage (449444K) : Executing rule lbe_drw_Acute
2026-09-21 21:33:40 +0700: Memory Usage (449444K) : Executing rule alcustop_drw_Acute
2026-09-21 21:33:40 +0700: Memory Usage (449444K) : Executing rule cont_drw_Angle90
2026-09-21 21:33:40 +0700: Memory Usage (449412K) : Executing rule via1_drw_Angle90
2026-09-21 21:33:40 +0700: Memory Usage (449472K) : Executing rule via2_drw_Angle90
2026-09-21 21:33:40 +0700: Memory Usage (449628K) : Executing rule via3_drw_Angle90
2026-09-21 21:33:40 +0700: Memory Usage (449528K) : Executing rule via4_drw_Angle90
2026-09-21 21:33:41 +0700: Memory Usage (449664K) : Executing rule vmim_drw_Angle90
2026-09-21 21:33:41 +0700: Memory Usage (449720K) : Executing rule topvia1_drw_Angle90
2026-09-21 21:33:41 +0700: Memory Usage (449704K) : Executing rule topvia2_drw_Angle90
2026-09-21 21:33:41 +0700: Memory Usage (449704K) : Executing rule gatpoly_drw_Angle45
2026-09-21 21:33:41 +0700: Memory Usage (449876K) : Executing rule activ_drw_Angle45
2026-09-21 21:33:41 +0700: Memory Usage (449740K) : Executing rule metal1_drw_Angle45
2026-09-21 21:33:41 +0700: Memory Usage (450448K) : Executing rule metal2_drw_Angle45
2026-09-21 21:33:42 +0700: Memory Usage (450908K) : Executing rule metal3_drw_Angle45
2026-09-21 21:33:42 +0700: Memory Usage (451164K) : Executing rule metal4_drw_Angle45
2026-09-21 21:33:42 +0700: Memory Usage (451040K) : Executing rule metal5_drw_Angle45
2026-09-21 21:33:42 +0700: Memory Usage (450992K) : Executing rule topmetal1_drw_Angle45
2026-09-21 21:33:42 +0700: Memory Usage (451216K) : Executing rule topmetal2_drw_Angle45
2026-09-21 21:33:42 +0700: Memory Usage (451216K) : Starting 3.2. FORBIDDEN table
2026-09-21 21:33:42 +0700: Memory Usage (451216K) : Executing rule forbidden.biwind
2026-09-21 21:33:42 +0700: Memory Usage (451216K) : Executing rule forbidden.pemwind
2026-09-21 21:33:42 +0700: Memory Usage (451216K) : Executing rule forbidden.baspoly
2026-09-21 21:33:42 +0700: Memory Usage (451216K) : Executing rule forbidden.deepco
2026-09-21 21:33:42 +0700: Memory Usage (451216K) : Executing rule forbidden.pempoly
2026-09-21 21:33:42 +0700: Memory Usage (451216K) : Executing rule forbidden.empoly
2026-09-21 21:33:42 +0700: Memory Usage (451216K) : Executing rule forbidden.ldmos
2026-09-21 21:33:42 +0700: Memory Usage (451216K) : Executing rule forbidden.pbiwind
2026-09-21 21:33:42 +0700: Memory Usage (451216K) : Executing rule forbidden.nodrc
2026-09-21 21:33:42 +0700: Memory Usage (451216K) : Executing rule forbidden.flash
2026-09-21 21:33:42 +0700: Memory Usage (451216K) : Executing rule forbidden.colwind
2026-09-21 21:33:42 +0700: Memory Usage (451216K) : KLayout DRC run for tables 'main' completed in 21.82 seconds
