# Logfile created on 2026-09-21 21:59:03 +0700 by logger.rb/61378
2026-09-21 21:59:03 +0700: Memory Usage (415932K) : Starting running SG13G2 Klayout LVS runset on /home/admin/work/final/IHP__MSPHY6034/dependencies/OTA/release/v.1.0.0/gds/OTA5174.gds
2026-09-21 21:59:03 +0700: Memory Usage (415932K) : Ruby Version for klayout: 2.5.9
2026-09-21 21:59:03 +0700: Memory Usage (415932K) : Loading database to memory is complete.
2026-09-21 21:59:03 +0700: Memory Usage (415932K) : SG13G2 Klayout LVS runset output at: /home/admin/work/final/IHP__MSPHY6034/dependencies/OTA/OTA-main/verification/lvs/lvs_run_OTA5174_deep/OTA5174.lvsdb
2026-09-21 21:59:03 +0700: Memory Usage (415932K) : Evaluate switches.
2026-09-21 21:59:03 +0700: Memory Usage (415932K) : Extracted netlist with net names: true
2026-09-21 21:59:03 +0700: Memory Usage (415932K) : Extracted netlist with comments in details: false
2026-09-21 21:59:03 +0700: Memory Usage (415932K) : Selected NET_ONLY option: false
2026-09-21 21:59:03 +0700: Memory Usage (415932K) : Selected LAYOUT_NETLIST option: (none)
2026-09-21 21:59:03 +0700: Memory Usage (415932K) : Selected IGNORE_TOP_PORTS_MISMATCH option: 
2026-09-21 21:59:03 +0700: Memory Usage (415932K) : Selected IMPLICIT_NETS option: (none)
2026-09-21 21:59:03 +0700: Memory Usage (415932K) : Selected TOP_LVL_PINS option: false
2026-09-21 21:59:03 +0700: Memory Usage (415932K) : Selected COMBINE DEVICES option: false
2026-09-21 21:59:03 +0700: Memory Usage (415932K) : Selected PURGE option: false
2026-09-21 21:59:03 +0700: Memory Usage (415932K) : Selected PURGE_NETS option: false
2026-09-21 21:59:03 +0700: Memory Usage (415932K) : Selected SIMPLIFY option: true
2026-09-21 21:59:03 +0700: Memory Usage (415932K) : Selected SERIES_RES option: true
2026-09-21 21:59:03 +0700: Memory Usage (415932K) : Selected PARALLEL_RES option: true
2026-09-21 21:59:03 +0700: Memory Usage (415932K) : deep  mode is enabled.
2026-09-21 21:59:03 +0700: Memory Usage (416912K) : Netlist file: /home/admin/work/final/IHP__MSPHY6034/dependencies/OTA/OTA-main/verification/lvs/lvs_run_OTA5174_deep/OTA5174_netlist_fixed.spice
2026-09-21 21:59:03 +0700: Memory Usage (416912K) : LVS extracted netlist at: /home/admin/work/final/IHP__MSPHY6034/dependencies/OTA/OTA-main/verification/lvs/lvs_run_OTA5174_deep/OTA5174_extracted.cir
2026-09-21 21:59:03 +0700: Memory Usage (416912K) : Applying SRAM integration support.
2026-09-21 21:59:03 +0700: Memory Usage (416912K) : Starting SG13G2 LVS runset
2026-09-21 21:59:03 +0700: Memory Usage (416912K) : Read in polygons from layers.
2026-09-21 21:59:03 +0700: Memory Usage (416912K) : activ_drw has 540 polygons
2026-09-21 21:59:03 +0700: Memory Usage (416912K) : activ_filler has 0 polygons
2026-09-21 21:59:03 +0700: Memory Usage (416912K) : activ has 540 polygons
2026-09-21 21:59:03 +0700: Memory Usage (416912K) : activ_pin has 0 polygons
2026-09-21 21:59:03 +0700: Memory Usage (416912K) : activ_mask has 0 polygons
2026-09-21 21:59:03 +0700: Memory Usage (416912K) : activ_nofill has 0 polygons
2026-09-21 21:59:03 +0700: Memory Usage (416912K) : activ_OPC has 0 polygons
2026-09-21 21:59:03 +0700: Memory Usage (416912K) : activ_iOPC has 0 polygons
2026-09-21 21:59:03 +0700: Memory Usage (416912K) : activ_noqrc has 0 polygons
2026-09-21 21:59:03 +0700: Memory Usage (416912K) : biwind_drw has 0 polygons
2026-09-21 21:59:03 +0700: Memory Usage (416912K) : biwind_OPC has 0 polygons
2026-09-21 21:59:03 +0700: Memory Usage (416912K) : gatpoly_drw has 353 polygons
2026-09-21 21:59:03 +0700: Memory Usage (419084K) : gatpoly_filler has 0 polygons
2026-09-21 21:59:03 +0700: Memory Usage (419084K) : gatpoly has 353 polygons
2026-09-21 21:59:03 +0700: Memory Usage (419084K) : gatpoly_pin has 159 polygons
2026-09-21 21:59:03 +0700: Memory Usage (419612K) : gatpoly_nofill has 0 polygons
2026-09-21 21:59:03 +0700: Memory Usage (419612K) : gatpoly_OPC has 0 polygons
2026-09-21 21:59:03 +0700: Memory Usage (419612K) : gatpoly_iOPC has 0 polygons
2026-09-21 21:59:03 +0700: Memory Usage (419612K) : gatpoly_noqrc has 0 polygons
2026-09-21 21:59:03 +0700: Memory Usage (419612K) : cont_drw has 1991 polygons
2026-09-21 21:59:03 +0700: Memory Usage (419612K) : cont_OPC has 0 polygons
2026-09-21 21:59:03 +0700: Memory Usage (419936K) : nsd_drw has 26 polygons
2026-09-21 21:59:03 +0700: Memory Usage (419936K) : nsd_block has 0 polygons
2026-09-21 21:59:03 +0700: Memory Usage (419936K) : metal1_drw has 1280 polygons
2026-09-21 21:59:03 +0700: Memory Usage (420380K) : metal1_filler has 0 polygons
2026-09-21 21:59:03 +0700: Memory Usage (420380K) : metal1_slit has 0 polygons
2026-09-21 21:59:04 +0700: Memory Usage (420644K) : metal1 has 1280 polygons
2026-09-21 21:59:04 +0700: Memory Usage (420644K) : metal1_pin has 439 polygons
2026-09-21 21:59:04 +0700: Memory Usage (420908K) : metal1_mask has 0 polygons
2026-09-21 21:59:04 +0700: Memory Usage (420908K) : metal1_nofill has 0 polygons
2026-09-21 21:59:04 +0700: Memory Usage (420908K) : metal1_text has 20 polygons
2026-09-21 21:59:04 +0700: Memory Usage (421456K) : metal1_OPC has 0 polygons
2026-09-21 21:59:04 +0700: Memory Usage (421456K) : metal1_noqrc has 0 polygons
2026-09-21 21:59:04 +0700: Memory Usage (421456K) : metal1_res has 0 polygons
2026-09-21 21:59:04 +0700: Memory Usage (421456K) : metal1_iprobe has 0 polygons
2026-09-21 21:59:04 +0700: Memory Usage (421720K) : metal1_diffprb has 0 polygons
2026-09-21 21:59:04 +0700: Memory Usage (421720K) : passiv_drw has 0 polygons
2026-09-21 21:59:04 +0700: Memory Usage (421720K) : passiv_pin has 0 polygons
2026-09-21 21:59:04 +0700: Memory Usage (421720K) : passiv_sbump has 0 polygons
2026-09-21 21:59:04 +0700: Memory Usage (421984K) : passiv_pillar has 0 polygons
2026-09-21 21:59:04 +0700: Memory Usage (421984K) : passiv_pdl has 0 polygons
2026-09-21 21:59:04 +0700: Memory Usage (421984K) : metal2_drw has 837 polygons
2026-09-21 21:59:04 +0700: Memory Usage (421984K) : metal2_filler has 0 polygons
2026-09-21 21:59:04 +0700: Memory Usage (422248K) : metal2_slit has 0 polygons
2026-09-21 21:59:04 +0700: Memory Usage (422248K) : metal2 has 837 polygons
2026-09-21 21:59:04 +0700: Memory Usage (422512K) : metal2_pin has 35 polygons
2026-09-21 21:59:04 +0700: Memory Usage (422512K) : metal2_mask has 0 polygons
2026-09-21 21:59:04 +0700: Memory Usage (422512K) : metal2_nofill has 0 polygons
2026-09-21 21:59:04 +0700: Memory Usage (422776K) : metal2_text has 13 polygons
2026-09-21 21:59:04 +0700: Memory Usage (422776K) : metal2_OPC has 0 polygons
2026-09-21 21:59:04 +0700: Memory Usage (422776K) : metal2_noqrc has 0 polygons
2026-09-21 21:59:04 +0700: Memory Usage (422776K) : metal2_res has 0 polygons
2026-09-21 21:59:04 +0700: Memory Usage (423040K) : metal2_iprobe has 0 polygons
2026-09-21 21:59:04 +0700: Memory Usage (423040K) : metal2_diffprb has 0 polygons
2026-09-21 21:59:04 +0700: Memory Usage (423040K) : baspoly_drw has 0 polygons
2026-09-21 21:59:04 +0700: Memory Usage (423304K) : baspoly_pin has 0 polygons
2026-09-21 21:59:04 +0700: Memory Usage (423304K) : psd_drw has 113 polygons
2026-09-21 21:59:04 +0700: Memory Usage (423304K) : nldb_drw has 0 polygons
2026-09-21 21:59:04 +0700: Memory Usage (423304K) : digibnd_drw has 0 polygons
2026-09-21 21:59:04 +0700: Memory Usage (423568K) : via1_drw has 1023 polygons
2026-09-21 21:59:04 +0700: Memory Usage (423568K) : backmetal1_drw has 0 polygons
2026-09-21 21:59:04 +0700: Memory Usage (423568K) : backmetal1_pin has 0 polygons
2026-09-21 21:59:04 +0700: Memory Usage (423832K) : backmetal1_mask has 0 polygons
2026-09-21 21:59:04 +0700: Memory Usage (423832K) : backmetal1_filler has 0 polygons
2026-09-21 21:59:04 +0700: Memory Usage (423832K) : backmetal1_nofill has 0 polygons
2026-09-21 21:59:04 +0700: Memory Usage (423832K) : backmetal1_slit has 0 polygons
2026-09-21 21:59:04 +0700: Memory Usage (424096K) : backmetal1_text has 0 polygons
2026-09-21 21:59:04 +0700: Memory Usage (424096K) : backmetal1_OPC has 0 polygons
2026-09-21 21:59:04 +0700: Memory Usage (424096K) : backmetal1_noqrc has 0 polygons
2026-09-21 21:59:04 +0700: Memory Usage (424360K) : backmetal1_res has 0 polygons
2026-09-21 21:59:04 +0700: Memory Usage (424360K) : backmetal1_iprobe has 0 polygons
2026-09-21 21:59:04 +0700: Memory Usage (424360K) : backmetal1_diffprb has 0 polygons
2026-09-21 21:59:04 +0700: Memory Usage (424360K) : backpassiv_drw has 0 polygons
2026-09-21 21:59:04 +0700: Memory Usage (424624K) : res_drw has 0 polygons
2026-09-21 21:59:04 +0700: Memory Usage (424624K) : sram_drw has 0 polygons
2026-09-21 21:59:04 +0700: Memory Usage (424624K) : trans_drw has 0 polygons
2026-09-21 21:59:04 +0700: Memory Usage (424624K) : ind_drw has 0 polygons
2026-09-21 21:59:04 +0700: Memory Usage (424888K) : ind_pin has 0 polygons
2026-09-21 21:59:04 +0700: Memory Usage (424888K) : ind_text has 0 polygons
2026-09-21 21:59:04 +0700: Memory Usage (424888K) : salblock_drw has 0 polygons
2026-09-21 21:59:04 +0700: Memory Usage (424888K) : via2_drw has 228 polygons
2026-09-21 21:59:04 +0700: Memory Usage (425152K) : metal3_drw has 195 polygons
2026-09-21 21:59:04 +0700: Memory Usage (425152K) : metal3_filler has 0 polygons
2026-09-21 21:59:04 +0700: Memory Usage (425152K) : metal3_slit has 0 polygons
2026-09-21 21:59:04 +0700: Memory Usage (425416K) : metal3 has 195 polygons
2026-09-21 21:59:04 +0700: Memory Usage (425416K) : metal3_pin has 13 polygons
2026-09-21 21:59:04 +0700: Memory Usage (425652K) : metal3_mask has 0 polygons
2026-09-21 21:59:04 +0700: Memory Usage (425652K) : metal3_nofill has 0 polygons
2026-09-21 21:59:04 +0700: Memory Usage (425652K) : metal3_text has 8 polygons
2026-09-21 21:59:04 +0700: Memory Usage (425652K) : metal3_OPC has 0 polygons
2026-09-21 21:59:04 +0700: Memory Usage (425652K) : metal3_noqrc has 0 polygons
2026-09-21 21:59:04 +0700: Memory Usage (425652K) : metal3_res has 0 polygons
2026-09-21 21:59:04 +0700: Memory Usage (425652K) : metal3_iprobe has 0 polygons
2026-09-21 21:59:04 +0700: Memory Usage (425652K) : metal3_diffprb has 0 polygons
2026-09-21 21:59:04 +0700: Memory Usage (425652K) : nwell_drw has 106 polygons
2026-09-21 21:59:04 +0700: Memory Usage (425652K) : nwell_pin has 0 polygons
2026-09-21 21:59:04 +0700: Memory Usage (425652K) : nwell_text has 0 polygons
2026-09-21 21:59:04 +0700: Memory Usage (425652K) : nbulay_drw has 0 polygons
2026-09-21 21:59:04 +0700: Memory Usage (425652K) : nbulay_pin has 0 polygons
2026-09-21 21:59:04 +0700: Memory Usage (425652K) : nbulay_block has 0 polygons
2026-09-21 21:59:04 +0700: Memory Usage (425652K) : emwind_drw has 0 polygons
2026-09-21 21:59:04 +0700: Memory Usage (425652K) : emwind_OPC has 0 polygons
2026-09-21 21:59:04 +0700: Memory Usage (425652K) : deepco_drw has 0 polygons
2026-09-21 21:59:04 +0700: Memory Usage (425652K) : mim_drw has 15 polygons
2026-09-21 21:59:04 +0700: Memory Usage (425652K) : edgeseal_drw has 0 polygons
2026-09-21 21:59:04 +0700: Memory Usage (425652K) : substrate_drw has 82 polygons
2026-09-21 21:59:04 +0700: Memory Usage (425652K) : substrate_text has 0 polygons
2026-09-21 21:59:04 +0700: Memory Usage (425652K) : dfpad_drw has 0 polygons
2026-09-21 21:59:04 +0700: Memory Usage (425652K) : dfpad_pillar has 0 polygons
2026-09-21 21:59:04 +0700: Memory Usage (425652K) : dfpad_sbump has 0 polygons
2026-09-21 21:59:04 +0700: Memory Usage (425652K) : thickgateox_drw has 184 polygons
2026-09-21 21:59:04 +0700: Memory Usage (425652K) : pldb_drw has 0 polygons
2026-09-21 21:59:04 +0700: Memory Usage (425652K) : pwell_drw has 0 polygons
2026-09-21 21:59:04 +0700: Memory Usage (425652K) : pwell_pin has 0 polygons
2026-09-21 21:59:04 +0700: Memory Usage (425652K) : pwell_block has 0 polygons
2026-09-21 21:59:04 +0700: Memory Usage (425652K) : ic_drw has 0 polygons
2026-09-21 21:59:04 +0700: Memory Usage (425652K) : via3_drw has 115 polygons
2026-09-21 21:59:04 +0700: Memory Usage (425652K) : metal4_drw has 100 polygons
2026-09-21 21:59:04 +0700: Memory Usage (425652K) : metal4_filler has 0 polygons
2026-09-21 21:59:04 +0700: Memory Usage (425652K) : metal4_slit has 0 polygons
2026-09-21 21:59:04 +0700: Memory Usage (425652K) : metal4 has 100 polygons
2026-09-21 21:59:04 +0700: Memory Usage (425652K) : metal4_pin has 4 polygons
2026-09-21 21:59:04 +0700: Memory Usage (425652K) : metal4_mask has 0 polygons
2026-09-21 21:59:04 +0700: Memory Usage (425652K) : metal4_nofill has 0 polygons
2026-09-21 21:59:04 +0700: Memory Usage (425652K) : metal4_text has 0 polygons
2026-09-21 21:59:04 +0700: Memory Usage (425652K) : metal4_OPC has 0 polygons
2026-09-21 21:59:04 +0700: Memory Usage (425652K) : metal4_noqrc has 0 polygons
2026-09-21 21:59:04 +0700: Memory Usage (425652K) : metal4_res has 0 polygons
2026-09-21 21:59:04 +0700: Memory Usage (425652K) : metal4_iprobe has 0 polygons
2026-09-21 21:59:04 +0700: Memory Usage (425652K) : metal4_diffprb has 0 polygons
2026-09-21 21:59:04 +0700: Memory Usage (425652K) : heattrans_drw has 167 polygons
2026-09-21 21:59:04 +0700: Memory Usage (425652K) : heatres_drw has 0 polygons
2026-09-21 21:59:04 +0700: Memory Usage (425652K) : fbe_drw has 0 polygons
2026-09-21 21:59:04 +0700: Memory Usage (425652K) : empoly_drw has 0 polygons
2026-09-21 21:59:04 +0700: Memory Usage (425652K) : digisub_drw has 0 polygons
2026-09-21 21:59:04 +0700: Memory Usage (425652K) : text_drw has 159 polygons
2026-09-21 21:59:04 +0700: Memory Usage (425652K) : via4_drw has 109 polygons
2026-09-21 21:59:04 +0700: Memory Usage (425652K) : metal5_drw has 140 polygons
2026-09-21 21:59:04 +0700: Memory Usage (425652K) : metal5_filler has 0 polygons
2026-09-21 21:59:04 +0700: Memory Usage (425652K) : metal5_slit has 0 polygons
2026-09-21 21:59:04 +0700: Memory Usage (425652K) : metal5 has 140 polygons
2026-09-21 21:59:04 +0700: Memory Usage (425652K) : metal5_pin has 0 polygons
2026-09-21 21:59:04 +0700: Memory Usage (425652K) : metal5_mask has 0 polygons
2026-09-21 21:59:04 +0700: Memory Usage (425652K) : metal5_nofill has 0 polygons
2026-09-21 21:59:04 +0700: Memory Usage (425652K) : metal5_text has 0 polygons
2026-09-21 21:59:04 +0700: Memory Usage (425652K) : metal5_OPC has 0 polygons
2026-09-21 21:59:04 +0700: Memory Usage (425652K) : metal5_noqrc has 0 polygons
2026-09-21 21:59:04 +0700: Memory Usage (425652K) : metal5_res has 0 polygons
2026-09-21 21:59:04 +0700: Memory Usage (425652K) : metal5_iprobe has 0 polygons
2026-09-21 21:59:04 +0700: Memory Usage (425652K) : metal5_diffprb has 0 polygons
2026-09-21 21:59:04 +0700: Memory Usage (425652K) : radhard_drw has 0 polygons
2026-09-21 21:59:04 +0700: Memory Usage (425652K) : memcap_drw has 0 polygons
2026-09-21 21:59:04 +0700: Memory Usage (425652K) : varicap_drw has 0 polygons
2026-09-21 21:59:04 +0700: Memory Usage (425652K) : intbondvia_drw has 0 polygons
2026-09-21 21:59:04 +0700: Memory Usage (425652K) : intbondmet_drw has 0 polygons
2026-09-21 21:59:04 +0700: Memory Usage (425652K) : devbondvia_drw has 0 polygons
2026-09-21 21:59:04 +0700: Memory Usage (425652K) : devbondmet_drw has 0 polygons
2026-09-21 21:59:04 +0700: Memory Usage (425652K) : devtrench_drw has 0 polygons
2026-09-21 21:59:04 +0700: Memory Usage (425652K) : redist_drw has 0 polygons
2026-09-21 21:59:04 +0700: Memory Usage (425652K) : graphbot_drw has 0 polygons
2026-09-21 21:59:04 +0700: Memory Usage (425652K) : graphtop_drw has 0 polygons
2026-09-21 21:59:04 +0700: Memory Usage (425652K) : antvia1_drw has 0 polygons
2026-09-21 21:59:04 +0700: Memory Usage (425652K) : antmetal2_drw has 0 polygons
2026-09-21 21:59:04 +0700: Memory Usage (425652K) : graphcont_drw has 0 polygons
2026-09-21 21:59:04 +0700: Memory Usage (425652K) : siwg_drw has 0 polygons
2026-09-21 21:59:04 +0700: Memory Usage (425652K) : siwg_filler has 0 polygons
2026-09-21 21:59:04 +0700: Memory Usage (425652K) : siwg_nofill has 0 polygons
2026-09-21 21:59:04 +0700: Memory Usage (425652K) : sigrating_drw has 0 polygons
2026-09-21 21:59:04 +0700: Memory Usage (425652K) : singrating_drw has 0 polygons
2026-09-21 21:59:04 +0700: Memory Usage (425652K) : graphpas_drw has 0 polygons
2026-09-21 21:59:04 +0700: Memory Usage (425652K) : emwind3_drw has 0 polygons
2026-09-21 21:59:04 +0700: Memory Usage (425652K) : emwihv3_drw has 0 polygons
2026-09-21 21:59:04 +0700: Memory Usage (425652K) : redbulay_drw has 0 polygons
2026-09-21 21:59:04 +0700: Memory Usage (425652K) : smos_drw has 0 polygons
2026-09-21 21:59:04 +0700: Memory Usage (425652K) : graphpad_drw has 0 polygons
2026-09-21 21:59:04 +0700: Memory Usage (425652K) : polimide_drw has 0 polygons
2026-09-21 21:59:04 +0700: Memory Usage (425652K) : polimide_pin has 0 polygons
2026-09-21 21:59:04 +0700: Memory Usage (425652K) : recog_drw has 0 polygons
2026-09-21 21:59:04 +0700: Memory Usage (425652K) : recog_pin has 0 polygons
2026-09-21 21:59:04 +0700: Memory Usage (425652K) : recog_esd has 0 polygons
2026-09-21 21:59:04 +0700: Memory Usage (425652K) : recog_diode has 0 polygons
2026-09-21 21:59:04 +0700: Memory Usage (425652K) : recog_tsv has 0 polygons
2026-09-21 21:59:04 +0700: Memory Usage (425652K) : recog_iprobe has 0 polygons
2026-09-21 21:59:04 +0700: Memory Usage (425652K) : recog_diffprb has 0 polygons
2026-09-21 21:59:04 +0700: Memory Usage (425652K) : recog_pillar has 0 polygons
2026-09-21 21:59:04 +0700: Memory Usage (425652K) : recog_sbump has 0 polygons
2026-09-21 21:59:04 +0700: Memory Usage (425652K) : recog_otp has 0 polygons
2026-09-21 21:59:04 +0700: Memory Usage (425652K) : recog_pdiode has 0 polygons
2026-09-21 21:59:04 +0700: Memory Usage (425652K) : recog_mom has 0 polygons
2026-09-21 21:59:04 +0700: Memory Usage (425652K) : recog_pcm has 0 polygons
2026-09-21 21:59:04 +0700: Memory Usage (425652K) : colopen_drw has 0 polygons
2026-09-21 21:59:04 +0700: Memory Usage (425652K) : graphmetal1_drw has 0 polygons
2026-09-21 21:59:04 +0700: Memory Usage (425652K) : graphmetal1_filler has 0 polygons
2026-09-21 21:59:04 +0700: Memory Usage (425652K) : graphmetal1_nofill has 0 polygons
2026-09-21 21:59:04 +0700: Memory Usage (425652K) : graphmetal1_slit has 0 polygons
2026-09-21 21:59:04 +0700: Memory Usage (425652K) : graphmetal1_OPC has 0 polygons
2026-09-21 21:59:04 +0700: Memory Usage (425652K) : graphmet1l_drw has 0 polygons
2026-09-21 21:59:04 +0700: Memory Usage (425652K) : graphmet1l_filler has 0 polygons
2026-09-21 21:59:04 +0700: Memory Usage (425740K) : graphmet1l_nofill has 0 polygons
2026-09-21 21:59:04 +0700: Memory Usage (425740K) : graphmet1l_slit has 0 polygons
2026-09-21 21:59:04 +0700: Memory Usage (425740K) : graphmet1l_OPC has 0 polygons
2026-09-21 21:59:04 +0700: Memory Usage (425952K) : extblock_drw has 0 polygons
2026-09-21 21:59:04 +0700: Memory Usage (425952K) : nldd_drw has 0 polygons
2026-09-21 21:59:04 +0700: Memory Usage (425952K) : pldd_drw has 0 polygons
2026-09-21 21:59:04 +0700: Memory Usage (426128K) : next_drw has 0 polygons
2026-09-21 21:59:04 +0700: Memory Usage (426128K) : pext_drw has 0 polygons
2026-09-21 21:59:04 +0700: Memory Usage (426128K) : nexthv_drw has 0 polygons
2026-09-21 21:59:04 +0700: Memory Usage (426128K) : pexthv_drw has 0 polygons
2026-09-21 21:59:04 +0700: Memory Usage (426316K) : graphgate_drw has 0 polygons
2026-09-21 21:59:04 +0700: Memory Usage (426316K) : sinwg_drw has 0 polygons
2026-09-21 21:59:04 +0700: Memory Usage (426316K) : sinwg_filler has 0 polygons
2026-09-21 21:59:04 +0700: Memory Usage (426484K) : sinwg_nofill has 0 polygons
2026-09-21 21:59:04 +0700: Memory Usage (426484K) : mempad_drw has 0 polygons
2026-09-21 21:59:04 +0700: Memory Usage (426484K) : topvia1_drw has 84 polygons
2026-09-21 21:59:04 +0700: Memory Usage (426716K) : topmetal1_drw has 70 polygons
2026-09-21 21:59:04 +0700: Memory Usage (426716K) : topmetal1_filler has 0 polygons
2026-09-21 21:59:04 +0700: Memory Usage (426716K) : topmetal1_slit has 0 polygons
2026-09-21 21:59:04 +0700: Memory Usage (426892K) : topmetal1 has 70 polygons
2026-09-21 21:59:04 +0700: Memory Usage (426892K) : topmetal1_pin has 0 polygons
2026-09-21 21:59:04 +0700: Memory Usage (427056K) : topmetal1_mask has 0 polygons
2026-09-21 21:59:04 +0700: Memory Usage (427056K) : topmetal1_nofill has 0 polygons
2026-09-21 21:59:04 +0700: Memory Usage (427056K) : topmetal1_text has 0 polygons
2026-09-21 21:59:04 +0700: Memory Usage (427056K) : topmetal1_noqrc has 0 polygons
2026-09-21 21:59:04 +0700: Memory Usage (427248K) : topmetal1_res has 0 polygons
2026-09-21 21:59:04 +0700: Memory Usage (425668K) : topmetal1_iprobe has 0 polygons
2026-09-21 21:59:04 +0700: Memory Usage (425668K) : topmetal1_diffprb has 0 polygons
2026-09-21 21:59:04 +0700: Memory Usage (425668K) : inldpwl_drw has 0 polygons
2026-09-21 21:59:04 +0700: Memory Usage (425668K) : polyres_drw has 0 polygons
2026-09-21 21:59:04 +0700: Memory Usage (425668K) : polyres_pin has 0 polygons
2026-09-21 21:59:04 +0700: Memory Usage (425668K) : vmim_drw has 1443 polygons
2026-09-21 21:59:04 +0700: Memory Usage (425668K) : nbulaycut_drw has 0 polygons
2026-09-21 21:59:04 +0700: Memory Usage (425668K) : antmetal1_drw has 0 polygons
2026-09-21 21:59:04 +0700: Memory Usage (425668K) : topvia2_drw has 0 polygons
2026-09-21 21:59:04 +0700: Memory Usage (425668K) : topmetal2_drw has 0 polygons
2026-09-21 21:59:04 +0700: Memory Usage (425668K) : topmetal2_filler has 0 polygons
2026-09-21 21:59:04 +0700: Memory Usage (425668K) : topmetal2_slit has 0 polygons
2026-09-21 21:59:04 +0700: Memory Usage (425668K) : topmetal2 has 0 polygons
2026-09-21 21:59:04 +0700: Memory Usage (425668K) : topmetal2_pin has 0 polygons
2026-09-21 21:59:04 +0700: Memory Usage (425668K) : topmetal2_mask has 0 polygons
2026-09-21 21:59:04 +0700: Memory Usage (425668K) : topmetal2_nofill has 0 polygons
2026-09-21 21:59:04 +0700: Memory Usage (425668K) : topmetal2_text has 0 polygons
2026-09-21 21:59:04 +0700: Memory Usage (425668K) : topmetal2_noqrc has 0 polygons
2026-09-21 21:59:04 +0700: Memory Usage (425668K) : topmetal2_res has 0 polygons
2026-09-21 21:59:04 +0700: Memory Usage (425668K) : topmetal2_iprobe has 0 polygons
2026-09-21 21:59:04 +0700: Memory Usage (425668K) : topmetal2_diffprb has 0 polygons
2026-09-21 21:59:04 +0700: Memory Usage (425668K) : snsring_drw has 0 polygons
2026-09-21 21:59:04 +0700: Memory Usage (425668K) : sensor_drw has 0 polygons
2026-09-21 21:59:04 +0700: Memory Usage (425668K) : snsarms_drw has 0 polygons
2026-09-21 21:59:04 +0700: Memory Usage (425668K) : snscmosvia_drw has 0 polygons
2026-09-21 21:59:04 +0700: Memory Usage (425668K) : colwind_drw has 0 polygons
2026-09-21 21:59:04 +0700: Memory Usage (425668K) : flm_drw has 0 polygons
2026-09-21 21:59:04 +0700: Memory Usage (425668K) : hafniumox_drw has 0 polygons
2026-09-21 21:59:04 +0700: Memory Usage (425668K) : memvia_drw has 0 polygons
2026-09-21 21:59:04 +0700: Memory Usage (425668K) : thinfilmres_drw has 0 polygons
2026-09-21 21:59:04 +0700: Memory Usage (425668K) : rfmem_drw has 0 polygons
2026-09-21 21:59:04 +0700: Memory Usage (425668K) : norcx_drw has 0 polygons
2026-09-21 21:59:04 +0700: Memory Usage (425668K) : norcx_m2m3 has 0 polygons
2026-09-21 21:59:04 +0700: Memory Usage (425668K) : norcx_m2m4 has 0 polygons
2026-09-21 21:59:04 +0700: Memory Usage (425668K) : norcx_m2m5 has 0 polygons
2026-09-21 21:59:04 +0700: Memory Usage (425668K) : norcx_m2tm1 has 0 polygons
2026-09-21 21:59:04 +0700: Memory Usage (425668K) : norcx_m2tm2 has 0 polygons
2026-09-21 21:59:04 +0700: Memory Usage (425668K) : norcx_m3m4 has 0 polygons
2026-09-21 21:59:04 +0700: Memory Usage (425668K) : norcx_m3m5 has 0 polygons
2026-09-21 21:59:04 +0700: Memory Usage (425668K) : norcx_m3tm1 has 0 polygons
2026-09-21 21:59:04 +0700: Memory Usage (425668K) : norcx_m3tm2 has 0 polygons
2026-09-21 21:59:04 +0700: Memory Usage (425668K) : norcx_m4m5 has 0 polygons
2026-09-21 21:59:04 +0700: Memory Usage (425668K) : norcx_m4tm1 has 0 polygons
2026-09-21 21:59:04 +0700: Memory Usage (425668K) : norcx_m4tm2 has 0 polygons
2026-09-21 21:59:04 +0700: Memory Usage (425668K) : norcx_m5tm1 has 0 polygons
2026-09-21 21:59:04 +0700: Memory Usage (425668K) : norcx_m5tm2 has 0 polygons
2026-09-21 21:59:04 +0700: Memory Usage (425668K) : norcx_tm1tm2 has 0 polygons
2026-09-21 21:59:04 +0700: Memory Usage (425668K) : norcx_m1sub has 0 polygons
2026-09-21 21:59:04 +0700: Memory Usage (425668K) : norcx_m2sub has 0 polygons
2026-09-21 21:59:04 +0700: Memory Usage (425668K) : norcx_m3sub has 0 polygons
2026-09-21 21:59:04 +0700: Memory Usage (425668K) : norcx_m4sub has 0 polygons
2026-09-21 21:59:04 +0700: Memory Usage (425668K) : norcx_m5sub has 0 polygons
2026-09-21 21:59:04 +0700: Memory Usage (425668K) : norcx_tm1sub has 0 polygons
2026-09-21 21:59:04 +0700: Memory Usage (425668K) : norcx_tm2sub has 0 polygons
2026-09-21 21:59:04 +0700: Memory Usage (425668K) : snsbotvia_drw has 0 polygons
2026-09-21 21:59:04 +0700: Memory Usage (425668K) : snstopvia_drw has 0 polygons
2026-09-21 21:59:04 +0700: Memory Usage (425668K) : deepvia_drw has 0 polygons
2026-09-21 21:59:04 +0700: Memory Usage (425668K) : fgetch_drw has 0 polygons
2026-09-21 21:59:04 +0700: Memory Usage (425668K) : ctrgat_drw has 0 polygons
2026-09-21 21:59:04 +0700: Memory Usage (425668K) : fgimp_drw has 0 polygons
2026-09-21 21:59:04 +0700: Memory Usage (425668K) : emwihv_drw has 0 polygons
2026-09-21 21:59:04 +0700: Memory Usage (425668K) : lbe_drw has 0 polygons
2026-09-21 21:59:04 +0700: Memory Usage (425668K) : alcustop_drw has 0 polygons
2026-09-21 21:59:04 +0700: Memory Usage (425668K) : nometfiller_drw has 0 polygons
2026-09-21 21:59:04 +0700: Memory Usage (425668K) : prboundary_drw has 0 polygons
2026-09-21 21:59:05 +0700: Memory Usage (425668K) : exchange0_drw has 0 polygons
2026-09-21 21:59:05 +0700: Memory Usage (425668K) : exchange0_pin has 0 polygons
2026-09-21 21:59:05 +0700: Memory Usage (425668K) : exchange0_text has 0 polygons
2026-09-21 21:59:05 +0700: Memory Usage (425668K) : exchange1_drw has 0 polygons
2026-09-21 21:59:05 +0700: Memory Usage (425668K) : exchange1_pin has 0 polygons
2026-09-21 21:59:05 +0700: Memory Usage (425668K) : exchange1_text has 0 polygons
2026-09-21 21:59:05 +0700: Memory Usage (425668K) : exchange2_drw has 0 polygons
2026-09-21 21:59:05 +0700: Memory Usage (425668K) : exchange2_pin has 0 polygons
2026-09-21 21:59:05 +0700: Memory Usage (425668K) : exchange2_text has 0 polygons
2026-09-21 21:59:05 +0700: Memory Usage (425668K) : exchange3_drw has 0 polygons
2026-09-21 21:59:05 +0700: Memory Usage (425668K) : exchange3_pin has 0 polygons
2026-09-21 21:59:05 +0700: Memory Usage (425668K) : exchange3_text has 0 polygons
2026-09-21 21:59:05 +0700: Memory Usage (425668K) : exchange4_drw has 0 polygons
2026-09-21 21:59:05 +0700: Memory Usage (425668K) : exchange4_pin has 0 polygons
2026-09-21 21:59:05 +0700: Memory Usage (425668K) : exchange4_text has 0 polygons
2026-09-21 21:59:05 +0700: Memory Usage (425668K) : isonwell_drw has 0 polygons
2026-09-21 21:59:05 +0700: Memory Usage (425668K) : Total no. of polygons in the design is 10051
2026-09-21 21:59:05 +0700: Memory Usage (425668K) : Starting base layers derivations
2026-09-21 21:59:05 +0700: Memory Usage (425668K) : Starting general LVS derivations
2026-09-21 21:59:06 +0700: Memory Usage (429912K) : Starting MOSFET DERIVATIONS
2026-09-21 21:59:06 +0700: Memory Usage (430016K) : Starting NMOS DERIVATIONS
2026-09-21 21:59:06 +0700: Memory Usage (430016K) : Starting PMOS DERIVATIONS
2026-09-21 21:59:06 +0700: Memory Usage (430016K) : Starting RF-MOSFET DERIVATIONS
2026-09-21 21:59:06 +0700: Memory Usage (430016K) : Starting RF-NMOS DERIVATIONS
2026-09-21 21:59:06 +0700: Memory Usage (430016K) : Starting RF-PMOS DERIVATIONS
2026-09-21 21:59:06 +0700: Memory Usage (430016K) : Starting BJT DERIVATIONS
2026-09-21 21:59:06 +0700: Memory Usage (430016K) : Starting NPN-BJT DERIVATIONS
2026-09-21 21:59:07 +0700: Memory Usage (430016K) : Starting PNP-BJT DERIVATIONS
2026-09-21 21:59:07 +0700: Memory Usage (430016K) : Starting DIODE DERIVATIONS
2026-09-21 21:59:08 +0700: Memory Usage (430036K) : Starting RESISTOR DERIVATIONS
2026-09-21 21:59:08 +0700: Memory Usage (430036K) : Starting CAP DERIVATIONS
2026-09-21 21:59:09 +0700: Memory Usage (430048K) : Starting ESD DERIVATIONS
2026-09-21 21:59:10 +0700: Memory Usage (431548K) : Starting Inductor DERIVATIONS
2026-09-21 21:59:11 +0700: Memory Usage (431776K) : Starting Taps DERIVATIONS
2026-09-21 21:59:11 +0700: Memory Usage (431776K) : Starting SG13G2 LVS connectivity setup
2026-09-21 21:59:11 +0700: Memory Usage (431776K) : Starting SG13G2 LVS connectivity setup (Inter-layer)
2026-09-21 21:59:11 +0700: Memory Usage (431904K) : Starting SG13G2 LVS connectivity setup (Global)
2026-09-21 21:59:11 +0700: Memory Usage (431904K) : Starting LVS MOSFET CONNECTIONS
2026-09-21 21:59:11 +0700: Memory Usage (431904K) : Starting LVS RF-MOSFET CONNECTIONS
2026-09-21 21:59:11 +0700: Memory Usage (431904K) : Starting LVS BJT CONNECTIONS
2026-09-21 21:59:11 +0700: Memory Usage (431904K) : Starting LVS DIODE CONNECTIONS
2026-09-21 21:59:11 +0700: Memory Usage (431904K) : Starting RESISTOR CONNECTIONS
2026-09-21 21:59:11 +0700: Memory Usage (431904K) : Starting LVS CAP CONNECTIONS
2026-09-21 21:59:11 +0700: Memory Usage (431904K) : Starting ESD CONNECTIONS
2026-09-21 21:59:11 +0700: Memory Usage (431904K) : Starting Inductor CONNECTIONS
2026-09-21 21:59:11 +0700: Memory Usage (431904K) : Starting LVS Taps CONNECTIONS
2026-09-21 21:59:11 +0700: Memory Usage (431904K) : Starting SG13G2 LVS DEVICES EXTRACTION
2026-09-21 21:59:11 +0700: Memory Usage (431904K) : Starting MOSFET EXTRACTION
2026-09-21 21:59:11 +0700: Memory Usage (431904K) : Starting NMOS EXTRACTION
2026-09-21 21:59:11 +0700: Memory Usage (431904K) : Extraction of NMOS-LV transistor
2026-09-21 21:59:11 +0700: Memory Usage (431912K) : Extraction of NMOS-HV transistor
2026-09-21 21:59:11 +0700: Memory Usage (431912K) : Starting PMOS EXTRACTION
2026-09-21 21:59:11 +0700: Memory Usage (431912K) : Extraction of PMOS-LV transistor
2026-09-21 21:59:11 +0700: Memory Usage (431912K) : Extraction of PMOS-HV transistor
2026-09-21 21:59:11 +0700: Memory Usage (431912K) : Starting RF-MOSFET EXTRACTION
2026-09-21 21:59:11 +0700: Memory Usage (431912K) : Extraction of RF-NMOS-LV transistor
2026-09-21 21:59:11 +0700: Memory Usage (431912K) : Extraction of RF-NMOS-HV transistor
2026-09-21 21:59:12 +0700: Memory Usage (431912K) : Extraction of RF-PMOS-LV transistor
2026-09-21 21:59:12 +0700: Memory Usage (431912K) : Extraction of RF-PMOS-HV transistor
2026-09-21 21:59:12 +0700: Memory Usage (431912K) : Starting BJT EXTRACTION
2026-09-21 21:59:12 +0700: Memory Usage (431912K) : Starting NPN-BJT EXTRACTION
2026-09-21 21:59:12 +0700: Memory Usage (431912K) : Extraction of npn13G2 BJT transistor
2026-09-21 21:59:12 +0700: Memory Usage (431912K) : Extraction of npn13G2L BJT transistor
2026-09-21 21:59:12 +0700: Memory Usage (431912K) : Extraction of npn13G2V BJT transistor
2026-09-21 21:59:12 +0700: Memory Usage (431912K) : Starting PNP-BJT EXTRACTION
2026-09-21 21:59:12 +0700: Memory Usage (431912K) : Extracting pnpMPA BJT
2026-09-21 21:59:12 +0700: Memory Usage (431912K) : Starting DIODE EXTRACTION
2026-09-21 21:59:12 +0700: Memory Usage (431912K) : Extracting dantenna diode
2026-09-21 21:59:12 +0700: Memory Usage (431912K) : Extracting dpantenna diode
2026-09-21 21:59:12 +0700: Memory Usage (431912K) : Extracting schottky_nbl1 diode
2026-09-21 21:59:12 +0700: Memory Usage (431912K) : Extracting isolbox diode
2026-09-21 21:59:12 +0700: Memory Usage (431912K) : Starting RESISTOR EXTRACTION
2026-09-21 21:59:12 +0700: Memory Usage (431912K) : Extracting rsil resistor
2026-09-21 21:59:12 +0700: Memory Usage (432164K) : Extracting rppd resistor
2026-09-21 21:59:12 +0700: Memory Usage (432164K) : Extracting rhigh resistor
2026-09-21 21:59:12 +0700: Memory Usage (432164K) : Extracting res_metal1 resistor
2026-09-21 21:59:12 +0700: Memory Usage (432164K) : Extracting res_metal2 resistor
2026-09-21 21:59:12 +0700: Memory Usage (432164K) : Extracting res_metal3 resistor
2026-09-21 21:59:12 +0700: Memory Usage (432164K) : Extracting res_metal4 resistor
2026-09-21 21:59:12 +0700: Memory Usage (432164K) : Extracting res_metal5 resistor
2026-09-21 21:59:12 +0700: Memory Usage (432164K) : Extracting res_topmetal1 resistor
2026-09-21 21:59:12 +0700: Memory Usage (432164K) : Extracting res_topmetal2 resistor
2026-09-21 21:59:12 +0700: Memory Usage (432164K) : Starting CAP EXTRACTION
2026-09-21 21:59:12 +0700: Memory Usage (432164K) : Extracting cap_cmim device
2026-09-21 21:59:12 +0700: Memory Usage (432164K) : Extracting rfcmim device
2026-09-21 21:59:12 +0700: Memory Usage (432164K) : Extracting sg13_hv_svaricap varactor
2026-09-21 21:59:12 +0700: Memory Usage (432164K) : Starting ESD EXTRACTION
2026-09-21 21:59:12 +0700: Memory Usage (432164K) : Extracting diodevdd_2kv ESD device
2026-09-21 21:59:12 +0700: Memory Usage (432164K) : Extracting diodevdd_4kv ESD device
2026-09-21 21:59:12 +0700: Memory Usage (432164K) : Extracting diodevss_2kv ESD device
2026-09-21 21:59:12 +0700: Memory Usage (432164K) : Extracting diodevss_4kv ESD device
2026-09-21 21:59:12 +0700: Memory Usage (432164K) : Extracting idiodevdd_2kv ESD device
2026-09-21 21:59:12 +0700: Memory Usage (432164K) : Extracting idiodevdd_4kv ESD device
2026-09-21 21:59:12 +0700: Memory Usage (432164K) : Extracting idiodevss_2kv ESD device
2026-09-21 21:59:12 +0700: Memory Usage (432164K) : Extracting idiodevss_4kv ESD device
2026-09-21 21:59:12 +0700: Memory Usage (432164K) : Extracting nmoscl_2 ESD device
2026-09-21 21:59:12 +0700: Memory Usage (432164K) : Extracting nmoscl_4 ESD device
2026-09-21 21:59:12 +0700: Memory Usage (432164K) : Starting Inductor EXTRACTION
2026-09-21 21:59:12 +0700: Memory Usage (432164K) : Extracting Inductor2 device
2026-09-21 21:59:12 +0700: Memory Usage (432164K) : Extracting Inductor3 device
2026-09-21 21:59:12 +0700: Memory Usage (432164K) : Starting Taps EXTRACTION
2026-09-21 21:59:12 +0700: Memory Usage (432164K) : Extracting ntap1 device
2026-09-21 21:59:12 +0700: Memory Usage (432164K) : Extracting ptap1 device
2026-09-21 21:59:12 +0700: Memory Usage (432164K) : Starting SG13G2 LVS RF MOS Model Mapping
2026-09-21 21:59:12 +0700: Memory Usage (432228K) : [layout_netlist] Apply RF MOS model mapping and rfmode parameter.
2026-09-21 21:59:12 +0700: Memory Usage (432228K) : Starting SG13G2 LVS Options Preparations
2026-09-21 21:59:12 +0700: Memory Usage (432228K) : SG13G2 LVS flow: extraction -> alignment -> option preparation -> comparison.
2026-09-21 21:59:12 +0700: Memory Usage (432228K) : Starting SG13G2 LVS Alignment
2026-09-21 21:59:12 +0700: Memory Usage (434368K) : Starting SG13G2 LVS Simplification
2026-09-21 21:59:12 +0700: Memory Usage (434368K) : [layout_netlist] simplify: ENABLED
2026-09-21 21:59:12 +0700: Memory Usage (434368K) : [layout_netlist] make_top_level_pins: SKIPPED
2026-09-21 21:59:12 +0700: Memory Usage (434368K) : [layout_netlist] combine_devices: SKIPPED
2026-09-21 21:59:12 +0700: Memory Usage (434368K) : [layout_netlist] purge: SKIPPED
2026-09-21 21:59:12 +0700: Memory Usage (434368K) : [layout_netlist] purge_nets: SKIPPED
2026-09-21 21:59:12 +0700: Memory Usage (434368K) : [schematic_netlist] simplify: ENABLED
2026-09-21 21:59:12 +0700: Memory Usage (434368K) : [schematic_netlist] make_top_level_pins: SKIPPED
2026-09-21 21:59:12 +0700: Memory Usage (434368K) : [schematic_netlist] combine_devices: SKIPPED
2026-09-21 21:59:12 +0700: Memory Usage (434368K) : [schematic_netlist] purge: SKIPPED
2026-09-21 21:59:12 +0700: Memory Usage (434368K) : [schematic_netlist] purge_nets: SKIPPED
2026-09-21 21:59:12 +0700: Memory Usage (434368K) : Starting SG13G2 LVS Comparison in strict port mode.
2026-09-21 21:59:12 +0700: Memory Usage (434368K) : flag_missing_ports enabled: missing/mislabeled top-level ports are treated as errors.
2026-09-21 21:59:12 +0700: Memory Usage (434556K) : xxxxxxxxxxxxxxxxxxxxxxxxxxxxxxxxxxxxxxxxxx
2026-09-21 21:59:12 +0700: Memory Usage (434556K) : ERROR : Netlists don't match
2026-09-21 21:59:12 +0700: Memory Usage (434556K) : xxxxxxxxxxxxxxxxxxxxxxxxxxxxxxxxxxxxxxxxxx
2026-09-21 21:59:12 +0700: Memory Usage (434556K) : LVS Total Run time 9.125464 seconds
