# Logfile created on 2026-09-21 21:34:49 +0700 by logger.rb/61378
2026-09-21 21:34:49 +0700: Memory Usage (415436K) : Starting running IHP-SG13G2 Klayout DRC Density runset on /home/admin/work/final/IHP__MSPHY6034/dependencies/PMIC/release/v.1.0.0/gds/Full_Layout.gds
2026-09-21 21:34:49 +0700: Memory Usage (415436K) : Ruby Version for klayout: 2.5.9
2026-09-21 21:34:49 +0700: Memory Usage (418656K) : Loading database to memory is complete.
2026-09-21 21:34:49 +0700: Memory Usage (418656K) : IHP-SG13G2 Klayout DRC Density runset output at: /home/admin/work/final/IHP__MSPHY6034/dependencies/PMIC/PMIC-main/verification/drc/drc_run_2026_09_21_21_33_17/Full_Layout_Full_Layout_density.lyrdb
2026-09-21 21:34:49 +0700: Memory Usage (418656K) : Evaluate switches.
2026-09-21 21:34:49 +0700: Memory Usage (418656K) : Configured KLayout worker thread(s): 96.
2026-09-21 21:34:49 +0700: Memory Usage (418656K) : Deep mode enabled: reading layers and preparing general derivations.
2026-09-21 21:34:49 +0700: Memory Usage (418656K) : PreCheck DRC enabled: false
2026-09-21 21:34:49 +0700: Memory Usage (418656K) : Density sanity checks enabled: false
2026-09-21 21:34:49 +0700: Memory Usage (418656K) : Read in polygons from layers.
2026-09-21 21:34:49 +0700: Memory Usage (420092K) : activ_drw has 27929 polygons
2026-09-21 21:34:49 +0700: Memory Usage (420092K) : activ_mask has 0 polygons
2026-09-21 21:34:49 +0700: Memory Usage (420092K) : activ_filler has 0 polygons
2026-09-21 21:34:49 +0700: Memory Usage (420408K) : gatpoly_drw has 18468 polygons
2026-09-21 21:34:49 +0700: Memory Usage (420408K) : gatpoly_filler has 0 polygons
2026-09-21 21:34:49 +0700: Memory Usage (420408K) : metal1_drw has 39513 polygons
2026-09-21 21:34:49 +0700: Memory Usage (420852K) : metal1_filler has 0 polygons
2026-09-21 21:34:49 +0700: Memory Usage (420852K) : metal1_slit has 0 polygons
2026-09-21 21:34:49 +0700: Memory Usage (420852K) : metal2_drw has 39470 polygons
2026-09-21 21:34:49 +0700: Memory Usage (421116K) : metal2_filler has 0 polygons
2026-09-21 21:34:49 +0700: Memory Usage (421116K) : metal2_slit has 0 polygons
2026-09-21 21:34:49 +0700: Memory Usage (421116K) : metal3_drw has 24967 polygons
2026-09-21 21:34:49 +0700: Memory Usage (421116K) : metal3_filler has 0 polygons
2026-09-21 21:34:49 +0700: Memory Usage (421380K) : metal3_slit has 0 polygons
2026-09-21 21:34:49 +0700: Memory Usage (421380K) : metal4_drw has 13170 polygons
2026-09-21 21:34:49 +0700: Memory Usage (421380K) : metal4_filler has 0 polygons
2026-09-21 21:34:49 +0700: Memory Usage (421380K) : metal4_slit has 0 polygons
2026-09-21 21:34:49 +0700: Memory Usage (421380K) : metal5_drw has 512 polygons
2026-09-21 21:34:49 +0700: Memory Usage (421644K) : metal5_filler has 0 polygons
2026-09-21 21:34:49 +0700: Memory Usage (421644K) : metal5_slit has 0 polygons
2026-09-21 21:34:49 +0700: Memory Usage (421644K) : topmetal1_drw has 75 polygons
2026-09-21 21:34:49 +0700: Memory Usage (421644K) : topmetal1_filler has 0 polygons
2026-09-21 21:34:49 +0700: Memory Usage (421644K) : topmetal1_slit has 0 polygons
2026-09-21 21:34:49 +0700: Memory Usage (421644K) : topmetal2_drw has 0 polygons
2026-09-21 21:34:49 +0700: Memory Usage (421908K) : topmetal2_filler has 0 polygons
2026-09-21 21:34:49 +0700: Memory Usage (421908K) : topmetal2_slit has 0 polygons
2026-09-21 21:34:49 +0700: Memory Usage (421908K) : lbe_drw has 0 polygons
2026-09-21 21:34:49 +0700: Memory Usage (421908K) : prboundary_drw has 0 polygons
2026-09-21 21:34:49 +0700: Memory Usage (421908K) : edgeseal_bound has 0 polygons
2026-09-21 21:34:49 +0700: Memory Usage (421908K) : Loaded TECH DRC rules values from /home/dkits/ihp-sg13g2/v0.3.0/ihp-sg13g2/libs.tech/klayout/python/sg13g2_pycell_lib/sg13g2_tech_mod.json
2026-09-21 21:34:49 +0700: Memory Usage (421908K) : Loaded default DRC rules values from /home/dkits/ihp-sg13g2/v0.3.0/ihp-sg13g2/libs.tech/klayout/tech/drc/rule_decks/sg13g2_tech_default.json
2026-09-21 21:34:49 +0700: Memory Usage (421908K) : The following rules values were missing in tech json and default values were used:
2026-09-21 21:34:49 +0700: Memory Usage (421908K) :   - NW_f1_digibnd
2026-09-21 21:34:49 +0700: Memory Usage (421908K) :   - Cnt_c_digibnd
2026-09-21 21:34:49 +0700: Memory Usage (421908K) :   - Cnt_c_sram
2026-09-21 21:34:49 +0700: Memory Usage (421908K) :   - Sdiod_b
2026-09-21 21:34:49 +0700: Memory Usage (421908K) :   - Sdiod_c
2026-09-21 21:34:49 +0700: Memory Usage (422780K) : Density sanity markers are disabled (set -rd density_sanity=true to enable).
2026-09-21 21:34:49 +0700: Memory Usage (422780K) : No prBoundary found. Using layout extent for chip area: 491499.792 um^2.
2026-09-21 21:34:49 +0700: Memory Usage (422780K) : Using bbox (-102.675,-653.105;502.125,159.56) for density window origin.
2026-09-21 21:34:49 +0700: Memory Usage (422780K) : Total area of the design is 491499.792 um^2.
2026-09-21 21:34:49 +0700: Memory Usage (422780K) : Starting density IHP-SG13G2 derivations.
2026-09-21 21:34:49 +0700: Memory Usage (424528K) : Starting IHP-SG13G2 DENSITY DRC rules.
2026-09-21 21:34:49 +0700: Memory Usage (424528K) : Computing activ area and density...
2026-09-21 21:34:50 +0700: Memory Usage (426548K) : Executing rule AFil.g
2026-09-21 21:34:50 +0700: Memory Usage (426548K) : Executing rule AFil.g1
2026-09-21 21:34:50 +0700: Memory Usage (426548K) : Executing rule AFil.g2
2026-09-21 21:34:50 +0700: Memory Usage (429280K) : Executing rule AFil.g3
2026-09-21 21:34:50 +0700: Memory Usage (429920K) : Computing poly area and density...
2026-09-21 21:34:50 +0700: Memory Usage (429920K) : Executing rule GFil.g
2026-09-21 21:34:50 +0700: Memory Usage (430112K) : Computing metal1 area and density...
2026-09-21 21:34:50 +0700: Memory Usage (430112K) : Executing rule M1.j
2026-09-21 21:34:50 +0700: Memory Usage (430112K) : Executing rule M1.k
2026-09-21 21:34:50 +0700: Memory Usage (430112K) : Computing metal2 area and density...
2026-09-21 21:34:50 +0700: Memory Usage (430112K) : Computing metal3 area and density...
2026-09-21 21:34:50 +0700: Memory Usage (430112K) : Computing metal4 area and density...
2026-09-21 21:34:50 +0700: Memory Usage (430112K) : Computing metal5 area and density...
2026-09-21 21:34:50 +0700: Memory Usage (430112K) : Executing rule M2.j
2026-09-21 21:34:50 +0700: Memory Usage (430112K) : Executing rule M2.k
2026-09-21 21:34:50 +0700: Memory Usage (430112K) : Executing rule M3.j
2026-09-21 21:34:50 +0700: Memory Usage (430112K) : Executing rule M3.k
2026-09-21 21:34:50 +0700: Memory Usage (430112K) : Executing rule M4.j
2026-09-21 21:34:50 +0700: Memory Usage (430112K) : Executing rule M4.k
2026-09-21 21:34:50 +0700: Memory Usage (430112K) : Executing rule M5.j
2026-09-21 21:34:50 +0700: Memory Usage (430112K) : Executing rule M5.k
2026-09-21 21:34:50 +0700: Memory Usage (430112K) : Executing rule M1Fil.h
2026-09-21 21:34:51 +0700: Memory Usage (433840K) : Executing rule M1Fil.k
2026-09-21 21:34:51 +0700: Memory Usage (436132K) : Executing rule M2Fil.h
2026-09-21 21:34:51 +0700: Memory Usage (441128K) : Executing rule M2Fil.k
2026-09-21 21:34:51 +0700: Memory Usage (442988K) : Executing rule M3Fil.h
2026-09-21 21:34:52 +0700: Memory Usage (445984K) : Executing rule M3Fil.k
2026-09-21 21:34:52 +0700: Memory Usage (448208K) : Executing rule M4Fil.h
2026-09-21 21:34:52 +0700: Memory Usage (448660K) : Executing rule M4Fil.k
2026-09-21 21:34:52 +0700: Memory Usage (449152K) : Executing rule M5Fil.h
2026-09-21 21:34:52 +0700: Memory Usage (449700K) : Executing rule M5Fil.k
2026-09-21 21:34:52 +0700: Memory Usage (450012K) : Computing TopMetal1 area and density...
2026-09-21 21:34:52 +0700: Memory Usage (450108K) : Executing rule TM1.c
2026-09-21 21:34:52 +0700: Memory Usage (450108K) : Executing rule TM1.d
2026-09-21 21:34:52 +0700: Memory Usage (450108K) : Computing TopMetal2 area and density...
2026-09-21 21:34:52 +0700: Memory Usage (450108K) : Executing rule TM2.c
2026-09-21 21:34:52 +0700: Memory Usage (450108K) : Executing rule TM2.d
2026-09-21 21:34:52 +0700: Memory Usage (450108K) : Computing LBE area and density...
2026-09-21 21:34:52 +0700: Memory Usage (450108K) : Executing rule LBE.i
2026-09-21 21:34:52 +0700: Memory Usage (450108K) : Executing rule Slt.i_M1
2026-09-21 21:34:52 +0700: Memory Usage (450364K) : Executing rule Slt.i_M2
2026-09-21 21:34:52 +0700: Memory Usage (450440K) : Executing rule Slt.i_M3
2026-09-21 21:34:52 +0700: Memory Usage (450440K) : Executing rule Slt.i_M4
2026-09-21 21:34:52 +0700: Memory Usage (450440K) : Executing rule Slt.i_M5
2026-09-21 21:34:52 +0700: Memory Usage (450440K) : Executing rule Slt.i_TM1
2026-09-21 21:34:52 +0700: Memory Usage (450440K) : Executing rule Slt.i_TM2
2026-09-21 21:34:52 +0700: Memory Usage (450440K) : ##################################################
2026-09-21 21:34:52 +0700: Memory Usage (450440K) :                  Density Report                 #
2026-09-21 21:34:52 +0700: Memory Usage (450440K) : ##################################################
2026-09-21 21:34:52 +0700: Memory Usage (450440K) : 
2026-09-21 21:34:52 +0700: Memory Usage (450440K) : Layer areas and percentages (units: um^2)
2026-09-21 21:34:52 +0700: Memory Usage (450440K) : --------------------------------------------------
2026-09-21 21:34:52 +0700: Memory Usage (450440K) : 
2026-09-21 21:34:52 +0700: Memory Usage (450440K) : Total Area     = 491499.79 um^2
2026-09-21 21:34:52 +0700: Memory Usage (450440K) : 
2026-09-21 21:34:52 +0700: Memory Usage (450440K) : Activ      Area      = 111099.36 µm²
2026-09-21 21:34:52 +0700: Memory Usage (450440K) : Activ      Density % = 22.60%  [Min = 35.00%,  Max = 55.00%]
2026-09-21 21:34:52 +0700: Memory Usage (450440K) : 
2026-09-21 21:34:52 +0700: Memory Usage (450440K) : GatPoly    Area      = 53002.32 µm²
2026-09-21 21:34:52 +0700: Memory Usage (450440K) : GatPoly    Density % = 10.78%  [Min = 15.00%]
2026-09-21 21:34:52 +0700: Memory Usage (450440K) : 
2026-09-21 21:34:52 +0700: Memory Usage (450440K) : Metal1     Area      = 78343.54 µm²
2026-09-21 21:34:52 +0700: Memory Usage (450440K) : Metal1     Density % = 15.94%  [Min = 35.00%,  Max = 60.00%]
2026-09-21 21:34:52 +0700: Memory Usage (450440K) : 
2026-09-21 21:34:52 +0700: Memory Usage (450440K) : Metal2     Area      = 49776.22 µm²
2026-09-21 21:34:52 +0700: Memory Usage (450440K) : Metal2     Density % = 10.13%  [Min = 35.00%,  Max = 60.00%]
2026-09-21 21:34:52 +0700: Memory Usage (450440K) : 
2026-09-21 21:34:52 +0700: Memory Usage (450440K) : Metal3     Area      = 53030.27 µm²
2026-09-21 21:34:52 +0700: Memory Usage (450440K) : Metal3     Density % = 10.79%  [Min = 35.00%,  Max = 60.00%]
2026-09-21 21:34:52 +0700: Memory Usage (450440K) : 
2026-09-21 21:34:52 +0700: Memory Usage (450440K) : Metal4     Area      = 40827.77 µm²
2026-09-21 21:34:52 +0700: Memory Usage (450440K) : Metal4     Density % =  8.31%  [Min = 35.00%,  Max = 60.00%]
2026-09-21 21:34:52 +0700: Memory Usage (450440K) : 
2026-09-21 21:34:52 +0700: Memory Usage (450440K) : Metal5     Area      = 303698.48 µm²
2026-09-21 21:34:52 +0700: Memory Usage (450440K) : Metal5     Density % = 61.79%  [Min = 35.00%,  Max = 60.00%]
2026-09-21 21:34:52 +0700: Memory Usage (450440K) : 
2026-09-21 21:34:52 +0700: Memory Usage (450440K) : TopMetal1  Area      = 253820.12 µm²
2026-09-21 21:34:52 +0700: Memory Usage (450440K) : TopMetal1  Density % = 51.64%  [Min = 25.00%,  Max = 70.00%]
2026-09-21 21:34:52 +0700: Memory Usage (450440K) : 
2026-09-21 21:34:52 +0700: Memory Usage (450440K) : TopMetal2  Area      =  0.00 µm²
2026-09-21 21:34:52 +0700: Memory Usage (450440K) : TopMetal2  Density % =  0.00%  [Min = 25.00%,  Max = 70.00%]
2026-09-21 21:34:52 +0700: Memory Usage (450440K) : 
2026-09-21 21:34:52 +0700: Memory Usage (450440K) : LBE        Area      =  0.00 µm²
2026-09-21 21:34:52 +0700: Memory Usage (450440K) : LBE        Density % =  0.00%  [Max = 20.00%]
2026-09-21 21:34:52 +0700: Memory Usage (450440K) : 
2026-09-21 21:34:52 +0700: Memory Usage (450440K) : KLayout DRC run for density table completed in 3.38 seconds
