# Logfile created on 2026-09-20 06:03:44 +0200 by logger.rb/v1.4.3
2026-09-20 06:03:44 +0200: Memory Usage (433640K) : Starting running SG13G2 Klayout LVS runset on /home/designer/shared/SAR_ADC_8BIT_IHP/gds/SAR_ADC.gds
2026-09-20 06:03:44 +0200: Memory Usage (433640K) : Ruby Version for klayout: 3.0.2
2026-09-20 06:03:44 +0200: Memory Usage (435432K) : Loading database to memory is complete.
2026-09-20 06:03:44 +0200: Memory Usage (435432K) : SG13G2 Klayout LVS runset output at: /home/designer/shared/SAR_ADC_8BIT_IHP/gds/lvs_run_SAR_ADC_2026_09_20_06_03_42/SAR_ADC.lvsdb
2026-09-20 06:03:44 +0200: Memory Usage (435432K) : Evaluate switches.
2026-09-20 06:03:44 +0200: Memory Usage (435432K) : Extracted netlist with net names: true
2026-09-20 06:03:44 +0200: Memory Usage (435432K) : Extracted netlist with comments in details: false
2026-09-20 06:03:44 +0200: Memory Usage (435432K) : Selected NET_ONLY option: false
2026-09-20 06:03:44 +0200: Memory Usage (435432K) : Selected LAYOUT_NETLIST option: (none)
2026-09-20 06:03:44 +0200: Memory Usage (435432K) : Selected IGNORE_TOP_PORTS_MISMATCH option: 
2026-09-20 06:03:44 +0200: Memory Usage (435432K) : Selected IMPLICIT_NETS option: (none)
2026-09-20 06:03:44 +0200: Memory Usage (435432K) : Selected TOP_LVL_PINS option: false
2026-09-20 06:03:44 +0200: Memory Usage (435432K) : Selected COMBINE DEVICES option: false
2026-09-20 06:03:44 +0200: Memory Usage (435432K) : Selected PURGE option: false
2026-09-20 06:03:44 +0200: Memory Usage (435432K) : Selected PURGE_NETS option: false
2026-09-20 06:03:44 +0200: Memory Usage (435432K) : Selected SIMPLIFY option: true
2026-09-20 06:03:44 +0200: Memory Usage (435432K) : Selected SERIES_RES option: true
2026-09-20 06:03:44 +0200: Memory Usage (435432K) : Selected PARALLEL_RES option: true
2026-09-20 06:03:44 +0200: Memory Usage (435432K) : Selected DISABLE_TAP_EXTRACTION option: false
2026-09-20 06:03:44 +0200: Memory Usage (435432K) : deep  mode is enabled.
2026-09-20 06:03:44 +0200: Memory Usage (436584K) : Netlist file: /home/designer/shared/SAR_ADC_8BIT_IHP/verify/SAR_ADC.spice
2026-09-20 06:03:44 +0200: Memory Usage (436584K) : LVS extracted netlist at: /home/designer/shared/SAR_ADC_8BIT_IHP/gds/lvs_run_SAR_ADC_2026_09_20_06_03_42/SAR_ADC_extracted.cir
2026-09-20 06:03:44 +0200: Memory Usage (436584K) : Applying SRAM integration support.
2026-09-20 06:03:44 +0200: Memory Usage (436584K) : Starting SG13G2 LVS runset
2026-09-20 06:03:44 +0200: Memory Usage (436584K) : Read in polygons from layers.
2026-09-20 06:03:45 +0200: Memory Usage (437864K) : activ_drw has 3331 polygons
2026-09-20 06:03:45 +0200: Memory Usage (437864K) : activ_filler has 0 polygons
2026-09-20 06:03:45 +0200: Memory Usage (437992K) : activ has 3331 polygons
2026-09-20 06:03:45 +0200: Memory Usage (437992K) : activ_pin has 0 polygons
2026-09-20 06:03:45 +0200: Memory Usage (437992K) : activ_mask has 0 polygons
2026-09-20 06:03:45 +0200: Memory Usage (437992K) : activ_nofill has 0 polygons
2026-09-20 06:03:45 +0200: Memory Usage (437992K) : activ_OPC has 0 polygons
2026-09-20 06:03:45 +0200: Memory Usage (437992K) : activ_iOPC has 0 polygons
2026-09-20 06:03:45 +0200: Memory Usage (437992K) : activ_noqrc has 0 polygons
2026-09-20 06:03:45 +0200: Memory Usage (437992K) : biwind_drw has 0 polygons
2026-09-20 06:03:45 +0200: Memory Usage (437992K) : biwind_OPC has 0 polygons
2026-09-20 06:03:45 +0200: Memory Usage (437992K) : gatpoly_drw has 3046 polygons
2026-09-20 06:03:45 +0200: Memory Usage (438120K) : gatpoly_filler has 0 polygons
2026-09-20 06:03:45 +0200: Memory Usage (438120K) : gatpoly has 3046 polygons
2026-09-20 06:03:45 +0200: Memory Usage (438248K) : gatpoly_pin has 87 polygons
2026-09-20 06:03:45 +0200: Memory Usage (438248K) : gatpoly_nofill has 0 polygons
2026-09-20 06:03:45 +0200: Memory Usage (438376K) : gatpoly_OPC has 0 polygons
2026-09-20 06:03:45 +0200: Memory Usage (438376K) : gatpoly_iOPC has 0 polygons
2026-09-20 06:03:45 +0200: Memory Usage (438504K) : gatpoly_noqrc has 0 polygons
2026-09-20 06:03:45 +0200: Memory Usage (439144K) : cont_drw has 22127 polygons
2026-09-20 06:03:45 +0200: Memory Usage (439144K) : cont_OPC has 0 polygons
2026-09-20 06:03:45 +0200: Memory Usage (439144K) : nsd_drw has 0 polygons
2026-09-20 06:03:45 +0200: Memory Usage (439400K) : nsd_block has 0 polygons
2026-09-20 06:03:45 +0200: Memory Usage (439400K) : metal1_drw has 6117 polygons
2026-09-20 06:03:45 +0200: Memory Usage (439528K) : metal1_filler has 0 polygons
2026-09-20 06:03:45 +0200: Memory Usage (439528K) : metal1_slit has 0 polygons
2026-09-20 06:03:45 +0200: Memory Usage (439784K) : metal1 has 6117 polygons
2026-09-20 06:03:45 +0200: Memory Usage (439912K) : metal1_pin has 1897 polygons
2026-09-20 06:03:45 +0200: Memory Usage (439912K) : metal1_mask has 0 polygons
2026-09-20 06:03:45 +0200: Memory Usage (439912K) : metal1_nofill has 0 polygons
2026-09-20 06:03:45 +0200: Memory Usage (440168K) : metal1_text has 0 polygons
2026-09-20 06:03:45 +0200: Memory Usage (440168K) : metal1_OPC has 0 polygons
2026-09-20 06:03:45 +0200: Memory Usage (440296K) : metal1_noqrc has 0 polygons
2026-09-20 06:03:45 +0200: Memory Usage (440296K) : metal1_res has 0 polygons
2026-09-20 06:03:45 +0200: Memory Usage (440424K) : metal1_iprobe has 0 polygons
2026-09-20 06:03:45 +0200: Memory Usage (440424K) : metal1_diffprb has 0 polygons
2026-09-20 06:03:45 +0200: Memory Usage (440552K) : passiv_drw has 0 polygons
2026-09-20 06:03:45 +0200: Memory Usage (440552K) : passiv_pin has 0 polygons
2026-09-20 06:03:45 +0200: Memory Usage (440680K) : passiv_sbump has 0 polygons
2026-09-20 06:03:45 +0200: Memory Usage (440680K) : passiv_pillar has 0 polygons
2026-09-20 06:03:45 +0200: Memory Usage (440808K) : passiv_pdl has 0 polygons
2026-09-20 06:03:45 +0200: Memory Usage (440936K) : metal2_drw has 2258 polygons
2026-09-20 06:03:45 +0200: Memory Usage (441064K) : metal2_filler has 0 polygons
2026-09-20 06:03:45 +0200: Memory Usage (441064K) : metal2_slit has 0 polygons
2026-09-20 06:03:45 +0200: Memory Usage (441192K) : metal2 has 2258 polygons
2026-09-20 06:03:45 +0200: Memory Usage (441320K) : metal2_pin has 12 polygons
2026-09-20 06:03:45 +0200: Memory Usage (441320K) : metal2_mask has 0 polygons
2026-09-20 06:03:45 +0200: Memory Usage (441448K) : metal2_nofill has 0 polygons
2026-09-20 06:03:45 +0200: Memory Usage (441576K) : metal2_text has 16 polygons
2026-09-20 06:03:45 +0200: Memory Usage (441704K) : metal2_OPC has 0 polygons
2026-09-20 06:03:45 +0200: Memory Usage (441704K) : metal2_noqrc has 0 polygons
2026-09-20 06:03:45 +0200: Memory Usage (441832K) : metal2_res has 0 polygons
2026-09-20 06:03:45 +0200: Memory Usage (441960K) : metal2_iprobe has 0 polygons
2026-09-20 06:03:45 +0200: Memory Usage (441960K) : metal2_diffprb has 0 polygons
2026-09-20 06:03:45 +0200: Memory Usage (442088K) : baspoly_drw has 0 polygons
2026-09-20 06:03:45 +0200: Memory Usage (442088K) : baspoly_pin has 0 polygons
2026-09-20 06:03:45 +0200: Memory Usage (442216K) : psd_drw has 1325 polygons
2026-09-20 06:03:45 +0200: Memory Usage (442216K) : nldb_drw has 0 polygons
2026-09-20 06:03:45 +0200: Memory Usage (442344K) : digibnd_drw has 0 polygons
2026-09-20 06:03:45 +0200: Memory Usage (442344K) : via1_drw has 2251 polygons
2026-09-20 06:03:45 +0200: Memory Usage (442600K) : backmetal1_drw has 0 polygons
2026-09-20 06:03:45 +0200: Memory Usage (442600K) : backmetal1_pin has 0 polygons
2026-09-20 06:03:45 +0200: Memory Usage (442600K) : backmetal1_mask has 0 polygons
2026-09-20 06:03:45 +0200: Memory Usage (442728K) : backmetal1_filler has 0 polygons
2026-09-20 06:03:45 +0200: Memory Usage (442856K) : backmetal1_nofill has 0 polygons
2026-09-20 06:03:45 +0200: Memory Usage (442856K) : backmetal1_slit has 0 polygons
2026-09-20 06:03:45 +0200: Memory Usage (442856K) : backmetal1_text has 0 polygons
2026-09-20 06:03:45 +0200: Memory Usage (442984K) : backmetal1_OPC has 0 polygons
2026-09-20 06:03:45 +0200: Memory Usage (443112K) : backmetal1_noqrc has 0 polygons
2026-09-20 06:03:45 +0200: Memory Usage (443112K) : backmetal1_res has 0 polygons
2026-09-20 06:03:45 +0200: Memory Usage (443240K) : backmetal1_iprobe has 0 polygons
2026-09-20 06:03:45 +0200: Memory Usage (443240K) : backmetal1_diffprb has 0 polygons
2026-09-20 06:03:45 +0200: Memory Usage (443368K) : backpassiv_drw has 0 polygons
2026-09-20 06:03:45 +0200: Memory Usage (443368K) : res_drw has 0 polygons
2026-09-20 06:03:45 +0200: Memory Usage (443496K) : sram_drw has 0 polygons
2026-09-20 06:03:45 +0200: Memory Usage (443496K) : trans_drw has 0 polygons
2026-09-20 06:03:45 +0200: Memory Usage (443624K) : ind_drw has 0 polygons
2026-09-20 06:03:45 +0200: Memory Usage (443624K) : ind_pin has 0 polygons
2026-09-20 06:03:45 +0200: Memory Usage (443752K) : ind_text has 0 polygons
2026-09-20 06:03:45 +0200: Memory Usage (443752K) : salblock_drw has 0 polygons
2026-09-20 06:03:45 +0200: Memory Usage (443880K) : via2_drw has 1733 polygons
2026-09-20 06:03:45 +0200: Memory Usage (443880K) : metal3_drw has 639 polygons
2026-09-20 06:03:45 +0200: Memory Usage (444008K) : metal3_filler has 0 polygons
2026-09-20 06:03:45 +0200: Memory Usage (444136K) : metal3_slit has 0 polygons
2026-09-20 06:03:45 +0200: Memory Usage (444136K) : metal3 has 639 polygons
2026-09-20 06:03:45 +0200: Memory Usage (444264K) : metal3_pin has 3 polygons
2026-09-20 06:03:45 +0200: Memory Usage (444264K) : metal3_mask has 0 polygons
2026-09-20 06:03:45 +0200: Memory Usage (444392K) : metal3_nofill has 0 polygons
2026-09-20 06:03:45 +0200: Memory Usage (444392K) : metal3_text has 3 polygons
2026-09-20 06:03:45 +0200: Memory Usage (444520K) : metal3_OPC has 0 polygons
2026-09-20 06:03:45 +0200: Memory Usage (444520K) : metal3_noqrc has 0 polygons
2026-09-20 06:03:45 +0200: Memory Usage (444648K) : metal3_res has 0 polygons
2026-09-20 06:03:45 +0200: Memory Usage (444648K) : metal3_iprobe has 0 polygons
2026-09-20 06:03:45 +0200: Memory Usage (444776K) : metal3_diffprb has 0 polygons
2026-09-20 06:03:45 +0200: Memory Usage (444776K) : nwell_drw has 737 polygons
2026-09-20 06:03:45 +0200: Memory Usage (444904K) : nwell_pin has 0 polygons
2026-09-20 06:03:45 +0200: Memory Usage (445032K) : nwell_text has 0 polygons
2026-09-20 06:03:45 +0200: Memory Usage (445032K) : nbulay_drw has 36 polygons
2026-09-20 06:03:45 +0200: Memory Usage (445160K) : nbulay_pin has 0 polygons
2026-09-20 06:03:45 +0200: Memory Usage (445160K) : nbulay_block has 0 polygons
2026-09-20 06:03:45 +0200: Memory Usage (445288K) : emwind_drw has 0 polygons
2026-09-20 06:03:45 +0200: Memory Usage (445288K) : emwind_OPC has 0 polygons
2026-09-20 06:03:45 +0200: Memory Usage (445416K) : deepco_drw has 0 polygons
2026-09-20 06:03:45 +0200: Memory Usage (445416K) : mim_drw has 345 polygons
2026-09-20 06:03:45 +0200: Memory Usage (445544K) : edgeseal_drw has 0 polygons
2026-09-20 06:03:45 +0200: Memory Usage (445544K) : substrate_drw has 74 polygons
2026-09-20 06:03:45 +0200: Memory Usage (445672K) : substrate_text has 0 polygons
2026-09-20 06:03:45 +0200: Memory Usage (445672K) : dfpad_drw has 0 polygons
2026-09-20 06:03:45 +0200: Memory Usage (445800K) : dfpad_pillar has 0 polygons
2026-09-20 06:03:45 +0200: Memory Usage (445800K) : dfpad_sbump has 0 polygons
2026-09-20 06:03:45 +0200: Memory Usage (445928K) : thickgateox_drw has 0 polygons
2026-09-20 06:03:45 +0200: Memory Usage (445928K) : pldb_drw has 0 polygons
2026-09-20 06:03:45 +0200: Memory Usage (446056K) : pwell_drw has 54 polygons
2026-09-20 06:03:45 +0200: Memory Usage (446056K) : pwell_pin has 0 polygons
2026-09-20 06:03:45 +0200: Memory Usage (446184K) : pwell_block has 0 polygons
2026-09-20 06:03:45 +0200: Memory Usage (446184K) : ic_drw has 0 polygons
2026-09-20 06:03:45 +0200: Memory Usage (446312K) : via3_drw has 1058 polygons
2026-09-20 06:03:45 +0200: Memory Usage (446440K) : metal4_drw has 183 polygons
2026-09-20 06:03:45 +0200: Memory Usage (446440K) : metal4_filler has 0 polygons
2026-09-20 06:03:45 +0200: Memory Usage (446568K) : metal4_slit has 0 polygons
2026-09-20 06:03:45 +0200: Memory Usage (446696K) : metal4 has 183 polygons
2026-09-20 06:03:45 +0200: Memory Usage (446696K) : metal4_pin has 0 polygons
2026-09-20 06:03:45 +0200: Memory Usage (446824K) : metal4_mask has 0 polygons
2026-09-20 06:03:45 +0200: Memory Usage (446824K) : metal4_nofill has 0 polygons
2026-09-20 06:03:45 +0200: Memory Usage (446952K) : metal4_text has 0 polygons
2026-09-20 06:03:45 +0200: Memory Usage (446952K) : metal4_OPC has 0 polygons
2026-09-20 06:03:45 +0200: Memory Usage (447080K) : metal4_noqrc has 0 polygons
2026-09-20 06:03:45 +0200: Memory Usage (447080K) : metal4_res has 0 polygons
2026-09-20 06:03:45 +0200: Memory Usage (447208K) : metal4_iprobe has 0 polygons
2026-09-20 06:03:45 +0200: Memory Usage (447208K) : metal4_diffprb has 0 polygons
2026-09-20 06:03:45 +0200: Memory Usage (447336K) : heattrans_drw has 171 polygons
2026-09-20 06:03:45 +0200: Memory Usage (447336K) : heatres_drw has 0 polygons
2026-09-20 06:03:45 +0200: Memory Usage (447464K) : fbe_drw has 0 polygons
2026-09-20 06:03:45 +0200: Memory Usage (447464K) : empoly_drw has 0 polygons
2026-09-20 06:03:45 +0200: Memory Usage (447592K) : digisub_drw has 0 polygons
2026-09-20 06:03:45 +0200: Memory Usage (447592K) : text_drw has 188 polygons
2026-09-20 06:03:45 +0200: Memory Usage (447720K) : via4_drw has 1250 polygons
2026-09-20 06:03:45 +0200: Memory Usage (447720K) : metal5_drw has 618 polygons
2026-09-20 06:03:45 +0200: Memory Usage (447848K) : metal5_filler has 0 polygons
2026-09-20 06:03:45 +0200: Memory Usage (447976K) : metal5_slit has 0 polygons
2026-09-20 06:03:45 +0200: Memory Usage (448104K) : metal5 has 618 polygons
2026-09-20 06:03:45 +0200: Memory Usage (448104K) : metal5_pin has 0 polygons
2026-09-20 06:03:45 +0200: Memory Usage (448232K) : metal5_mask has 0 polygons
2026-09-20 06:03:45 +0200: Memory Usage (448232K) : metal5_nofill has 0 polygons
2026-09-20 06:03:45 +0200: Memory Usage (448360K) : metal5_text has 0 polygons
2026-09-20 06:03:45 +0200: Memory Usage (448360K) : metal5_OPC has 0 polygons
2026-09-20 06:03:45 +0200: Memory Usage (448488K) : metal5_noqrc has 0 polygons
2026-09-20 06:03:45 +0200: Memory Usage (448488K) : metal5_res has 0 polygons
2026-09-20 06:03:45 +0200: Memory Usage (448488K) : metal5_iprobe has 0 polygons
2026-09-20 06:03:45 +0200: Memory Usage (448488K) : metal5_diffprb has 0 polygons
2026-09-20 06:03:45 +0200: Memory Usage (448488K) : radhard_drw has 0 polygons
2026-09-20 06:03:45 +0200: Memory Usage (448488K) : memcap_drw has 0 polygons
2026-09-20 06:03:45 +0200: Memory Usage (448488K) : varicap_drw has 0 polygons
2026-09-20 06:03:45 +0200: Memory Usage (448488K) : intbondvia_drw has 0 polygons
2026-09-20 06:03:45 +0200: Memory Usage (448488K) : intbondmet_drw has 0 polygons
2026-09-20 06:03:45 +0200: Memory Usage (448488K) : devbondvia_drw has 0 polygons
2026-09-20 06:03:45 +0200: Memory Usage (448488K) : devbondmet_drw has 0 polygons
2026-09-20 06:03:45 +0200: Memory Usage (448488K) : devtrench_drw has 0 polygons
2026-09-20 06:03:45 +0200: Memory Usage (448488K) : redist_drw has 0 polygons
2026-09-20 06:03:45 +0200: Memory Usage (448488K) : graphbot_drw has 0 polygons
2026-09-20 06:03:45 +0200: Memory Usage (448488K) : graphtop_drw has 0 polygons
2026-09-20 06:03:45 +0200: Memory Usage (448488K) : antvia1_drw has 0 polygons
2026-09-20 06:03:45 +0200: Memory Usage (448488K) : antmetal2_drw has 0 polygons
2026-09-20 06:03:45 +0200: Memory Usage (448488K) : graphcont_drw has 0 polygons
2026-09-20 06:03:45 +0200: Memory Usage (448488K) : siwg_drw has 0 polygons
2026-09-20 06:03:45 +0200: Memory Usage (448488K) : siwg_filler has 0 polygons
2026-09-20 06:03:45 +0200: Memory Usage (448488K) : siwg_nofill has 0 polygons
2026-09-20 06:03:45 +0200: Memory Usage (448488K) : sigrating_drw has 0 polygons
2026-09-20 06:03:45 +0200: Memory Usage (448488K) : singrating_drw has 0 polygons
2026-09-20 06:03:45 +0200: Memory Usage (448488K) : graphpas_drw has 0 polygons
2026-09-20 06:03:45 +0200: Memory Usage (448488K) : emwind3_drw has 0 polygons
2026-09-20 06:03:45 +0200: Memory Usage (448488K) : emwihv3_drw has 0 polygons
2026-09-20 06:03:45 +0200: Memory Usage (448488K) : redbulay_drw has 0 polygons
2026-09-20 06:03:45 +0200: Memory Usage (448488K) : smos_drw has 0 polygons
2026-09-20 06:03:45 +0200: Memory Usage (448488K) : graphpad_drw has 0 polygons
2026-09-20 06:03:45 +0200: Memory Usage (448488K) : polimide_drw has 0 polygons
2026-09-20 06:03:45 +0200: Memory Usage (448488K) : polimide_pin has 0 polygons
2026-09-20 06:03:45 +0200: Memory Usage (448488K) : recog_drw has 0 polygons
2026-09-20 06:03:45 +0200: Memory Usage (448488K) : recog_pin has 0 polygons
2026-09-20 06:03:45 +0200: Memory Usage (448488K) : recog_esd has 0 polygons
2026-09-20 06:03:45 +0200: Memory Usage (448488K) : recog_diode has 0 polygons
2026-09-20 06:03:45 +0200: Memory Usage (448488K) : recog_tsv has 0 polygons
2026-09-20 06:03:45 +0200: Memory Usage (448488K) : recog_iprobe has 0 polygons
2026-09-20 06:03:45 +0200: Memory Usage (448488K) : recog_diffprb has 0 polygons
2026-09-20 06:03:45 +0200: Memory Usage (448488K) : recog_pillar has 0 polygons
2026-09-20 06:03:45 +0200: Memory Usage (448488K) : recog_sbump has 0 polygons
2026-09-20 06:03:45 +0200: Memory Usage (448488K) : recog_otp has 0 polygons
2026-09-20 06:03:45 +0200: Memory Usage (448488K) : recog_pdiode has 0 polygons
2026-09-20 06:03:45 +0200: Memory Usage (448488K) : recog_mom has 0 polygons
2026-09-20 06:03:45 +0200: Memory Usage (448488K) : recog_momf has 0 polygons
2026-09-20 06:03:45 +0200: Memory Usage (448488K) : recog_pcm has 0 polygons
2026-09-20 06:03:45 +0200: Memory Usage (448488K) : colopen_drw has 0 polygons
2026-09-20 06:03:45 +0200: Memory Usage (448488K) : graphmetal1_drw has 0 polygons
2026-09-20 06:03:45 +0200: Memory Usage (448488K) : graphmetal1_filler has 0 polygons
2026-09-20 06:03:45 +0200: Memory Usage (448488K) : graphmetal1_nofill has 0 polygons
2026-09-20 06:03:45 +0200: Memory Usage (448488K) : graphmetal1_slit has 0 polygons
2026-09-20 06:03:45 +0200: Memory Usage (448488K) : graphmetal1_OPC has 0 polygons
2026-09-20 06:03:45 +0200: Memory Usage (448488K) : graphmet1l_drw has 0 polygons
2026-09-20 06:03:45 +0200: Memory Usage (448488K) : graphmet1l_filler has 0 polygons
2026-09-20 06:03:45 +0200: Memory Usage (448488K) : graphmet1l_nofill has 0 polygons
2026-09-20 06:03:45 +0200: Memory Usage (448488K) : graphmet1l_slit has 0 polygons
2026-09-20 06:03:45 +0200: Memory Usage (448488K) : graphmet1l_OPC has 0 polygons
2026-09-20 06:03:45 +0200: Memory Usage (448488K) : extblock_drw has 0 polygons
2026-09-20 06:03:45 +0200: Memory Usage (448488K) : nldd_drw has 0 polygons
2026-09-20 06:03:45 +0200: Memory Usage (448488K) : pldd_drw has 0 polygons
2026-09-20 06:03:45 +0200: Memory Usage (448488K) : next_drw has 0 polygons
2026-09-20 06:03:45 +0200: Memory Usage (448488K) : pext_drw has 0 polygons
2026-09-20 06:03:45 +0200: Memory Usage (448488K) : nexthv_drw has 0 polygons
2026-09-20 06:03:45 +0200: Memory Usage (448488K) : pexthv_drw has 0 polygons
2026-09-20 06:03:45 +0200: Memory Usage (448488K) : graphgate_drw has 0 polygons
2026-09-20 06:03:45 +0200: Memory Usage (448488K) : sinwg_drw has 0 polygons
2026-09-20 06:03:45 +0200: Memory Usage (448488K) : sinwg_filler has 0 polygons
2026-09-20 06:03:45 +0200: Memory Usage (448488K) : sinwg_nofill has 0 polygons
2026-09-20 06:03:45 +0200: Memory Usage (448488K) : mempad_drw has 0 polygons
2026-09-20 06:03:45 +0200: Memory Usage (448488K) : topvia1_drw has 415 polygons
2026-09-20 06:03:45 +0200: Memory Usage (448488K) : topmetal1_drw has 528 polygons
2026-09-20 06:03:45 +0200: Memory Usage (448488K) : topmetal1_filler has 0 polygons
2026-09-20 06:03:45 +0200: Memory Usage (448488K) : topmetal1_slit has 0 polygons
2026-09-20 06:03:45 +0200: Memory Usage (448488K) : topmetal1 has 528 polygons
2026-09-20 06:03:45 +0200: Memory Usage (448488K) : topmetal1_pin has 8 polygons
2026-09-20 06:03:45 +0200: Memory Usage (448488K) : topmetal1_mask has 0 polygons
2026-09-20 06:03:45 +0200: Memory Usage (448488K) : topmetal1_nofill has 0 polygons
2026-09-20 06:03:45 +0200: Memory Usage (448488K) : topmetal1_text has 13 polygons
2026-09-20 06:03:45 +0200: Memory Usage (448488K) : topmetal1_noqrc has 0 polygons
2026-09-20 06:03:45 +0200: Memory Usage (448488K) : topmetal1_res has 0 polygons
2026-09-20 06:03:45 +0200: Memory Usage (448488K) : topmetal1_iprobe has 0 polygons
2026-09-20 06:03:45 +0200: Memory Usage (448488K) : topmetal1_diffprb has 0 polygons
2026-09-20 06:03:45 +0200: Memory Usage (448488K) : inldpwl_drw has 0 polygons
2026-09-20 06:03:45 +0200: Memory Usage (448488K) : polyres_drw has 0 polygons
2026-09-20 06:03:45 +0200: Memory Usage (448488K) : polyres_pin has 0 polygons
2026-09-20 06:03:45 +0200: Memory Usage (448488K) : vmim_drw has 5512 polygons
2026-09-20 06:03:45 +0200: Memory Usage (448488K) : nbulaycut_drw has 0 polygons
2026-09-20 06:03:45 +0200: Memory Usage (448488K) : antmetal1_drw has 0 polygons
2026-09-20 06:03:45 +0200: Memory Usage (448488K) : topvia2_drw has 507 polygons
2026-09-20 06:03:45 +0200: Memory Usage (448744K) : topmetal2_drw has 72 polygons
2026-09-20 06:03:45 +0200: Memory Usage (448744K) : topmetal2_filler has 0 polygons
2026-09-20 06:03:45 +0200: Memory Usage (448744K) : topmetal2_slit has 0 polygons
2026-09-20 06:03:45 +0200: Memory Usage (448744K) : topmetal2 has 72 polygons
2026-09-20 06:03:45 +0200: Memory Usage (448744K) : topmetal2_pin has 8 polygons
2026-09-20 06:03:45 +0200: Memory Usage (448744K) : topmetal2_mask has 0 polygons
2026-09-20 06:03:45 +0200: Memory Usage (448744K) : topmetal2_nofill has 0 polygons
2026-09-20 06:03:45 +0200: Memory Usage (448744K) : topmetal2_text has 13 polygons
2026-09-20 06:03:45 +0200: Memory Usage (448744K) : topmetal2_noqrc has 0 polygons
2026-09-20 06:03:45 +0200: Memory Usage (448744K) : topmetal2_res has 0 polygons
2026-09-20 06:03:45 +0200: Memory Usage (448744K) : topmetal2_iprobe has 0 polygons
2026-09-20 06:03:45 +0200: Memory Usage (448744K) : topmetal2_diffprb has 0 polygons
2026-09-20 06:03:45 +0200: Memory Usage (448744K) : snsring_drw has 0 polygons
2026-09-20 06:03:45 +0200: Memory Usage (448744K) : sensor_drw has 0 polygons
2026-09-20 06:03:45 +0200: Memory Usage (448744K) : snsarms_drw has 0 polygons
2026-09-20 06:03:45 +0200: Memory Usage (448744K) : snscmosvia_drw has 0 polygons
2026-09-20 06:03:45 +0200: Memory Usage (448744K) : colwind_drw has 0 polygons
2026-09-20 06:03:45 +0200: Memory Usage (448744K) : flm_drw has 0 polygons
2026-09-20 06:03:45 +0200: Memory Usage (448744K) : hafniumox_drw has 0 polygons
2026-09-20 06:03:45 +0200: Memory Usage (448744K) : memvia_drw has 0 polygons
2026-09-20 06:03:45 +0200: Memory Usage (448744K) : thinfilmres_drw has 0 polygons
2026-09-20 06:03:45 +0200: Memory Usage (448744K) : rfmem_drw has 0 polygons
2026-09-20 06:03:45 +0200: Memory Usage (448744K) : norcx_drw has 0 polygons
2026-09-20 06:03:45 +0200: Memory Usage (448744K) : norcx_m2m3 has 0 polygons
2026-09-20 06:03:45 +0200: Memory Usage (448744K) : norcx_m2m4 has 0 polygons
2026-09-20 06:03:45 +0200: Memory Usage (448744K) : norcx_m2m5 has 0 polygons
2026-09-20 06:03:45 +0200: Memory Usage (448744K) : norcx_m2tm1 has 0 polygons
2026-09-20 06:03:45 +0200: Memory Usage (448744K) : norcx_m2tm2 has 0 polygons
2026-09-20 06:03:45 +0200: Memory Usage (448744K) : norcx_m3m4 has 0 polygons
2026-09-20 06:03:45 +0200: Memory Usage (448744K) : norcx_m3m5 has 0 polygons
2026-09-20 06:03:45 +0200: Memory Usage (448744K) : norcx_m3tm1 has 0 polygons
2026-09-20 06:03:45 +0200: Memory Usage (448744K) : norcx_m3tm2 has 0 polygons
2026-09-20 06:03:45 +0200: Memory Usage (448744K) : norcx_m4m5 has 0 polygons
2026-09-20 06:03:45 +0200: Memory Usage (448744K) : norcx_m4tm1 has 0 polygons
2026-09-20 06:03:45 +0200: Memory Usage (448744K) : norcx_m4tm2 has 0 polygons
2026-09-20 06:03:45 +0200: Memory Usage (448744K) : norcx_m5tm1 has 0 polygons
2026-09-20 06:03:45 +0200: Memory Usage (448744K) : norcx_m5tm2 has 0 polygons
2026-09-20 06:03:45 +0200: Memory Usage (448744K) : norcx_tm1tm2 has 0 polygons
2026-09-20 06:03:45 +0200: Memory Usage (448744K) : norcx_m1sub has 0 polygons
2026-09-20 06:03:45 +0200: Memory Usage (448744K) : norcx_m2sub has 0 polygons
2026-09-20 06:03:45 +0200: Memory Usage (448744K) : norcx_m3sub has 0 polygons
2026-09-20 06:03:45 +0200: Memory Usage (448744K) : norcx_m4sub has 0 polygons
2026-09-20 06:03:45 +0200: Memory Usage (448744K) : norcx_m5sub has 0 polygons
2026-09-20 06:03:45 +0200: Memory Usage (448744K) : norcx_tm1sub has 0 polygons
2026-09-20 06:03:45 +0200: Memory Usage (448744K) : norcx_tm2sub has 0 polygons
2026-09-20 06:03:45 +0200: Memory Usage (448744K) : snsbotvia_drw has 0 polygons
2026-09-20 06:03:45 +0200: Memory Usage (448744K) : snstopvia_drw has 0 polygons
2026-09-20 06:03:45 +0200: Memory Usage (448744K) : deepvia_drw has 0 polygons
2026-09-20 06:03:45 +0200: Memory Usage (448744K) : fgetch_drw has 0 polygons
2026-09-20 06:03:45 +0200: Memory Usage (448744K) : ctrgat_drw has 0 polygons
2026-09-20 06:03:45 +0200: Memory Usage (448744K) : fgimp_drw has 0 polygons
2026-09-20 06:03:45 +0200: Memory Usage (448744K) : emwihv_drw has 0 polygons
2026-09-20 06:03:45 +0200: Memory Usage (448744K) : lbe_drw has 0 polygons
2026-09-20 06:03:45 +0200: Memory Usage (448744K) : alcustop_drw has 0 polygons
2026-09-20 06:03:45 +0200: Memory Usage (448872K) : nometfiller_drw has 0 polygons
2026-09-20 06:03:45 +0200: Memory Usage (449000K) : prboundary_drw has 0 polygons
2026-09-20 06:03:45 +0200: Memory Usage (449000K) : exchange0_drw has 0 polygons
2026-09-20 06:03:45 +0200: Memory Usage (449128K) : exchange0_pin has 0 polygons
2026-09-20 06:03:45 +0200: Memory Usage (449128K) : exchange0_text has 0 polygons
2026-09-20 06:03:45 +0200: Memory Usage (449128K) : exchange1_drw has 0 polygons
2026-09-20 06:03:45 +0200: Memory Usage (449256K) : exchange1_pin has 0 polygons
2026-09-20 06:03:45 +0200: Memory Usage (449256K) : exchange1_text has 0 polygons
2026-09-20 06:03:45 +0200: Memory Usage (449384K) : exchange2_drw has 0 polygons
2026-09-20 06:03:45 +0200: Memory Usage (449512K) : exchange2_pin has 0 polygons
2026-09-20 06:03:45 +0200: Memory Usage (449512K) : exchange2_text has 0 polygons
2026-09-20 06:03:45 +0200: Memory Usage (449512K) : exchange3_drw has 0 polygons
2026-09-20 06:03:45 +0200: Memory Usage (449640K) : exchange3_pin has 0 polygons
2026-09-20 06:03:45 +0200: Memory Usage (449640K) : exchange3_text has 0 polygons
2026-09-20 06:03:45 +0200: Memory Usage (449768K) : exchange4_drw has 0 polygons
2026-09-20 06:03:45 +0200: Memory Usage (449768K) : exchange4_pin has 0 polygons
2026-09-20 06:03:45 +0200: Memory Usage (449896K) : exchange4_text has 0 polygons
2026-09-20 06:03:45 +0200: Memory Usage (449896K) : isonwell_drw has 0 polygons
2026-09-20 06:03:45 +0200: Memory Usage (449896K) : Total no. of polygons in the design is 56635
2026-09-20 06:03:45 +0200: Memory Usage (449896K) : Starting base layers derivations
2026-09-20 06:03:45 +0200: Memory Usage (449896K) : Starting general LVS derivations
2026-09-20 06:03:46 +0200: Memory Usage (458092K) : Starting MOSFET DERIVATIONS
2026-09-20 06:03:46 +0200: Memory Usage (463144K) : Starting NMOS DERIVATIONS
2026-09-20 06:03:46 +0200: Memory Usage (463144K) : Starting PMOS DERIVATIONS
2026-09-20 06:03:46 +0200: Memory Usage (463144K) : Starting RF-MOSFET DERIVATIONS
2026-09-20 06:03:46 +0200: Memory Usage (463144K) : Starting RF-NMOS DERIVATIONS
2026-09-20 06:03:46 +0200: Memory Usage (463144K) : Starting RF-PMOS DERIVATIONS
2026-09-20 06:03:46 +0200: Memory Usage (463144K) : Starting BJT DERIVATIONS
2026-09-20 06:03:46 +0200: Memory Usage (463144K) : Starting NPN-BJT DERIVATIONS
2026-09-20 06:03:46 +0200: Memory Usage (463144K) : Starting PNP-BJT DERIVATIONS
2026-09-20 06:03:46 +0200: Memory Usage (463144K) : Starting DIODE DERIVATIONS
2026-09-20 06:03:47 +0200: Memory Usage (469672K) : Starting RESISTOR DERIVATIONS
2026-09-20 06:03:47 +0200: Memory Usage (469672K) : Starting CAP DERIVATIONS
2026-09-20 06:03:47 +0200: Memory Usage (469672K) : Starting CAP_CMOM DERIVATIONS
2026-09-20 06:03:47 +0200: Memory Usage (469672K) : Starting CAP_CMOMF DERIVATIONS
2026-09-20 06:03:47 +0200: Memory Usage (469672K) : Starting ESD DERIVATIONS
2026-09-20 06:03:48 +0200: Memory Usage (472360K) : Starting Inductor DERIVATIONS
2026-09-20 06:03:48 +0200: Memory Usage (475432K) : Starting Taps DERIVATIONS
2026-09-20 06:03:48 +0200: Memory Usage (475432K) : Starting SG13G2 LVS connectivity setup
2026-09-20 06:03:48 +0200: Memory Usage (475432K) : Starting SG13G2 LVS connectivity setup (Inter-layer)
2026-09-20 06:03:48 +0200: Memory Usage (475560K) : Starting SG13G2 LVS connectivity setup (Global)
2026-09-20 06:03:48 +0200: Memory Usage (475560K) : Starting LVS MOSFET CONNECTIONS
2026-09-20 06:03:48 +0200: Memory Usage (475560K) : Starting LVS RF-MOSFET CONNECTIONS
2026-09-20 06:03:48 +0200: Memory Usage (475560K) : Starting LVS BJT CONNECTIONS
2026-09-20 06:03:48 +0200: Memory Usage (475560K) : Starting LVS DIODE CONNECTIONS
2026-09-20 06:03:48 +0200: Memory Usage (475560K) : Starting RESISTOR CONNECTIONS
2026-09-20 06:03:48 +0200: Memory Usage (475560K) : Starting LVS CAP CONNECTIONS
2026-09-20 06:03:48 +0200: Memory Usage (475560K) : Starting CAP_CMOM CONNECTIONS
2026-09-20 06:03:48 +0200: Memory Usage (475560K) : Starting CAP_CMOMF CONNECTIONS
2026-09-20 06:03:48 +0200: Memory Usage (475560K) : Starting ESD CONNECTIONS
2026-09-20 06:03:48 +0200: Memory Usage (475560K) : Starting Inductor CONNECTIONS
2026-09-20 06:03:48 +0200: Memory Usage (475560K) : Starting LVS Taps CONNECTIONS
2026-09-20 06:03:48 +0200: Memory Usage (475560K) : Starting SG13G2 LVS DEVICES EXTRACTION
2026-09-20 06:03:48 +0200: Memory Usage (475560K) : Starting MOSFET EXTRACTION
2026-09-20 06:03:48 +0200: Memory Usage (475560K) : Starting NMOS EXTRACTION
2026-09-20 06:03:48 +0200: Memory Usage (475560K) : Extraction of NMOS-LV transistor
2026-09-20 06:03:48 +0200: Memory Usage (475688K) : Extraction of NMOS-HV transistor
2026-09-20 06:03:48 +0200: Memory Usage (475816K) : Starting PMOS EXTRACTION
2026-09-20 06:03:48 +0200: Memory Usage (475816K) : Extraction of PMOS-LV transistor
2026-09-20 06:03:48 +0200: Memory Usage (475816K) : Extraction of PMOS-HV transistor
2026-09-20 06:03:48 +0200: Memory Usage (475816K) : Starting RF-MOSFET EXTRACTION
2026-09-20 06:03:48 +0200: Memory Usage (475816K) : Extraction of RF-NMOS-LV transistor
2026-09-20 06:03:48 +0200: Memory Usage (475816K) : Extraction of RF-NMOS-HV transistor
2026-09-20 06:03:48 +0200: Memory Usage (475816K) : Extraction of RF-PMOS-LV transistor
2026-09-20 06:03:48 +0200: Memory Usage (475816K) : Extraction of RF-PMOS-HV transistor
2026-09-20 06:03:49 +0200: Memory Usage (475816K) : Starting BJT EXTRACTION
2026-09-20 06:03:49 +0200: Memory Usage (475816K) : Starting NPN-BJT EXTRACTION
2026-09-20 06:03:49 +0200: Memory Usage (475816K) : Extraction of npn13G2 BJT transistor
2026-09-20 06:03:49 +0200: Memory Usage (475816K) : Extraction of npn13G2L BJT transistor
2026-09-20 06:03:49 +0200: Memory Usage (475816K) : Extraction of npn13G2V BJT transistor
2026-09-20 06:03:49 +0200: Memory Usage (475816K) : Starting PNP-BJT EXTRACTION
2026-09-20 06:03:49 +0200: Memory Usage (475816K) : Extracting pnpMPA BJT
2026-09-20 06:03:49 +0200: Memory Usage (475816K) : Starting DIODE EXTRACTION
2026-09-20 06:03:49 +0200: Memory Usage (475816K) : Extracting dantenna diode
2026-09-20 06:03:49 +0200: Memory Usage (475816K) : Extracting dpantenna diode
2026-09-20 06:03:49 +0200: Memory Usage (475816K) : Extracting schottky_nbl1 diode
2026-09-20 06:03:49 +0200: Memory Usage (475816K) : Extracting isolbox diode
2026-09-20 06:03:49 +0200: Memory Usage (475816K) : Starting RESISTOR EXTRACTION
2026-09-20 06:03:49 +0200: Memory Usage (475816K) : Extracting rsil resistor
2026-09-20 06:03:49 +0200: Memory Usage (475816K) : Extracting rppd resistor
2026-09-20 06:03:49 +0200: Memory Usage (475816K) : Extracting rhigh resistor
2026-09-20 06:03:49 +0200: Memory Usage (475816K) : Extracting res_metal1 resistor
2026-09-20 06:03:49 +0200: Memory Usage (475944K) : Extracting res_metal2 resistor
2026-09-20 06:03:49 +0200: Memory Usage (475944K) : Extracting res_metal3 resistor
2026-09-20 06:03:49 +0200: Memory Usage (475944K) : Extracting res_metal4 resistor
2026-09-20 06:03:49 +0200: Memory Usage (475944K) : Extracting res_metal5 resistor
2026-09-20 06:03:49 +0200: Memory Usage (475944K) : Extracting res_topmetal1 resistor
2026-09-20 06:03:49 +0200: Memory Usage (475944K) : Extracting res_topmetal2 resistor
2026-09-20 06:03:49 +0200: Memory Usage (475944K) : Starting CAP EXTRACTION
2026-09-20 06:03:49 +0200: Memory Usage (475944K) : Extracting cap_cmim device
2026-09-20 06:03:49 +0200: Memory Usage (475944K) : Extracting rfcmim device
2026-09-20 06:03:49 +0200: Memory Usage (475944K) : Extracting sg13_hv_svaricap varactor
2026-09-20 06:03:49 +0200: Memory Usage (475944K) : Extracting cap_cmomi device
2026-09-20 06:03:49 +0200: Memory Usage (475944K) : Extracting cap_cmomf device
2026-09-20 06:03:49 +0200: Memory Usage (475944K) : Extracting sg13_moscap_n capacitor
2026-09-20 06:03:49 +0200: Memory Usage (475944K) : Extracting sg13_moscap_p capacitor
2026-09-20 06:03:49 +0200: Memory Usage (475944K) : Starting ESD EXTRACTION
2026-09-20 06:03:49 +0200: Memory Usage (475944K) : Extracting diodevdd_2kv ESD device
2026-09-20 06:03:49 +0200: Memory Usage (475944K) : Extracting diodevdd_4kv ESD device
2026-09-20 06:03:49 +0200: Memory Usage (475944K) : Extracting diodevss_2kv ESD device
2026-09-20 06:03:49 +0200: Memory Usage (475944K) : Extracting diodevss_4kv ESD device
2026-09-20 06:03:49 +0200: Memory Usage (475944K) : Extracting idiodevdd_2kv ESD device
2026-09-20 06:03:49 +0200: Memory Usage (475944K) : Extracting idiodevdd_4kv ESD device
2026-09-20 06:03:49 +0200: Memory Usage (475944K) : Extracting idiodevss_2kv ESD device
2026-09-20 06:03:49 +0200: Memory Usage (475944K) : Extracting idiodevss_4kv ESD device
2026-09-20 06:03:49 +0200: Memory Usage (475944K) : Extracting nmoscl_2 ESD device
2026-09-20 06:03:49 +0200: Memory Usage (475944K) : Extracting nmoscl_4 ESD device
2026-09-20 06:03:49 +0200: Memory Usage (475944K) : Starting Inductor EXTRACTION
2026-09-20 06:03:49 +0200: Memory Usage (475944K) : Extracting Inductor2 device
2026-09-20 06:03:49 +0200: Memory Usage (475944K) : Extracting Inductor3 device
2026-09-20 06:03:49 +0200: Memory Usage (475944K) : Starting Taps EXTRACTION
2026-09-20 06:03:49 +0200: Memory Usage (475944K) : Extracting ntap1 device
2026-09-20 06:03:49 +0200: Memory Usage (475944K) : Extracting ptap1 device
2026-09-20 06:03:49 +0200: Memory Usage (475944K) : Starting SG13G2 LVS RF MOS Model Mapping
2026-09-20 06:03:50 +0200: Memory Usage (476968K) : [layout_netlist] Apply RF MOS model mapping and rfmode parameter.
2026-09-20 06:03:50 +0200: Memory Usage (476968K) : Starting SG13G2 LVS Options Preparations
2026-09-20 06:03:50 +0200: Memory Usage (476968K) : SG13G2 LVS flow: extraction -> alignment -> option preparation -> comparison.
2026-09-20 06:03:50 +0200: Memory Usage (476968K) : Starting SG13G2 LVS Alignment
2026-09-20 06:03:50 +0200: Memory Usage (476968K) : Starting SG13G2 LVS Simplification
2026-09-20 06:03:50 +0200: Memory Usage (476968K) : [layout_netlist] simplify: ENABLED
2026-09-20 06:03:48 +0200: Memory Usage (476968K) : [layout_netlist] make_top_level_pins: SKIPPED
2026-09-20 06:03:48 +0200: Memory Usage (476968K) : [layout_netlist] combine_devices: SKIPPED
2026-09-20 06:03:48 +0200: Memory Usage (476968K) : [layout_netlist] purge: SKIPPED
2026-09-20 06:03:48 +0200: Memory Usage (476968K) : [layout_netlist] purge_nets: SKIPPED
2026-09-20 06:03:48 +0200: Memory Usage (476968K) : [layout_netlist] purge_devices: SKIPPED
2026-09-20 06:03:48 +0200: Memory Usage (476968K) : [schematic_netlist] simplify: ENABLED
2026-09-20 06:03:48 +0200: Memory Usage (476968K) : [schematic_netlist] make_top_level_pins: SKIPPED
2026-09-20 06:03:48 +0200: Memory Usage (476968K) : [schematic_netlist] combine_devices: SKIPPED
2026-09-20 06:03:48 +0200: Memory Usage (476968K) : [schematic_netlist] purge: SKIPPED
2026-09-20 06:03:48 +0200: Memory Usage (476968K) : [schematic_netlist] purge_nets: SKIPPED
2026-09-20 06:03:48 +0200: Memory Usage (476968K) : [schematic_netlist] purge_devices: SKIPPED
2026-09-20 06:03:48 +0200: Memory Usage (476968K) : Starting SG13G2 LVS Comparison in strict port mode.
2026-09-20 06:03:48 +0200: Memory Usage (476968K) : flag_missing_ports enabled: missing/mislabeled top-level ports are treated as errors.
2026-09-20 06:03:48 +0200: Memory Usage (477224K) : ==========================================
2026-09-20 06:03:48 +0200: Memory Usage (477224K) : INFO : Congratulations! Netlists match.
2026-09-20 06:03:48 +0200: Memory Usage (477224K) : ==========================================
2026-09-20 06:03:48 +0200: Memory Usage (477224K) : LVS Total Run time 3.955307 seconds
