# Logfile created on 2026-09-21 21:41:04 +0700 by logger.rb/61378
2026-09-21 21:41:04 +0700: Memory Usage (416712K) : Starting running SG13G2 Klayout LVS runset on /home/admin/work/final/IHP__MSPHY6034/dependencies/DAC/release/v.1.0.0/gds/CS_DAC_10b.gds
2026-09-21 21:41:04 +0700: Memory Usage (416712K) : Ruby Version for klayout: 2.5.9
2026-09-21 21:41:04 +0700: Memory Usage (416712K) : Loading database to memory is complete.
2026-09-21 21:41:04 +0700: Memory Usage (416712K) : SG13G2 Klayout LVS runset output at: /home/admin/work/final/IHP__MSPHY6034/dependencies/DAC/DAC-main/verification/lvs/lvs_run_CS_DAC_10b/CS_DAC_10b.lvsdb
2026-09-21 21:41:04 +0700: Memory Usage (416712K) : Evaluate switches.
2026-09-21 21:41:04 +0700: Memory Usage (416712K) : Extracted netlist with net names: true
2026-09-21 21:41:04 +0700: Memory Usage (416712K) : Extracted netlist with comments in details: false
2026-09-21 21:41:04 +0700: Memory Usage (416712K) : Selected NET_ONLY option: false
2026-09-21 21:41:04 +0700: Memory Usage (416712K) : Selected LAYOUT_NETLIST option: (none)
2026-09-21 21:41:04 +0700: Memory Usage (416712K) : Selected IGNORE_TOP_PORTS_MISMATCH option: 
2026-09-21 21:41:04 +0700: Memory Usage (416712K) : Selected IMPLICIT_NETS option: (none)
2026-09-21 21:41:04 +0700: Memory Usage (416712K) : Selected TOP_LVL_PINS option: false
2026-09-21 21:41:04 +0700: Memory Usage (416712K) : Selected COMBINE DEVICES option: false
2026-09-21 21:41:04 +0700: Memory Usage (416712K) : Selected PURGE option: false
2026-09-21 21:41:04 +0700: Memory Usage (416712K) : Selected PURGE_NETS option: false
2026-09-21 21:41:04 +0700: Memory Usage (416712K) : Selected SIMPLIFY option: true
2026-09-21 21:41:04 +0700: Memory Usage (416712K) : Selected SERIES_RES option: true
2026-09-21 21:41:04 +0700: Memory Usage (416712K) : Selected PARALLEL_RES option: true
2026-09-21 21:41:04 +0700: Memory Usage (416712K) : flat  mode is enabled.
2026-09-21 21:41:04 +0700: Memory Usage (417756K) : Netlist file: /home/admin/work/final/IHP__MSPHY6034/dependencies/DAC/DAC-main/verification/lvs/lvs_run_CS_DAC_10b/CS_DAC_10b_netlist_fixed.spice
2026-09-21 21:41:04 +0700: Memory Usage (417756K) : LVS extracted netlist at: /home/admin/work/final/IHP__MSPHY6034/dependencies/DAC/DAC-main/verification/lvs/lvs_run_CS_DAC_10b/CS_DAC_10b_extracted.cir
2026-09-21 21:41:04 +0700: Memory Usage (417756K) : Applying SRAM integration support.
2026-09-21 21:41:04 +0700: Memory Usage (417756K) : Starting SG13G2 LVS runset
2026-09-21 21:41:04 +0700: Memory Usage (417756K) : Read in polygons from layers.
2026-09-21 21:41:04 +0700: Memory Usage (418520K) : activ_drw has 1445 polygons
2026-09-21 21:41:04 +0700: Memory Usage (418520K) : activ_filler has 0 polygons
2026-09-21 21:41:04 +0700: Memory Usage (418520K) : activ has 1445 polygons
2026-09-21 21:41:04 +0700: Memory Usage (418520K) : activ_pin has 0 polygons
2026-09-21 21:41:04 +0700: Memory Usage (418520K) : activ_mask has 0 polygons
2026-09-21 21:41:04 +0700: Memory Usage (418520K) : activ_nofill has 0 polygons
2026-09-21 21:41:04 +0700: Memory Usage (418520K) : activ_OPC has 0 polygons
2026-09-21 21:41:04 +0700: Memory Usage (418520K) : activ_iOPC has 0 polygons
2026-09-21 21:41:04 +0700: Memory Usage (418520K) : activ_noqrc has 0 polygons
2026-09-21 21:41:04 +0700: Memory Usage (418520K) : biwind_drw has 0 polygons
2026-09-21 21:41:04 +0700: Memory Usage (418520K) : biwind_OPC has 0 polygons
2026-09-21 21:41:04 +0700: Memory Usage (418852K) : gatpoly_drw has 1712 polygons
2026-09-21 21:41:04 +0700: Memory Usage (418852K) : gatpoly_filler has 0 polygons
2026-09-21 21:41:04 +0700: Memory Usage (418852K) : gatpoly has 1712 polygons
2026-09-21 21:41:04 +0700: Memory Usage (418852K) : gatpoly_pin has 1001 polygons
2026-09-21 21:41:04 +0700: Memory Usage (419112K) : gatpoly_nofill has 0 polygons
2026-09-21 21:41:04 +0700: Memory Usage (419112K) : gatpoly_OPC has 0 polygons
2026-09-21 21:41:04 +0700: Memory Usage (419112K) : gatpoly_iOPC has 0 polygons
2026-09-21 21:41:04 +0700: Memory Usage (419112K) : gatpoly_noqrc has 0 polygons
2026-09-21 21:41:04 +0700: Memory Usage (422040K) : cont_drw has 20327 polygons
2026-09-21 21:41:04 +0700: Memory Usage (422040K) : cont_OPC has 0 polygons
2026-09-21 21:41:04 +0700: Memory Usage (422040K) : nsd_drw has 0 polygons
2026-09-21 21:41:04 +0700: Memory Usage (422040K) : nsd_block has 0 polygons
2026-09-21 21:41:05 +0700: Memory Usage (424808K) : metal1_drw has 2437 polygons
2026-09-21 21:41:05 +0700: Memory Usage (424808K) : metal1_filler has 0 polygons
2026-09-21 21:41:05 +0700: Memory Usage (424808K) : metal1_slit has 0 polygons
2026-09-21 21:41:05 +0700: Memory Usage (424808K) : metal1 has 2437 polygons
2026-09-21 21:41:05 +0700: Memory Usage (424808K) : metal1_pin has 2619 polygons
2026-09-21 21:41:05 +0700: Memory Usage (424808K) : metal1_mask has 0 polygons
2026-09-21 21:41:05 +0700: Memory Usage (424808K) : metal1_nofill has 0 polygons
2026-09-21 21:41:05 +0700: Memory Usage (424808K) : metal1_text has 140 polygons
2026-09-21 21:41:05 +0700: Memory Usage (424808K) : metal1_OPC has 0 polygons
2026-09-21 21:41:05 +0700: Memory Usage (424808K) : metal1_noqrc has 0 polygons
2026-09-21 21:41:05 +0700: Memory Usage (424932K) : metal1_res has 0 polygons
2026-09-21 21:41:05 +0700: Memory Usage (424932K) : metal1_iprobe has 0 polygons
2026-09-21 21:41:05 +0700: Memory Usage (424932K) : metal1_diffprb has 0 polygons
2026-09-21 21:41:05 +0700: Memory Usage (424932K) : passiv_drw has 0 polygons
2026-09-21 21:41:05 +0700: Memory Usage (424932K) : passiv_pin has 0 polygons
2026-09-21 21:41:05 +0700: Memory Usage (424932K) : passiv_sbump has 0 polygons
2026-09-21 21:41:05 +0700: Memory Usage (424932K) : passiv_pillar has 0 polygons
2026-09-21 21:41:05 +0700: Memory Usage (424932K) : passiv_pdl has 0 polygons
2026-09-21 21:41:05 +0700: Memory Usage (424932K) : metal2_drw has 1063 polygons
2026-09-21 21:41:05 +0700: Memory Usage (424932K) : metal2_filler has 0 polygons
2026-09-21 21:41:05 +0700: Memory Usage (424932K) : metal2_slit has 0 polygons
2026-09-21 21:41:05 +0700: Memory Usage (424932K) : metal2 has 1063 polygons
2026-09-21 21:41:05 +0700: Memory Usage (424932K) : metal2_pin has 13 polygons
2026-09-21 21:41:05 +0700: Memory Usage (424932K) : metal2_mask has 0 polygons
2026-09-21 21:41:05 +0700: Memory Usage (424932K) : metal2_nofill has 0 polygons
2026-09-21 21:41:05 +0700: Memory Usage (424932K) : metal2_text has 5 polygons
2026-09-21 21:41:05 +0700: Memory Usage (424932K) : metal2_OPC has 0 polygons
2026-09-21 21:41:05 +0700: Memory Usage (424932K) : metal2_noqrc has 0 polygons
2026-09-21 21:41:05 +0700: Memory Usage (424932K) : metal2_res has 0 polygons
2026-09-21 21:41:05 +0700: Memory Usage (424932K) : metal2_iprobe has 0 polygons
2026-09-21 21:41:05 +0700: Memory Usage (424996K) : metal2_diffprb has 0 polygons
2026-09-21 21:41:05 +0700: Memory Usage (424996K) : baspoly_drw has 0 polygons
2026-09-21 21:41:05 +0700: Memory Usage (424996K) : baspoly_pin has 0 polygons
2026-09-21 21:41:05 +0700: Memory Usage (424996K) : psd_drw has 286 polygons
2026-09-21 21:41:05 +0700: Memory Usage (424996K) : nldb_drw has 0 polygons
2026-09-21 21:41:05 +0700: Memory Usage (424996K) : digibnd_drw has 0 polygons
2026-09-21 21:41:05 +0700: Memory Usage (424996K) : via1_drw has 3070 polygons
2026-09-21 21:41:05 +0700: Memory Usage (424996K) : backmetal1_drw has 0 polygons
2026-09-21 21:41:05 +0700: Memory Usage (424996K) : backmetal1_pin has 0 polygons
2026-09-21 21:41:05 +0700: Memory Usage (424996K) : backmetal1_mask has 0 polygons
2026-09-21 21:41:05 +0700: Memory Usage (424996K) : backmetal1_filler has 0 polygons
2026-09-21 21:41:05 +0700: Memory Usage (424996K) : backmetal1_nofill has 0 polygons
2026-09-21 21:41:05 +0700: Memory Usage (424996K) : backmetal1_slit has 0 polygons
2026-09-21 21:41:05 +0700: Memory Usage (424996K) : backmetal1_text has 0 polygons
2026-09-21 21:41:05 +0700: Memory Usage (424996K) : backmetal1_OPC has 0 polygons
2026-09-21 21:41:05 +0700: Memory Usage (424996K) : backmetal1_noqrc has 0 polygons
2026-09-21 21:41:05 +0700: Memory Usage (424996K) : backmetal1_res has 0 polygons
2026-09-21 21:41:05 +0700: Memory Usage (424996K) : backmetal1_iprobe has 0 polygons
2026-09-21 21:41:05 +0700: Memory Usage (424996K) : backmetal1_diffprb has 0 polygons
2026-09-21 21:41:05 +0700: Memory Usage (424996K) : backpassiv_drw has 0 polygons
2026-09-21 21:41:05 +0700: Memory Usage (424996K) : res_drw has 0 polygons
2026-09-21 21:41:05 +0700: Memory Usage (424996K) : sram_drw has 0 polygons
2026-09-21 21:41:05 +0700: Memory Usage (424996K) : trans_drw has 0 polygons
2026-09-21 21:41:05 +0700: Memory Usage (424996K) : ind_drw has 0 polygons
2026-09-21 21:41:05 +0700: Memory Usage (424996K) : ind_pin has 0 polygons
2026-09-21 21:41:05 +0700: Memory Usage (424996K) : ind_text has 0 polygons
2026-09-21 21:41:05 +0700: Memory Usage (424996K) : salblock_drw has 0 polygons
2026-09-21 21:41:05 +0700: Memory Usage (424996K) : via2_drw has 523 polygons
2026-09-21 21:41:05 +0700: Memory Usage (424996K) : metal3_drw has 19 polygons
2026-09-21 21:41:05 +0700: Memory Usage (424996K) : metal3_filler has 0 polygons
2026-09-21 21:41:05 +0700: Memory Usage (424996K) : metal3_slit has 0 polygons
2026-09-21 21:41:05 +0700: Memory Usage (424996K) : metal3 has 19 polygons
2026-09-21 21:41:05 +0700: Memory Usage (424996K) : metal3_pin has 5 polygons
2026-09-21 21:41:05 +0700: Memory Usage (424996K) : metal3_mask has 0 polygons
2026-09-21 21:41:05 +0700: Memory Usage (424996K) : metal3_nofill has 0 polygons
2026-09-21 21:41:05 +0700: Memory Usage (424996K) : metal3_text has 5 polygons
2026-09-21 21:41:05 +0700: Memory Usage (424996K) : metal3_OPC has 0 polygons
2026-09-21 21:41:05 +0700: Memory Usage (424996K) : metal3_noqrc has 0 polygons
2026-09-21 21:41:05 +0700: Memory Usage (424996K) : metal3_res has 0 polygons
2026-09-21 21:41:05 +0700: Memory Usage (424996K) : metal3_iprobe has 0 polygons
2026-09-21 21:41:05 +0700: Memory Usage (424996K) : metal3_diffprb has 0 polygons
2026-09-21 21:41:05 +0700: Memory Usage (425048K) : nwell_drw has 75 polygons
2026-09-21 21:41:05 +0700: Memory Usage (425304K) : nwell_pin has 0 polygons
2026-09-21 21:41:05 +0700: Memory Usage (425304K) : nwell_text has 0 polygons
2026-09-21 21:41:05 +0700: Memory Usage (425556K) : nbulay_drw has 0 polygons
2026-09-21 21:41:05 +0700: Memory Usage (425556K) : nbulay_pin has 0 polygons
2026-09-21 21:41:05 +0700: Memory Usage (425788K) : nbulay_block has 0 polygons
2026-09-21 21:41:05 +0700: Memory Usage (425788K) : emwind_drw has 0 polygons
2026-09-21 21:41:05 +0700: Memory Usage (426052K) : emwind_OPC has 0 polygons
2026-09-21 21:41:05 +0700: Memory Usage (426052K) : deepco_drw has 0 polygons
2026-09-21 21:41:05 +0700: Memory Usage (426316K) : mim_drw has 0 polygons
2026-09-21 21:41:05 +0700: Memory Usage (426560K) : edgeseal_drw has 0 polygons
2026-09-21 21:41:05 +0700: Memory Usage (426560K) : substrate_drw has 0 polygons
2026-09-21 21:41:05 +0700: Memory Usage (426820K) : substrate_text has 0 polygons
2026-09-21 21:41:05 +0700: Memory Usage (426820K) : dfpad_drw has 0 polygons
2026-09-21 21:41:05 +0700: Memory Usage (427064K) : dfpad_pillar has 0 polygons
2026-09-21 21:41:05 +0700: Memory Usage (427064K) : dfpad_sbump has 0 polygons
2026-09-21 21:41:05 +0700: Memory Usage (427328K) : thickgateox_drw has 67 polygons
2026-09-21 21:41:05 +0700: Memory Usage (427568K) : pldb_drw has 0 polygons
2026-09-21 21:41:05 +0700: Memory Usage (427568K) : pwell_drw has 0 polygons
2026-09-21 21:41:05 +0700: Memory Usage (427828K) : pwell_pin has 0 polygons
2026-09-21 21:41:05 +0700: Memory Usage (427828K) : pwell_block has 0 polygons
2026-09-21 21:41:05 +0700: Memory Usage (428076K) : ic_drw has 0 polygons
2026-09-21 21:41:05 +0700: Memory Usage (428576K) : via3_drw has 3280 polygons
2026-09-21 21:41:05 +0700: Memory Usage (428576K) : metal4_drw has 8 polygons
2026-09-21 21:41:05 +0700: Memory Usage (429040K) : metal4_filler has 0 polygons
2026-09-21 21:41:05 +0700: Memory Usage (429040K) : metal4_slit has 0 polygons
2026-09-21 21:41:05 +0700: Memory Usage (429040K) : metal4 has 8 polygons
2026-09-21 21:41:05 +0700: Memory Usage (429040K) : metal4_pin has 1 polygons
2026-09-21 21:41:05 +0700: Memory Usage (429040K) : metal4_mask has 0 polygons
2026-09-21 21:41:05 +0700: Memory Usage (429040K) : metal4_nofill has 0 polygons
2026-09-21 21:41:05 +0700: Memory Usage (429040K) : metal4_text has 1 polygons
2026-09-21 21:41:05 +0700: Memory Usage (429040K) : metal4_OPC has 0 polygons
2026-09-21 21:41:05 +0700: Memory Usage (429040K) : metal4_noqrc has 0 polygons
2026-09-21 21:41:05 +0700: Memory Usage (429040K) : metal4_res has 0 polygons
2026-09-21 21:41:05 +0700: Memory Usage (429040K) : metal4_iprobe has 0 polygons
2026-09-21 21:41:05 +0700: Memory Usage (429040K) : metal4_diffprb has 0 polygons
2026-09-21 21:41:06 +0700: Memory Usage (429040K) : heattrans_drw has 1968 polygons
2026-09-21 21:41:06 +0700: Memory Usage (429040K) : heatres_drw has 0 polygons
2026-09-21 21:41:06 +0700: Memory Usage (429040K) : fbe_drw has 0 polygons
2026-09-21 21:41:06 +0700: Memory Usage (429040K) : empoly_drw has 0 polygons
2026-09-21 21:41:06 +0700: Memory Usage (429040K) : digisub_drw has 0 polygons
2026-09-21 21:41:06 +0700: Memory Usage (429040K) : text_drw has 804 polygons
2026-09-21 21:41:06 +0700: Memory Usage (429040K) : via4_drw has 0 polygons
2026-09-21 21:41:06 +0700: Memory Usage (429040K) : metal5_drw has 0 polygons
2026-09-21 21:41:06 +0700: Memory Usage (429040K) : metal5_filler has 0 polygons
2026-09-21 21:41:06 +0700: Memory Usage (429040K) : metal5_slit has 0 polygons
2026-09-21 21:41:06 +0700: Memory Usage (429040K) : metal5 has 0 polygons
2026-09-21 21:41:06 +0700: Memory Usage (429040K) : metal5_pin has 0 polygons
2026-09-21 21:41:06 +0700: Memory Usage (429040K) : metal5_mask has 0 polygons
2026-09-21 21:41:06 +0700: Memory Usage (429040K) : metal5_nofill has 0 polygons
2026-09-21 21:41:06 +0700: Memory Usage (429040K) : metal5_text has 0 polygons
2026-09-21 21:41:06 +0700: Memory Usage (429040K) : metal5_OPC has 0 polygons
2026-09-21 21:41:06 +0700: Memory Usage (429040K) : metal5_noqrc has 0 polygons
2026-09-21 21:41:06 +0700: Memory Usage (429040K) : metal5_res has 0 polygons
2026-09-21 21:41:06 +0700: Memory Usage (429040K) : metal5_iprobe has 0 polygons
2026-09-21 21:41:06 +0700: Memory Usage (429040K) : metal5_diffprb has 0 polygons
2026-09-21 21:41:06 +0700: Memory Usage (429040K) : radhard_drw has 0 polygons
2026-09-21 21:41:06 +0700: Memory Usage (429040K) : memcap_drw has 0 polygons
2026-09-21 21:41:06 +0700: Memory Usage (429040K) : varicap_drw has 0 polygons
2026-09-21 21:41:06 +0700: Memory Usage (429040K) : intbondvia_drw has 0 polygons
2026-09-21 21:41:06 +0700: Memory Usage (429040K) : intbondmet_drw has 0 polygons
2026-09-21 21:41:06 +0700: Memory Usage (429040K) : devbondvia_drw has 0 polygons
2026-09-21 21:41:06 +0700: Memory Usage (429040K) : devbondmet_drw has 0 polygons
2026-09-21 21:41:06 +0700: Memory Usage (429040K) : devtrench_drw has 0 polygons
2026-09-21 21:41:06 +0700: Memory Usage (429040K) : redist_drw has 0 polygons
2026-09-21 21:41:06 +0700: Memory Usage (429040K) : graphbot_drw has 0 polygons
2026-09-21 21:41:06 +0700: Memory Usage (429040K) : graphtop_drw has 0 polygons
2026-09-21 21:41:06 +0700: Memory Usage (429040K) : antvia1_drw has 0 polygons
2026-09-21 21:41:06 +0700: Memory Usage (429040K) : antmetal2_drw has 0 polygons
2026-09-21 21:41:06 +0700: Memory Usage (429040K) : graphcont_drw has 0 polygons
2026-09-21 21:41:06 +0700: Memory Usage (429040K) : siwg_drw has 0 polygons
2026-09-21 21:41:06 +0700: Memory Usage (429040K) : siwg_filler has 0 polygons
2026-09-21 21:41:06 +0700: Memory Usage (429040K) : siwg_nofill has 0 polygons
2026-09-21 21:41:06 +0700: Memory Usage (429040K) : sigrating_drw has 0 polygons
2026-09-21 21:41:06 +0700: Memory Usage (429040K) : singrating_drw has 0 polygons
2026-09-21 21:41:06 +0700: Memory Usage (429040K) : graphpas_drw has 0 polygons
2026-09-21 21:41:06 +0700: Memory Usage (429040K) : emwind3_drw has 0 polygons
2026-09-21 21:41:06 +0700: Memory Usage (429040K) : emwihv3_drw has 0 polygons
2026-09-21 21:41:06 +0700: Memory Usage (429040K) : redbulay_drw has 0 polygons
2026-09-21 21:41:06 +0700: Memory Usage (429040K) : smos_drw has 0 polygons
2026-09-21 21:41:06 +0700: Memory Usage (429040K) : graphpad_drw has 0 polygons
2026-09-21 21:41:06 +0700: Memory Usage (429040K) : polimide_drw has 0 polygons
2026-09-21 21:41:06 +0700: Memory Usage (429040K) : polimide_pin has 0 polygons
2026-09-21 21:41:06 +0700: Memory Usage (429040K) : recog_drw has 0 polygons
2026-09-21 21:41:06 +0700: Memory Usage (429040K) : recog_pin has 0 polygons
2026-09-21 21:41:06 +0700: Memory Usage (429040K) : recog_esd has 0 polygons
2026-09-21 21:41:06 +0700: Memory Usage (429040K) : recog_diode has 0 polygons
2026-09-21 21:41:06 +0700: Memory Usage (429040K) : recog_tsv has 0 polygons
2026-09-21 21:41:06 +0700: Memory Usage (429040K) : recog_iprobe has 0 polygons
2026-09-21 21:41:06 +0700: Memory Usage (429040K) : recog_diffprb has 0 polygons
2026-09-21 21:41:06 +0700: Memory Usage (429040K) : recog_pillar has 0 polygons
2026-09-21 21:41:06 +0700: Memory Usage (429188K) : recog_sbump has 0 polygons
2026-09-21 21:41:06 +0700: Memory Usage (429188K) : recog_otp has 0 polygons
2026-09-21 21:41:06 +0700: Memory Usage (429452K) : recog_pdiode has 0 polygons
2026-09-21 21:41:06 +0700: Memory Usage (429452K) : recog_mom has 0 polygons
2026-09-21 21:41:06 +0700: Memory Usage (429704K) : recog_pcm has 0 polygons
2026-09-21 21:41:06 +0700: Memory Usage (429704K) : colopen_drw has 0 polygons
2026-09-21 21:41:06 +0700: Memory Usage (429968K) : graphmetal1_drw has 0 polygons
2026-09-21 21:41:06 +0700: Memory Usage (430220K) : graphmetal1_filler has 0 polygons
2026-09-21 21:41:06 +0700: Memory Usage (430220K) : graphmetal1_nofill has 0 polygons
2026-09-21 21:41:06 +0700: Memory Usage (430484K) : graphmetal1_slit has 0 polygons
2026-09-21 21:41:06 +0700: Memory Usage (430484K) : graphmetal1_OPC has 0 polygons
2026-09-21 21:41:06 +0700: Memory Usage (430744K) : graphmet1l_drw has 0 polygons
2026-09-21 21:41:06 +0700: Memory Usage (431004K) : graphmet1l_filler has 0 polygons
2026-09-21 21:41:06 +0700: Memory Usage (431004K) : graphmet1l_nofill has 0 polygons
2026-09-21 21:41:06 +0700: Memory Usage (431264K) : graphmet1l_slit has 0 polygons
2026-09-21 21:41:06 +0700: Memory Usage (431264K) : graphmet1l_OPC has 0 polygons
2026-09-21 21:41:06 +0700: Memory Usage (431524K) : extblock_drw has 0 polygons
2026-09-21 21:41:06 +0700: Memory Usage (431524K) : nldd_drw has 0 polygons
2026-09-21 21:41:06 +0700: Memory Usage (431780K) : pldd_drw has 0 polygons
2026-09-21 21:41:06 +0700: Memory Usage (432044K) : next_drw has 0 polygons
2026-09-21 21:41:06 +0700: Memory Usage (432044K) : pext_drw has 0 polygons
2026-09-21 21:41:06 +0700: Memory Usage (432044K) : nexthv_drw has 0 polygons
2026-09-21 21:41:06 +0700: Memory Usage (432044K) : pexthv_drw has 0 polygons
2026-09-21 21:41:06 +0700: Memory Usage (432044K) : graphgate_drw has 0 polygons
2026-09-21 21:41:06 +0700: Memory Usage (432044K) : sinwg_drw has 0 polygons
2026-09-21 21:41:06 +0700: Memory Usage (432044K) : sinwg_filler has 0 polygons
2026-09-21 21:41:06 +0700: Memory Usage (432044K) : sinwg_nofill has 0 polygons
2026-09-21 21:41:06 +0700: Memory Usage (432044K) : mempad_drw has 0 polygons
2026-09-21 21:41:06 +0700: Memory Usage (432044K) : topvia1_drw has 0 polygons
2026-09-21 21:41:06 +0700: Memory Usage (432044K) : topmetal1_drw has 0 polygons
2026-09-21 21:41:06 +0700: Memory Usage (432044K) : topmetal1_filler has 0 polygons
2026-09-21 21:41:06 +0700: Memory Usage (432044K) : topmetal1_slit has 0 polygons
2026-09-21 21:41:06 +0700: Memory Usage (432044K) : topmetal1 has 0 polygons
2026-09-21 21:41:06 +0700: Memory Usage (432044K) : topmetal1_pin has 0 polygons
2026-09-21 21:41:06 +0700: Memory Usage (432044K) : topmetal1_mask has 0 polygons
2026-09-21 21:41:06 +0700: Memory Usage (432044K) : topmetal1_nofill has 0 polygons
2026-09-21 21:41:06 +0700: Memory Usage (432044K) : topmetal1_text has 0 polygons
2026-09-21 21:41:06 +0700: Memory Usage (432044K) : topmetal1_noqrc has 0 polygons
2026-09-21 21:41:06 +0700: Memory Usage (432044K) : topmetal1_res has 0 polygons
2026-09-21 21:41:06 +0700: Memory Usage (432044K) : topmetal1_iprobe has 0 polygons
2026-09-21 21:41:06 +0700: Memory Usage (432044K) : topmetal1_diffprb has 0 polygons
2026-09-21 21:41:06 +0700: Memory Usage (432044K) : inldpwl_drw has 0 polygons
2026-09-21 21:41:06 +0700: Memory Usage (432044K) : polyres_drw has 0 polygons
2026-09-21 21:41:06 +0700: Memory Usage (432044K) : polyres_pin has 0 polygons
2026-09-21 21:41:06 +0700: Memory Usage (432044K) : vmim_drw has 0 polygons
2026-09-21 21:41:06 +0700: Memory Usage (432044K) : nbulaycut_drw has 0 polygons
2026-09-21 21:41:06 +0700: Memory Usage (432044K) : antmetal1_drw has 0 polygons
2026-09-21 21:41:06 +0700: Memory Usage (432044K) : topvia2_drw has 0 polygons
2026-09-21 21:41:06 +0700: Memory Usage (432044K) : topmetal2_drw has 0 polygons
2026-09-21 21:41:06 +0700: Memory Usage (432044K) : topmetal2_filler has 0 polygons
2026-09-21 21:41:06 +0700: Memory Usage (432044K) : topmetal2_slit has 0 polygons
2026-09-21 21:41:06 +0700: Memory Usage (432044K) : topmetal2 has 0 polygons
2026-09-21 21:41:06 +0700: Memory Usage (432044K) : topmetal2_pin has 0 polygons
2026-09-21 21:41:06 +0700: Memory Usage (432044K) : topmetal2_mask has 0 polygons
2026-09-21 21:41:06 +0700: Memory Usage (432044K) : topmetal2_nofill has 0 polygons
2026-09-21 21:41:06 +0700: Memory Usage (432044K) : topmetal2_text has 0 polygons
2026-09-21 21:41:06 +0700: Memory Usage (432044K) : topmetal2_noqrc has 0 polygons
2026-09-21 21:41:06 +0700: Memory Usage (432044K) : topmetal2_res has 0 polygons
2026-09-21 21:41:06 +0700: Memory Usage (432044K) : topmetal2_iprobe has 0 polygons
2026-09-21 21:41:06 +0700: Memory Usage (432044K) : topmetal2_diffprb has 0 polygons
2026-09-21 21:41:06 +0700: Memory Usage (432044K) : snsring_drw has 0 polygons
2026-09-21 21:41:06 +0700: Memory Usage (432044K) : sensor_drw has 0 polygons
2026-09-21 21:41:06 +0700: Memory Usage (432044K) : snsarms_drw has 0 polygons
2026-09-21 21:41:06 +0700: Memory Usage (432044K) : snscmosvia_drw has 0 polygons
2026-09-21 21:41:06 +0700: Memory Usage (432044K) : colwind_drw has 0 polygons
2026-09-21 21:41:06 +0700: Memory Usage (432044K) : flm_drw has 0 polygons
2026-09-21 21:41:06 +0700: Memory Usage (432044K) : hafniumox_drw has 0 polygons
2026-09-21 21:41:06 +0700: Memory Usage (432044K) : memvia_drw has 0 polygons
2026-09-21 21:41:06 +0700: Memory Usage (432044K) : thinfilmres_drw has 0 polygons
2026-09-21 21:41:06 +0700: Memory Usage (432044K) : rfmem_drw has 0 polygons
2026-09-21 21:41:06 +0700: Memory Usage (432044K) : norcx_drw has 0 polygons
2026-09-21 21:41:06 +0700: Memory Usage (432044K) : norcx_m2m3 has 0 polygons
2026-09-21 21:41:06 +0700: Memory Usage (432044K) : norcx_m2m4 has 0 polygons
2026-09-21 21:41:06 +0700: Memory Usage (432044K) : norcx_m2m5 has 0 polygons
2026-09-21 21:41:06 +0700: Memory Usage (432044K) : norcx_m2tm1 has 0 polygons
2026-09-21 21:41:06 +0700: Memory Usage (432044K) : norcx_m2tm2 has 0 polygons
2026-09-21 21:41:06 +0700: Memory Usage (432044K) : norcx_m3m4 has 0 polygons
2026-09-21 21:41:06 +0700: Memory Usage (432044K) : norcx_m3m5 has 0 polygons
2026-09-21 21:41:06 +0700: Memory Usage (432044K) : norcx_m3tm1 has 0 polygons
2026-09-21 21:41:06 +0700: Memory Usage (432044K) : norcx_m3tm2 has 0 polygons
2026-09-21 21:41:06 +0700: Memory Usage (432044K) : norcx_m4m5 has 0 polygons
2026-09-21 21:41:06 +0700: Memory Usage (432044K) : norcx_m4tm1 has 0 polygons
2026-09-21 21:41:06 +0700: Memory Usage (432044K) : norcx_m4tm2 has 0 polygons
2026-09-21 21:41:06 +0700: Memory Usage (432044K) : norcx_m5tm1 has 0 polygons
2026-09-21 21:41:06 +0700: Memory Usage (432044K) : norcx_m5tm2 has 0 polygons
2026-09-21 21:41:06 +0700: Memory Usage (432044K) : norcx_tm1tm2 has 0 polygons
2026-09-21 21:41:06 +0700: Memory Usage (432044K) : norcx_m1sub has 0 polygons
2026-09-21 21:41:06 +0700: Memory Usage (432044K) : norcx_m2sub has 0 polygons
2026-09-21 21:41:06 +0700: Memory Usage (432044K) : norcx_m3sub has 0 polygons
2026-09-21 21:41:06 +0700: Memory Usage (432044K) : norcx_m4sub has 0 polygons
2026-09-21 21:41:06 +0700: Memory Usage (432044K) : norcx_m5sub has 0 polygons
2026-09-21 21:41:06 +0700: Memory Usage (432044K) : norcx_tm1sub has 0 polygons
2026-09-21 21:41:06 +0700: Memory Usage (432044K) : norcx_tm2sub has 0 polygons
2026-09-21 21:41:06 +0700: Memory Usage (432044K) : snsbotvia_drw has 0 polygons
2026-09-21 21:41:06 +0700: Memory Usage (432044K) : snstopvia_drw has 0 polygons
2026-09-21 21:41:06 +0700: Memory Usage (432044K) : deepvia_drw has 0 polygons
2026-09-21 21:41:06 +0700: Memory Usage (432044K) : fgetch_drw has 0 polygons
2026-09-21 21:41:06 +0700: Memory Usage (432044K) : ctrgat_drw has 0 polygons
2026-09-21 21:41:06 +0700: Memory Usage (432044K) : fgimp_drw has 0 polygons
2026-09-21 21:41:06 +0700: Memory Usage (432044K) : emwihv_drw has 0 polygons
2026-09-21 21:41:06 +0700: Memory Usage (432044K) : lbe_drw has 0 polygons
2026-09-21 21:41:06 +0700: Memory Usage (432044K) : alcustop_drw has 0 polygons
2026-09-21 21:41:06 +0700: Memory Usage (432044K) : nometfiller_drw has 0 polygons
2026-09-21 21:41:06 +0700: Memory Usage (432044K) : prboundary_drw has 0 polygons
2026-09-21 21:41:06 +0700: Memory Usage (432044K) : exchange0_drw has 0 polygons
2026-09-21 21:41:06 +0700: Memory Usage (432044K) : exchange0_pin has 0 polygons
2026-09-21 21:41:06 +0700: Memory Usage (432044K) : exchange0_text has 0 polygons
2026-09-21 21:41:06 +0700: Memory Usage (432232K) : exchange1_drw has 0 polygons
2026-09-21 21:41:06 +0700: Memory Usage (432232K) : exchange1_pin has 0 polygons
2026-09-21 21:41:06 +0700: Memory Usage (432492K) : exchange1_text has 0 polygons
2026-09-21 21:41:06 +0700: Memory Usage (432492K) : exchange2_drw has 0 polygons
2026-09-21 21:41:06 +0700: Memory Usage (432752K) : exchange2_pin has 0 polygons
2026-09-21 21:41:06 +0700: Memory Usage (432752K) : exchange2_text has 0 polygons
2026-09-21 21:41:06 +0700: Memory Usage (433008K) : exchange3_drw has 0 polygons
2026-09-21 21:41:06 +0700: Memory Usage (433008K) : exchange3_pin has 0 polygons
2026-09-21 21:41:06 +0700: Memory Usage (433008K) : exchange3_text has 0 polygons
2026-09-21 21:41:06 +0700: Memory Usage (433008K) : exchange4_drw has 0 polygons
2026-09-21 21:41:06 +0700: Memory Usage (433008K) : exchange4_pin has 0 polygons
2026-09-21 21:41:06 +0700: Memory Usage (433008K) : exchange4_text has 0 polygons
2026-09-21 21:41:06 +0700: Memory Usage (433008K) : isonwell_drw has 0 polygons
2026-09-21 21:41:06 +0700: Memory Usage (433008K) : Total no. of polygons in the design is 40874
2026-09-21 21:41:06 +0700: Memory Usage (433008K) : Starting base layers derivations
2026-09-21 21:41:06 +0700: Memory Usage (433008K) : Starting general LVS derivations
2026-09-21 21:41:07 +0700: Memory Usage (433952K) : Starting MOSFET DERIVATIONS
2026-09-21 21:41:08 +0700: Memory Usage (436400K) : Starting NMOS DERIVATIONS
2026-09-21 21:41:08 +0700: Memory Usage (436400K) : Starting PMOS DERIVATIONS
2026-09-21 21:41:08 +0700: Memory Usage (436400K) : Starting RF-MOSFET DERIVATIONS
2026-09-21 21:41:08 +0700: Memory Usage (436400K) : Starting RF-NMOS DERIVATIONS
2026-09-21 21:41:08 +0700: Memory Usage (436400K) : Starting RF-PMOS DERIVATIONS
2026-09-21 21:41:08 +0700: Memory Usage (436400K) : Starting BJT DERIVATIONS
2026-09-21 21:41:08 +0700: Memory Usage (436400K) : Starting NPN-BJT DERIVATIONS
2026-09-21 21:41:08 +0700: Memory Usage (436788K) : Starting PNP-BJT DERIVATIONS
2026-09-21 21:41:08 +0700: Memory Usage (438368K) : Starting DIODE DERIVATIONS
2026-09-21 21:41:09 +0700: Memory Usage (441396K) : Starting RESISTOR DERIVATIONS
2026-09-21 21:41:09 +0700: Memory Usage (441396K) : Starting CAP DERIVATIONS
2026-09-21 21:41:09 +0700: Memory Usage (441396K) : Starting ESD DERIVATIONS
2026-09-21 21:41:10 +0700: Memory Usage (441400K) : Starting Inductor DERIVATIONS
2026-09-21 21:41:10 +0700: Memory Usage (441400K) : Starting Taps DERIVATIONS
2026-09-21 21:41:10 +0700: Memory Usage (441400K) : Starting SG13G2 LVS connectivity setup
2026-09-21 21:41:10 +0700: Memory Usage (441400K) : Starting SG13G2 LVS connectivity setup (Inter-layer)
2026-09-21 21:41:10 +0700: Memory Usage (441856K) : Starting SG13G2 LVS connectivity setup (Global)
2026-09-21 21:41:10 +0700: Memory Usage (441856K) : Starting LVS MOSFET CONNECTIONS
2026-09-21 21:41:10 +0700: Memory Usage (441856K) : Starting LVS RF-MOSFET CONNECTIONS
2026-09-21 21:41:10 +0700: Memory Usage (441856K) : Starting LVS BJT CONNECTIONS
2026-09-21 21:41:10 +0700: Memory Usage (441856K) : Starting LVS DIODE CONNECTIONS
2026-09-21 21:41:10 +0700: Memory Usage (441856K) : Starting RESISTOR CONNECTIONS
2026-09-21 21:41:10 +0700: Memory Usage (441856K) : Starting LVS CAP CONNECTIONS
2026-09-21 21:41:10 +0700: Memory Usage (441856K) : Starting ESD CONNECTIONS
2026-09-21 21:41:10 +0700: Memory Usage (441856K) : Starting Inductor CONNECTIONS
2026-09-21 21:41:10 +0700: Memory Usage (441856K) : Starting LVS Taps CONNECTIONS
2026-09-21 21:41:10 +0700: Memory Usage (441856K) : Starting SG13G2 LVS DEVICES EXTRACTION
2026-09-21 21:41:10 +0700: Memory Usage (441856K) : Starting MOSFET EXTRACTION
2026-09-21 21:41:10 +0700: Memory Usage (441856K) : Starting NMOS EXTRACTION
2026-09-21 21:41:10 +0700: Memory Usage (441856K) : Extraction of NMOS-LV transistor
2026-09-21 21:41:11 +0700: Memory Usage (442304K) : Extraction of NMOS-HV transistor
2026-09-21 21:41:11 +0700: Memory Usage (442304K) : Starting PMOS EXTRACTION
2026-09-21 21:41:11 +0700: Memory Usage (442304K) : Extraction of PMOS-LV transistor
2026-09-21 21:41:12 +0700: Memory Usage (442304K) : Extraction of PMOS-HV transistor
2026-09-21 21:41:12 +0700: Memory Usage (442304K) : Starting RF-MOSFET EXTRACTION
2026-09-21 21:41:12 +0700: Memory Usage (442304K) : Extraction of RF-NMOS-LV transistor
2026-09-21 21:41:13 +0700: Memory Usage (444208K) : Extraction of RF-NMOS-HV transistor
2026-09-21 21:41:14 +0700: Memory Usage (444772K) : Extraction of RF-PMOS-LV transistor
2026-09-21 21:41:14 +0700: Memory Usage (444772K) : Extraction of RF-PMOS-HV transistor
2026-09-21 21:41:15 +0700: Memory Usage (444772K) : Starting BJT EXTRACTION
2026-09-21 21:41:15 +0700: Memory Usage (444772K) : Starting NPN-BJT EXTRACTION
2026-09-21 21:41:15 +0700: Memory Usage (444772K) : Extraction of npn13G2 BJT transistor
2026-09-21 21:41:15 +0700: Memory Usage (444772K) : Extraction of npn13G2L BJT transistor
2026-09-21 21:41:15 +0700: Memory Usage (444772K) : Extraction of npn13G2V BJT transistor
2026-09-21 21:41:15 +0700: Memory Usage (444772K) : Starting PNP-BJT EXTRACTION
2026-09-21 21:41:15 +0700: Memory Usage (444772K) : Extracting pnpMPA BJT
2026-09-21 21:41:15 +0700: Memory Usage (444824K) : Starting DIODE EXTRACTION
2026-09-21 21:41:15 +0700: Memory Usage (444824K) : Extracting dantenna diode
2026-09-21 21:41:15 +0700: Memory Usage (444824K) : Extracting dpantenna diode
2026-09-21 21:41:15 +0700: Memory Usage (444824K) : Extracting schottky_nbl1 diode
2026-09-21 21:41:15 +0700: Memory Usage (444824K) : Extracting isolbox diode
2026-09-21 21:41:15 +0700: Memory Usage (444824K) : Starting RESISTOR EXTRACTION
2026-09-21 21:41:15 +0700: Memory Usage (444824K) : Extracting rsil resistor
2026-09-21 21:41:15 +0700: Memory Usage (444824K) : Extracting rppd resistor
2026-09-21 21:41:15 +0700: Memory Usage (444824K) : Extracting rhigh resistor
2026-09-21 21:41:15 +0700: Memory Usage (444824K) : Extracting res_metal1 resistor
2026-09-21 21:41:16 +0700: Memory Usage (447864K) : Extracting res_metal2 resistor
2026-09-21 21:41:16 +0700: Memory Usage (447864K) : Extracting res_metal3 resistor
2026-09-21 21:41:16 +0700: Memory Usage (447864K) : Extracting res_metal4 resistor
2026-09-21 21:41:16 +0700: Memory Usage (447864K) : Extracting res_metal5 resistor
2026-09-21 21:41:16 +0700: Memory Usage (447864K) : Extracting res_topmetal1 resistor
2026-09-21 21:41:16 +0700: Memory Usage (447864K) : Extracting res_topmetal2 resistor
2026-09-21 21:41:16 +0700: Memory Usage (447864K) : Starting CAP EXTRACTION
2026-09-21 21:41:16 +0700: Memory Usage (447864K) : Extracting cap_cmim device
2026-09-21 21:41:16 +0700: Memory Usage (447864K) : Extracting rfcmim device
2026-09-21 21:41:16 +0700: Memory Usage (447864K) : Extracting sg13_hv_svaricap varactor
2026-09-21 21:41:16 +0700: Memory Usage (447864K) : Starting ESD EXTRACTION
2026-09-21 21:41:16 +0700: Memory Usage (447864K) : Extracting diodevdd_2kv ESD device
2026-09-21 21:41:16 +0700: Memory Usage (447864K) : Extracting diodevdd_4kv ESD device
2026-09-21 21:41:16 +0700: Memory Usage (447864K) : Extracting diodevss_2kv ESD device
2026-09-21 21:41:16 +0700: Memory Usage (447864K) : Extracting diodevss_4kv ESD device
2026-09-21 21:41:16 +0700: Memory Usage (447864K) : Extracting idiodevdd_2kv ESD device
2026-09-21 21:41:16 +0700: Memory Usage (447864K) : Extracting idiodevdd_4kv ESD device
2026-09-21 21:41:16 +0700: Memory Usage (447864K) : Extracting idiodevss_2kv ESD device
2026-09-21 21:41:16 +0700: Memory Usage (447864K) : Extracting idiodevss_4kv ESD device
2026-09-21 21:41:16 +0700: Memory Usage (447864K) : Extracting nmoscl_2 ESD device
2026-09-21 21:41:16 +0700: Memory Usage (447864K) : Extracting nmoscl_4 ESD device
2026-09-21 21:41:16 +0700: Memory Usage (447864K) : Starting Inductor EXTRACTION
2026-09-21 21:41:16 +0700: Memory Usage (447864K) : Extracting Inductor2 device
2026-09-21 21:41:16 +0700: Memory Usage (447864K) : Extracting Inductor3 device
2026-09-21 21:41:16 +0700: Memory Usage (447864K) : Starting Taps EXTRACTION
2026-09-21 21:41:16 +0700: Memory Usage (447864K) : Extracting ntap1 device
2026-09-21 21:41:16 +0700: Memory Usage (447864K) : Extracting ptap1 device
2026-09-21 21:41:16 +0700: Memory Usage (447864K) : Starting SG13G2 LVS RF MOS Model Mapping
2026-09-21 21:41:19 +0700: Memory Usage (453140K) : [layout_netlist] Apply RF MOS model mapping and rfmode parameter.
2026-09-21 21:41:19 +0700: Memory Usage (453140K) : Starting SG13G2 LVS Options Preparations
2026-09-21 21:41:19 +0700: Memory Usage (453140K) : SG13G2 LVS flow: extraction -> alignment -> option preparation -> comparison.
2026-09-21 21:41:19 +0700: Memory Usage (453140K) : Starting SG13G2 LVS Alignment
2026-09-21 21:41:19 +0700: Memory Usage (454276K) : Starting SG13G2 LVS Simplification
2026-09-21 21:41:19 +0700: Memory Usage (454276K) : [layout_netlist] simplify: ENABLED
2026-09-21 21:41:19 +0700: Memory Usage (454536K) : [layout_netlist] make_top_level_pins: SKIPPED
2026-09-21 21:41:19 +0700: Memory Usage (454536K) : [layout_netlist] combine_devices: SKIPPED
2026-09-21 21:41:19 +0700: Memory Usage (454536K) : [layout_netlist] purge: SKIPPED
2026-09-21 21:41:19 +0700: Memory Usage (454536K) : [layout_netlist] purge_nets: SKIPPED
2026-09-21 21:41:19 +0700: Memory Usage (454536K) : [schematic_netlist] simplify: ENABLED
2026-09-21 21:41:19 +0700: Memory Usage (454536K) : [schematic_netlist] make_top_level_pins: SKIPPED
2026-09-21 21:41:19 +0700: Memory Usage (454536K) : [schematic_netlist] combine_devices: SKIPPED
2026-09-21 21:41:19 +0700: Memory Usage (454536K) : [schematic_netlist] purge: SKIPPED
2026-09-21 21:41:19 +0700: Memory Usage (454536K) : [schematic_netlist] purge_nets: SKIPPED
2026-09-21 21:41:19 +0700: Memory Usage (454536K) : Starting SG13G2 LVS Comparison in strict port mode.
2026-09-21 21:41:19 +0700: Memory Usage (454536K) : flag_missing_ports enabled: missing/mislabeled top-level ports are treated as errors.
2026-09-21 21:41:22 +0700: Memory Usage (459416K) : xxxxxxxxxxxxxxxxxxxxxxxxxxxxxxxxxxxxxxxxxx
2026-09-21 21:41:22 +0700: Memory Usage (459416K) : ERROR : Netlists don't match
2026-09-21 21:41:22 +0700: Memory Usage (459416K) : xxxxxxxxxxxxxxxxxxxxxxxxxxxxxxxxxxxxxxxxxx
2026-09-21 21:41:22 +0700: Memory Usage (459416K) : LVS Total Run time 18.637119 seconds
