# Logfile created on 2026-09-13 06:51:55 +0200 by logger.rb/v1.4.3
2026-09-13 06:51:55 +0200: Memory Usage (433872K) : Starting running SG13G2 Klayout LVS runset on /home/designer/shared/FloatingGateDCDC/layout/klayout/Full_Layout.gds
2026-09-13 06:51:55 +0200: Memory Usage (433872K) : Ruby Version for klayout: 3.0.2
2026-09-13 06:51:55 +0200: Memory Usage (435788K) : Loading database to memory is complete.
2026-09-13 06:51:55 +0200: Memory Usage (435788K) : SG13G2 Klayout LVS runset output at: /home/designer/shared/FloatingGateDCDC/verification/lvs/Full_Layout.lvsdb
2026-09-13 06:51:55 +0200: Memory Usage (435788K) : Evaluate switches.
2026-09-13 06:51:55 +0200: Memory Usage (435788K) : Extracted netlist with net names: true
2026-09-13 06:51:55 +0200: Memory Usage (435788K) : Extracted netlist with comments in details: false
2026-09-13 06:51:55 +0200: Memory Usage (435788K) : Selected NET_ONLY option: false
2026-09-13 06:51:55 +0200: Memory Usage (435788K) : Selected LAYOUT_NETLIST option: (none)
2026-09-13 06:51:55 +0200: Memory Usage (435788K) : Selected IGNORE_TOP_PORTS_MISMATCH option: 
2026-09-13 06:51:55 +0200: Memory Usage (435788K) : Selected IMPLICIT_NETS option: (none)
2026-09-13 06:51:55 +0200: Memory Usage (435788K) : Selected TOP_LVL_PINS option: false
2026-09-13 06:51:55 +0200: Memory Usage (435788K) : Selected COMBINE DEVICES option: false
2026-09-13 06:51:55 +0200: Memory Usage (435788K) : Selected PURGE option: false
2026-09-13 06:51:55 +0200: Memory Usage (435788K) : Selected PURGE_NETS option: false
2026-09-13 06:51:55 +0200: Memory Usage (435788K) : Selected SIMPLIFY option: true
2026-09-13 06:51:55 +0200: Memory Usage (435788K) : Selected SERIES_RES option: true
2026-09-13 06:51:55 +0200: Memory Usage (435788K) : Selected PARALLEL_RES option: true
2026-09-13 06:51:55 +0200: Memory Usage (435788K) : Selected DISABLE_TAP_EXTRACTION option: false
2026-09-13 06:51:55 +0200: Memory Usage (435788K) : deep  mode is enabled.
2026-09-13 06:51:55 +0200: Memory Usage (437160K) : Netlist file: /home/designer/shared/FloatingGateDCDC/verification/lvs/Full_Layout.spice
2026-09-13 06:51:55 +0200: Memory Usage (437160K) : LVS extracted netlist at: /home/designer/shared/FloatingGateDCDC/verification/lvs/Full_Layout_extracted.cir
2026-09-13 06:51:55 +0200: Memory Usage (437160K) : Applying SRAM integration support.
2026-09-13 06:51:55 +0200: Memory Usage (437160K) : Starting SG13G2 LVS runset
2026-09-13 06:51:55 +0200: Memory Usage (437160K) : Read in polygons from layers.
2026-09-13 06:51:55 +0200: Memory Usage (438844K) : activ_drw has 27929 polygons
2026-09-13 06:51:55 +0200: Memory Usage (438844K) : activ_filler has 0 polygons
2026-09-13 06:51:55 +0200: Memory Usage (438844K) : activ has 27929 polygons
2026-09-13 06:51:55 +0200: Memory Usage (438972K) : activ_pin has 3 polygons
2026-09-13 06:51:55 +0200: Memory Usage (438972K) : activ_mask has 0 polygons
2026-09-13 06:51:55 +0200: Memory Usage (439100K) : activ_nofill has 0 polygons
2026-09-13 06:51:55 +0200: Memory Usage (439100K) : activ_OPC has 0 polygons
2026-09-13 06:51:55 +0200: Memory Usage (439100K) : activ_iOPC has 0 polygons
2026-09-13 06:51:55 +0200: Memory Usage (439228K) : activ_noqrc has 0 polygons
2026-09-13 06:51:55 +0200: Memory Usage (439228K) : biwind_drw has 0 polygons
2026-09-13 06:51:55 +0200: Memory Usage (439356K) : biwind_OPC has 0 polygons
2026-09-13 06:51:55 +0200: Memory Usage (439356K) : gatpoly_drw has 18468 polygons
2026-09-13 06:51:55 +0200: Memory Usage (439484K) : gatpoly_filler has 0 polygons
2026-09-13 06:51:55 +0200: Memory Usage (439612K) : gatpoly has 18468 polygons
2026-09-13 06:51:55 +0200: Memory Usage (439612K) : gatpoly_pin has 22 polygons
2026-09-13 06:51:55 +0200: Memory Usage (439740K) : gatpoly_nofill has 0 polygons
2026-09-13 06:51:55 +0200: Memory Usage (439740K) : gatpoly_OPC has 0 polygons
2026-09-13 06:51:55 +0200: Memory Usage (439868K) : gatpoly_iOPC has 0 polygons
2026-09-13 06:51:55 +0200: Memory Usage (439996K) : gatpoly_noqrc has 0 polygons
2026-09-13 06:51:55 +0200: Memory Usage (440380K) : cont_drw has 300568 polygons
2026-09-13 06:51:55 +0200: Memory Usage (440636K) : cont_OPC has 0 polygons
2026-09-13 06:51:55 +0200: Memory Usage (440764K) : nsd_drw has 5 polygons
2026-09-13 06:51:55 +0200: Memory Usage (440892K) : nsd_block has 0 polygons
2026-09-13 06:51:55 +0200: Memory Usage (441148K) : metal1_drw has 39513 polygons
2026-09-13 06:51:55 +0200: Memory Usage (441404K) : metal1_filler has 0 polygons
2026-09-13 06:51:55 +0200: Memory Usage (441404K) : metal1_slit has 0 polygons
2026-09-13 06:51:55 +0200: Memory Usage (441660K) : metal1 has 39513 polygons
2026-09-13 06:51:55 +0200: Memory Usage (441916K) : metal1_pin has 80 polygons
2026-09-13 06:51:55 +0200: Memory Usage (441916K) : metal1_mask has 0 polygons
2026-09-13 06:51:55 +0200: Memory Usage (442044K) : metal1_nofill has 0 polygons
2026-09-13 06:51:55 +0200: Memory Usage (442172K) : metal1_text has 53 polygons
2026-09-13 06:51:55 +0200: Memory Usage (442300K) : metal1_OPC has 0 polygons
2026-09-13 06:51:55 +0200: Memory Usage (442300K) : metal1_noqrc has 0 polygons
2026-09-13 06:51:55 +0200: Memory Usage (442428K) : metal1_res has 0 polygons
2026-09-13 06:51:55 +0200: Memory Usage (442428K) : metal1_iprobe has 0 polygons
2026-09-13 06:51:55 +0200: Memory Usage (442556K) : metal1_diffprb has 0 polygons
2026-09-13 06:51:55 +0200: Memory Usage (442556K) : passiv_drw has 0 polygons
2026-09-13 06:51:55 +0200: Memory Usage (442684K) : passiv_pin has 0 polygons
2026-09-13 06:51:55 +0200: Memory Usage (442684K) : passiv_sbump has 0 polygons
2026-09-13 06:51:55 +0200: Memory Usage (442812K) : passiv_pillar has 0 polygons
2026-09-13 06:51:55 +0200: Memory Usage (442812K) : passiv_pdl has 0 polygons
2026-09-13 06:51:55 +0200: Memory Usage (442940K) : metal2_drw has 39470 polygons
2026-09-13 06:51:55 +0200: Memory Usage (443068K) : metal2_filler has 0 polygons
2026-09-13 06:51:55 +0200: Memory Usage (443068K) : metal2_slit has 0 polygons
2026-09-13 06:51:55 +0200: Memory Usage (443324K) : metal2 has 39470 polygons
2026-09-13 06:51:55 +0200: Memory Usage (443452K) : metal2_pin has 1 polygons
2026-09-13 06:51:55 +0200: Memory Usage (443452K) : metal2_mask has 0 polygons
2026-09-13 06:51:55 +0200: Memory Usage (443580K) : metal2_nofill has 0 polygons
2026-09-13 06:51:55 +0200: Memory Usage (443580K) : metal2_text has 6 polygons
2026-09-13 06:51:55 +0200: Memory Usage (443708K) : metal2_OPC has 0 polygons
2026-09-13 06:51:55 +0200: Memory Usage (443836K) : metal2_noqrc has 0 polygons
2026-09-13 06:51:55 +0200: Memory Usage (443836K) : metal2_res has 0 polygons
2026-09-13 06:51:55 +0200: Memory Usage (443964K) : metal2_iprobe has 0 polygons
2026-09-13 06:51:55 +0200: Memory Usage (443964K) : metal2_diffprb has 0 polygons
2026-09-13 06:51:55 +0200: Memory Usage (444092K) : baspoly_drw has 0 polygons
2026-09-13 06:51:55 +0200: Memory Usage (444092K) : baspoly_pin has 0 polygons
2026-09-13 06:51:55 +0200: Memory Usage (444220K) : psd_drw has 179 polygons
2026-09-13 06:51:55 +0200: Memory Usage (444220K) : nldb_drw has 0 polygons
2026-09-13 06:51:55 +0200: Memory Usage (444348K) : digibnd_drw has 0 polygons
2026-09-13 06:51:55 +0200: Memory Usage (444476K) : via1_drw has 231469 polygons
2026-09-13 06:51:55 +0200: Memory Usage (444732K) : backmetal1_drw has 0 polygons
2026-09-13 06:51:55 +0200: Memory Usage (444860K) : backmetal1_pin has 0 polygons
2026-09-13 06:51:55 +0200: Memory Usage (444860K) : backmetal1_mask has 0 polygons
2026-09-13 06:51:55 +0200: Memory Usage (444988K) : backmetal1_filler has 0 polygons
2026-09-13 06:51:55 +0200: Memory Usage (444988K) : backmetal1_nofill has 0 polygons
2026-09-13 06:51:55 +0200: Memory Usage (445116K) : backmetal1_slit has 0 polygons
2026-09-13 06:51:55 +0200: Memory Usage (445116K) : backmetal1_text has 0 polygons
2026-09-13 06:51:55 +0200: Memory Usage (445244K) : backmetal1_OPC has 0 polygons
2026-09-13 06:51:55 +0200: Memory Usage (445244K) : backmetal1_noqrc has 0 polygons
2026-09-13 06:51:55 +0200: Memory Usage (445372K) : backmetal1_res has 0 polygons
2026-09-13 06:51:55 +0200: Memory Usage (445500K) : backmetal1_iprobe has 0 polygons
2026-09-13 06:51:55 +0200: Memory Usage (445500K) : backmetal1_diffprb has 0 polygons
2026-09-13 06:51:55 +0200: Memory Usage (445628K) : backpassiv_drw has 0 polygons
2026-09-13 06:51:55 +0200: Memory Usage (445628K) : res_drw has 0 polygons
2026-09-13 06:51:55 +0200: Memory Usage (445756K) : sram_drw has 0 polygons
2026-09-13 06:51:55 +0200: Memory Usage (445756K) : trans_drw has 0 polygons
2026-09-13 06:51:55 +0200: Memory Usage (445884K) : ind_drw has 0 polygons
2026-09-13 06:51:55 +0200: Memory Usage (445884K) : ind_pin has 0 polygons
2026-09-13 06:51:55 +0200: Memory Usage (446012K) : ind_text has 0 polygons
2026-09-13 06:51:55 +0200: Memory Usage (446012K) : salblock_drw has 0 polygons
2026-09-13 06:51:55 +0200: Memory Usage (446140K) : via2_drw has 182770 polygons
2026-09-13 06:51:55 +0200: Memory Usage (446140K) : metal3_drw has 24967 polygons
2026-09-13 06:51:55 +0200: Memory Usage (446268K) : metal3_filler has 0 polygons
2026-09-13 06:51:55 +0200: Memory Usage (446396K) : metal3_slit has 0 polygons
2026-09-13 06:51:55 +0200: Memory Usage (446524K) : metal3 has 24967 polygons
2026-09-13 06:51:55 +0200: Memory Usage (446652K) : metal3_pin has 10 polygons
2026-09-13 06:51:55 +0200: Memory Usage (446652K) : metal3_mask has 0 polygons
2026-09-13 06:51:55 +0200: Memory Usage (446780K) : metal3_nofill has 0 polygons
2026-09-13 06:51:55 +0200: Memory Usage (446780K) : metal3_text has 14 polygons
2026-09-13 06:51:55 +0200: Memory Usage (446908K) : metal3_OPC has 0 polygons
2026-09-13 06:51:55 +0200: Memory Usage (446908K) : metal3_noqrc has 0 polygons
2026-09-13 06:51:55 +0200: Memory Usage (447036K) : metal3_res has 0 polygons
2026-09-13 06:51:55 +0200: Memory Usage (447164K) : metal3_iprobe has 0 polygons
2026-09-13 06:51:55 +0200: Memory Usage (447164K) : metal3_diffprb has 0 polygons
2026-09-13 06:51:55 +0200: Memory Usage (447292K) : nwell_drw has 87 polygons
2026-09-13 06:51:55 +0200: Memory Usage (447292K) : nwell_pin has 0 polygons
2026-09-13 06:51:55 +0200: Memory Usage (447420K) : nwell_text has 0 polygons
2026-09-13 06:51:55 +0200: Memory Usage (447420K) : nbulay_drw has 6 polygons
2026-09-13 06:51:55 +0200: Memory Usage (447548K) : nbulay_pin has 0 polygons
2026-09-13 06:51:55 +0200: Memory Usage (447548K) : nbulay_block has 0 polygons
2026-09-13 06:51:55 +0200: Memory Usage (447676K) : emwind_drw has 0 polygons
2026-09-13 06:51:55 +0200: Memory Usage (447676K) : emwind_OPC has 0 polygons
2026-09-13 06:51:55 +0200: Memory Usage (447804K) : deepco_drw has 0 polygons
2026-09-13 06:51:55 +0200: Memory Usage (447804K) : mim_drw has 59 polygons
2026-09-13 06:51:55 +0200: Memory Usage (447932K) : edgeseal_drw has 0 polygons
2026-09-13 06:51:55 +0200: Memory Usage (447932K) : substrate_drw has 16 polygons
2026-09-13 06:51:55 +0200: Memory Usage (448060K) : substrate_text has 0 polygons
2026-09-13 06:51:55 +0200: Memory Usage (448060K) : dfpad_drw has 0 polygons
2026-09-13 06:51:55 +0200: Memory Usage (448188K) : dfpad_pillar has 0 polygons
2026-09-13 06:51:55 +0200: Memory Usage (448188K) : dfpad_sbump has 0 polygons
2026-09-13 06:51:55 +0200: Memory Usage (448316K) : thickgateox_drw has 324 polygons
2026-09-13 06:51:55 +0200: Memory Usage (448316K) : pldb_drw has 0 polygons
2026-09-13 06:51:55 +0200: Memory Usage (448444K) : pwell_drw has 0 polygons
2026-09-13 06:51:55 +0200: Memory Usage (448572K) : pwell_pin has 0 polygons
2026-09-13 06:51:55 +0200: Memory Usage (448572K) : pwell_block has 0 polygons
2026-09-13 06:51:55 +0200: Memory Usage (448700K) : ic_drw has 0 polygons
2026-09-13 06:51:55 +0200: Memory Usage (448700K) : via3_drw has 138760 polygons
2026-09-13 06:51:55 +0200: Memory Usage (448828K) : metal4_drw has 13170 polygons
2026-09-13 06:51:55 +0200: Memory Usage (448828K) : metal4_filler has 0 polygons
2026-09-13 06:51:55 +0200: Memory Usage (448956K) : metal4_slit has 0 polygons
2026-09-13 06:51:55 +0200: Memory Usage (449084K) : metal4 has 13170 polygons
2026-09-13 06:51:55 +0200: Memory Usage (449084K) : metal4_pin has 1 polygons
2026-09-13 06:51:55 +0200: Memory Usage (449212K) : metal4_mask has 0 polygons
2026-09-13 06:51:55 +0200: Memory Usage (449212K) : metal4_nofill has 0 polygons
2026-09-13 06:51:55 +0200: Memory Usage (449340K) : metal4_text has 1 polygons
2026-09-13 06:51:55 +0200: Memory Usage (449468K) : metal4_OPC has 0 polygons
2026-09-13 06:51:55 +0200: Memory Usage (449468K) : metal4_noqrc has 0 polygons
2026-09-13 06:51:55 +0200: Memory Usage (449596K) : metal4_res has 0 polygons
2026-09-13 06:51:55 +0200: Memory Usage (449596K) : metal4_iprobe has 0 polygons
2026-09-13 06:51:55 +0200: Memory Usage (449724K) : metal4_diffprb has 0 polygons
2026-09-13 06:51:55 +0200: Memory Usage (449724K) : heattrans_drw has 9082 polygons
2026-09-13 06:51:55 +0200: Memory Usage (449852K) : heatres_drw has 0 polygons
2026-09-13 06:51:55 +0200: Memory Usage (449980K) : fbe_drw has 0 polygons
2026-09-13 06:51:55 +0200: Memory Usage (449980K) : empoly_drw has 0 polygons
2026-09-13 06:51:55 +0200: Memory Usage (450108K) : digisub_drw has 0 polygons
2026-09-13 06:51:55 +0200: Memory Usage (450108K) : text_drw has 30 polygons
2026-09-13 06:51:55 +0200: Memory Usage (450236K) : via4_drw has 123149 polygons
2026-09-13 06:51:55 +0200: Memory Usage (450236K) : metal5_drw has 512 polygons
2026-09-13 06:51:55 +0200: Memory Usage (450364K) : metal5_filler has 0 polygons
2026-09-13 06:51:55 +0200: Memory Usage (450492K) : metal5_slit has 0 polygons
2026-09-13 06:51:55 +0200: Memory Usage (450620K) : metal5 has 512 polygons
2026-09-13 06:51:55 +0200: Memory Usage (450620K) : metal5_pin has 3 polygons
2026-09-13 06:51:55 +0200: Memory Usage (450748K) : metal5_mask has 0 polygons
2026-09-13 06:51:55 +0200: Memory Usage (450876K) : metal5_nofill has 0 polygons
2026-09-13 06:51:55 +0200: Memory Usage (450876K) : metal5_text has 8 polygons
2026-09-13 06:51:55 +0200: Memory Usage (451004K) : metal5_OPC has 0 polygons
2026-09-13 06:51:55 +0200: Memory Usage (451004K) : metal5_noqrc has 0 polygons
2026-09-13 06:51:55 +0200: Memory Usage (451132K) : metal5_res has 0 polygons
2026-09-13 06:51:55 +0200: Memory Usage (451132K) : metal5_iprobe has 0 polygons
2026-09-13 06:51:55 +0200: Memory Usage (451260K) : metal5_diffprb has 0 polygons
2026-09-13 06:51:55 +0200: Memory Usage (451260K) : radhard_drw has 0 polygons
2026-09-13 06:51:55 +0200: Memory Usage (451388K) : memcap_drw has 0 polygons
2026-09-13 06:51:55 +0200: Memory Usage (451388K) : varicap_drw has 0 polygons
2026-09-13 06:51:55 +0200: Memory Usage (451516K) : intbondvia_drw has 0 polygons
2026-09-13 06:51:55 +0200: Memory Usage (451516K) : intbondmet_drw has 0 polygons
2026-09-13 06:51:55 +0200: Memory Usage (451644K) : devbondvia_drw has 0 polygons
2026-09-13 06:51:55 +0200: Memory Usage (451644K) : devbondmet_drw has 0 polygons
2026-09-13 06:51:55 +0200: Memory Usage (451772K) : devtrench_drw has 0 polygons
2026-09-13 06:51:55 +0200: Memory Usage (451772K) : redist_drw has 0 polygons
2026-09-13 06:51:55 +0200: Memory Usage (451772K) : graphbot_drw has 0 polygons
2026-09-13 06:51:55 +0200: Memory Usage (451772K) : graphtop_drw has 0 polygons
2026-09-13 06:51:55 +0200: Memory Usage (451772K) : antvia1_drw has 0 polygons
2026-09-13 06:51:55 +0200: Memory Usage (451772K) : antmetal2_drw has 0 polygons
2026-09-13 06:51:55 +0200: Memory Usage (451772K) : graphcont_drw has 0 polygons
2026-09-13 06:51:55 +0200: Memory Usage (451772K) : siwg_drw has 0 polygons
2026-09-13 06:51:55 +0200: Memory Usage (451772K) : siwg_filler has 0 polygons
2026-09-13 06:51:55 +0200: Memory Usage (451772K) : siwg_nofill has 0 polygons
2026-09-13 06:51:55 +0200: Memory Usage (451772K) : sigrating_drw has 0 polygons
2026-09-13 06:51:55 +0200: Memory Usage (451772K) : singrating_drw has 0 polygons
2026-09-13 06:51:55 +0200: Memory Usage (451772K) : graphpas_drw has 0 polygons
2026-09-13 06:51:55 +0200: Memory Usage (451772K) : emwind3_drw has 0 polygons
2026-09-13 06:51:55 +0200: Memory Usage (451772K) : emwihv3_drw has 0 polygons
2026-09-13 06:51:55 +0200: Memory Usage (451772K) : redbulay_drw has 0 polygons
2026-09-13 06:51:55 +0200: Memory Usage (451772K) : smos_drw has 0 polygons
2026-09-13 06:51:55 +0200: Memory Usage (451772K) : graphpad_drw has 0 polygons
2026-09-13 06:51:55 +0200: Memory Usage (451772K) : polimide_drw has 0 polygons
2026-09-13 06:51:55 +0200: Memory Usage (451772K) : polimide_pin has 0 polygons
2026-09-13 06:51:55 +0200: Memory Usage (451772K) : recog_drw has 0 polygons
2026-09-13 06:51:55 +0200: Memory Usage (451772K) : recog_pin has 0 polygons
2026-09-13 06:51:55 +0200: Memory Usage (451772K) : recog_esd has 0 polygons
2026-09-13 06:51:55 +0200: Memory Usage (451772K) : recog_diode has 0 polygons
2026-09-13 06:51:55 +0200: Memory Usage (451772K) : recog_tsv has 0 polygons
2026-09-13 06:51:55 +0200: Memory Usage (451772K) : recog_iprobe has 0 polygons
2026-09-13 06:51:55 +0200: Memory Usage (451772K) : recog_diffprb has 0 polygons
2026-09-13 06:51:55 +0200: Memory Usage (451772K) : recog_pillar has 0 polygons
2026-09-13 06:51:55 +0200: Memory Usage (451772K) : recog_sbump has 0 polygons
2026-09-13 06:51:55 +0200: Memory Usage (451772K) : recog_otp has 0 polygons
2026-09-13 06:51:55 +0200: Memory Usage (451772K) : recog_pdiode has 0 polygons
2026-09-13 06:51:55 +0200: Memory Usage (451772K) : recog_mom has 0 polygons
2026-09-13 06:51:55 +0200: Memory Usage (451772K) : recog_momf has 0 polygons
2026-09-13 06:51:55 +0200: Memory Usage (451772K) : recog_pcm has 0 polygons
2026-09-13 06:51:55 +0200: Memory Usage (451772K) : colopen_drw has 0 polygons
2026-09-13 06:51:55 +0200: Memory Usage (451772K) : graphmetal1_drw has 0 polygons
2026-09-13 06:51:55 +0200: Memory Usage (451772K) : graphmetal1_filler has 0 polygons
2026-09-13 06:51:55 +0200: Memory Usage (451772K) : graphmetal1_nofill has 0 polygons
2026-09-13 06:51:55 +0200: Memory Usage (451772K) : graphmetal1_slit has 0 polygons
2026-09-13 06:51:55 +0200: Memory Usage (451772K) : graphmetal1_OPC has 0 polygons
2026-09-13 06:51:56 +0200: Memory Usage (451772K) : graphmet1l_drw has 0 polygons
2026-09-13 06:51:56 +0200: Memory Usage (451772K) : graphmet1l_filler has 0 polygons
2026-09-13 06:51:56 +0200: Memory Usage (451772K) : graphmet1l_nofill has 0 polygons
2026-09-13 06:51:56 +0200: Memory Usage (451772K) : graphmet1l_slit has 0 polygons
2026-09-13 06:51:56 +0200: Memory Usage (451772K) : graphmet1l_OPC has 0 polygons
2026-09-13 06:51:56 +0200: Memory Usage (451772K) : extblock_drw has 0 polygons
2026-09-13 06:51:56 +0200: Memory Usage (451772K) : nldd_drw has 0 polygons
2026-09-13 06:51:56 +0200: Memory Usage (451772K) : pldd_drw has 0 polygons
2026-09-13 06:51:56 +0200: Memory Usage (451772K) : next_drw has 0 polygons
2026-09-13 06:51:56 +0200: Memory Usage (451772K) : pext_drw has 0 polygons
2026-09-13 06:51:56 +0200: Memory Usage (451772K) : nexthv_drw has 0 polygons
2026-09-13 06:51:56 +0200: Memory Usage (451772K) : pexthv_drw has 0 polygons
2026-09-13 06:51:56 +0200: Memory Usage (451772K) : graphgate_drw has 0 polygons
2026-09-13 06:51:56 +0200: Memory Usage (451772K) : sinwg_drw has 0 polygons
2026-09-13 06:51:56 +0200: Memory Usage (451772K) : sinwg_filler has 0 polygons
2026-09-13 06:51:56 +0200: Memory Usage (451772K) : sinwg_nofill has 0 polygons
2026-09-13 06:51:56 +0200: Memory Usage (451772K) : mempad_drw has 0 polygons
2026-09-13 06:51:56 +0200: Memory Usage (451772K) : topvia1_drw has 5 polygons
2026-09-13 06:51:56 +0200: Memory Usage (451772K) : topmetal1_drw has 75 polygons
2026-09-13 06:51:56 +0200: Memory Usage (451772K) : topmetal1_filler has 0 polygons
2026-09-13 06:51:56 +0200: Memory Usage (451772K) : topmetal1_slit has 0 polygons
2026-09-13 06:51:56 +0200: Memory Usage (451772K) : topmetal1 has 75 polygons
2026-09-13 06:51:56 +0200: Memory Usage (451772K) : topmetal1_pin has 0 polygons
2026-09-13 06:51:56 +0200: Memory Usage (451772K) : topmetal1_mask has 0 polygons
2026-09-13 06:51:56 +0200: Memory Usage (451772K) : topmetal1_nofill has 0 polygons
2026-09-13 06:51:56 +0200: Memory Usage (451772K) : topmetal1_text has 0 polygons
2026-09-13 06:51:56 +0200: Memory Usage (451772K) : topmetal1_noqrc has 0 polygons
2026-09-13 06:51:56 +0200: Memory Usage (451772K) : topmetal1_res has 0 polygons
2026-09-13 06:51:56 +0200: Memory Usage (451772K) : topmetal1_iprobe has 0 polygons
2026-09-13 06:51:56 +0200: Memory Usage (451772K) : topmetal1_diffprb has 0 polygons
2026-09-13 06:51:56 +0200: Memory Usage (451772K) : inldpwl_drw has 0 polygons
2026-09-13 06:51:56 +0200: Memory Usage (451772K) : polyres_drw has 0 polygons
2026-09-13 06:51:56 +0200: Memory Usage (451772K) : polyres_pin has 0 polygons
2026-09-13 06:51:56 +0200: Memory Usage (451772K) : vmim_drw has 151851 polygons
2026-09-13 06:51:56 +0200: Memory Usage (451772K) : nbulaycut_drw has 0 polygons
2026-09-13 06:51:56 +0200: Memory Usage (451772K) : antmetal1_drw has 0 polygons
2026-09-13 06:51:56 +0200: Memory Usage (451772K) : topvia2_drw has 0 polygons
2026-09-13 06:51:56 +0200: Memory Usage (451772K) : topmetal2_drw has 0 polygons
2026-09-13 06:51:56 +0200: Memory Usage (451772K) : topmetal2_filler has 0 polygons
2026-09-13 06:51:56 +0200: Memory Usage (451772K) : topmetal2_slit has 0 polygons
2026-09-13 06:51:56 +0200: Memory Usage (451772K) : topmetal2 has 0 polygons
2026-09-13 06:51:56 +0200: Memory Usage (451772K) : topmetal2_pin has 0 polygons
2026-09-13 06:51:56 +0200: Memory Usage (451772K) : topmetal2_mask has 0 polygons
2026-09-13 06:51:56 +0200: Memory Usage (451772K) : topmetal2_nofill has 0 polygons
2026-09-13 06:51:56 +0200: Memory Usage (451772K) : topmetal2_text has 0 polygons
2026-09-13 06:51:56 +0200: Memory Usage (451772K) : topmetal2_noqrc has 0 polygons
2026-09-13 06:51:56 +0200: Memory Usage (451772K) : topmetal2_res has 0 polygons
2026-09-13 06:51:56 +0200: Memory Usage (451772K) : topmetal2_iprobe has 0 polygons
2026-09-13 06:51:56 +0200: Memory Usage (451772K) : topmetal2_diffprb has 0 polygons
2026-09-13 06:51:56 +0200: Memory Usage (451772K) : snsring_drw has 0 polygons
2026-09-13 06:51:56 +0200: Memory Usage (451772K) : sensor_drw has 0 polygons
2026-09-13 06:51:56 +0200: Memory Usage (451772K) : snsarms_drw has 0 polygons
2026-09-13 06:51:56 +0200: Memory Usage (451772K) : snscmosvia_drw has 0 polygons
2026-09-13 06:51:56 +0200: Memory Usage (451772K) : colwind_drw has 0 polygons
2026-09-13 06:51:56 +0200: Memory Usage (451772K) : flm_drw has 0 polygons
2026-09-13 06:51:56 +0200: Memory Usage (451772K) : hafniumox_drw has 0 polygons
2026-09-13 06:51:56 +0200: Memory Usage (451772K) : memvia_drw has 0 polygons
2026-09-13 06:51:56 +0200: Memory Usage (451772K) : thinfilmres_drw has 0 polygons
2026-09-13 06:51:56 +0200: Memory Usage (451772K) : rfmem_drw has 0 polygons
2026-09-13 06:51:56 +0200: Memory Usage (451772K) : norcx_drw has 0 polygons
2026-09-13 06:51:56 +0200: Memory Usage (451772K) : norcx_m2m3 has 0 polygons
2026-09-13 06:51:56 +0200: Memory Usage (451772K) : norcx_m2m4 has 0 polygons
2026-09-13 06:51:56 +0200: Memory Usage (451772K) : norcx_m2m5 has 0 polygons
2026-09-13 06:51:56 +0200: Memory Usage (451772K) : norcx_m2tm1 has 0 polygons
2026-09-13 06:51:56 +0200: Memory Usage (451772K) : norcx_m2tm2 has 0 polygons
2026-09-13 06:51:56 +0200: Memory Usage (451772K) : norcx_m3m4 has 0 polygons
2026-09-13 06:51:56 +0200: Memory Usage (451772K) : norcx_m3m5 has 0 polygons
2026-09-13 06:51:56 +0200: Memory Usage (451772K) : norcx_m3tm1 has 0 polygons
2026-09-13 06:51:56 +0200: Memory Usage (451772K) : norcx_m3tm2 has 0 polygons
2026-09-13 06:51:56 +0200: Memory Usage (451772K) : norcx_m4m5 has 0 polygons
2026-09-13 06:51:56 +0200: Memory Usage (451772K) : norcx_m4tm1 has 0 polygons
2026-09-13 06:51:56 +0200: Memory Usage (451772K) : norcx_m4tm2 has 0 polygons
2026-09-13 06:51:56 +0200: Memory Usage (451772K) : norcx_m5tm1 has 0 polygons
2026-09-13 06:51:56 +0200: Memory Usage (451772K) : norcx_m5tm2 has 0 polygons
2026-09-13 06:51:56 +0200: Memory Usage (451772K) : norcx_tm1tm2 has 0 polygons
2026-09-13 06:51:56 +0200: Memory Usage (451772K) : norcx_m1sub has 0 polygons
2026-09-13 06:51:56 +0200: Memory Usage (451772K) : norcx_m2sub has 0 polygons
2026-09-13 06:51:56 +0200: Memory Usage (451772K) : norcx_m3sub has 0 polygons
2026-09-13 06:51:56 +0200: Memory Usage (451772K) : norcx_m4sub has 0 polygons
2026-09-13 06:51:56 +0200: Memory Usage (451772K) : norcx_m5sub has 0 polygons
2026-09-13 06:51:56 +0200: Memory Usage (451772K) : norcx_tm1sub has 0 polygons
2026-09-13 06:51:56 +0200: Memory Usage (451772K) : norcx_tm2sub has 0 polygons
2026-09-13 06:51:56 +0200: Memory Usage (451772K) : snsbotvia_drw has 0 polygons
2026-09-13 06:51:56 +0200: Memory Usage (451772K) : snstopvia_drw has 0 polygons
2026-09-13 06:51:56 +0200: Memory Usage (451772K) : deepvia_drw has 0 polygons
2026-09-13 06:51:56 +0200: Memory Usage (451772K) : fgetch_drw has 0 polygons
2026-09-13 06:51:56 +0200: Memory Usage (451772K) : ctrgat_drw has 0 polygons
2026-09-13 06:51:56 +0200: Memory Usage (451772K) : fgimp_drw has 0 polygons
2026-09-13 06:51:56 +0200: Memory Usage (451772K) : emwihv_drw has 0 polygons
2026-09-13 06:51:56 +0200: Memory Usage (451772K) : lbe_drw has 0 polygons
2026-09-13 06:51:56 +0200: Memory Usage (451772K) : alcustop_drw has 0 polygons
2026-09-13 06:51:56 +0200: Memory Usage (451772K) : nometfiller_drw has 0 polygons
2026-09-13 06:51:56 +0200: Memory Usage (451772K) : prboundary_drw has 0 polygons
2026-09-13 06:51:56 +0200: Memory Usage (451772K) : exchange0_drw has 0 polygons
2026-09-13 06:51:56 +0200: Memory Usage (451772K) : exchange0_pin has 0 polygons
2026-09-13 06:51:56 +0200: Memory Usage (451772K) : exchange0_text has 0 polygons
2026-09-13 06:51:56 +0200: Memory Usage (451772K) : exchange1_drw has 0 polygons
2026-09-13 06:51:56 +0200: Memory Usage (451772K) : exchange1_pin has 0 polygons
2026-09-13 06:51:56 +0200: Memory Usage (451772K) : exchange1_text has 0 polygons
2026-09-13 06:51:56 +0200: Memory Usage (451772K) : exchange2_drw has 0 polygons
2026-09-13 06:51:56 +0200: Memory Usage (451772K) : exchange2_pin has 0 polygons
2026-09-13 06:51:56 +0200: Memory Usage (451772K) : exchange2_text has 0 polygons
2026-09-13 06:51:56 +0200: Memory Usage (451772K) : exchange3_drw has 0 polygons
2026-09-13 06:51:56 +0200: Memory Usage (451772K) : exchange3_pin has 0 polygons
2026-09-13 06:51:56 +0200: Memory Usage (451772K) : exchange3_text has 0 polygons
2026-09-13 06:51:56 +0200: Memory Usage (451772K) : exchange4_drw has 0 polygons
2026-09-13 06:51:56 +0200: Memory Usage (451900K) : exchange4_pin has 0 polygons
2026-09-13 06:51:56 +0200: Memory Usage (451900K) : exchange4_text has 0 polygons
2026-09-13 06:51:56 +0200: Memory Usage (452028K) : isonwell_drw has 0 polygons
2026-09-13 06:51:56 +0200: Memory Usage (452028K) : Total no. of polygons in the design is 1302666
2026-09-13 06:51:56 +0200: Memory Usage (452028K) : Starting base layers derivations
2026-09-13 06:51:56 +0200: Memory Usage (452028K) : Starting general LVS derivations
2026-09-13 06:51:56 +0200: Memory Usage (460392K) : Starting MOSFET DERIVATIONS
2026-09-13 06:51:56 +0200: Memory Usage (463080K) : Starting NMOS DERIVATIONS
2026-09-13 06:51:56 +0200: Memory Usage (463080K) : Starting PMOS DERIVATIONS
2026-09-13 06:51:56 +0200: Memory Usage (463080K) : Starting RF-MOSFET DERIVATIONS
2026-09-13 06:51:56 +0200: Memory Usage (463080K) : Starting RF-NMOS DERIVATIONS
2026-09-13 06:51:56 +0200: Memory Usage (463080K) : Starting RF-PMOS DERIVATIONS
2026-09-13 06:51:56 +0200: Memory Usage (463080K) : Starting BJT DERIVATIONS
2026-09-13 06:51:56 +0200: Memory Usage (463080K) : Starting NPN-BJT DERIVATIONS
2026-09-13 06:51:57 +0200: Memory Usage (463080K) : Starting PNP-BJT DERIVATIONS
2026-09-13 06:51:57 +0200: Memory Usage (465984K) : Starting DIODE DERIVATIONS
2026-09-13 06:51:57 +0200: Memory Usage (465984K) : Starting RESISTOR DERIVATIONS
2026-09-13 06:51:58 +0200: Memory Usage (465984K) : Starting CAP DERIVATIONS
2026-09-13 06:51:58 +0200: Memory Usage (469612K) : Starting CAP_CMOM DERIVATIONS
2026-09-13 06:51:58 +0200: Memory Usage (469612K) : Starting CAP_CMOMF DERIVATIONS
2026-09-13 06:51:58 +0200: Memory Usage (469612K) : Starting ESD DERIVATIONS
2026-09-13 06:51:59 +0200: Memory Usage (469612K) : Starting Inductor DERIVATIONS
2026-09-13 06:51:59 +0200: Memory Usage (469612K) : Starting Taps DERIVATIONS
2026-09-13 06:51:59 +0200: Memory Usage (469612K) : Starting SG13G2 LVS connectivity setup
2026-09-13 06:51:59 +0200: Memory Usage (469612K) : Starting SG13G2 LVS connectivity setup (Inter-layer)
2026-09-13 06:51:59 +0200: Memory Usage (469740K) : Starting SG13G2 LVS connectivity setup (Global)
2026-09-13 06:51:59 +0200: Memory Usage (469740K) : Starting LVS MOSFET CONNECTIONS
2026-09-13 06:51:59 +0200: Memory Usage (469740K) : Starting LVS RF-MOSFET CONNECTIONS
2026-09-13 06:51:59 +0200: Memory Usage (469740K) : Starting LVS BJT CONNECTIONS
2026-09-13 06:51:59 +0200: Memory Usage (469740K) : Starting LVS DIODE CONNECTIONS
2026-09-13 06:51:59 +0200: Memory Usage (469740K) : Starting RESISTOR CONNECTIONS
2026-09-13 06:51:59 +0200: Memory Usage (469740K) : Starting LVS CAP CONNECTIONS
2026-09-13 06:51:59 +0200: Memory Usage (469740K) : Starting CAP_CMOM CONNECTIONS
2026-09-13 06:51:59 +0200: Memory Usage (469740K) : Starting CAP_CMOMF CONNECTIONS
2026-09-13 06:51:59 +0200: Memory Usage (469740K) : Starting ESD CONNECTIONS
2026-09-13 06:51:59 +0200: Memory Usage (469740K) : Starting Inductor CONNECTIONS
2026-09-13 06:51:59 +0200: Memory Usage (469740K) : Starting LVS Taps CONNECTIONS
2026-09-13 06:51:59 +0200: Memory Usage (469740K) : Starting SG13G2 LVS DEVICES EXTRACTION
2026-09-13 06:51:59 +0200: Memory Usage (469740K) : Starting MOSFET EXTRACTION
2026-09-13 06:51:59 +0200: Memory Usage (469740K) : Starting NMOS EXTRACTION
2026-09-13 06:51:59 +0200: Memory Usage (469740K) : Extraction of NMOS-LV transistor
2026-09-13 06:51:59 +0200: Memory Usage (469928K) : Extraction of NMOS-HV transistor
2026-09-13 06:51:59 +0200: Memory Usage (469928K) : Starting PMOS EXTRACTION
2026-09-13 06:51:59 +0200: Memory Usage (469928K) : Extraction of PMOS-LV transistor
2026-09-13 06:51:59 +0200: Memory Usage (469928K) : Extraction of PMOS-HV transistor
2026-09-13 06:51:59 +0200: Memory Usage (469928K) : Starting RF-MOSFET EXTRACTION
2026-09-13 06:51:59 +0200: Memory Usage (469928K) : Extraction of RF-NMOS-LV transistor
2026-09-13 06:51:59 +0200: Memory Usage (469928K) : Extraction of RF-NMOS-HV transistor
2026-09-13 06:51:59 +0200: Memory Usage (469928K) : Extraction of RF-PMOS-LV transistor
2026-09-13 06:51:59 +0200: Memory Usage (469928K) : Extraction of RF-PMOS-HV transistor
2026-09-13 06:51:59 +0200: Memory Usage (469928K) : Starting BJT EXTRACTION
2026-09-13 06:51:59 +0200: Memory Usage (469928K) : Starting NPN-BJT EXTRACTION
2026-09-13 06:51:59 +0200: Memory Usage (469928K) : Extraction of npn13G2 BJT transistor
2026-09-13 06:51:59 +0200: Memory Usage (469928K) : Extraction of npn13G2L BJT transistor
2026-09-13 06:51:59 +0200: Memory Usage (469928K) : Extraction of npn13G2V BJT transistor
2026-09-13 06:51:59 +0200: Memory Usage (469928K) : Starting PNP-BJT EXTRACTION
2026-09-13 06:51:59 +0200: Memory Usage (469928K) : Extracting pnpMPA BJT
2026-09-13 06:52:00 +0200: Memory Usage (472360K) : Starting DIODE EXTRACTION
2026-09-13 06:52:00 +0200: Memory Usage (472360K) : Extracting dantenna diode
2026-09-13 06:52:00 +0200: Memory Usage (472360K) : Extracting dpantenna diode
2026-09-13 06:52:00 +0200: Memory Usage (472360K) : Extracting schottky_nbl1 diode
2026-09-13 06:52:00 +0200: Memory Usage (472360K) : Extracting isolbox diode
2026-09-13 06:52:00 +0200: Memory Usage (472360K) : Starting RESISTOR EXTRACTION
2026-09-13 06:52:00 +0200: Memory Usage (472360K) : Extracting rsil resistor
2026-09-13 06:52:00 +0200: Memory Usage (472360K) : Extracting rppd resistor
2026-09-13 06:52:00 +0200: Memory Usage (472360K) : Extracting rhigh resistor
2026-09-13 06:52:00 +0200: Memory Usage (472360K) : Extracting res_metal1 resistor
2026-09-13 06:52:00 +0200: Memory Usage (472488K) : Extracting res_metal2 resistor
2026-09-13 06:52:00 +0200: Memory Usage (472488K) : Extracting res_metal3 resistor
2026-09-13 06:52:00 +0200: Memory Usage (472488K) : Extracting res_metal4 resistor
2026-09-13 06:52:00 +0200: Memory Usage (472488K) : Extracting res_metal5 resistor
2026-09-13 06:52:00 +0200: Memory Usage (472488K) : Extracting res_topmetal1 resistor
2026-09-13 06:52:00 +0200: Memory Usage (472488K) : Extracting res_topmetal2 resistor
2026-09-13 06:52:00 +0200: Memory Usage (472488K) : Starting CAP EXTRACTION
2026-09-13 06:52:00 +0200: Memory Usage (472488K) : Extracting cap_cmim device
2026-09-13 06:52:00 +0200: Memory Usage (472488K) : Extracting rfcmim device
2026-09-13 06:52:00 +0200: Memory Usage (472488K) : Extracting sg13_hv_svaricap varactor
2026-09-13 06:52:00 +0200: Memory Usage (472488K) : Extracting cap_cmomi device
2026-09-13 06:52:00 +0200: Memory Usage (472488K) : Extracting cap_cmomf device
2026-09-13 06:52:00 +0200: Memory Usage (472488K) : Extracting sg13_moscap_n capacitor
2026-09-13 06:52:00 +0200: Memory Usage (472488K) : Extracting sg13_moscap_p capacitor
2026-09-13 06:52:00 +0200: Memory Usage (472488K) : Starting ESD EXTRACTION
2026-09-13 06:52:00 +0200: Memory Usage (472488K) : Extracting diodevdd_2kv ESD device
2026-09-13 06:52:00 +0200: Memory Usage (472488K) : Extracting diodevdd_4kv ESD device
2026-09-13 06:52:00 +0200: Memory Usage (472488K) : Extracting diodevss_2kv ESD device
2026-09-13 06:52:00 +0200: Memory Usage (472488K) : Extracting diodevss_4kv ESD device
2026-09-13 06:52:00 +0200: Memory Usage (472488K) : Extracting idiodevdd_2kv ESD device
2026-09-13 06:52:00 +0200: Memory Usage (472488K) : Extracting idiodevdd_4kv ESD device
2026-09-13 06:52:00 +0200: Memory Usage (472488K) : Extracting idiodevss_2kv ESD device
2026-09-13 06:52:00 +0200: Memory Usage (472488K) : Extracting idiodevss_4kv ESD device
2026-09-13 06:52:00 +0200: Memory Usage (472488K) : Extracting nmoscl_2 ESD device
2026-09-13 06:52:00 +0200: Memory Usage (472488K) : Extracting nmoscl_4 ESD device
2026-09-13 06:52:00 +0200: Memory Usage (472488K) : Starting Inductor EXTRACTION
2026-09-13 06:52:00 +0200: Memory Usage (472488K) : Extracting Inductor2 device
2026-09-13 06:52:00 +0200: Memory Usage (472488K) : Extracting Inductor3 device
2026-09-13 06:52:00 +0200: Memory Usage (472488K) : Starting Taps EXTRACTION
2026-09-13 06:52:00 +0200: Memory Usage (472488K) : Extracting ntap1 device
2026-09-13 06:52:00 +0200: Memory Usage (472488K) : Extracting ptap1 device
2026-09-13 06:52:00 +0200: Memory Usage (472488K) : Starting SG13G2 LVS RF MOS Model Mapping
2026-09-13 06:52:01 +0200: Memory Usage (472872K) : [layout_netlist] Apply RF MOS model mapping and rfmode parameter.
2026-09-13 06:52:01 +0200: Memory Usage (472872K) : Starting SG13G2 LVS Options Preparations
2026-09-13 06:52:01 +0200: Memory Usage (472872K) : SG13G2 LVS flow: extraction -> alignment -> option preparation -> comparison.
2026-09-13 06:52:01 +0200: Memory Usage (472872K) : Starting SG13G2 LVS Alignment
2026-09-13 06:52:01 +0200: Memory Usage (480996K) : Starting SG13G2 LVS Simplification
2026-09-13 06:52:01 +0200: Memory Usage (480996K) : [layout_netlist] simplify: ENABLED
2026-09-13 06:52:01 +0200: Memory Usage (481764K) : [layout_netlist] make_top_level_pins: SKIPPED
2026-09-13 06:52:01 +0200: Memory Usage (481764K) : [layout_netlist] combine_devices: SKIPPED
2026-09-13 06:52:01 +0200: Memory Usage (481764K) : [layout_netlist] purge: SKIPPED
2026-09-13 06:52:01 +0200: Memory Usage (481764K) : [layout_netlist] purge_nets: SKIPPED
2026-09-13 06:52:01 +0200: Memory Usage (481764K) : [layout_netlist] purge_devices: SKIPPED
2026-09-13 06:52:01 +0200: Memory Usage (481764K) : [schematic_netlist] simplify: ENABLED
2026-09-13 06:52:01 +0200: Memory Usage (481764K) : [schematic_netlist] make_top_level_pins: SKIPPED
2026-09-13 06:52:01 +0200: Memory Usage (481764K) : [schematic_netlist] combine_devices: SKIPPED
2026-09-13 06:52:01 +0200: Memory Usage (481764K) : [schematic_netlist] purge: SKIPPED
2026-09-13 06:52:01 +0200: Memory Usage (481764K) : [schematic_netlist] purge_nets: SKIPPED
2026-09-13 06:52:01 +0200: Memory Usage (481764K) : [schematic_netlist] purge_devices: SKIPPED
2026-09-13 06:52:01 +0200: Memory Usage (481764K) : Starting SG13G2 LVS Comparison in strict port mode.
2026-09-13 06:52:01 +0200: Memory Usage (481764K) : flag_missing_ports enabled: missing/mislabeled top-level ports are treated as errors.
2026-09-13 06:52:01 +0200: Memory Usage (481764K) : ==========================================
2026-09-13 06:52:01 +0200: Memory Usage (481764K) : INFO : Congratulations! Netlists match.
2026-09-13 06:52:01 +0200: Memory Usage (481764K) : ==========================================
2026-09-13 06:52:01 +0200: Memory Usage (481764K) : LVS Total Run time 6.106480 seconds
