# Logfile created on 2026-09-21 21:40:38 +0700 by logger.rb/61378
2026-09-21 21:40:38 +0700: Memory Usage (417380K) : Starting running SG13G2 Klayout LVS runset on /home/admin/work/final/IHP__MSPHY6034/dependencies/PMIC/release/v.1.0.0/gds/Full_Layout.gds
2026-09-21 21:40:38 +0700: Memory Usage (417380K) : Ruby Version for klayout: 2.5.9
2026-09-21 21:40:38 +0700: Memory Usage (419060K) : Loading database to memory is complete.
2026-09-21 21:40:38 +0700: Memory Usage (419060K) : SG13G2 Klayout LVS runset output at: /home/admin/work/final/IHP__MSPHY6034/dependencies/PMIC/PMIC-main/verification/lvs/lvs_run_Full_Layout/Full_Layout.lvsdb
2026-09-21 21:40:38 +0700: Memory Usage (419060K) : Evaluate switches.
2026-09-21 21:40:38 +0700: Memory Usage (419060K) : Extracted netlist with net names: true
2026-09-21 21:40:38 +0700: Memory Usage (419060K) : Extracted netlist with comments in details: false
2026-09-21 21:40:38 +0700: Memory Usage (419060K) : Selected NET_ONLY option: false
2026-09-21 21:40:38 +0700: Memory Usage (419060K) : Selected LAYOUT_NETLIST option: (none)
2026-09-21 21:40:38 +0700: Memory Usage (419060K) : Selected IGNORE_TOP_PORTS_MISMATCH option: 
2026-09-21 21:40:38 +0700: Memory Usage (419060K) : Selected IMPLICIT_NETS option: (none)
2026-09-21 21:40:38 +0700: Memory Usage (419060K) : Selected TOP_LVL_PINS option: false
2026-09-21 21:40:38 +0700: Memory Usage (419060K) : Selected COMBINE DEVICES option: false
2026-09-21 21:40:38 +0700: Memory Usage (419060K) : Selected PURGE option: false
2026-09-21 21:40:38 +0700: Memory Usage (419060K) : Selected PURGE_NETS option: false
2026-09-21 21:40:38 +0700: Memory Usage (419060K) : Selected SIMPLIFY option: true
2026-09-21 21:40:38 +0700: Memory Usage (419060K) : Selected SERIES_RES option: true
2026-09-21 21:40:38 +0700: Memory Usage (419060K) : Selected PARALLEL_RES option: true
2026-09-21 21:40:38 +0700: Memory Usage (419060K) : flat  mode is enabled.
2026-09-21 21:40:38 +0700: Memory Usage (419396K) : Netlist file: /home/admin/work/final/IHP__MSPHY6034/dependencies/PMIC/PMIC-main/verification/lvs/lvs_run_Full_Layout/Full_Layout_netlist_fixed.spice
2026-09-21 21:40:38 +0700: Memory Usage (419396K) : LVS extracted netlist at: /home/admin/work/final/IHP__MSPHY6034/dependencies/PMIC/PMIC-main/verification/lvs/lvs_run_Full_Layout/Full_Layout_extracted.cir
2026-09-21 21:40:38 +0700: Memory Usage (419396K) : Applying SRAM integration support.
2026-09-21 21:40:38 +0700: Memory Usage (419396K) : Starting SG13G2 LVS runset
2026-09-21 21:40:38 +0700: Memory Usage (419396K) : Read in polygons from layers.
2026-09-21 21:40:38 +0700: Memory Usage (422584K) : activ_drw has 368 polygons
2026-09-21 21:40:38 +0700: Memory Usage (422584K) : activ_filler has 0 polygons
2026-09-21 21:40:38 +0700: Memory Usage (422648K) : activ has 368 polygons
2026-09-21 21:40:38 +0700: Memory Usage (422648K) : activ_pin has 3 polygons
2026-09-21 21:40:38 +0700: Memory Usage (422648K) : activ_mask has 0 polygons
2026-09-21 21:40:38 +0700: Memory Usage (422648K) : activ_nofill has 0 polygons
2026-09-21 21:40:38 +0700: Memory Usage (422648K) : activ_OPC has 0 polygons
2026-09-21 21:40:38 +0700: Memory Usage (422648K) : activ_iOPC has 0 polygons
2026-09-21 21:40:38 +0700: Memory Usage (422648K) : activ_noqrc has 0 polygons
2026-09-21 21:40:38 +0700: Memory Usage (422648K) : biwind_drw has 0 polygons
2026-09-21 21:40:38 +0700: Memory Usage (422648K) : biwind_OPC has 0 polygons
2026-09-21 21:40:38 +0700: Memory Usage (426644K) : gatpoly_drw has 155 polygons
2026-09-21 21:40:38 +0700: Memory Usage (426644K) : gatpoly_filler has 0 polygons
2026-09-21 21:40:38 +0700: Memory Usage (426644K) : gatpoly has 155 polygons
2026-09-21 21:40:38 +0700: Memory Usage (426644K) : gatpoly_pin has 22 polygons
2026-09-21 21:40:38 +0700: Memory Usage (426644K) : gatpoly_nofill has 0 polygons
2026-09-21 21:40:38 +0700: Memory Usage (426644K) : gatpoly_OPC has 0 polygons
2026-09-21 21:40:38 +0700: Memory Usage (426644K) : gatpoly_iOPC has 0 polygons
2026-09-21 21:40:38 +0700: Memory Usage (426644K) : gatpoly_noqrc has 0 polygons
2026-09-21 21:40:41 +0700: Memory Usage (467372K) : cont_drw has 300494 polygons
2026-09-21 21:40:41 +0700: Memory Usage (467372K) : cont_OPC has 0 polygons
2026-09-21 21:40:41 +0700: Memory Usage (467372K) : nsd_drw has 2 polygons
2026-09-21 21:40:41 +0700: Memory Usage (467372K) : nsd_block has 0 polygons
2026-09-21 21:40:41 +0700: Memory Usage (474396K) : metal1_drw has 8823 polygons
2026-09-21 21:40:41 +0700: Memory Usage (474396K) : metal1_filler has 0 polygons
2026-09-21 21:40:41 +0700: Memory Usage (474396K) : metal1_slit has 0 polygons
2026-09-21 21:40:41 +0700: Memory Usage (474396K) : metal1 has 8823 polygons
2026-09-21 21:40:41 +0700: Memory Usage (474396K) : metal1_pin has 80 polygons
2026-09-21 21:40:41 +0700: Memory Usage (474396K) : metal1_mask has 0 polygons
2026-09-21 21:40:41 +0700: Memory Usage (474396K) : metal1_nofill has 0 polygons
2026-09-21 21:40:41 +0700: Memory Usage (474396K) : metal1_text has 53 polygons
2026-09-21 21:40:41 +0700: Memory Usage (474396K) : metal1_OPC has 0 polygons
2026-09-21 21:40:41 +0700: Memory Usage (474396K) : metal1_noqrc has 0 polygons
2026-09-21 21:40:41 +0700: Memory Usage (474396K) : metal1_res has 0 polygons
2026-09-21 21:40:41 +0700: Memory Usage (474396K) : metal1_iprobe has 0 polygons
2026-09-21 21:40:41 +0700: Memory Usage (474396K) : metal1_diffprb has 0 polygons
2026-09-21 21:40:41 +0700: Memory Usage (474396K) : passiv_drw has 0 polygons
2026-09-21 21:40:41 +0700: Memory Usage (474396K) : passiv_pin has 0 polygons
2026-09-21 21:40:41 +0700: Memory Usage (474396K) : passiv_sbump has 0 polygons
2026-09-21 21:40:41 +0700: Memory Usage (474396K) : passiv_pillar has 0 polygons
2026-09-21 21:40:41 +0700: Memory Usage (474396K) : passiv_pdl has 0 polygons
2026-09-21 21:40:42 +0700: Memory Usage (476444K) : metal2_drw has 8913 polygons
2026-09-21 21:40:42 +0700: Memory Usage (476444K) : metal2_filler has 0 polygons
2026-09-21 21:40:42 +0700: Memory Usage (476444K) : metal2_slit has 0 polygons
2026-09-21 21:40:42 +0700: Memory Usage (476444K) : metal2 has 8913 polygons
2026-09-21 21:40:42 +0700: Memory Usage (476444K) : metal2_pin has 1 polygons
2026-09-21 21:40:42 +0700: Memory Usage (476444K) : metal2_mask has 0 polygons
2026-09-21 21:40:42 +0700: Memory Usage (476444K) : metal2_nofill has 0 polygons
2026-09-21 21:40:42 +0700: Memory Usage (476444K) : metal2_text has 6 polygons
2026-09-21 21:40:42 +0700: Memory Usage (476444K) : metal2_OPC has 0 polygons
2026-09-21 21:40:42 +0700: Memory Usage (476444K) : metal2_noqrc has 0 polygons
2026-09-21 21:40:42 +0700: Memory Usage (476444K) : metal2_res has 0 polygons
2026-09-21 21:40:42 +0700: Memory Usage (476444K) : metal2_iprobe has 0 polygons
2026-09-21 21:40:42 +0700: Memory Usage (476444K) : metal2_diffprb has 0 polygons
2026-09-21 21:40:42 +0700: Memory Usage (476444K) : baspoly_drw has 0 polygons
2026-09-21 21:40:42 +0700: Memory Usage (476444K) : baspoly_pin has 0 polygons
2026-09-21 21:40:42 +0700: Memory Usage (476576K) : psd_drw has 136 polygons
2026-09-21 21:40:42 +0700: Memory Usage (476576K) : nldb_drw has 0 polygons
2026-09-21 21:40:42 +0700: Memory Usage (476576K) : digibnd_drw has 0 polygons
2026-09-21 21:40:44 +0700: Memory Usage (488592K) : via1_drw has 231226 polygons
2026-09-21 21:40:44 +0700: Memory Usage (488592K) : backmetal1_drw has 0 polygons
2026-09-21 21:40:44 +0700: Memory Usage (488592K) : backmetal1_pin has 0 polygons
2026-09-21 21:40:44 +0700: Memory Usage (488592K) : backmetal1_mask has 0 polygons
2026-09-21 21:40:44 +0700: Memory Usage (488592K) : backmetal1_filler has 0 polygons
2026-09-21 21:40:44 +0700: Memory Usage (488592K) : backmetal1_nofill has 0 polygons
2026-09-21 21:40:44 +0700: Memory Usage (488592K) : backmetal1_slit has 0 polygons
2026-09-21 21:40:44 +0700: Memory Usage (488592K) : backmetal1_text has 0 polygons
2026-09-21 21:40:44 +0700: Memory Usage (488592K) : backmetal1_OPC has 0 polygons
2026-09-21 21:40:44 +0700: Memory Usage (488592K) : backmetal1_noqrc has 0 polygons
2026-09-21 21:40:44 +0700: Memory Usage (488592K) : backmetal1_res has 0 polygons
2026-09-21 21:40:44 +0700: Memory Usage (488592K) : backmetal1_iprobe has 0 polygons
2026-09-21 21:40:44 +0700: Memory Usage (488592K) : backmetal1_diffprb has 0 polygons
2026-09-21 21:40:44 +0700: Memory Usage (488592K) : backpassiv_drw has 0 polygons
2026-09-21 21:40:44 +0700: Memory Usage (488592K) : res_drw has 0 polygons
2026-09-21 21:40:44 +0700: Memory Usage (488592K) : sram_drw has 0 polygons
2026-09-21 21:40:44 +0700: Memory Usage (488592K) : trans_drw has 0 polygons
2026-09-21 21:40:44 +0700: Memory Usage (488592K) : ind_drw has 0 polygons
2026-09-21 21:40:44 +0700: Memory Usage (488592K) : ind_pin has 0 polygons
2026-09-21 21:40:44 +0700: Memory Usage (488592K) : ind_text has 0 polygons
2026-09-21 21:40:44 +0700: Memory Usage (488592K) : salblock_drw has 0 polygons
2026-09-21 21:40:46 +0700: Memory Usage (531972K) : via2_drw has 182737 polygons
2026-09-21 21:40:46 +0700: Memory Usage (531972K) : metal3_drw has 8574 polygons
2026-09-21 21:40:46 +0700: Memory Usage (531972K) : metal3_filler has 0 polygons
2026-09-21 21:40:46 +0700: Memory Usage (531972K) : metal3_slit has 0 polygons
2026-09-21 21:40:46 +0700: Memory Usage (531972K) : metal3 has 8574 polygons
2026-09-21 21:40:46 +0700: Memory Usage (531972K) : metal3_pin has 10 polygons
2026-09-21 21:40:46 +0700: Memory Usage (531972K) : metal3_mask has 0 polygons
2026-09-21 21:40:46 +0700: Memory Usage (531972K) : metal3_nofill has 0 polygons
2026-09-21 21:40:46 +0700: Memory Usage (531972K) : metal3_text has 14 polygons
2026-09-21 21:40:46 +0700: Memory Usage (531972K) : metal3_OPC has 0 polygons
2026-09-21 21:40:46 +0700: Memory Usage (531972K) : metal3_noqrc has 0 polygons
2026-09-21 21:40:46 +0700: Memory Usage (531972K) : metal3_res has 0 polygons
2026-09-21 21:40:46 +0700: Memory Usage (531972K) : metal3_iprobe has 0 polygons
2026-09-21 21:40:46 +0700: Memory Usage (531972K) : metal3_diffprb has 0 polygons
2026-09-21 21:40:46 +0700: Memory Usage (531972K) : nwell_drw has 20 polygons
2026-09-21 21:40:46 +0700: Memory Usage (531972K) : nwell_pin has 0 polygons
2026-09-21 21:40:46 +0700: Memory Usage (531972K) : nwell_text has 0 polygons
2026-09-21 21:40:46 +0700: Memory Usage (531972K) : nbulay_drw has 6 polygons
2026-09-21 21:40:46 +0700: Memory Usage (531972K) : nbulay_pin has 0 polygons
2026-09-21 21:40:46 +0700: Memory Usage (531972K) : nbulay_block has 0 polygons
2026-09-21 21:40:46 +0700: Memory Usage (531972K) : emwind_drw has 0 polygons
2026-09-21 21:40:46 +0700: Memory Usage (531972K) : emwind_OPC has 0 polygons
2026-09-21 21:40:46 +0700: Memory Usage (531972K) : deepco_drw has 0 polygons
2026-09-21 21:40:46 +0700: Memory Usage (531972K) : mim_drw has 59 polygons
2026-09-21 21:40:46 +0700: Memory Usage (531972K) : edgeseal_drw has 0 polygons
2026-09-21 21:40:46 +0700: Memory Usage (531972K) : substrate_drw has 16 polygons
2026-09-21 21:40:46 +0700: Memory Usage (531972K) : substrate_text has 0 polygons
2026-09-21 21:40:46 +0700: Memory Usage (531972K) : dfpad_drw has 0 polygons
2026-09-21 21:40:46 +0700: Memory Usage (531972K) : dfpad_pillar has 0 polygons
2026-09-21 21:40:46 +0700: Memory Usage (531972K) : dfpad_sbump has 0 polygons
2026-09-21 21:40:46 +0700: Memory Usage (531972K) : thickgateox_drw has 54 polygons
2026-09-21 21:40:46 +0700: Memory Usage (532196K) : pldb_drw has 0 polygons
2026-09-21 21:40:46 +0700: Memory Usage (532196K) : pwell_drw has 0 polygons
2026-09-21 21:40:46 +0700: Memory Usage (532196K) : pwell_pin has 0 polygons
2026-09-21 21:40:46 +0700: Memory Usage (532196K) : pwell_block has 0 polygons
2026-09-21 21:40:46 +0700: Memory Usage (532196K) : ic_drw has 0 polygons
2026-09-21 21:40:47 +0700: Memory Usage (549624K) : via3_drw has 138745 polygons
2026-09-21 21:40:47 +0700: Memory Usage (549624K) : metal4_drw has 470 polygons
2026-09-21 21:40:47 +0700: Memory Usage (549624K) : metal4_filler has 0 polygons
2026-09-21 21:40:47 +0700: Memory Usage (549624K) : metal4_slit has 0 polygons
2026-09-21 21:40:48 +0700: Memory Usage (549624K) : metal4 has 470 polygons
2026-09-21 21:40:48 +0700: Memory Usage (549624K) : metal4_pin has 1 polygons
2026-09-21 21:40:48 +0700: Memory Usage (549624K) : metal4_mask has 0 polygons
2026-09-21 21:40:48 +0700: Memory Usage (549624K) : metal4_nofill has 0 polygons
2026-09-21 21:40:48 +0700: Memory Usage (549624K) : metal4_text has 1 polygons
2026-09-21 21:40:48 +0700: Memory Usage (549624K) : metal4_OPC has 0 polygons
2026-09-21 21:40:48 +0700: Memory Usage (549624K) : metal4_noqrc has 0 polygons
2026-09-21 21:40:48 +0700: Memory Usage (549624K) : metal4_res has 0 polygons
2026-09-21 21:40:48 +0700: Memory Usage (549624K) : metal4_iprobe has 0 polygons
2026-09-21 21:40:48 +0700: Memory Usage (549624K) : metal4_diffprb has 0 polygons
2026-09-21 21:40:48 +0700: Memory Usage (549624K) : heattrans_drw has 9072 polygons
2026-09-21 21:40:48 +0700: Memory Usage (549624K) : heatres_drw has 0 polygons
2026-09-21 21:40:48 +0700: Memory Usage (549624K) : fbe_drw has 0 polygons
2026-09-21 21:40:48 +0700: Memory Usage (549624K) : empoly_drw has 0 polygons
2026-09-21 21:40:48 +0700: Memory Usage (549624K) : digisub_drw has 0 polygons
2026-09-21 21:40:48 +0700: Memory Usage (549624K) : text_drw has 30 polygons
2026-09-21 21:40:49 +0700: Memory Usage (554220K) : via4_drw has 123149 polygons
2026-09-21 21:40:49 +0700: Memory Usage (554220K) : metal5_drw has 13 polygons
2026-09-21 21:40:49 +0700: Memory Usage (554220K) : metal5_filler has 0 polygons
2026-09-21 21:40:49 +0700: Memory Usage (554220K) : metal5_slit has 0 polygons
2026-09-21 21:40:49 +0700: Memory Usage (554220K) : metal5 has 13 polygons
2026-09-21 21:40:49 +0700: Memory Usage (554220K) : metal5_pin has 3 polygons
2026-09-21 21:40:49 +0700: Memory Usage (554220K) : metal5_mask has 0 polygons
2026-09-21 21:40:49 +0700: Memory Usage (554220K) : metal5_nofill has 0 polygons
2026-09-21 21:40:49 +0700: Memory Usage (554220K) : metal5_text has 8 polygons
2026-09-21 21:40:49 +0700: Memory Usage (554220K) : metal5_OPC has 0 polygons
2026-09-21 21:40:49 +0700: Memory Usage (554220K) : metal5_noqrc has 0 polygons
2026-09-21 21:40:49 +0700: Memory Usage (554220K) : metal5_res has 0 polygons
2026-09-21 21:40:49 +0700: Memory Usage (554220K) : metal5_iprobe has 0 polygons
2026-09-21 21:40:49 +0700: Memory Usage (554220K) : metal5_diffprb has 0 polygons
2026-09-21 21:40:49 +0700: Memory Usage (554220K) : radhard_drw has 0 polygons
2026-09-21 21:40:49 +0700: Memory Usage (554220K) : memcap_drw has 0 polygons
2026-09-21 21:40:49 +0700: Memory Usage (554220K) : varicap_drw has 0 polygons
2026-09-21 21:40:49 +0700: Memory Usage (554220K) : intbondvia_drw has 0 polygons
2026-09-21 21:40:49 +0700: Memory Usage (554220K) : intbondmet_drw has 0 polygons
2026-09-21 21:40:49 +0700: Memory Usage (554220K) : devbondvia_drw has 0 polygons
2026-09-21 21:40:49 +0700: Memory Usage (554220K) : devbondmet_drw has 0 polygons
2026-09-21 21:40:49 +0700: Memory Usage (554220K) : devtrench_drw has 0 polygons
2026-09-21 21:40:49 +0700: Memory Usage (554220K) : redist_drw has 0 polygons
2026-09-21 21:40:49 +0700: Memory Usage (554220K) : graphbot_drw has 0 polygons
2026-09-21 21:40:49 +0700: Memory Usage (554220K) : graphtop_drw has 0 polygons
2026-09-21 21:40:49 +0700: Memory Usage (554220K) : antvia1_drw has 0 polygons
2026-09-21 21:40:49 +0700: Memory Usage (554220K) : antmetal2_drw has 0 polygons
2026-09-21 21:40:49 +0700: Memory Usage (554220K) : graphcont_drw has 0 polygons
2026-09-21 21:40:49 +0700: Memory Usage (554220K) : siwg_drw has 0 polygons
2026-09-21 21:40:49 +0700: Memory Usage (554220K) : siwg_filler has 0 polygons
2026-09-21 21:40:49 +0700: Memory Usage (554220K) : siwg_nofill has 0 polygons
2026-09-21 21:40:49 +0700: Memory Usage (554220K) : sigrating_drw has 0 polygons
2026-09-21 21:40:49 +0700: Memory Usage (554220K) : singrating_drw has 0 polygons
2026-09-21 21:40:49 +0700: Memory Usage (554220K) : graphpas_drw has 0 polygons
2026-09-21 21:40:49 +0700: Memory Usage (554220K) : emwind3_drw has 0 polygons
2026-09-21 21:40:49 +0700: Memory Usage (554220K) : emwihv3_drw has 0 polygons
2026-09-21 21:40:49 +0700: Memory Usage (554220K) : redbulay_drw has 0 polygons
2026-09-21 21:40:49 +0700: Memory Usage (554220K) : smos_drw has 0 polygons
2026-09-21 21:40:49 +0700: Memory Usage (554220K) : graphpad_drw has 0 polygons
2026-09-21 21:40:49 +0700: Memory Usage (554220K) : polimide_drw has 0 polygons
2026-09-21 21:40:49 +0700: Memory Usage (554220K) : polimide_pin has 0 polygons
2026-09-21 21:40:49 +0700: Memory Usage (554220K) : recog_drw has 0 polygons
2026-09-21 21:40:49 +0700: Memory Usage (554220K) : recog_pin has 0 polygons
2026-09-21 21:40:49 +0700: Memory Usage (554220K) : recog_esd has 0 polygons
2026-09-21 21:40:49 +0700: Memory Usage (554220K) : recog_diode has 0 polygons
2026-09-21 21:40:49 +0700: Memory Usage (554220K) : recog_tsv has 0 polygons
2026-09-21 21:40:49 +0700: Memory Usage (554220K) : recog_iprobe has 0 polygons
2026-09-21 21:40:49 +0700: Memory Usage (554220K) : recog_diffprb has 0 polygons
2026-09-21 21:40:49 +0700: Memory Usage (554220K) : recog_pillar has 0 polygons
2026-09-21 21:40:49 +0700: Memory Usage (554220K) : recog_sbump has 0 polygons
2026-09-21 21:40:49 +0700: Memory Usage (554220K) : recog_otp has 0 polygons
2026-09-21 21:40:49 +0700: Memory Usage (554220K) : recog_pdiode has 0 polygons
2026-09-21 21:40:49 +0700: Memory Usage (554220K) : recog_mom has 0 polygons
2026-09-21 21:40:49 +0700: Memory Usage (554220K) : recog_pcm has 0 polygons
2026-09-21 21:40:49 +0700: Memory Usage (554220K) : colopen_drw has 0 polygons
2026-09-21 21:40:49 +0700: Memory Usage (554220K) : graphmetal1_drw has 0 polygons
2026-09-21 21:40:49 +0700: Memory Usage (554220K) : graphmetal1_filler has 0 polygons
2026-09-21 21:40:49 +0700: Memory Usage (554220K) : graphmetal1_nofill has 0 polygons
2026-09-21 21:40:49 +0700: Memory Usage (554220K) : graphmetal1_slit has 0 polygons
2026-09-21 21:40:49 +0700: Memory Usage (554220K) : graphmetal1_OPC has 0 polygons
2026-09-21 21:40:49 +0700: Memory Usage (554220K) : graphmet1l_drw has 0 polygons
2026-09-21 21:40:49 +0700: Memory Usage (554220K) : graphmet1l_filler has 0 polygons
2026-09-21 21:40:49 +0700: Memory Usage (554220K) : graphmet1l_nofill has 0 polygons
2026-09-21 21:40:49 +0700: Memory Usage (554220K) : graphmet1l_slit has 0 polygons
2026-09-21 21:40:49 +0700: Memory Usage (554220K) : graphmet1l_OPC has 0 polygons
2026-09-21 21:40:49 +0700: Memory Usage (554220K) : extblock_drw has 0 polygons
2026-09-21 21:40:49 +0700: Memory Usage (554220K) : nldd_drw has 0 polygons
2026-09-21 21:40:49 +0700: Memory Usage (554436K) : pldd_drw has 0 polygons
2026-09-21 21:40:49 +0700: Memory Usage (554436K) : next_drw has 0 polygons
2026-09-21 21:40:49 +0700: Memory Usage (554436K) : pext_drw has 0 polygons
2026-09-21 21:40:49 +0700: Memory Usage (554436K) : nexthv_drw has 0 polygons
2026-09-21 21:40:49 +0700: Memory Usage (554436K) : pexthv_drw has 0 polygons
2026-09-21 21:40:49 +0700: Memory Usage (554436K) : graphgate_drw has 0 polygons
2026-09-21 21:40:49 +0700: Memory Usage (554436K) : sinwg_drw has 0 polygons
2026-09-21 21:40:49 +0700: Memory Usage (554436K) : sinwg_filler has 0 polygons
2026-09-21 21:40:49 +0700: Memory Usage (554436K) : sinwg_nofill has 0 polygons
2026-09-21 21:40:49 +0700: Memory Usage (554436K) : mempad_drw has 0 polygons
2026-09-21 21:40:49 +0700: Memory Usage (554436K) : topvia1_drw has 5 polygons
2026-09-21 21:40:49 +0700: Memory Usage (554436K) : topmetal1_drw has 4 polygons
2026-09-21 21:40:49 +0700: Memory Usage (554436K) : topmetal1_filler has 0 polygons
2026-09-21 21:40:49 +0700: Memory Usage (554436K) : topmetal1_slit has 0 polygons
2026-09-21 21:40:49 +0700: Memory Usage (554436K) : topmetal1 has 4 polygons
2026-09-21 21:40:49 +0700: Memory Usage (554436K) : topmetal1_pin has 0 polygons
2026-09-21 21:40:49 +0700: Memory Usage (554436K) : topmetal1_mask has 0 polygons
2026-09-21 21:40:49 +0700: Memory Usage (554436K) : topmetal1_nofill has 0 polygons
2026-09-21 21:40:49 +0700: Memory Usage (554436K) : topmetal1_text has 0 polygons
2026-09-21 21:40:49 +0700: Memory Usage (554436K) : topmetal1_noqrc has 0 polygons
2026-09-21 21:40:49 +0700: Memory Usage (554436K) : topmetal1_res has 0 polygons
2026-09-21 21:40:49 +0700: Memory Usage (554436K) : topmetal1_iprobe has 0 polygons
2026-09-21 21:40:49 +0700: Memory Usage (554436K) : topmetal1_diffprb has 0 polygons
2026-09-21 21:40:49 +0700: Memory Usage (554436K) : inldpwl_drw has 0 polygons
2026-09-21 21:40:49 +0700: Memory Usage (554436K) : polyres_drw has 0 polygons
2026-09-21 21:40:49 +0700: Memory Usage (554436K) : polyres_pin has 0 polygons
2026-09-21 21:40:50 +0700: Memory Usage (581336K) : vmim_drw has 151851 polygons
2026-09-21 21:40:50 +0700: Memory Usage (581336K) : nbulaycut_drw has 0 polygons
2026-09-21 21:40:50 +0700: Memory Usage (581336K) : antmetal1_drw has 0 polygons
2026-09-21 21:40:50 +0700: Memory Usage (581336K) : topvia2_drw has 0 polygons
2026-09-21 21:40:50 +0700: Memory Usage (581336K) : topmetal2_drw has 0 polygons
2026-09-21 21:40:50 +0700: Memory Usage (581336K) : topmetal2_filler has 0 polygons
2026-09-21 21:40:50 +0700: Memory Usage (581336K) : topmetal2_slit has 0 polygons
2026-09-21 21:40:50 +0700: Memory Usage (581336K) : topmetal2 has 0 polygons
2026-09-21 21:40:50 +0700: Memory Usage (581336K) : topmetal2_pin has 0 polygons
2026-09-21 21:40:50 +0700: Memory Usage (581336K) : topmetal2_mask has 0 polygons
2026-09-21 21:40:51 +0700: Memory Usage (581336K) : topmetal2_nofill has 0 polygons
2026-09-21 21:40:51 +0700: Memory Usage (581336K) : topmetal2_text has 0 polygons
2026-09-21 21:40:51 +0700: Memory Usage (581336K) : topmetal2_noqrc has 0 polygons
2026-09-21 21:40:51 +0700: Memory Usage (581336K) : topmetal2_res has 0 polygons
2026-09-21 21:40:51 +0700: Memory Usage (581336K) : topmetal2_iprobe has 0 polygons
2026-09-21 21:40:51 +0700: Memory Usage (581336K) : topmetal2_diffprb has 0 polygons
2026-09-21 21:40:51 +0700: Memory Usage (581336K) : snsring_drw has 0 polygons
2026-09-21 21:40:51 +0700: Memory Usage (581336K) : sensor_drw has 0 polygons
2026-09-21 21:40:51 +0700: Memory Usage (581336K) : snsarms_drw has 0 polygons
2026-09-21 21:40:51 +0700: Memory Usage (581336K) : snscmosvia_drw has 0 polygons
2026-09-21 21:40:51 +0700: Memory Usage (581336K) : colwind_drw has 0 polygons
2026-09-21 21:40:51 +0700: Memory Usage (581336K) : flm_drw has 0 polygons
2026-09-21 21:40:51 +0700: Memory Usage (581336K) : hafniumox_drw has 0 polygons
2026-09-21 21:40:51 +0700: Memory Usage (581336K) : memvia_drw has 0 polygons
2026-09-21 21:40:51 +0700: Memory Usage (581336K) : thinfilmres_drw has 0 polygons
2026-09-21 21:40:51 +0700: Memory Usage (581336K) : rfmem_drw has 0 polygons
2026-09-21 21:40:51 +0700: Memory Usage (581336K) : norcx_drw has 0 polygons
2026-09-21 21:40:51 +0700: Memory Usage (581336K) : norcx_m2m3 has 0 polygons
2026-09-21 21:40:51 +0700: Memory Usage (581336K) : norcx_m2m4 has 0 polygons
2026-09-21 21:40:51 +0700: Memory Usage (581336K) : norcx_m2m5 has 0 polygons
2026-09-21 21:40:51 +0700: Memory Usage (581336K) : norcx_m2tm1 has 0 polygons
2026-09-21 21:40:51 +0700: Memory Usage (581336K) : norcx_m2tm2 has 0 polygons
2026-09-21 21:40:51 +0700: Memory Usage (581336K) : norcx_m3m4 has 0 polygons
2026-09-21 21:40:51 +0700: Memory Usage (581336K) : norcx_m3m5 has 0 polygons
2026-09-21 21:40:51 +0700: Memory Usage (581336K) : norcx_m3tm1 has 0 polygons
2026-09-21 21:40:51 +0700: Memory Usage (581336K) : norcx_m3tm2 has 0 polygons
2026-09-21 21:40:51 +0700: Memory Usage (581336K) : norcx_m4m5 has 0 polygons
2026-09-21 21:40:51 +0700: Memory Usage (581336K) : norcx_m4tm1 has 0 polygons
2026-09-21 21:40:51 +0700: Memory Usage (581336K) : norcx_m4tm2 has 0 polygons
2026-09-21 21:40:51 +0700: Memory Usage (581336K) : norcx_m5tm1 has 0 polygons
2026-09-21 21:40:51 +0700: Memory Usage (581336K) : norcx_m5tm2 has 0 polygons
2026-09-21 21:40:51 +0700: Memory Usage (581336K) : norcx_tm1tm2 has 0 polygons
2026-09-21 21:40:51 +0700: Memory Usage (581336K) : norcx_m1sub has 0 polygons
2026-09-21 21:40:51 +0700: Memory Usage (581336K) : norcx_m2sub has 0 polygons
2026-09-21 21:40:51 +0700: Memory Usage (581336K) : norcx_m3sub has 0 polygons
2026-09-21 21:40:51 +0700: Memory Usage (581336K) : norcx_m4sub has 0 polygons
2026-09-21 21:40:51 +0700: Memory Usage (581336K) : norcx_m5sub has 0 polygons
2026-09-21 21:40:51 +0700: Memory Usage (581336K) : norcx_tm1sub has 0 polygons
2026-09-21 21:40:51 +0700: Memory Usage (581336K) : norcx_tm2sub has 0 polygons
2026-09-21 21:40:51 +0700: Memory Usage (581336K) : snsbotvia_drw has 0 polygons
2026-09-21 21:40:51 +0700: Memory Usage (581336K) : snstopvia_drw has 0 polygons
2026-09-21 21:40:51 +0700: Memory Usage (581336K) : deepvia_drw has 0 polygons
2026-09-21 21:40:51 +0700: Memory Usage (581336K) : fgetch_drw has 0 polygons
2026-09-21 21:40:51 +0700: Memory Usage (581336K) : ctrgat_drw has 0 polygons
2026-09-21 21:40:51 +0700: Memory Usage (581336K) : fgimp_drw has 0 polygons
2026-09-21 21:40:51 +0700: Memory Usage (581336K) : emwihv_drw has 0 polygons
2026-09-21 21:40:51 +0700: Memory Usage (581336K) : lbe_drw has 0 polygons
2026-09-21 21:40:51 +0700: Memory Usage (581336K) : alcustop_drw has 0 polygons
2026-09-21 21:40:51 +0700: Memory Usage (581336K) : nometfiller_drw has 0 polygons
2026-09-21 21:40:51 +0700: Memory Usage (581336K) : prboundary_drw has 0 polygons
2026-09-21 21:40:51 +0700: Memory Usage (581336K) : exchange0_drw has 0 polygons
2026-09-21 21:40:51 +0700: Memory Usage (581336K) : exchange0_pin has 0 polygons
2026-09-21 21:40:51 +0700: Memory Usage (581336K) : exchange0_text has 0 polygons
2026-09-21 21:40:51 +0700: Memory Usage (581336K) : exchange1_drw has 0 polygons
2026-09-21 21:40:51 +0700: Memory Usage (581336K) : exchange1_pin has 0 polygons
2026-09-21 21:40:51 +0700: Memory Usage (581336K) : exchange1_text has 0 polygons
2026-09-21 21:40:51 +0700: Memory Usage (581336K) : exchange2_drw has 0 polygons
2026-09-21 21:40:51 +0700: Memory Usage (581336K) : exchange2_pin has 0 polygons
2026-09-21 21:40:51 +0700: Memory Usage (581336K) : exchange2_text has 0 polygons
2026-09-21 21:40:51 +0700: Memory Usage (581336K) : exchange3_drw has 0 polygons
2026-09-21 21:40:51 +0700: Memory Usage (581336K) : exchange3_pin has 0 polygons
2026-09-21 21:40:51 +0700: Memory Usage (581336K) : exchange3_text has 0 polygons
2026-09-21 21:40:51 +0700: Memory Usage (581336K) : exchange4_drw has 0 polygons
2026-09-21 21:40:51 +0700: Memory Usage (581336K) : exchange4_pin has 0 polygons
2026-09-21 21:40:51 +0700: Memory Usage (581336K) : exchange4_text has 0 polygons
2026-09-21 21:40:51 +0700: Memory Usage (581336K) : isonwell_drw has 0 polygons
2026-09-21 21:40:51 +0700: Memory Usage (581336K) : Total no. of polygons in the design is 1165124
2026-09-21 21:40:51 +0700: Memory Usage (581336K) : Starting base layers derivations
2026-09-21 21:40:51 +0700: Memory Usage (581336K) : Starting general LVS derivations
2026-09-21 21:40:52 +0700: Memory Usage (582228K) : Starting MOSFET DERIVATIONS
2026-09-21 21:40:55 +0700: Memory Usage (618232K) : Starting NMOS DERIVATIONS
2026-09-21 21:40:55 +0700: Memory Usage (618232K) : Starting PMOS DERIVATIONS
2026-09-21 21:40:55 +0700: Memory Usage (618232K) : Starting RF-MOSFET DERIVATIONS
2026-09-21 21:40:55 +0700: Memory Usage (618232K) : Starting RF-NMOS DERIVATIONS
2026-09-21 21:40:55 +0700: Memory Usage (618232K) : Starting RF-PMOS DERIVATIONS
2026-09-21 21:40:55 +0700: Memory Usage (618232K) : Starting BJT DERIVATIONS
2026-09-21 21:40:55 +0700: Memory Usage (618232K) : Starting NPN-BJT DERIVATIONS
2026-09-21 21:40:55 +0700: Memory Usage (618232K) : Starting PNP-BJT DERIVATIONS
2026-09-21 21:40:56 +0700: Memory Usage (618232K) : Starting DIODE DERIVATIONS
2026-09-21 21:41:00 +0700: Memory Usage (659108K) : Starting RESISTOR DERIVATIONS
2026-09-21 21:41:00 +0700: Memory Usage (659236K) : Starting CAP DERIVATIONS
2026-09-21 21:41:03 +0700: Memory Usage (672236K) : Starting ESD DERIVATIONS
2026-09-21 21:41:03 +0700: Memory Usage (672244K) : Starting Inductor DERIVATIONS
2026-09-21 21:41:03 +0700: Memory Usage (672244K) : Starting Taps DERIVATIONS
2026-09-21 21:41:03 +0700: Memory Usage (672244K) : Starting SG13G2 LVS connectivity setup
2026-09-21 21:41:03 +0700: Memory Usage (672244K) : Starting SG13G2 LVS connectivity setup (Inter-layer)
2026-09-21 21:41:08 +0700: Memory Usage (672816K) : Starting SG13G2 LVS connectivity setup (Global)
2026-09-21 21:41:08 +0700: Memory Usage (672816K) : Starting LVS MOSFET CONNECTIONS
2026-09-21 21:41:08 +0700: Memory Usage (672816K) : Starting LVS RF-MOSFET CONNECTIONS
2026-09-21 21:41:08 +0700: Memory Usage (672816K) : Starting LVS BJT CONNECTIONS
2026-09-21 21:41:08 +0700: Memory Usage (672816K) : Starting LVS DIODE CONNECTIONS
2026-09-21 21:41:08 +0700: Memory Usage (672816K) : Starting RESISTOR CONNECTIONS
2026-09-21 21:41:08 +0700: Memory Usage (672816K) : Starting LVS CAP CONNECTIONS
2026-09-21 21:41:08 +0700: Memory Usage (672816K) : Starting ESD CONNECTIONS
2026-09-21 21:41:08 +0700: Memory Usage (672816K) : Starting Inductor CONNECTIONS
2026-09-21 21:41:08 +0700: Memory Usage (672816K) : Starting LVS Taps CONNECTIONS
2026-09-21 21:41:08 +0700: Memory Usage (672816K) : Starting SG13G2 LVS DEVICES EXTRACTION
2026-09-21 21:41:08 +0700: Memory Usage (672816K) : Starting MOSFET EXTRACTION
2026-09-21 21:41:08 +0700: Memory Usage (672816K) : Starting NMOS EXTRACTION
2026-09-21 21:41:08 +0700: Memory Usage (672816K) : Extraction of NMOS-LV transistor
2026-09-21 21:41:09 +0700: Memory Usage (672816K) : Extraction of NMOS-HV transistor
2026-09-21 21:41:09 +0700: Memory Usage (673268K) : Starting PMOS EXTRACTION
2026-09-21 21:41:09 +0700: Memory Usage (673268K) : Extraction of PMOS-LV transistor
2026-09-21 21:41:10 +0700: Memory Usage (673268K) : Extraction of PMOS-HV transistor
2026-09-21 21:41:10 +0700: Memory Usage (673268K) : Starting RF-MOSFET EXTRACTION
2026-09-21 21:41:10 +0700: Memory Usage (673268K) : Extraction of RF-NMOS-LV transistor
2026-09-21 21:41:11 +0700: Memory Usage (673268K) : Extraction of RF-NMOS-HV transistor
2026-09-21 21:41:13 +0700: Memory Usage (673268K) : Extraction of RF-PMOS-LV transistor
2026-09-21 21:41:13 +0700: Memory Usage (673268K) : Extraction of RF-PMOS-HV transistor
2026-09-21 21:41:13 +0700: Memory Usage (673268K) : Starting BJT EXTRACTION
2026-09-21 21:41:13 +0700: Memory Usage (673268K) : Starting NPN-BJT EXTRACTION
2026-09-21 21:41:13 +0700: Memory Usage (673268K) : Extraction of npn13G2 BJT transistor
2026-09-21 21:41:13 +0700: Memory Usage (673268K) : Extraction of npn13G2L BJT transistor
2026-09-21 21:41:13 +0700: Memory Usage (673268K) : Extraction of npn13G2V BJT transistor
2026-09-21 21:41:13 +0700: Memory Usage (673268K) : Starting PNP-BJT EXTRACTION
2026-09-21 21:41:13 +0700: Memory Usage (673268K) : Extracting pnpMPA BJT
2026-09-21 21:41:14 +0700: Memory Usage (673268K) : Starting DIODE EXTRACTION
2026-09-21 21:41:14 +0700: Memory Usage (673268K) : Extracting dantenna diode
2026-09-21 21:41:14 +0700: Memory Usage (673268K) : Extracting dpantenna diode
2026-09-21 21:41:14 +0700: Memory Usage (673268K) : Extracting schottky_nbl1 diode
2026-09-21 21:41:14 +0700: Memory Usage (673268K) : Extracting isolbox diode
2026-09-21 21:41:14 +0700: Memory Usage (673268K) : Starting RESISTOR EXTRACTION
2026-09-21 21:41:14 +0700: Memory Usage (673268K) : Extracting rsil resistor
2026-09-21 21:41:15 +0700: Memory Usage (673268K) : Extracting rppd resistor
2026-09-21 21:41:15 +0700: Memory Usage (673268K) : Extracting rhigh resistor
2026-09-21 21:41:15 +0700: Memory Usage (673268K) : Extracting res_metal1 resistor
2026-09-21 21:41:16 +0700: Memory Usage (673268K) : Extracting res_metal2 resistor
2026-09-21 21:41:16 +0700: Memory Usage (673268K) : Extracting res_metal3 resistor
2026-09-21 21:41:16 +0700: Memory Usage (673268K) : Extracting res_metal4 resistor
2026-09-21 21:41:16 +0700: Memory Usage (673268K) : Extracting res_metal5 resistor
2026-09-21 21:41:16 +0700: Memory Usage (673268K) : Extracting res_topmetal1 resistor
2026-09-21 21:41:16 +0700: Memory Usage (673268K) : Extracting res_topmetal2 resistor
2026-09-21 21:41:16 +0700: Memory Usage (673268K) : Starting CAP EXTRACTION
2026-09-21 21:41:16 +0700: Memory Usage (673268K) : Extracting cap_cmim device
2026-09-21 21:41:16 +0700: Memory Usage (673328K) : Extracting rfcmim device
2026-09-21 21:41:16 +0700: Memory Usage (673328K) : Extracting sg13_hv_svaricap varactor
2026-09-21 21:41:16 +0700: Memory Usage (673328K) : Starting ESD EXTRACTION
2026-09-21 21:41:16 +0700: Memory Usage (673328K) : Extracting diodevdd_2kv ESD device
2026-09-21 21:41:16 +0700: Memory Usage (673328K) : Extracting diodevdd_4kv ESD device
2026-09-21 21:41:16 +0700: Memory Usage (673328K) : Extracting diodevss_2kv ESD device
2026-09-21 21:41:16 +0700: Memory Usage (673332K) : Extracting diodevss_4kv ESD device
2026-09-21 21:41:16 +0700: Memory Usage (673332K) : Extracting idiodevdd_2kv ESD device
2026-09-21 21:41:16 +0700: Memory Usage (673332K) : Extracting idiodevdd_4kv ESD device
2026-09-21 21:41:16 +0700: Memory Usage (673332K) : Extracting idiodevss_2kv ESD device
2026-09-21 21:41:16 +0700: Memory Usage (673332K) : Extracting idiodevss_4kv ESD device
2026-09-21 21:41:16 +0700: Memory Usage (673332K) : Extracting nmoscl_2 ESD device
2026-09-21 21:41:16 +0700: Memory Usage (673332K) : Extracting nmoscl_4 ESD device
2026-09-21 21:41:16 +0700: Memory Usage (673332K) : Starting Inductor EXTRACTION
2026-09-21 21:41:16 +0700: Memory Usage (673332K) : Extracting Inductor2 device
2026-09-21 21:41:16 +0700: Memory Usage (673332K) : Extracting Inductor3 device
2026-09-21 21:41:16 +0700: Memory Usage (673332K) : Starting Taps EXTRACTION
2026-09-21 21:41:16 +0700: Memory Usage (673332K) : Extracting ntap1 device
2026-09-21 21:41:16 +0700: Memory Usage (673332K) : Extracting ptap1 device
2026-09-21 21:41:16 +0700: Memory Usage (673332K) : Starting SG13G2 LVS RF MOS Model Mapping
2026-09-21 21:41:41 +0700: Memory Usage (796656K) : [layout_netlist] Apply RF MOS model mapping and rfmode parameter.
2026-09-21 21:41:41 +0700: Memory Usage (796656K) : Starting SG13G2 LVS Options Preparations
2026-09-21 21:41:41 +0700: Memory Usage (796656K) : SG13G2 LVS flow: extraction -> alignment -> option preparation -> comparison.
2026-09-21 21:41:41 +0700: Memory Usage (796656K) : Starting SG13G2 LVS Alignment
2026-09-21 21:41:41 +0700: Memory Usage (796720K) : Starting SG13G2 LVS Simplification
2026-09-21 21:41:41 +0700: Memory Usage (796720K) : [layout_netlist] simplify: ENABLED
2026-09-21 21:41:41 +0700: Memory Usage (796720K) : [layout_netlist] make_top_level_pins: SKIPPED
2026-09-21 21:41:41 +0700: Memory Usage (796720K) : [layout_netlist] combine_devices: SKIPPED
2026-09-21 21:41:41 +0700: Memory Usage (796720K) : [layout_netlist] purge: SKIPPED
2026-09-21 21:41:41 +0700: Memory Usage (796720K) : [layout_netlist] purge_nets: SKIPPED
2026-09-21 21:41:41 +0700: Memory Usage (796720K) : [schematic_netlist] simplify: ENABLED
2026-09-21 21:41:41 +0700: Memory Usage (796720K) : [schematic_netlist] make_top_level_pins: SKIPPED
2026-09-21 21:41:41 +0700: Memory Usage (796720K) : [schematic_netlist] combine_devices: SKIPPED
2026-09-21 21:41:41 +0700: Memory Usage (796720K) : [schematic_netlist] purge: SKIPPED
2026-09-21 21:41:41 +0700: Memory Usage (796720K) : [schematic_netlist] purge_nets: SKIPPED
2026-09-21 21:41:41 +0700: Memory Usage (796720K) : Starting SG13G2 LVS Comparison in strict port mode.
2026-09-21 21:41:41 +0700: Memory Usage (796720K) : flag_missing_ports enabled: missing/mislabeled top-level ports are treated as errors.
2026-09-21 21:41:41 +0700: Memory Usage (796848K) : xxxxxxxxxxxxxxxxxxxxxxxxxxxxxxxxxxxxxxxxxx
2026-09-21 21:41:41 +0700: Memory Usage (796848K) : ERROR : Netlists don't match
2026-09-21 21:41:41 +0700: Memory Usage (796848K) : xxxxxxxxxxxxxxxxxxxxxxxxxxxxxxxxxxxxxxxxxx
2026-09-21 21:41:41 +0700: Memory Usage (796848K) : LVS Total Run time 63.707760 seconds
