# Logfile created on 2026-09-21 21:59:03 +0700 by logger.rb/61378
2026-09-21 21:59:03 +0700: Memory Usage (416304K) : Starting running SG13G2 Klayout LVS runset on /home/admin/work/final/IHP__MSPHY6034/dependencies/ADC/release/v.1.0.0/gds/SAR_ADC.gds
2026-09-21 21:59:03 +0700: Memory Usage (416304K) : Ruby Version for klayout: 2.5.9
2026-09-21 21:59:03 +0700: Memory Usage (416352K) : Loading database to memory is complete.
2026-09-21 21:59:03 +0700: Memory Usage (416352K) : SG13G2 Klayout LVS runset output at: /home/admin/work/final/IHP__MSPHY6034/dependencies/ADC/ADC-main/verification/lvs/lvs_run_SAR_ADC_deep/SAR_ADC.lvsdb
2026-09-21 21:59:03 +0700: Memory Usage (416352K) : Evaluate switches.
2026-09-21 21:59:03 +0700: Memory Usage (416352K) : Extracted netlist with net names: true
2026-09-21 21:59:03 +0700: Memory Usage (416352K) : Extracted netlist with comments in details: false
2026-09-21 21:59:03 +0700: Memory Usage (416352K) : Selected NET_ONLY option: false
2026-09-21 21:59:03 +0700: Memory Usage (416352K) : Selected LAYOUT_NETLIST option: (none)
2026-09-21 21:59:03 +0700: Memory Usage (416352K) : Selected IGNORE_TOP_PORTS_MISMATCH option: 
2026-09-21 21:59:03 +0700: Memory Usage (416352K) : Selected IMPLICIT_NETS option: (none)
2026-09-21 21:59:03 +0700: Memory Usage (416352K) : Selected TOP_LVL_PINS option: false
2026-09-21 21:59:03 +0700: Memory Usage (416352K) : Selected COMBINE DEVICES option: false
2026-09-21 21:59:03 +0700: Memory Usage (416352K) : Selected PURGE option: false
2026-09-21 21:59:03 +0700: Memory Usage (416352K) : Selected PURGE_NETS option: false
2026-09-21 21:59:03 +0700: Memory Usage (416352K) : Selected SIMPLIFY option: true
2026-09-21 21:59:03 +0700: Memory Usage (416352K) : Selected SERIES_RES option: true
2026-09-21 21:59:03 +0700: Memory Usage (416352K) : Selected PARALLEL_RES option: true
2026-09-21 21:59:03 +0700: Memory Usage (416352K) : deep  mode is enabled.
2026-09-21 21:59:03 +0700: Memory Usage (417704K) : Netlist file: /home/admin/work/final/IHP__MSPHY6034/dependencies/ADC/ADC-main/verification/lvs/lvs_run_SAR_ADC_deep/SAR_ADC_netlist_fixed.spice
2026-09-21 21:59:03 +0700: Memory Usage (417704K) : LVS extracted netlist at: /home/admin/work/final/IHP__MSPHY6034/dependencies/ADC/ADC-main/verification/lvs/lvs_run_SAR_ADC_deep/SAR_ADC_extracted.cir
2026-09-21 21:59:03 +0700: Memory Usage (417704K) : Applying SRAM integration support.
2026-09-21 21:59:03 +0700: Memory Usage (417704K) : Starting SG13G2 LVS runset
2026-09-21 21:59:03 +0700: Memory Usage (417704K) : Read in polygons from layers.
2026-09-21 21:59:03 +0700: Memory Usage (419892K) : activ_drw has 3331 polygons
2026-09-21 21:59:03 +0700: Memory Usage (419892K) : activ_filler has 0 polygons
2026-09-21 21:59:03 +0700: Memory Usage (419892K) : activ has 3331 polygons
2026-09-21 21:59:03 +0700: Memory Usage (419892K) : activ_pin has 0 polygons
2026-09-21 21:59:03 +0700: Memory Usage (419892K) : activ_mask has 0 polygons
2026-09-21 21:59:03 +0700: Memory Usage (419892K) : activ_nofill has 0 polygons
2026-09-21 21:59:03 +0700: Memory Usage (419892K) : activ_OPC has 0 polygons
2026-09-21 21:59:03 +0700: Memory Usage (419892K) : activ_iOPC has 0 polygons
2026-09-21 21:59:03 +0700: Memory Usage (419892K) : activ_noqrc has 0 polygons
2026-09-21 21:59:03 +0700: Memory Usage (419892K) : biwind_drw has 0 polygons
2026-09-21 21:59:03 +0700: Memory Usage (419892K) : biwind_OPC has 0 polygons
2026-09-21 21:59:03 +0700: Memory Usage (419892K) : gatpoly_drw has 3046 polygons
2026-09-21 21:59:03 +0700: Memory Usage (419892K) : gatpoly_filler has 0 polygons
2026-09-21 21:59:03 +0700: Memory Usage (419892K) : gatpoly has 3046 polygons
2026-09-21 21:59:03 +0700: Memory Usage (420316K) : gatpoly_pin has 87 polygons
2026-09-21 21:59:03 +0700: Memory Usage (420316K) : gatpoly_nofill has 0 polygons
2026-09-21 21:59:03 +0700: Memory Usage (420316K) : gatpoly_OPC has 0 polygons
2026-09-21 21:59:03 +0700: Memory Usage (420316K) : gatpoly_iOPC has 0 polygons
2026-09-21 21:59:03 +0700: Memory Usage (420316K) : gatpoly_noqrc has 0 polygons
2026-09-21 21:59:03 +0700: Memory Usage (420844K) : cont_drw has 22127 polygons
2026-09-21 21:59:03 +0700: Memory Usage (420844K) : cont_OPC has 0 polygons
2026-09-21 21:59:03 +0700: Memory Usage (420844K) : nsd_drw has 0 polygons
2026-09-21 21:59:03 +0700: Memory Usage (421372K) : nsd_block has 0 polygons
2026-09-21 21:59:03 +0700: Memory Usage (421372K) : metal1_drw has 6117 polygons
2026-09-21 21:59:03 +0700: Memory Usage (421372K) : metal1_filler has 0 polygons
2026-09-21 21:59:03 +0700: Memory Usage (421372K) : metal1_slit has 0 polygons
2026-09-21 21:59:03 +0700: Memory Usage (421696K) : metal1 has 6117 polygons
2026-09-21 21:59:03 +0700: Memory Usage (421696K) : metal1_pin has 1897 polygons
2026-09-21 21:59:03 +0700: Memory Usage (421696K) : metal1_mask has 0 polygons
2026-09-21 21:59:03 +0700: Memory Usage (422020K) : metal1_nofill has 0 polygons
2026-09-21 21:59:03 +0700: Memory Usage (422020K) : metal1_text has 0 polygons
2026-09-21 21:59:03 +0700: Memory Usage (422020K) : metal1_OPC has 0 polygons
2026-09-21 21:59:03 +0700: Memory Usage (422020K) : metal1_noqrc has 0 polygons
2026-09-21 21:59:03 +0700: Memory Usage (422332K) : metal1_res has 0 polygons
2026-09-21 21:59:03 +0700: Memory Usage (422332K) : metal1_iprobe has 0 polygons
2026-09-21 21:59:03 +0700: Memory Usage (422332K) : metal1_diffprb has 0 polygons
2026-09-21 21:59:03 +0700: Memory Usage (422332K) : passiv_drw has 0 polygons
2026-09-21 21:59:03 +0700: Memory Usage (422596K) : passiv_pin has 0 polygons
2026-09-21 21:59:03 +0700: Memory Usage (422596K) : passiv_sbump has 0 polygons
2026-09-21 21:59:03 +0700: Memory Usage (422596K) : passiv_pillar has 0 polygons
2026-09-21 21:59:03 +0700: Memory Usage (422860K) : passiv_pdl has 0 polygons
2026-09-21 21:59:03 +0700: Memory Usage (422860K) : metal2_drw has 2258 polygons
2026-09-21 21:59:03 +0700: Memory Usage (422860K) : metal2_filler has 0 polygons
2026-09-21 21:59:03 +0700: Memory Usage (423124K) : metal2_slit has 0 polygons
2026-09-21 21:59:03 +0700: Memory Usage (423124K) : metal2 has 2258 polygons
2026-09-21 21:59:03 +0700: Memory Usage (423388K) : metal2_pin has 12 polygons
2026-09-21 21:59:03 +0700: Memory Usage (423388K) : metal2_mask has 0 polygons
2026-09-21 21:59:03 +0700: Memory Usage (423388K) : metal2_nofill has 0 polygons
2026-09-21 21:59:03 +0700: Memory Usage (423652K) : metal2_text has 16 polygons
2026-09-21 21:59:03 +0700: Memory Usage (423652K) : metal2_OPC has 0 polygons
2026-09-21 21:59:03 +0700: Memory Usage (423652K) : metal2_noqrc has 0 polygons
2026-09-21 21:59:03 +0700: Memory Usage (423652K) : metal2_res has 0 polygons
2026-09-21 21:59:03 +0700: Memory Usage (424036K) : metal2_iprobe has 0 polygons
2026-09-21 21:59:03 +0700: Memory Usage (424036K) : metal2_diffprb has 0 polygons
2026-09-21 21:59:03 +0700: Memory Usage (424036K) : baspoly_drw has 0 polygons
2026-09-21 21:59:03 +0700: Memory Usage (424300K) : baspoly_pin has 0 polygons
2026-09-21 21:59:03 +0700: Memory Usage (424300K) : psd_drw has 1325 polygons
2026-09-21 21:59:03 +0700: Memory Usage (424504K) : nldb_drw has 0 polygons
2026-09-21 21:59:03 +0700: Memory Usage (424504K) : digibnd_drw has 0 polygons
2026-09-21 21:59:03 +0700: Memory Usage (424504K) : via1_drw has 2251 polygons
2026-09-21 21:59:03 +0700: Memory Usage (424504K) : backmetal1_drw has 0 polygons
2026-09-21 21:59:03 +0700: Memory Usage (424504K) : backmetal1_pin has 0 polygons
2026-09-21 21:59:03 +0700: Memory Usage (424504K) : backmetal1_mask has 0 polygons
2026-09-21 21:59:03 +0700: Memory Usage (424504K) : backmetal1_filler has 0 polygons
2026-09-21 21:59:03 +0700: Memory Usage (424504K) : backmetal1_nofill has 0 polygons
2026-09-21 21:59:03 +0700: Memory Usage (424504K) : backmetal1_slit has 0 polygons
2026-09-21 21:59:03 +0700: Memory Usage (424504K) : backmetal1_text has 0 polygons
2026-09-21 21:59:03 +0700: Memory Usage (424504K) : backmetal1_OPC has 0 polygons
2026-09-21 21:59:03 +0700: Memory Usage (424504K) : backmetal1_noqrc has 0 polygons
2026-09-21 21:59:03 +0700: Memory Usage (424504K) : backmetal1_res has 0 polygons
2026-09-21 21:59:03 +0700: Memory Usage (424504K) : backmetal1_iprobe has 0 polygons
2026-09-21 21:59:03 +0700: Memory Usage (424504K) : backmetal1_diffprb has 0 polygons
2026-09-21 21:59:03 +0700: Memory Usage (424504K) : backpassiv_drw has 0 polygons
2026-09-21 21:59:03 +0700: Memory Usage (424504K) : res_drw has 0 polygons
2026-09-21 21:59:03 +0700: Memory Usage (424504K) : sram_drw has 0 polygons
2026-09-21 21:59:03 +0700: Memory Usage (424504K) : trans_drw has 0 polygons
2026-09-21 21:59:03 +0700: Memory Usage (424504K) : ind_drw has 0 polygons
2026-09-21 21:59:03 +0700: Memory Usage (424504K) : ind_pin has 0 polygons
2026-09-21 21:59:03 +0700: Memory Usage (424504K) : ind_text has 0 polygons
2026-09-21 21:59:03 +0700: Memory Usage (424504K) : salblock_drw has 0 polygons
2026-09-21 21:59:03 +0700: Memory Usage (424504K) : via2_drw has 1733 polygons
2026-09-21 21:59:03 +0700: Memory Usage (424504K) : metal3_drw has 639 polygons
2026-09-21 21:59:03 +0700: Memory Usage (424504K) : metal3_filler has 0 polygons
2026-09-21 21:59:03 +0700: Memory Usage (424504K) : metal3_slit has 0 polygons
2026-09-21 21:59:03 +0700: Memory Usage (424504K) : metal3 has 639 polygons
2026-09-21 21:59:03 +0700: Memory Usage (424504K) : metal3_pin has 3 polygons
2026-09-21 21:59:03 +0700: Memory Usage (424504K) : metal3_mask has 0 polygons
2026-09-21 21:59:03 +0700: Memory Usage (424504K) : metal3_nofill has 0 polygons
2026-09-21 21:59:03 +0700: Memory Usage (424504K) : metal3_text has 3 polygons
2026-09-21 21:59:03 +0700: Memory Usage (424504K) : metal3_OPC has 0 polygons
2026-09-21 21:59:03 +0700: Memory Usage (424504K) : metal3_noqrc has 0 polygons
2026-09-21 21:59:03 +0700: Memory Usage (424504K) : metal3_res has 0 polygons
2026-09-21 21:59:03 +0700: Memory Usage (424504K) : metal3_iprobe has 0 polygons
2026-09-21 21:59:03 +0700: Memory Usage (424504K) : metal3_diffprb has 0 polygons
2026-09-21 21:59:03 +0700: Memory Usage (424504K) : nwell_drw has 737 polygons
2026-09-21 21:59:03 +0700: Memory Usage (424504K) : nwell_pin has 0 polygons
2026-09-21 21:59:03 +0700: Memory Usage (424504K) : nwell_text has 0 polygons
2026-09-21 21:59:03 +0700: Memory Usage (424504K) : nbulay_drw has 36 polygons
2026-09-21 21:59:03 +0700: Memory Usage (424504K) : nbulay_pin has 0 polygons
2026-09-21 21:59:03 +0700: Memory Usage (424504K) : nbulay_block has 0 polygons
2026-09-21 21:59:03 +0700: Memory Usage (424504K) : emwind_drw has 0 polygons
2026-09-21 21:59:03 +0700: Memory Usage (424504K) : emwind_OPC has 0 polygons
2026-09-21 21:59:03 +0700: Memory Usage (424504K) : deepco_drw has 0 polygons
2026-09-21 21:59:03 +0700: Memory Usage (424504K) : mim_drw has 345 polygons
2026-09-21 21:59:03 +0700: Memory Usage (424504K) : edgeseal_drw has 0 polygons
2026-09-21 21:59:03 +0700: Memory Usage (424504K) : substrate_drw has 74 polygons
2026-09-21 21:59:03 +0700: Memory Usage (424504K) : substrate_text has 0 polygons
2026-09-21 21:59:03 +0700: Memory Usage (424504K) : dfpad_drw has 0 polygons
2026-09-21 21:59:03 +0700: Memory Usage (424504K) : dfpad_pillar has 0 polygons
2026-09-21 21:59:03 +0700: Memory Usage (424504K) : dfpad_sbump has 0 polygons
2026-09-21 21:59:03 +0700: Memory Usage (424504K) : thickgateox_drw has 0 polygons
2026-09-21 21:59:03 +0700: Memory Usage (424504K) : pldb_drw has 0 polygons
2026-09-21 21:59:03 +0700: Memory Usage (424504K) : pwell_drw has 54 polygons
2026-09-21 21:59:03 +0700: Memory Usage (424504K) : pwell_pin has 0 polygons
2026-09-21 21:59:03 +0700: Memory Usage (424504K) : pwell_block has 0 polygons
2026-09-21 21:59:03 +0700: Memory Usage (424504K) : ic_drw has 0 polygons
2026-09-21 21:59:03 +0700: Memory Usage (424504K) : via3_drw has 1058 polygons
2026-09-21 21:59:03 +0700: Memory Usage (424504K) : metal4_drw has 183 polygons
2026-09-21 21:59:03 +0700: Memory Usage (424504K) : metal4_filler has 0 polygons
2026-09-21 21:59:03 +0700: Memory Usage (424504K) : metal4_slit has 0 polygons
2026-09-21 21:59:03 +0700: Memory Usage (424748K) : metal4 has 183 polygons
2026-09-21 21:59:03 +0700: Memory Usage (424748K) : metal4_pin has 0 polygons
2026-09-21 21:59:03 +0700: Memory Usage (424748K) : metal4_mask has 0 polygons
2026-09-21 21:59:03 +0700: Memory Usage (425012K) : metal4_nofill has 0 polygons
2026-09-21 21:59:03 +0700: Memory Usage (425012K) : metal4_text has 0 polygons
2026-09-21 21:59:03 +0700: Memory Usage (425012K) : metal4_OPC has 0 polygons
2026-09-21 21:59:03 +0700: Memory Usage (425276K) : metal4_noqrc has 0 polygons
2026-09-21 21:59:03 +0700: Memory Usage (425276K) : metal4_res has 0 polygons
2026-09-21 21:59:03 +0700: Memory Usage (425276K) : metal4_iprobe has 0 polygons
2026-09-21 21:59:03 +0700: Memory Usage (425276K) : metal4_diffprb has 0 polygons
2026-09-21 21:59:03 +0700: Memory Usage (425540K) : heattrans_drw has 171 polygons
2026-09-21 21:59:03 +0700: Memory Usage (425540K) : heatres_drw has 0 polygons
2026-09-21 21:59:03 +0700: Memory Usage (425540K) : fbe_drw has 0 polygons
2026-09-21 21:59:03 +0700: Memory Usage (425804K) : empoly_drw has 0 polygons
2026-09-21 21:59:03 +0700: Memory Usage (425804K) : digisub_drw has 0 polygons
2026-09-21 21:59:03 +0700: Memory Usage (425804K) : text_drw has 188 polygons
2026-09-21 21:59:03 +0700: Memory Usage (425804K) : via4_drw has 1250 polygons
2026-09-21 21:59:03 +0700: Memory Usage (426068K) : metal5_drw has 618 polygons
2026-09-21 21:59:03 +0700: Memory Usage (426068K) : metal5_filler has 0 polygons
2026-09-21 21:59:03 +0700: Memory Usage (426068K) : metal5_slit has 0 polygons
2026-09-21 21:59:03 +0700: Memory Usage (426332K) : metal5 has 618 polygons
2026-09-21 21:59:03 +0700: Memory Usage (426332K) : metal5_pin has 0 polygons
2026-09-21 21:59:03 +0700: Memory Usage (426596K) : metal5_mask has 0 polygons
2026-09-21 21:59:03 +0700: Memory Usage (426596K) : metal5_nofill has 0 polygons
2026-09-21 21:59:03 +0700: Memory Usage (426596K) : metal5_text has 0 polygons
2026-09-21 21:59:03 +0700: Memory Usage (426596K) : metal5_OPC has 0 polygons
2026-09-21 21:59:03 +0700: Memory Usage (426860K) : metal5_noqrc has 0 polygons
2026-09-21 21:59:03 +0700: Memory Usage (426860K) : metal5_res has 0 polygons
2026-09-21 21:59:03 +0700: Memory Usage (426860K) : metal5_iprobe has 0 polygons
2026-09-21 21:59:03 +0700: Memory Usage (426860K) : metal5_diffprb has 0 polygons
2026-09-21 21:59:03 +0700: Memory Usage (427124K) : radhard_drw has 0 polygons
2026-09-21 21:59:03 +0700: Memory Usage (427124K) : memcap_drw has 0 polygons
2026-09-21 21:59:03 +0700: Memory Usage (427124K) : varicap_drw has 0 polygons
2026-09-21 21:59:03 +0700: Memory Usage (427388K) : intbondvia_drw has 0 polygons
2026-09-21 21:59:03 +0700: Memory Usage (427388K) : intbondmet_drw has 0 polygons
2026-09-21 21:59:03 +0700: Memory Usage (427388K) : devbondvia_drw has 0 polygons
2026-09-21 21:59:03 +0700: Memory Usage (427388K) : devbondmet_drw has 0 polygons
2026-09-21 21:59:03 +0700: Memory Usage (427652K) : devtrench_drw has 0 polygons
2026-09-21 21:59:03 +0700: Memory Usage (427652K) : redist_drw has 0 polygons
2026-09-21 21:59:03 +0700: Memory Usage (427652K) : graphbot_drw has 0 polygons
2026-09-21 21:59:03 +0700: Memory Usage (427916K) : graphtop_drw has 0 polygons
2026-09-21 21:59:03 +0700: Memory Usage (427916K) : antvia1_drw has 0 polygons
2026-09-21 21:59:03 +0700: Memory Usage (427916K) : antmetal2_drw has 0 polygons
2026-09-21 21:59:03 +0700: Memory Usage (427916K) : graphcont_drw has 0 polygons
2026-09-21 21:59:03 +0700: Memory Usage (428180K) : siwg_drw has 0 polygons
2026-09-21 21:59:03 +0700: Memory Usage (428180K) : siwg_filler has 0 polygons
2026-09-21 21:59:03 +0700: Memory Usage (428180K) : siwg_nofill has 0 polygons
2026-09-21 21:59:03 +0700: Memory Usage (428444K) : sigrating_drw has 0 polygons
2026-09-21 21:59:03 +0700: Memory Usage (428444K) : singrating_drw has 0 polygons
2026-09-21 21:59:03 +0700: Memory Usage (428444K) : graphpas_drw has 0 polygons
2026-09-21 21:59:03 +0700: Memory Usage (428444K) : emwind3_drw has 0 polygons
2026-09-21 21:59:03 +0700: Memory Usage (428708K) : emwihv3_drw has 0 polygons
2026-09-21 21:59:03 +0700: Memory Usage (428708K) : redbulay_drw has 0 polygons
2026-09-21 21:59:03 +0700: Memory Usage (428708K) : smos_drw has 0 polygons
2026-09-21 21:59:03 +0700: Memory Usage (428972K) : graphpad_drw has 0 polygons
2026-09-21 21:59:03 +0700: Memory Usage (428972K) : polimide_drw has 0 polygons
2026-09-21 21:59:03 +0700: Memory Usage (428972K) : polimide_pin has 0 polygons
2026-09-21 21:59:03 +0700: Memory Usage (428972K) : recog_drw has 0 polygons
2026-09-21 21:59:03 +0700: Memory Usage (429236K) : recog_pin has 0 polygons
2026-09-21 21:59:03 +0700: Memory Usage (429236K) : recog_esd has 0 polygons
2026-09-21 21:59:03 +0700: Memory Usage (429236K) : recog_diode has 0 polygons
2026-09-21 21:59:03 +0700: Memory Usage (429500K) : recog_tsv has 0 polygons
2026-09-21 21:59:03 +0700: Memory Usage (429500K) : recog_iprobe has 0 polygons
2026-09-21 21:59:03 +0700: Memory Usage (429500K) : recog_diffprb has 0 polygons
2026-09-21 21:59:03 +0700: Memory Usage (429500K) : recog_pillar has 0 polygons
2026-09-21 21:59:03 +0700: Memory Usage (429764K) : recog_sbump has 0 polygons
2026-09-21 21:59:03 +0700: Memory Usage (429764K) : recog_otp has 0 polygons
2026-09-21 21:59:03 +0700: Memory Usage (429764K) : recog_pdiode has 0 polygons
2026-09-21 21:59:03 +0700: Memory Usage (430028K) : recog_mom has 0 polygons
2026-09-21 21:59:03 +0700: Memory Usage (430028K) : recog_pcm has 0 polygons
2026-09-21 21:59:03 +0700: Memory Usage (430028K) : colopen_drw has 0 polygons
2026-09-21 21:59:03 +0700: Memory Usage (430028K) : graphmetal1_drw has 0 polygons
2026-09-21 21:59:03 +0700: Memory Usage (430292K) : graphmetal1_filler has 0 polygons
2026-09-21 21:59:03 +0700: Memory Usage (430292K) : graphmetal1_nofill has 0 polygons
2026-09-21 21:59:03 +0700: Memory Usage (430292K) : graphmetal1_slit has 0 polygons
2026-09-21 21:59:03 +0700: Memory Usage (430556K) : graphmetal1_OPC has 0 polygons
2026-09-21 21:59:03 +0700: Memory Usage (430556K) : graphmet1l_drw has 0 polygons
2026-09-21 21:59:03 +0700: Memory Usage (430556K) : graphmet1l_filler has 0 polygons
2026-09-21 21:59:03 +0700: Memory Usage (430556K) : graphmet1l_nofill has 0 polygons
2026-09-21 21:59:03 +0700: Memory Usage (430820K) : graphmet1l_slit has 0 polygons
2026-09-21 21:59:03 +0700: Memory Usage (430820K) : graphmet1l_OPC has 0 polygons
2026-09-21 21:59:03 +0700: Memory Usage (430820K) : extblock_drw has 0 polygons
2026-09-21 21:59:03 +0700: Memory Usage (431084K) : nldd_drw has 0 polygons
2026-09-21 21:59:03 +0700: Memory Usage (431084K) : pldd_drw has 0 polygons
2026-09-21 21:59:03 +0700: Memory Usage (431084K) : next_drw has 0 polygons
2026-09-21 21:59:03 +0700: Memory Usage (431084K) : pext_drw has 0 polygons
2026-09-21 21:59:03 +0700: Memory Usage (431348K) : nexthv_drw has 0 polygons
2026-09-21 21:59:03 +0700: Memory Usage (431348K) : pexthv_drw has 0 polygons
2026-09-21 21:59:03 +0700: Memory Usage (431348K) : graphgate_drw has 0 polygons
2026-09-21 21:59:03 +0700: Memory Usage (431612K) : sinwg_drw has 0 polygons
2026-09-21 21:59:03 +0700: Memory Usage (431612K) : sinwg_filler has 0 polygons
2026-09-21 21:59:03 +0700: Memory Usage (431612K) : sinwg_nofill has 0 polygons
2026-09-21 21:59:03 +0700: Memory Usage (431612K) : mempad_drw has 0 polygons
2026-09-21 21:59:03 +0700: Memory Usage (431876K) : topvia1_drw has 415 polygons
2026-09-21 21:59:03 +0700: Memory Usage (431876K) : topmetal1_drw has 528 polygons
2026-09-21 21:59:03 +0700: Memory Usage (431876K) : topmetal1_filler has 0 polygons
2026-09-21 21:59:03 +0700: Memory Usage (432140K) : topmetal1_slit has 0 polygons
2026-09-21 21:59:03 +0700: Memory Usage (432140K) : topmetal1 has 528 polygons
2026-09-21 21:59:03 +0700: Memory Usage (432140K) : topmetal1_pin has 8 polygons
2026-09-21 21:59:03 +0700: Memory Usage (432404K) : topmetal1_mask has 0 polygons
2026-09-21 21:59:03 +0700: Memory Usage (432404K) : topmetal1_nofill has 0 polygons
2026-09-21 21:59:03 +0700: Memory Usage (432404K) : topmetal1_text has 13 polygons
2026-09-21 21:59:03 +0700: Memory Usage (432404K) : topmetal1_noqrc has 0 polygons
2026-09-21 21:59:03 +0700: Memory Usage (432668K) : topmetal1_res has 0 polygons
2026-09-21 21:59:03 +0700: Memory Usage (432668K) : topmetal1_iprobe has 0 polygons
2026-09-21 21:59:03 +0700: Memory Usage (432668K) : topmetal1_diffprb has 0 polygons
2026-09-21 21:59:03 +0700: Memory Usage (432932K) : inldpwl_drw has 0 polygons
2026-09-21 21:59:03 +0700: Memory Usage (432932K) : polyres_drw has 0 polygons
2026-09-21 21:59:03 +0700: Memory Usage (432932K) : polyres_pin has 0 polygons
2026-09-21 21:59:03 +0700: Memory Usage (432932K) : vmim_drw has 5512 polygons
2026-09-21 21:59:03 +0700: Memory Usage (433460K) : nbulaycut_drw has 0 polygons
2026-09-21 21:59:03 +0700: Memory Usage (433460K) : antmetal1_drw has 0 polygons
2026-09-21 21:59:03 +0700: Memory Usage (433460K) : topvia2_drw has 507 polygons
2026-09-21 21:59:03 +0700: Memory Usage (433460K) : topmetal2_drw has 72 polygons
2026-09-21 21:59:03 +0700: Memory Usage (433460K) : topmetal2_filler has 0 polygons
2026-09-21 21:59:03 +0700: Memory Usage (433904K) : topmetal2_slit has 0 polygons
2026-09-21 21:59:03 +0700: Memory Usage (433904K) : topmetal2 has 72 polygons
2026-09-21 21:59:03 +0700: Memory Usage (433904K) : topmetal2_pin has 8 polygons
2026-09-21 21:59:03 +0700: Memory Usage (434168K) : topmetal2_mask has 0 polygons
2026-09-21 21:59:03 +0700: Memory Usage (434168K) : topmetal2_nofill has 0 polygons
2026-09-21 21:59:03 +0700: Memory Usage (434168K) : topmetal2_text has 13 polygons
2026-09-21 21:59:03 +0700: Memory Usage (434432K) : topmetal2_noqrc has 0 polygons
2026-09-21 21:59:03 +0700: Memory Usage (434432K) : topmetal2_res has 0 polygons
2026-09-21 21:59:03 +0700: Memory Usage (434432K) : topmetal2_iprobe has 0 polygons
2026-09-21 21:59:03 +0700: Memory Usage (434432K) : topmetal2_diffprb has 0 polygons
2026-09-21 21:59:03 +0700: Memory Usage (434696K) : snsring_drw has 0 polygons
2026-09-21 21:59:03 +0700: Memory Usage (434696K) : sensor_drw has 0 polygons
2026-09-21 21:59:03 +0700: Memory Usage (434696K) : snsarms_drw has 0 polygons
2026-09-21 21:59:03 +0700: Memory Usage (434960K) : snscmosvia_drw has 0 polygons
2026-09-21 21:59:03 +0700: Memory Usage (434960K) : colwind_drw has 0 polygons
2026-09-21 21:59:03 +0700: Memory Usage (434960K) : flm_drw has 0 polygons
2026-09-21 21:59:03 +0700: Memory Usage (434960K) : hafniumox_drw has 0 polygons
2026-09-21 21:59:03 +0700: Memory Usage (435224K) : memvia_drw has 0 polygons
2026-09-21 21:59:03 +0700: Memory Usage (435224K) : thinfilmres_drw has 0 polygons
2026-09-21 21:59:03 +0700: Memory Usage (435224K) : rfmem_drw has 0 polygons
2026-09-21 21:59:03 +0700: Memory Usage (435488K) : norcx_drw has 0 polygons
2026-09-21 21:59:03 +0700: Memory Usage (435488K) : norcx_m2m3 has 0 polygons
2026-09-21 21:59:03 +0700: Memory Usage (435488K) : norcx_m2m4 has 0 polygons
2026-09-21 21:59:03 +0700: Memory Usage (435488K) : norcx_m2m5 has 0 polygons
2026-09-21 21:59:03 +0700: Memory Usage (435752K) : norcx_m2tm1 has 0 polygons
2026-09-21 21:59:03 +0700: Memory Usage (435752K) : norcx_m2tm2 has 0 polygons
2026-09-21 21:59:03 +0700: Memory Usage (435752K) : norcx_m3m4 has 0 polygons
2026-09-21 21:59:03 +0700: Memory Usage (436016K) : norcx_m3m5 has 0 polygons
2026-09-21 21:59:03 +0700: Memory Usage (436016K) : norcx_m3tm1 has 0 polygons
2026-09-21 21:59:03 +0700: Memory Usage (436016K) : norcx_m3tm2 has 0 polygons
2026-09-21 21:59:03 +0700: Memory Usage (436016K) : norcx_m4m5 has 0 polygons
2026-09-21 21:59:03 +0700: Memory Usage (436280K) : norcx_m4tm1 has 0 polygons
2026-09-21 21:59:03 +0700: Memory Usage (436280K) : norcx_m4tm2 has 0 polygons
2026-09-21 21:59:03 +0700: Memory Usage (436280K) : norcx_m5tm1 has 0 polygons
2026-09-21 21:59:03 +0700: Memory Usage (436544K) : norcx_m5tm2 has 0 polygons
2026-09-21 21:59:03 +0700: Memory Usage (436544K) : norcx_tm1tm2 has 0 polygons
2026-09-21 21:59:03 +0700: Memory Usage (436544K) : norcx_m1sub has 0 polygons
2026-09-21 21:59:03 +0700: Memory Usage (436544K) : norcx_m2sub has 0 polygons
2026-09-21 21:59:03 +0700: Memory Usage (436808K) : norcx_m3sub has 0 polygons
2026-09-21 21:59:03 +0700: Memory Usage (436808K) : norcx_m4sub has 0 polygons
2026-09-21 21:59:03 +0700: Memory Usage (436808K) : norcx_m5sub has 0 polygons
2026-09-21 21:59:03 +0700: Memory Usage (437072K) : norcx_tm1sub has 0 polygons
2026-09-21 21:59:03 +0700: Memory Usage (437072K) : norcx_tm2sub has 0 polygons
2026-09-21 21:59:03 +0700: Memory Usage (437072K) : snsbotvia_drw has 0 polygons
2026-09-21 21:59:03 +0700: Memory Usage (437072K) : snstopvia_drw has 0 polygons
2026-09-21 21:59:03 +0700: Memory Usage (437336K) : deepvia_drw has 0 polygons
2026-09-21 21:59:03 +0700: Memory Usage (437336K) : fgetch_drw has 0 polygons
2026-09-21 21:59:03 +0700: Memory Usage (437336K) : ctrgat_drw has 0 polygons
2026-09-21 21:59:03 +0700: Memory Usage (437600K) : fgimp_drw has 0 polygons
2026-09-21 21:59:03 +0700: Memory Usage (437600K) : emwihv_drw has 0 polygons
2026-09-21 21:59:03 +0700: Memory Usage (437600K) : lbe_drw has 0 polygons
2026-09-21 21:59:03 +0700: Memory Usage (437600K) : alcustop_drw has 0 polygons
2026-09-21 21:59:03 +0700: Memory Usage (437864K) : nometfiller_drw has 0 polygons
2026-09-21 21:59:03 +0700: Memory Usage (437864K) : prboundary_drw has 0 polygons
2026-09-21 21:59:03 +0700: Memory Usage (437864K) : exchange0_drw has 0 polygons
2026-09-21 21:59:03 +0700: Memory Usage (438128K) : exchange0_pin has 0 polygons
2026-09-21 21:59:03 +0700: Memory Usage (438128K) : exchange0_text has 0 polygons
2026-09-21 21:59:03 +0700: Memory Usage (438128K) : exchange1_drw has 0 polygons
2026-09-21 21:59:03 +0700: Memory Usage (438128K) : exchange1_pin has 0 polygons
2026-09-21 21:59:03 +0700: Memory Usage (438392K) : exchange1_text has 0 polygons
2026-09-21 21:59:03 +0700: Memory Usage (438392K) : exchange2_drw has 0 polygons
2026-09-21 21:59:03 +0700: Memory Usage (438392K) : exchange2_pin has 0 polygons
2026-09-21 21:59:03 +0700: Memory Usage (438392K) : exchange2_text has 0 polygons
2026-09-21 21:59:03 +0700: Memory Usage (438656K) : exchange3_drw has 0 polygons
2026-09-21 21:59:03 +0700: Memory Usage (438656K) : exchange3_pin has 0 polygons
2026-09-21 21:59:03 +0700: Memory Usage (438656K) : exchange3_text has 0 polygons
2026-09-21 21:59:03 +0700: Memory Usage (438920K) : exchange4_drw has 0 polygons
2026-09-21 21:59:03 +0700: Memory Usage (438920K) : exchange4_pin has 0 polygons
2026-09-21 21:59:03 +0700: Memory Usage (438920K) : exchange4_text has 0 polygons
2026-09-21 21:59:03 +0700: Memory Usage (438920K) : isonwell_drw has 0 polygons
2026-09-21 21:59:03 +0700: Memory Usage (438920K) : Total no. of polygons in the design is 56635
2026-09-21 21:59:03 +0700: Memory Usage (438920K) : Starting base layers derivations
2026-09-21 21:59:03 +0700: Memory Usage (438920K) : Starting general LVS derivations
2026-09-21 21:59:04 +0700: Memory Usage (447088K) : Starting MOSFET DERIVATIONS
2026-09-21 21:59:04 +0700: Memory Usage (451256K) : Starting NMOS DERIVATIONS
2026-09-21 21:59:04 +0700: Memory Usage (451256K) : Starting PMOS DERIVATIONS
2026-09-21 21:59:05 +0700: Memory Usage (451256K) : Starting RF-MOSFET DERIVATIONS
2026-09-21 21:59:05 +0700: Memory Usage (451256K) : Starting RF-NMOS DERIVATIONS
2026-09-21 21:59:05 +0700: Memory Usage (451256K) : Starting RF-PMOS DERIVATIONS
2026-09-21 21:59:05 +0700: Memory Usage (451256K) : Starting BJT DERIVATIONS
2026-09-21 21:59:05 +0700: Memory Usage (451256K) : Starting NPN-BJT DERIVATIONS
2026-09-21 21:59:05 +0700: Memory Usage (451940K) : Starting PNP-BJT DERIVATIONS
2026-09-21 21:59:05 +0700: Memory Usage (451940K) : Starting DIODE DERIVATIONS
2026-09-21 21:59:06 +0700: Memory Usage (447960K) : Starting RESISTOR DERIVATIONS
2026-09-21 21:59:06 +0700: Memory Usage (447960K) : Starting CAP DERIVATIONS
2026-09-21 21:59:06 +0700: Memory Usage (448160K) : Starting ESD DERIVATIONS
2026-09-21 21:59:07 +0700: Memory Usage (448168K) : Starting Inductor DERIVATIONS
2026-09-21 21:59:07 +0700: Memory Usage (448168K) : Starting Taps DERIVATIONS
2026-09-21 21:59:07 +0700: Memory Usage (448168K) : Starting SG13G2 LVS connectivity setup
2026-09-21 21:59:07 +0700: Memory Usage (448168K) : Starting SG13G2 LVS connectivity setup (Inter-layer)
2026-09-21 21:59:07 +0700: Memory Usage (448168K) : Starting SG13G2 LVS connectivity setup (Global)
2026-09-21 21:59:07 +0700: Memory Usage (448168K) : Starting LVS MOSFET CONNECTIONS
2026-09-21 21:59:07 +0700: Memory Usage (448168K) : Starting LVS RF-MOSFET CONNECTIONS
2026-09-21 21:59:07 +0700: Memory Usage (448168K) : Starting LVS BJT CONNECTIONS
2026-09-21 21:59:07 +0700: Memory Usage (448168K) : Starting LVS DIODE CONNECTIONS
2026-09-21 21:59:07 +0700: Memory Usage (448168K) : Starting RESISTOR CONNECTIONS
2026-09-21 21:59:07 +0700: Memory Usage (448168K) : Starting LVS CAP CONNECTIONS
2026-09-21 21:59:07 +0700: Memory Usage (448168K) : Starting ESD CONNECTIONS
2026-09-21 21:59:07 +0700: Memory Usage (448168K) : Starting Inductor CONNECTIONS
2026-09-21 21:59:07 +0700: Memory Usage (448168K) : Starting LVS Taps CONNECTIONS
2026-09-21 21:59:07 +0700: Memory Usage (448168K) : Starting SG13G2 LVS DEVICES EXTRACTION
2026-09-21 21:59:07 +0700: Memory Usage (448168K) : Starting MOSFET EXTRACTION
2026-09-21 21:59:07 +0700: Memory Usage (448168K) : Starting NMOS EXTRACTION
2026-09-21 21:59:07 +0700: Memory Usage (448168K) : Extraction of NMOS-LV transistor
2026-09-21 21:59:07 +0700: Memory Usage (448620K) : Extraction of NMOS-HV transistor
2026-09-21 21:59:07 +0700: Memory Usage (448748K) : Starting PMOS EXTRACTION
2026-09-21 21:59:07 +0700: Memory Usage (448748K) : Extraction of PMOS-LV transistor
2026-09-21 21:59:07 +0700: Memory Usage (448748K) : Extraction of PMOS-HV transistor
2026-09-21 21:59:08 +0700: Memory Usage (448748K) : Starting RF-MOSFET EXTRACTION
2026-09-21 21:59:08 +0700: Memory Usage (448748K) : Extraction of RF-NMOS-LV transistor
2026-09-21 21:59:08 +0700: Memory Usage (448752K) : Extraction of RF-NMOS-HV transistor
2026-09-21 21:59:09 +0700: Memory Usage (448752K) : Extraction of RF-PMOS-LV transistor
2026-09-21 21:59:09 +0700: Memory Usage (448752K) : Extraction of RF-PMOS-HV transistor
2026-09-21 21:59:09 +0700: Memory Usage (448752K) : Starting BJT EXTRACTION
2026-09-21 21:59:09 +0700: Memory Usage (448752K) : Starting NPN-BJT EXTRACTION
2026-09-21 21:59:09 +0700: Memory Usage (448752K) : Extraction of npn13G2 BJT transistor
2026-09-21 21:59:09 +0700: Memory Usage (448752K) : Extraction of npn13G2L BJT transistor
2026-09-21 21:59:09 +0700: Memory Usage (448752K) : Extraction of npn13G2V BJT transistor
2026-09-21 21:59:09 +0700: Memory Usage (448752K) : Starting PNP-BJT EXTRACTION
2026-09-21 21:59:09 +0700: Memory Usage (448752K) : Extracting pnpMPA BJT
2026-09-21 21:59:09 +0700: Memory Usage (448752K) : Starting DIODE EXTRACTION
2026-09-21 21:59:09 +0700: Memory Usage (448752K) : Extracting dantenna diode
2026-09-21 21:59:09 +0700: Memory Usage (448752K) : Extracting dpantenna diode
2026-09-21 21:59:09 +0700: Memory Usage (448752K) : Extracting schottky_nbl1 diode
2026-09-21 21:59:09 +0700: Memory Usage (448752K) : Extracting isolbox diode
2026-09-21 21:59:09 +0700: Memory Usage (448752K) : Starting RESISTOR EXTRACTION
2026-09-21 21:59:09 +0700: Memory Usage (448752K) : Extracting rsil resistor
2026-09-21 21:59:09 +0700: Memory Usage (448752K) : Extracting rppd resistor
2026-09-21 21:59:09 +0700: Memory Usage (448752K) : Extracting rhigh resistor
2026-09-21 21:59:10 +0700: Memory Usage (448752K) : Extracting res_metal1 resistor
2026-09-21 21:59:10 +0700: Memory Usage (448752K) : Extracting res_metal2 resistor
2026-09-21 21:59:11 +0700: Memory Usage (448752K) : Extracting res_metal3 resistor
2026-09-21 21:59:11 +0700: Memory Usage (448752K) : Extracting res_metal4 resistor
2026-09-21 21:59:11 +0700: Memory Usage (448752K) : Extracting res_metal5 resistor
2026-09-21 21:59:11 +0700: Memory Usage (448752K) : Extracting res_topmetal1 resistor
2026-09-21 21:59:11 +0700: Memory Usage (448752K) : Extracting res_topmetal2 resistor
2026-09-21 21:59:11 +0700: Memory Usage (448752K) : Starting CAP EXTRACTION
2026-09-21 21:59:11 +0700: Memory Usage (448752K) : Extracting cap_cmim device
2026-09-21 21:59:11 +0700: Memory Usage (448752K) : Extracting rfcmim device
2026-09-21 21:59:11 +0700: Memory Usage (448752K) : Extracting sg13_hv_svaricap varactor
2026-09-21 21:59:11 +0700: Memory Usage (448752K) : Starting ESD EXTRACTION
2026-09-21 21:59:11 +0700: Memory Usage (448752K) : Extracting diodevdd_2kv ESD device
2026-09-21 21:59:11 +0700: Memory Usage (448752K) : Extracting diodevdd_4kv ESD device
2026-09-21 21:59:11 +0700: Memory Usage (448752K) : Extracting diodevss_2kv ESD device
2026-09-21 21:59:11 +0700: Memory Usage (448752K) : Extracting diodevss_4kv ESD device
2026-09-21 21:59:11 +0700: Memory Usage (448752K) : Extracting idiodevdd_2kv ESD device
2026-09-21 21:59:11 +0700: Memory Usage (448752K) : Extracting idiodevdd_4kv ESD device
2026-09-21 21:59:11 +0700: Memory Usage (448752K) : Extracting idiodevss_2kv ESD device
2026-09-21 21:59:11 +0700: Memory Usage (448752K) : Extracting idiodevss_4kv ESD device
2026-09-21 21:59:11 +0700: Memory Usage (448752K) : Extracting nmoscl_2 ESD device
2026-09-21 21:59:11 +0700: Memory Usage (448752K) : Extracting nmoscl_4 ESD device
2026-09-21 21:59:11 +0700: Memory Usage (448752K) : Starting Inductor EXTRACTION
2026-09-21 21:59:11 +0700: Memory Usage (448752K) : Extracting Inductor2 device
2026-09-21 21:59:11 +0700: Memory Usage (448752K) : Extracting Inductor3 device
2026-09-21 21:59:11 +0700: Memory Usage (448752K) : Starting Taps EXTRACTION
2026-09-21 21:59:11 +0700: Memory Usage (448752K) : Extracting ntap1 device
2026-09-21 21:59:11 +0700: Memory Usage (448752K) : Extracting ptap1 device
2026-09-21 21:59:11 +0700: Memory Usage (448752K) : Starting SG13G2 LVS RF MOS Model Mapping
2026-09-21 21:59:13 +0700: Memory Usage (448752K) : [layout_netlist] Apply RF MOS model mapping and rfmode parameter.
2026-09-21 21:59:13 +0700: Memory Usage (448752K) : Starting SG13G2 LVS Options Preparations
2026-09-21 21:59:13 +0700: Memory Usage (448752K) : SG13G2 LVS flow: extraction -> alignment -> option preparation -> comparison.
2026-09-21 21:59:13 +0700: Memory Usage (448752K) : Starting SG13G2 LVS Alignment
2026-09-21 21:59:13 +0700: Memory Usage (448880K) : Starting SG13G2 LVS Simplification
2026-09-21 21:59:13 +0700: Memory Usage (448880K) : [layout_netlist] simplify: ENABLED
2026-09-21 21:59:13 +0700: Memory Usage (448880K) : [layout_netlist] make_top_level_pins: SKIPPED
2026-09-21 21:59:13 +0700: Memory Usage (448880K) : [layout_netlist] combine_devices: SKIPPED
2026-09-21 21:59:13 +0700: Memory Usage (448880K) : [layout_netlist] purge: SKIPPED
2026-09-21 21:59:13 +0700: Memory Usage (448880K) : [layout_netlist] purge_nets: SKIPPED
2026-09-21 21:59:13 +0700: Memory Usage (448880K) : [schematic_netlist] simplify: ENABLED
2026-09-21 21:59:13 +0700: Memory Usage (448880K) : [schematic_netlist] make_top_level_pins: SKIPPED
2026-09-21 21:59:13 +0700: Memory Usage (448880K) : [schematic_netlist] combine_devices: SKIPPED
2026-09-21 21:59:13 +0700: Memory Usage (448880K) : [schematic_netlist] purge: SKIPPED
2026-09-21 21:59:13 +0700: Memory Usage (448880K) : [schematic_netlist] purge_nets: SKIPPED
2026-09-21 21:59:13 +0700: Memory Usage (448880K) : Starting SG13G2 LVS Comparison in strict port mode.
2026-09-21 21:59:13 +0700: Memory Usage (448880K) : flag_missing_ports enabled: missing/mislabeled top-level ports are treated as errors.
2026-09-21 21:59:13 +0700: Memory Usage (448944K) : xxxxxxxxxxxxxxxxxxxxxxxxxxxxxxxxxxxxxxxxxx
2026-09-21 21:59:13 +0700: Memory Usage (448944K) : ERROR : Netlists don't match
2026-09-21 21:59:13 +0700: Memory Usage (448944K) : xxxxxxxxxxxxxxxxxxxxxxxxxxxxxxxxxxxxxxxxxx
2026-09-21 21:59:13 +0700: Memory Usage (448944K) : LVS Total Run time 10.230325 seconds
