# Logfile created on 2026-09-21 21:42:49 +0700 by logger.rb/61378
2026-09-21 21:42:49 +0700: Memory Usage (411688K) : Starting running SG13G2 Klayout LVS runset on /home/admin/work/final/IHP__MSPHY6034/dependencies/PMIC/release/v.1.0.0/gds/Full_Layout.gds
2026-09-21 21:42:49 +0700: Memory Usage (411688K) : Ruby Version for klayout: 2.5.9
2026-09-21 21:42:49 +0700: Memory Usage (413132K) : Loading database to memory is complete.
2026-09-21 21:42:49 +0700: Memory Usage (413132K) : SG13G2 Klayout LVS runset output at: /home/admin/work/final/IHP__MSPHY6034/dependencies/PMIC/PMIC-main/verification/lvs/lvs_run_Full_Layout_ignoreports/Full_Layout.lvsdb
2026-09-21 21:42:49 +0700: Memory Usage (413132K) : Evaluate switches.
2026-09-21 21:42:49 +0700: Memory Usage (413132K) : Extracted netlist with net names: true
2026-09-21 21:42:49 +0700: Memory Usage (413132K) : Extracted netlist with comments in details: false
2026-09-21 21:42:49 +0700: Memory Usage (413132K) : Selected NET_ONLY option: false
2026-09-21 21:42:49 +0700: Memory Usage (413132K) : Selected LAYOUT_NETLIST option: (none)
2026-09-21 21:42:49 +0700: Memory Usage (413132K) : Selected IGNORE_TOP_PORTS_MISMATCH option: true
2026-09-21 21:42:49 +0700: Memory Usage (413132K) : Selected IMPLICIT_NETS option: (none)
2026-09-21 21:42:49 +0700: Memory Usage (413132K) : Selected TOP_LVL_PINS option: false
2026-09-21 21:42:49 +0700: Memory Usage (413132K) : Selected COMBINE DEVICES option: false
2026-09-21 21:42:49 +0700: Memory Usage (413132K) : Selected PURGE option: false
2026-09-21 21:42:49 +0700: Memory Usage (413132K) : Selected PURGE_NETS option: false
2026-09-21 21:42:49 +0700: Memory Usage (413132K) : Selected SIMPLIFY option: true
2026-09-21 21:42:49 +0700: Memory Usage (413132K) : Selected SERIES_RES option: true
2026-09-21 21:42:49 +0700: Memory Usage (413132K) : Selected PARALLEL_RES option: true
2026-09-21 21:42:49 +0700: Memory Usage (413132K) : flat  mode is enabled.
2026-09-21 21:42:49 +0700: Memory Usage (417412K) : Netlist file: /home/admin/work/final/IHP__MSPHY6034/dependencies/PMIC/PMIC-main/verification/lvs/lvs_run_Full_Layout_ignoreports/Full_Layout_netlist_fixed.spice
2026-09-21 21:42:49 +0700: Memory Usage (417412K) : LVS extracted netlist at: /home/admin/work/final/IHP__MSPHY6034/dependencies/PMIC/PMIC-main/verification/lvs/lvs_run_Full_Layout_ignoreports/Full_Layout_extracted.cir
2026-09-21 21:42:49 +0700: Memory Usage (417412K) : Applying SRAM integration support.
2026-09-21 21:42:49 +0700: Memory Usage (417412K) : Starting SG13G2 LVS runset
2026-09-21 21:42:49 +0700: Memory Usage (417412K) : Read in polygons from layers.
2026-09-21 21:42:49 +0700: Memory Usage (420884K) : activ_drw has 368 polygons
2026-09-21 21:42:49 +0700: Memory Usage (420884K) : activ_filler has 0 polygons
2026-09-21 21:42:49 +0700: Memory Usage (420884K) : activ has 368 polygons
2026-09-21 21:42:49 +0700: Memory Usage (420884K) : activ_pin has 3 polygons
2026-09-21 21:42:49 +0700: Memory Usage (420884K) : activ_mask has 0 polygons
2026-09-21 21:42:49 +0700: Memory Usage (420884K) : activ_nofill has 0 polygons
2026-09-21 21:42:49 +0700: Memory Usage (420884K) : activ_OPC has 0 polygons
2026-09-21 21:42:49 +0700: Memory Usage (420884K) : activ_iOPC has 0 polygons
2026-09-21 21:42:49 +0700: Memory Usage (420884K) : activ_noqrc has 0 polygons
2026-09-21 21:42:49 +0700: Memory Usage (420884K) : biwind_drw has 0 polygons
2026-09-21 21:42:49 +0700: Memory Usage (420884K) : biwind_OPC has 0 polygons
2026-09-21 21:42:49 +0700: Memory Usage (425844K) : gatpoly_drw has 155 polygons
2026-09-21 21:42:49 +0700: Memory Usage (425844K) : gatpoly_filler has 0 polygons
2026-09-21 21:42:49 +0700: Memory Usage (425844K) : gatpoly has 155 polygons
2026-09-21 21:42:49 +0700: Memory Usage (425844K) : gatpoly_pin has 22 polygons
2026-09-21 21:42:49 +0700: Memory Usage (425844K) : gatpoly_nofill has 0 polygons
2026-09-21 21:42:49 +0700: Memory Usage (425844K) : gatpoly_OPC has 0 polygons
2026-09-21 21:42:49 +0700: Memory Usage (425844K) : gatpoly_iOPC has 0 polygons
2026-09-21 21:42:49 +0700: Memory Usage (425844K) : gatpoly_noqrc has 0 polygons
2026-09-21 21:42:51 +0700: Memory Usage (470140K) : cont_drw has 300494 polygons
2026-09-21 21:42:51 +0700: Memory Usage (470140K) : cont_OPC has 0 polygons
2026-09-21 21:42:51 +0700: Memory Usage (470140K) : nsd_drw has 2 polygons
2026-09-21 21:42:51 +0700: Memory Usage (470140K) : nsd_block has 0 polygons
2026-09-21 21:42:51 +0700: Memory Usage (481412K) : metal1_drw has 8823 polygons
2026-09-21 21:42:51 +0700: Memory Usage (481412K) : metal1_filler has 0 polygons
2026-09-21 21:42:51 +0700: Memory Usage (481412K) : metal1_slit has 0 polygons
2026-09-21 21:42:51 +0700: Memory Usage (481412K) : metal1 has 8823 polygons
2026-09-21 21:42:51 +0700: Memory Usage (481412K) : metal1_pin has 80 polygons
2026-09-21 21:42:51 +0700: Memory Usage (481412K) : metal1_mask has 0 polygons
2026-09-21 21:42:51 +0700: Memory Usage (481412K) : metal1_nofill has 0 polygons
2026-09-21 21:42:51 +0700: Memory Usage (481412K) : metal1_text has 53 polygons
2026-09-21 21:42:51 +0700: Memory Usage (481412K) : metal1_OPC has 0 polygons
2026-09-21 21:42:51 +0700: Memory Usage (481412K) : metal1_noqrc has 0 polygons
2026-09-21 21:42:51 +0700: Memory Usage (481412K) : metal1_res has 0 polygons
2026-09-21 21:42:51 +0700: Memory Usage (481412K) : metal1_iprobe has 0 polygons
2026-09-21 21:42:51 +0700: Memory Usage (481412K) : metal1_diffprb has 0 polygons
2026-09-21 21:42:51 +0700: Memory Usage (481412K) : passiv_drw has 0 polygons
2026-09-21 21:42:51 +0700: Memory Usage (481412K) : passiv_pin has 0 polygons
2026-09-21 21:42:51 +0700: Memory Usage (481412K) : passiv_sbump has 0 polygons
2026-09-21 21:42:51 +0700: Memory Usage (481412K) : passiv_pillar has 0 polygons
2026-09-21 21:42:51 +0700: Memory Usage (481412K) : passiv_pdl has 0 polygons
2026-09-21 21:42:51 +0700: Memory Usage (481412K) : metal2_drw has 8913 polygons
2026-09-21 21:42:51 +0700: Memory Usage (481412K) : metal2_filler has 0 polygons
2026-09-21 21:42:51 +0700: Memory Usage (481412K) : metal2_slit has 0 polygons
2026-09-21 21:42:51 +0700: Memory Usage (481412K) : metal2 has 8913 polygons
2026-09-21 21:42:51 +0700: Memory Usage (481412K) : metal2_pin has 1 polygons
2026-09-21 21:42:51 +0700: Memory Usage (481412K) : metal2_mask has 0 polygons
2026-09-21 21:42:51 +0700: Memory Usage (481412K) : metal2_nofill has 0 polygons
2026-09-21 21:42:51 +0700: Memory Usage (481412K) : metal2_text has 6 polygons
2026-09-21 21:42:51 +0700: Memory Usage (481412K) : metal2_OPC has 0 polygons
2026-09-21 21:42:51 +0700: Memory Usage (481412K) : metal2_noqrc has 0 polygons
2026-09-21 21:42:51 +0700: Memory Usage (481412K) : metal2_res has 0 polygons
2026-09-21 21:42:51 +0700: Memory Usage (481412K) : metal2_iprobe has 0 polygons
2026-09-21 21:42:51 +0700: Memory Usage (481412K) : metal2_diffprb has 0 polygons
2026-09-21 21:42:51 +0700: Memory Usage (481412K) : baspoly_drw has 0 polygons
2026-09-21 21:42:51 +0700: Memory Usage (481412K) : baspoly_pin has 0 polygons
2026-09-21 21:42:51 +0700: Memory Usage (481412K) : psd_drw has 136 polygons
2026-09-21 21:42:51 +0700: Memory Usage (481412K) : nldb_drw has 0 polygons
2026-09-21 21:42:51 +0700: Memory Usage (481412K) : digibnd_drw has 0 polygons
2026-09-21 21:42:52 +0700: Memory Usage (491580K) : via1_drw has 231226 polygons
2026-09-21 21:42:52 +0700: Memory Usage (491644K) : backmetal1_drw has 0 polygons
2026-09-21 21:42:52 +0700: Memory Usage (491644K) : backmetal1_pin has 0 polygons
2026-09-21 21:42:52 +0700: Memory Usage (491644K) : backmetal1_mask has 0 polygons
2026-09-21 21:42:52 +0700: Memory Usage (491644K) : backmetal1_filler has 0 polygons
2026-09-21 21:42:52 +0700: Memory Usage (491644K) : backmetal1_nofill has 0 polygons
2026-09-21 21:42:52 +0700: Memory Usage (491644K) : backmetal1_slit has 0 polygons
2026-09-21 21:42:52 +0700: Memory Usage (491644K) : backmetal1_text has 0 polygons
2026-09-21 21:42:52 +0700: Memory Usage (491644K) : backmetal1_OPC has 0 polygons
2026-09-21 21:42:52 +0700: Memory Usage (491644K) : backmetal1_noqrc has 0 polygons
2026-09-21 21:42:52 +0700: Memory Usage (491644K) : backmetal1_res has 0 polygons
2026-09-21 21:42:52 +0700: Memory Usage (491644K) : backmetal1_iprobe has 0 polygons
2026-09-21 21:42:52 +0700: Memory Usage (491644K) : backmetal1_diffprb has 0 polygons
2026-09-21 21:42:52 +0700: Memory Usage (491644K) : backpassiv_drw has 0 polygons
2026-09-21 21:42:52 +0700: Memory Usage (491644K) : res_drw has 0 polygons
2026-09-21 21:42:52 +0700: Memory Usage (491644K) : sram_drw has 0 polygons
2026-09-21 21:42:52 +0700: Memory Usage (491644K) : trans_drw has 0 polygons
2026-09-21 21:42:52 +0700: Memory Usage (491644K) : ind_drw has 0 polygons
2026-09-21 21:42:52 +0700: Memory Usage (491644K) : ind_pin has 0 polygons
2026-09-21 21:42:52 +0700: Memory Usage (491644K) : ind_text has 0 polygons
2026-09-21 21:42:52 +0700: Memory Usage (491644K) : salblock_drw has 0 polygons
2026-09-21 21:42:53 +0700: Memory Usage (532648K) : via2_drw has 182737 polygons
2026-09-21 21:42:53 +0700: Memory Usage (532648K) : metal3_drw has 8574 polygons
2026-09-21 21:42:53 +0700: Memory Usage (532648K) : metal3_filler has 0 polygons
2026-09-21 21:42:53 +0700: Memory Usage (532648K) : metal3_slit has 0 polygons
2026-09-21 21:42:53 +0700: Memory Usage (532648K) : metal3 has 8574 polygons
2026-09-21 21:42:53 +0700: Memory Usage (532648K) : metal3_pin has 10 polygons
2026-09-21 21:42:53 +0700: Memory Usage (532648K) : metal3_mask has 0 polygons
2026-09-21 21:42:53 +0700: Memory Usage (532648K) : metal3_nofill has 0 polygons
2026-09-21 21:42:53 +0700: Memory Usage (532648K) : metal3_text has 14 polygons
2026-09-21 21:42:53 +0700: Memory Usage (532648K) : metal3_OPC has 0 polygons
2026-09-21 21:42:53 +0700: Memory Usage (532648K) : metal3_noqrc has 0 polygons
2026-09-21 21:42:53 +0700: Memory Usage (532648K) : metal3_res has 0 polygons
2026-09-21 21:42:53 +0700: Memory Usage (532648K) : metal3_iprobe has 0 polygons
2026-09-21 21:42:53 +0700: Memory Usage (532648K) : metal3_diffprb has 0 polygons
2026-09-21 21:42:53 +0700: Memory Usage (532648K) : nwell_drw has 20 polygons
2026-09-21 21:42:53 +0700: Memory Usage (532648K) : nwell_pin has 0 polygons
2026-09-21 21:42:53 +0700: Memory Usage (532648K) : nwell_text has 0 polygons
2026-09-21 21:42:53 +0700: Memory Usage (532648K) : nbulay_drw has 6 polygons
2026-09-21 21:42:53 +0700: Memory Usage (532648K) : nbulay_pin has 0 polygons
2026-09-21 21:42:53 +0700: Memory Usage (532648K) : nbulay_block has 0 polygons
2026-09-21 21:42:53 +0700: Memory Usage (532648K) : emwind_drw has 0 polygons
2026-09-21 21:42:53 +0700: Memory Usage (532648K) : emwind_OPC has 0 polygons
2026-09-21 21:42:53 +0700: Memory Usage (532648K) : deepco_drw has 0 polygons
2026-09-21 21:42:53 +0700: Memory Usage (532648K) : mim_drw has 59 polygons
2026-09-21 21:42:53 +0700: Memory Usage (532648K) : edgeseal_drw has 0 polygons
2026-09-21 21:42:53 +0700: Memory Usage (532648K) : substrate_drw has 16 polygons
2026-09-21 21:42:53 +0700: Memory Usage (532648K) : substrate_text has 0 polygons
2026-09-21 21:42:53 +0700: Memory Usage (532648K) : dfpad_drw has 0 polygons
2026-09-21 21:42:53 +0700: Memory Usage (532648K) : dfpad_pillar has 0 polygons
2026-09-21 21:42:53 +0700: Memory Usage (532648K) : dfpad_sbump has 0 polygons
2026-09-21 21:42:53 +0700: Memory Usage (532648K) : thickgateox_drw has 54 polygons
2026-09-21 21:42:53 +0700: Memory Usage (532648K) : pldb_drw has 0 polygons
2026-09-21 21:42:53 +0700: Memory Usage (532648K) : pwell_drw has 0 polygons
2026-09-21 21:42:53 +0700: Memory Usage (532648K) : pwell_pin has 0 polygons
2026-09-21 21:42:53 +0700: Memory Usage (532648K) : pwell_block has 0 polygons
2026-09-21 21:42:53 +0700: Memory Usage (532648K) : ic_drw has 0 polygons
2026-09-21 21:42:54 +0700: Memory Usage (550560K) : via3_drw has 138745 polygons
2026-09-21 21:42:54 +0700: Memory Usage (550732K) : metal4_drw has 470 polygons
2026-09-21 21:42:54 +0700: Memory Usage (550732K) : metal4_filler has 0 polygons
2026-09-21 21:42:54 +0700: Memory Usage (550732K) : metal4_slit has 0 polygons
2026-09-21 21:42:54 +0700: Memory Usage (550732K) : metal4 has 470 polygons
2026-09-21 21:42:54 +0700: Memory Usage (550732K) : metal4_pin has 1 polygons
2026-09-21 21:42:54 +0700: Memory Usage (550732K) : metal4_mask has 0 polygons
2026-09-21 21:42:54 +0700: Memory Usage (550732K) : metal4_nofill has 0 polygons
2026-09-21 21:42:54 +0700: Memory Usage (550732K) : metal4_text has 1 polygons
2026-09-21 21:42:54 +0700: Memory Usage (550732K) : metal4_OPC has 0 polygons
2026-09-21 21:42:54 +0700: Memory Usage (550732K) : metal4_noqrc has 0 polygons
2026-09-21 21:42:54 +0700: Memory Usage (550732K) : metal4_res has 0 polygons
2026-09-21 21:42:54 +0700: Memory Usage (550732K) : metal4_iprobe has 0 polygons
2026-09-21 21:42:54 +0700: Memory Usage (550732K) : metal4_diffprb has 0 polygons
2026-09-21 21:42:54 +0700: Memory Usage (550732K) : heattrans_drw has 9072 polygons
2026-09-21 21:42:54 +0700: Memory Usage (550732K) : heatres_drw has 0 polygons
2026-09-21 21:42:54 +0700: Memory Usage (550732K) : fbe_drw has 0 polygons
2026-09-21 21:42:54 +0700: Memory Usage (550732K) : empoly_drw has 0 polygons
2026-09-21 21:42:54 +0700: Memory Usage (550732K) : digisub_drw has 0 polygons
2026-09-21 21:42:54 +0700: Memory Usage (550732K) : text_drw has 30 polygons
2026-09-21 21:42:55 +0700: Memory Usage (550732K) : via4_drw has 123149 polygons
2026-09-21 21:42:55 +0700: Memory Usage (550732K) : metal5_drw has 13 polygons
2026-09-21 21:42:55 +0700: Memory Usage (550732K) : metal5_filler has 0 polygons
2026-09-21 21:42:55 +0700: Memory Usage (550732K) : metal5_slit has 0 polygons
2026-09-21 21:42:55 +0700: Memory Usage (550732K) : metal5 has 13 polygons
2026-09-21 21:42:55 +0700: Memory Usage (550732K) : metal5_pin has 3 polygons
2026-09-21 21:42:55 +0700: Memory Usage (550732K) : metal5_mask has 0 polygons
2026-09-21 21:42:55 +0700: Memory Usage (550732K) : metal5_nofill has 0 polygons
2026-09-21 21:42:55 +0700: Memory Usage (550732K) : metal5_text has 8 polygons
2026-09-21 21:42:55 +0700: Memory Usage (550732K) : metal5_OPC has 0 polygons
2026-09-21 21:42:55 +0700: Memory Usage (550732K) : metal5_noqrc has 0 polygons
2026-09-21 21:42:55 +0700: Memory Usage (550732K) : metal5_res has 0 polygons
2026-09-21 21:42:55 +0700: Memory Usage (550732K) : metal5_iprobe has 0 polygons
2026-09-21 21:42:55 +0700: Memory Usage (550732K) : metal5_diffprb has 0 polygons
2026-09-21 21:42:55 +0700: Memory Usage (550732K) : radhard_drw has 0 polygons
2026-09-21 21:42:55 +0700: Memory Usage (550732K) : memcap_drw has 0 polygons
2026-09-21 21:42:55 +0700: Memory Usage (550732K) : varicap_drw has 0 polygons
2026-09-21 21:42:55 +0700: Memory Usage (550732K) : intbondvia_drw has 0 polygons
2026-09-21 21:42:55 +0700: Memory Usage (550732K) : intbondmet_drw has 0 polygons
2026-09-21 21:42:55 +0700: Memory Usage (550732K) : devbondvia_drw has 0 polygons
2026-09-21 21:42:55 +0700: Memory Usage (550732K) : devbondmet_drw has 0 polygons
2026-09-21 21:42:55 +0700: Memory Usage (550732K) : devtrench_drw has 0 polygons
2026-09-21 21:42:55 +0700: Memory Usage (550732K) : redist_drw has 0 polygons
2026-09-21 21:42:55 +0700: Memory Usage (550732K) : graphbot_drw has 0 polygons
2026-09-21 21:42:55 +0700: Memory Usage (550732K) : graphtop_drw has 0 polygons
2026-09-21 21:42:55 +0700: Memory Usage (550732K) : antvia1_drw has 0 polygons
2026-09-21 21:42:55 +0700: Memory Usage (550732K) : antmetal2_drw has 0 polygons
2026-09-21 21:42:55 +0700: Memory Usage (550732K) : graphcont_drw has 0 polygons
2026-09-21 21:42:55 +0700: Memory Usage (550732K) : siwg_drw has 0 polygons
2026-09-21 21:42:55 +0700: Memory Usage (550732K) : siwg_filler has 0 polygons
2026-09-21 21:42:55 +0700: Memory Usage (550732K) : siwg_nofill has 0 polygons
2026-09-21 21:42:55 +0700: Memory Usage (550732K) : sigrating_drw has 0 polygons
2026-09-21 21:42:55 +0700: Memory Usage (550732K) : singrating_drw has 0 polygons
2026-09-21 21:42:55 +0700: Memory Usage (550732K) : graphpas_drw has 0 polygons
2026-09-21 21:42:55 +0700: Memory Usage (550732K) : emwind3_drw has 0 polygons
2026-09-21 21:42:55 +0700: Memory Usage (550732K) : emwihv3_drw has 0 polygons
2026-09-21 21:42:55 +0700: Memory Usage (550732K) : redbulay_drw has 0 polygons
2026-09-21 21:42:55 +0700: Memory Usage (550732K) : smos_drw has 0 polygons
2026-09-21 21:42:55 +0700: Memory Usage (550732K) : graphpad_drw has 0 polygons
2026-09-21 21:42:55 +0700: Memory Usage (550732K) : polimide_drw has 0 polygons
2026-09-21 21:42:55 +0700: Memory Usage (550732K) : polimide_pin has 0 polygons
2026-09-21 21:42:55 +0700: Memory Usage (550732K) : recog_drw has 0 polygons
2026-09-21 21:42:55 +0700: Memory Usage (550732K) : recog_pin has 0 polygons
2026-09-21 21:42:55 +0700: Memory Usage (550732K) : recog_esd has 0 polygons
2026-09-21 21:42:55 +0700: Memory Usage (550732K) : recog_diode has 0 polygons
2026-09-21 21:42:55 +0700: Memory Usage (550732K) : recog_tsv has 0 polygons
2026-09-21 21:42:55 +0700: Memory Usage (550732K) : recog_iprobe has 0 polygons
2026-09-21 21:42:55 +0700: Memory Usage (550732K) : recog_diffprb has 0 polygons
2026-09-21 21:42:55 +0700: Memory Usage (550732K) : recog_pillar has 0 polygons
2026-09-21 21:42:55 +0700: Memory Usage (550732K) : recog_sbump has 0 polygons
2026-09-21 21:42:55 +0700: Memory Usage (550732K) : recog_otp has 0 polygons
2026-09-21 21:42:55 +0700: Memory Usage (550732K) : recog_pdiode has 0 polygons
2026-09-21 21:42:55 +0700: Memory Usage (550732K) : recog_mom has 0 polygons
2026-09-21 21:42:55 +0700: Memory Usage (550732K) : recog_pcm has 0 polygons
2026-09-21 21:42:55 +0700: Memory Usage (550732K) : colopen_drw has 0 polygons
2026-09-21 21:42:55 +0700: Memory Usage (550732K) : graphmetal1_drw has 0 polygons
2026-09-21 21:42:55 +0700: Memory Usage (550732K) : graphmetal1_filler has 0 polygons
2026-09-21 21:42:55 +0700: Memory Usage (550732K) : graphmetal1_nofill has 0 polygons
2026-09-21 21:42:55 +0700: Memory Usage (550732K) : graphmetal1_slit has 0 polygons
2026-09-21 21:42:55 +0700: Memory Usage (550732K) : graphmetal1_OPC has 0 polygons
2026-09-21 21:42:55 +0700: Memory Usage (550732K) : graphmet1l_drw has 0 polygons
2026-09-21 21:42:55 +0700: Memory Usage (550732K) : graphmet1l_filler has 0 polygons
2026-09-21 21:42:55 +0700: Memory Usage (550732K) : graphmet1l_nofill has 0 polygons
2026-09-21 21:42:55 +0700: Memory Usage (550732K) : graphmet1l_slit has 0 polygons
2026-09-21 21:42:55 +0700: Memory Usage (550732K) : graphmet1l_OPC has 0 polygons
2026-09-21 21:42:55 +0700: Memory Usage (550732K) : extblock_drw has 0 polygons
2026-09-21 21:42:55 +0700: Memory Usage (550732K) : nldd_drw has 0 polygons
2026-09-21 21:42:55 +0700: Memory Usage (550732K) : pldd_drw has 0 polygons
2026-09-21 21:42:55 +0700: Memory Usage (550732K) : next_drw has 0 polygons
2026-09-21 21:42:55 +0700: Memory Usage (550732K) : pext_drw has 0 polygons
2026-09-21 21:42:55 +0700: Memory Usage (550732K) : nexthv_drw has 0 polygons
2026-09-21 21:42:55 +0700: Memory Usage (550732K) : pexthv_drw has 0 polygons
2026-09-21 21:42:55 +0700: Memory Usage (550732K) : graphgate_drw has 0 polygons
2026-09-21 21:42:55 +0700: Memory Usage (550732K) : sinwg_drw has 0 polygons
2026-09-21 21:42:55 +0700: Memory Usage (550732K) : sinwg_filler has 0 polygons
2026-09-21 21:42:55 +0700: Memory Usage (550732K) : sinwg_nofill has 0 polygons
2026-09-21 21:42:55 +0700: Memory Usage (550732K) : mempad_drw has 0 polygons
2026-09-21 21:42:55 +0700: Memory Usage (550732K) : topvia1_drw has 5 polygons
2026-09-21 21:42:55 +0700: Memory Usage (550732K) : topmetal1_drw has 4 polygons
2026-09-21 21:42:55 +0700: Memory Usage (550732K) : topmetal1_filler has 0 polygons
2026-09-21 21:42:55 +0700: Memory Usage (550732K) : topmetal1_slit has 0 polygons
2026-09-21 21:42:55 +0700: Memory Usage (550732K) : topmetal1 has 4 polygons
2026-09-21 21:42:55 +0700: Memory Usage (550732K) : topmetal1_pin has 0 polygons
2026-09-21 21:42:55 +0700: Memory Usage (550732K) : topmetal1_mask has 0 polygons
2026-09-21 21:42:55 +0700: Memory Usage (550732K) : topmetal1_nofill has 0 polygons
2026-09-21 21:42:55 +0700: Memory Usage (550732K) : topmetal1_text has 0 polygons
2026-09-21 21:42:55 +0700: Memory Usage (550732K) : topmetal1_noqrc has 0 polygons
2026-09-21 21:42:55 +0700: Memory Usage (550732K) : topmetal1_res has 0 polygons
2026-09-21 21:42:55 +0700: Memory Usage (550732K) : topmetal1_iprobe has 0 polygons
2026-09-21 21:42:55 +0700: Memory Usage (550732K) : topmetal1_diffprb has 0 polygons
2026-09-21 21:42:55 +0700: Memory Usage (550732K) : inldpwl_drw has 0 polygons
2026-09-21 21:42:55 +0700: Memory Usage (550732K) : polyres_drw has 0 polygons
2026-09-21 21:42:55 +0700: Memory Usage (550732K) : polyres_pin has 0 polygons
2026-09-21 21:42:57 +0700: Memory Usage (577480K) : vmim_drw has 151851 polygons
2026-09-21 21:42:57 +0700: Memory Usage (577480K) : nbulaycut_drw has 0 polygons
2026-09-21 21:42:57 +0700: Memory Usage (577480K) : antmetal1_drw has 0 polygons
2026-09-21 21:42:57 +0700: Memory Usage (577480K) : topvia2_drw has 0 polygons
2026-09-21 21:42:57 +0700: Memory Usage (577480K) : topmetal2_drw has 0 polygons
2026-09-21 21:42:57 +0700: Memory Usage (577480K) : topmetal2_filler has 0 polygons
2026-09-21 21:42:57 +0700: Memory Usage (577480K) : topmetal2_slit has 0 polygons
2026-09-21 21:42:57 +0700: Memory Usage (577480K) : topmetal2 has 0 polygons
2026-09-21 21:42:57 +0700: Memory Usage (577480K) : topmetal2_pin has 0 polygons
2026-09-21 21:42:57 +0700: Memory Usage (577480K) : topmetal2_mask has 0 polygons
2026-09-21 21:42:57 +0700: Memory Usage (577480K) : topmetal2_nofill has 0 polygons
2026-09-21 21:42:57 +0700: Memory Usage (577480K) : topmetal2_text has 0 polygons
2026-09-21 21:42:57 +0700: Memory Usage (577480K) : topmetal2_noqrc has 0 polygons
2026-09-21 21:42:57 +0700: Memory Usage (577480K) : topmetal2_res has 0 polygons
2026-09-21 21:42:57 +0700: Memory Usage (577480K) : topmetal2_iprobe has 0 polygons
2026-09-21 21:42:57 +0700: Memory Usage (577480K) : topmetal2_diffprb has 0 polygons
2026-09-21 21:42:57 +0700: Memory Usage (577480K) : snsring_drw has 0 polygons
2026-09-21 21:42:57 +0700: Memory Usage (577480K) : sensor_drw has 0 polygons
2026-09-21 21:42:57 +0700: Memory Usage (577480K) : snsarms_drw has 0 polygons
2026-09-21 21:42:57 +0700: Memory Usage (577480K) : snscmosvia_drw has 0 polygons
2026-09-21 21:42:57 +0700: Memory Usage (577480K) : colwind_drw has 0 polygons
2026-09-21 21:42:57 +0700: Memory Usage (577480K) : flm_drw has 0 polygons
2026-09-21 21:42:57 +0700: Memory Usage (577480K) : hafniumox_drw has 0 polygons
2026-09-21 21:42:57 +0700: Memory Usage (577480K) : memvia_drw has 0 polygons
2026-09-21 21:42:57 +0700: Memory Usage (577480K) : thinfilmres_drw has 0 polygons
2026-09-21 21:42:57 +0700: Memory Usage (577480K) : rfmem_drw has 0 polygons
2026-09-21 21:42:57 +0700: Memory Usage (577480K) : norcx_drw has 0 polygons
2026-09-21 21:42:57 +0700: Memory Usage (577480K) : norcx_m2m3 has 0 polygons
2026-09-21 21:42:57 +0700: Memory Usage (577480K) : norcx_m2m4 has 0 polygons
2026-09-21 21:42:57 +0700: Memory Usage (577480K) : norcx_m2m5 has 0 polygons
2026-09-21 21:42:57 +0700: Memory Usage (577480K) : norcx_m2tm1 has 0 polygons
2026-09-21 21:42:57 +0700: Memory Usage (577480K) : norcx_m2tm2 has 0 polygons
2026-09-21 21:42:57 +0700: Memory Usage (577480K) : norcx_m3m4 has 0 polygons
2026-09-21 21:42:57 +0700: Memory Usage (577480K) : norcx_m3m5 has 0 polygons
2026-09-21 21:42:57 +0700: Memory Usage (577480K) : norcx_m3tm1 has 0 polygons
2026-09-21 21:42:57 +0700: Memory Usage (577480K) : norcx_m3tm2 has 0 polygons
2026-09-21 21:42:57 +0700: Memory Usage (577480K) : norcx_m4m5 has 0 polygons
2026-09-21 21:42:57 +0700: Memory Usage (577480K) : norcx_m4tm1 has 0 polygons
2026-09-21 21:42:57 +0700: Memory Usage (577480K) : norcx_m4tm2 has 0 polygons
2026-09-21 21:42:57 +0700: Memory Usage (577480K) : norcx_m5tm1 has 0 polygons
2026-09-21 21:42:57 +0700: Memory Usage (577480K) : norcx_m5tm2 has 0 polygons
2026-09-21 21:42:57 +0700: Memory Usage (577480K) : norcx_tm1tm2 has 0 polygons
2026-09-21 21:42:57 +0700: Memory Usage (577480K) : norcx_m1sub has 0 polygons
2026-09-21 21:42:57 +0700: Memory Usage (577480K) : norcx_m2sub has 0 polygons
2026-09-21 21:42:57 +0700: Memory Usage (577480K) : norcx_m3sub has 0 polygons
2026-09-21 21:42:57 +0700: Memory Usage (577480K) : norcx_m4sub has 0 polygons
2026-09-21 21:42:57 +0700: Memory Usage (577480K) : norcx_m5sub has 0 polygons
2026-09-21 21:42:57 +0700: Memory Usage (577480K) : norcx_tm1sub has 0 polygons
2026-09-21 21:42:57 +0700: Memory Usage (577480K) : norcx_tm2sub has 0 polygons
2026-09-21 21:42:57 +0700: Memory Usage (577480K) : snsbotvia_drw has 0 polygons
2026-09-21 21:42:57 +0700: Memory Usage (577480K) : snstopvia_drw has 0 polygons
2026-09-21 21:42:57 +0700: Memory Usage (577480K) : deepvia_drw has 0 polygons
2026-09-21 21:42:57 +0700: Memory Usage (577480K) : fgetch_drw has 0 polygons
2026-09-21 21:42:57 +0700: Memory Usage (577480K) : ctrgat_drw has 0 polygons
2026-09-21 21:42:57 +0700: Memory Usage (577480K) : fgimp_drw has 0 polygons
2026-09-21 21:42:57 +0700: Memory Usage (577480K) : emwihv_drw has 0 polygons
2026-09-21 21:42:57 +0700: Memory Usage (577480K) : lbe_drw has 0 polygons
2026-09-21 21:42:57 +0700: Memory Usage (577480K) : alcustop_drw has 0 polygons
2026-09-21 21:42:57 +0700: Memory Usage (577480K) : nometfiller_drw has 0 polygons
2026-09-21 21:42:57 +0700: Memory Usage (577480K) : prboundary_drw has 0 polygons
2026-09-21 21:42:57 +0700: Memory Usage (577480K) : exchange0_drw has 0 polygons
2026-09-21 21:42:57 +0700: Memory Usage (577480K) : exchange0_pin has 0 polygons
2026-09-21 21:42:57 +0700: Memory Usage (577480K) : exchange0_text has 0 polygons
2026-09-21 21:42:57 +0700: Memory Usage (577480K) : exchange1_drw has 0 polygons
2026-09-21 21:42:57 +0700: Memory Usage (577480K) : exchange1_pin has 0 polygons
2026-09-21 21:42:57 +0700: Memory Usage (577480K) : exchange1_text has 0 polygons
2026-09-21 21:42:57 +0700: Memory Usage (577480K) : exchange2_drw has 0 polygons
2026-09-21 21:42:57 +0700: Memory Usage (577480K) : exchange2_pin has 0 polygons
2026-09-21 21:42:57 +0700: Memory Usage (577480K) : exchange2_text has 0 polygons
2026-09-21 21:42:57 +0700: Memory Usage (577480K) : exchange3_drw has 0 polygons
2026-09-21 21:42:57 +0700: Memory Usage (577480K) : exchange3_pin has 0 polygons
2026-09-21 21:42:57 +0700: Memory Usage (577480K) : exchange3_text has 0 polygons
2026-09-21 21:42:57 +0700: Memory Usage (577480K) : exchange4_drw has 0 polygons
2026-09-21 21:42:57 +0700: Memory Usage (577480K) : exchange4_pin has 0 polygons
2026-09-21 21:42:57 +0700: Memory Usage (577480K) : exchange4_text has 0 polygons
2026-09-21 21:42:57 +0700: Memory Usage (577480K) : isonwell_drw has 0 polygons
2026-09-21 21:42:57 +0700: Memory Usage (577480K) : Total no. of polygons in the design is 1165124
2026-09-21 21:42:57 +0700: Memory Usage (577480K) : Starting base layers derivations
2026-09-21 21:42:57 +0700: Memory Usage (577480K) : Starting general LVS derivations
2026-09-21 21:42:58 +0700: Memory Usage (578368K) : Starting MOSFET DERIVATIONS
2026-09-21 21:43:01 +0700: Memory Usage (619924K) : Starting NMOS DERIVATIONS
2026-09-21 21:43:01 +0700: Memory Usage (619924K) : Starting PMOS DERIVATIONS
2026-09-21 21:43:01 +0700: Memory Usage (619924K) : Starting RF-MOSFET DERIVATIONS
2026-09-21 21:43:01 +0700: Memory Usage (619924K) : Starting RF-NMOS DERIVATIONS
2026-09-21 21:43:01 +0700: Memory Usage (619924K) : Starting RF-PMOS DERIVATIONS
2026-09-21 21:43:01 +0700: Memory Usage (619924K) : Starting BJT DERIVATIONS
2026-09-21 21:43:01 +0700: Memory Usage (619924K) : Starting NPN-BJT DERIVATIONS
2026-09-21 21:43:01 +0700: Memory Usage (619924K) : Starting PNP-BJT DERIVATIONS
2026-09-21 21:43:02 +0700: Memory Usage (619924K) : Starting DIODE DERIVATIONS
2026-09-21 21:43:06 +0700: Memory Usage (658812K) : Starting RESISTOR DERIVATIONS
2026-09-21 21:43:06 +0700: Memory Usage (658812K) : Starting CAP DERIVATIONS
2026-09-21 21:43:09 +0700: Memory Usage (681756K) : Starting ESD DERIVATIONS
2026-09-21 21:43:09 +0700: Memory Usage (681756K) : Starting Inductor DERIVATIONS
2026-09-21 21:43:09 +0700: Memory Usage (681756K) : Starting Taps DERIVATIONS
2026-09-21 21:43:09 +0700: Memory Usage (681756K) : Starting SG13G2 LVS connectivity setup
2026-09-21 21:43:09 +0700: Memory Usage (681756K) : Starting SG13G2 LVS connectivity setup (Inter-layer)
2026-09-21 21:43:14 +0700: Memory Usage (682144K) : Starting SG13G2 LVS connectivity setup (Global)
2026-09-21 21:43:14 +0700: Memory Usage (682144K) : Starting LVS MOSFET CONNECTIONS
2026-09-21 21:43:14 +0700: Memory Usage (682144K) : Starting LVS RF-MOSFET CONNECTIONS
2026-09-21 21:43:14 +0700: Memory Usage (682144K) : Starting LVS BJT CONNECTIONS
2026-09-21 21:43:14 +0700: Memory Usage (682144K) : Starting LVS DIODE CONNECTIONS
2026-09-21 21:43:14 +0700: Memory Usage (682148K) : Starting RESISTOR CONNECTIONS
2026-09-21 21:43:14 +0700: Memory Usage (682148K) : Starting LVS CAP CONNECTIONS
2026-09-21 21:43:14 +0700: Memory Usage (682148K) : Starting ESD CONNECTIONS
2026-09-21 21:43:14 +0700: Memory Usage (682148K) : Starting Inductor CONNECTIONS
2026-09-21 21:43:14 +0700: Memory Usage (682148K) : Starting LVS Taps CONNECTIONS
2026-09-21 21:43:14 +0700: Memory Usage (682152K) : Starting SG13G2 LVS DEVICES EXTRACTION
2026-09-21 21:43:14 +0700: Memory Usage (682152K) : Starting MOSFET EXTRACTION
2026-09-21 21:43:14 +0700: Memory Usage (682152K) : Starting NMOS EXTRACTION
2026-09-21 21:43:14 +0700: Memory Usage (682152K) : Extraction of NMOS-LV transistor
2026-09-21 21:43:15 +0700: Memory Usage (682212K) : Extraction of NMOS-HV transistor
2026-09-21 21:43:16 +0700: Memory Usage (682720K) : Starting PMOS EXTRACTION
2026-09-21 21:43:16 +0700: Memory Usage (682720K) : Extraction of PMOS-LV transistor
2026-09-21 21:43:16 +0700: Memory Usage (682720K) : Extraction of PMOS-HV transistor
2026-09-21 21:43:16 +0700: Memory Usage (682720K) : Starting RF-MOSFET EXTRACTION
2026-09-21 21:43:16 +0700: Memory Usage (682720K) : Extraction of RF-NMOS-LV transistor
2026-09-21 21:43:17 +0700: Memory Usage (682720K) : Extraction of RF-NMOS-HV transistor
2026-09-21 21:43:19 +0700: Memory Usage (682720K) : Extraction of RF-PMOS-LV transistor
2026-09-21 21:43:19 +0700: Memory Usage (682720K) : Extraction of RF-PMOS-HV transistor
2026-09-21 21:43:19 +0700: Memory Usage (682720K) : Starting BJT EXTRACTION
2026-09-21 21:43:19 +0700: Memory Usage (682720K) : Starting NPN-BJT EXTRACTION
2026-09-21 21:43:19 +0700: Memory Usage (682720K) : Extraction of npn13G2 BJT transistor
2026-09-21 21:43:19 +0700: Memory Usage (682720K) : Extraction of npn13G2L BJT transistor
2026-09-21 21:43:19 +0700: Memory Usage (682720K) : Extraction of npn13G2V BJT transistor
2026-09-21 21:43:19 +0700: Memory Usage (682720K) : Starting PNP-BJT EXTRACTION
2026-09-21 21:43:19 +0700: Memory Usage (682720K) : Extracting pnpMPA BJT
2026-09-21 21:43:20 +0700: Memory Usage (682720K) : Starting DIODE EXTRACTION
2026-09-21 21:43:20 +0700: Memory Usage (682720K) : Extracting dantenna diode
2026-09-21 21:43:21 +0700: Memory Usage (682720K) : Extracting dpantenna diode
2026-09-21 21:43:21 +0700: Memory Usage (682720K) : Extracting schottky_nbl1 diode
2026-09-21 21:43:21 +0700: Memory Usage (682720K) : Extracting isolbox diode
2026-09-21 21:43:21 +0700: Memory Usage (682720K) : Starting RESISTOR EXTRACTION
2026-09-21 21:43:21 +0700: Memory Usage (682720K) : Extracting rsil resistor
2026-09-21 21:43:21 +0700: Memory Usage (682720K) : Extracting rppd resistor
2026-09-21 21:43:21 +0700: Memory Usage (682720K) : Extracting rhigh resistor
2026-09-21 21:43:21 +0700: Memory Usage (682720K) : Extracting res_metal1 resistor
2026-09-21 21:43:22 +0700: Memory Usage (682720K) : Extracting res_metal2 resistor
2026-09-21 21:43:23 +0700: Memory Usage (682720K) : Extracting res_metal3 resistor
2026-09-21 21:43:24 +0700: Memory Usage (682720K) : Extracting res_metal4 resistor
2026-09-21 21:43:24 +0700: Memory Usage (682720K) : Extracting res_metal5 resistor
2026-09-21 21:43:24 +0700: Memory Usage (682720K) : Extracting res_topmetal1 resistor
2026-09-21 21:43:24 +0700: Memory Usage (682720K) : Extracting res_topmetal2 resistor
2026-09-21 21:43:24 +0700: Memory Usage (682720K) : Starting CAP EXTRACTION
2026-09-21 21:43:24 +0700: Memory Usage (682720K) : Extracting cap_cmim device
2026-09-21 21:43:24 +0700: Memory Usage (682724K) : Extracting rfcmim device
2026-09-21 21:43:24 +0700: Memory Usage (682724K) : Extracting sg13_hv_svaricap varactor
2026-09-21 21:43:24 +0700: Memory Usage (682724K) : Starting ESD EXTRACTION
2026-09-21 21:43:24 +0700: Memory Usage (682724K) : Extracting diodevdd_2kv ESD device
2026-09-21 21:43:24 +0700: Memory Usage (682724K) : Extracting diodevdd_4kv ESD device
2026-09-21 21:43:24 +0700: Memory Usage (682724K) : Extracting diodevss_2kv ESD device
2026-09-21 21:43:24 +0700: Memory Usage (682724K) : Extracting diodevss_4kv ESD device
2026-09-21 21:43:24 +0700: Memory Usage (682724K) : Extracting idiodevdd_2kv ESD device
2026-09-21 21:43:24 +0700: Memory Usage (682724K) : Extracting idiodevdd_4kv ESD device
2026-09-21 21:43:24 +0700: Memory Usage (682724K) : Extracting idiodevss_2kv ESD device
2026-09-21 21:43:24 +0700: Memory Usage (682724K) : Extracting idiodevss_4kv ESD device
2026-09-21 21:43:24 +0700: Memory Usage (682724K) : Extracting nmoscl_2 ESD device
2026-09-21 21:43:24 +0700: Memory Usage (682724K) : Extracting nmoscl_4 ESD device
2026-09-21 21:43:24 +0700: Memory Usage (682724K) : Starting Inductor EXTRACTION
2026-09-21 21:43:24 +0700: Memory Usage (682724K) : Extracting Inductor2 device
2026-09-21 21:43:24 +0700: Memory Usage (682724K) : Extracting Inductor3 device
2026-09-21 21:43:24 +0700: Memory Usage (682724K) : Starting Taps EXTRACTION
2026-09-21 21:43:24 +0700: Memory Usage (682724K) : Extracting ntap1 device
2026-09-21 21:43:24 +0700: Memory Usage (682724K) : Extracting ptap1 device
2026-09-21 21:43:24 +0700: Memory Usage (682724K) : Starting SG13G2 LVS RF MOS Model Mapping
2026-09-21 21:43:59 +0700: Memory Usage (799888K) : [layout_netlist] Apply RF MOS model mapping and rfmode parameter.
2026-09-21 21:43:59 +0700: Memory Usage (799888K) : Starting SG13G2 LVS Options Preparations
2026-09-21 21:43:59 +0700: Memory Usage (799888K) : SG13G2 LVS flow: extraction -> alignment -> option preparation -> comparison.
2026-09-21 21:43:59 +0700: Memory Usage (799888K) : Starting SG13G2 LVS Alignment
2026-09-21 21:43:59 +0700: Memory Usage (799952K) : Starting SG13G2 LVS Simplification
2026-09-21 21:43:59 +0700: Memory Usage (799952K) : [layout_netlist] simplify: ENABLED
2026-09-21 21:43:59 +0700: Memory Usage (799992K) : [layout_netlist] make_top_level_pins: SKIPPED
2026-09-21 21:43:59 +0700: Memory Usage (799992K) : [layout_netlist] combine_devices: SKIPPED
2026-09-21 21:43:59 +0700: Memory Usage (799992K) : [layout_netlist] purge: SKIPPED
2026-09-21 21:43:59 +0700: Memory Usage (799992K) : [layout_netlist] purge_nets: SKIPPED
2026-09-21 21:43:59 +0700: Memory Usage (799992K) : [schematic_netlist] simplify: ENABLED
2026-09-21 21:43:59 +0700: Memory Usage (799992K) : [schematic_netlist] make_top_level_pins: SKIPPED
2026-09-21 21:43:59 +0700: Memory Usage (799992K) : [schematic_netlist] combine_devices: SKIPPED
2026-09-21 21:43:59 +0700: Memory Usage (799992K) : [schematic_netlist] purge: SKIPPED
2026-09-21 21:43:59 +0700: Memory Usage (799992K) : [schematic_netlist] purge_nets: SKIPPED
2026-09-21 21:43:59 +0700: Memory Usage (799992K) : Starting SG13G2 LVS Comparison
2026-09-21 21:43:59 +0700: Memory Usage (799992K) : ==========================================
2026-09-21 21:43:59 +0700: Memory Usage (799992K) : INFO : Congratulations! Netlists match.
2026-09-21 21:43:59 +0700: Memory Usage (799992K) : ==========================================
2026-09-21 21:43:59 +0700: Memory Usage (799992K) : LVS Total Run time 70.096619 seconds
