# Logfile created on 2026-09-21 21:29:18 +0700 by logger.rb/61378
2026-09-21 21:29:18 +0700: Memory Usage (413868K) : Starting running IHP-SG13G2 Klayout DRC Density runset on /home/admin/work/final/IHP__MSPHY6034/dependencies/DAC/release/v.1.0.0/gds/CS_DAC_10b.gds
2026-09-21 21:29:18 +0700: Memory Usage (413868K) : Ruby Version for klayout: 2.5.9
2026-09-21 21:29:18 +0700: Memory Usage (414920K) : Loading database to memory is complete.
2026-09-21 21:29:18 +0700: Memory Usage (414920K) : IHP-SG13G2 Klayout DRC Density runset output at: /home/admin/work/final/IHP__MSPHY6034/dependencies/DAC/DAC-main/verification/drc/drc_run_2026_09_21_21_30_dac_smoke/CS_DAC_10b_CS_DAC_10b_density.lyrdb
2026-09-21 21:29:18 +0700: Memory Usage (414920K) : Evaluate switches.
2026-09-21 21:29:18 +0700: Memory Usage (414920K) : Configured KLayout worker thread(s): 96.
2026-09-21 21:29:18 +0700: Memory Usage (414920K) : Deep mode enabled: reading layers and preparing general derivations.
2026-09-21 21:29:18 +0700: Memory Usage (414920K) : PreCheck DRC enabled: false
2026-09-21 21:29:18 +0700: Memory Usage (414920K) : Density sanity checks enabled: false
2026-09-21 21:29:18 +0700: Memory Usage (414920K) : Read in polygons from layers.
2026-09-21 21:29:18 +0700: Memory Usage (415872K) : activ_drw has 5436 polygons
2026-09-21 21:29:18 +0700: Memory Usage (415872K) : activ_mask has 0 polygons
2026-09-21 21:29:18 +0700: Memory Usage (416484K) : activ_filler has 0 polygons
2026-09-21 21:29:18 +0700: Memory Usage (416484K) : gatpoly_drw has 6890 polygons
2026-09-21 21:29:18 +0700: Memory Usage (416484K) : gatpoly_filler has 0 polygons
2026-09-21 21:29:18 +0700: Memory Usage (416484K) : metal1_drw has 15368 polygons
2026-09-21 21:29:18 +0700: Memory Usage (416808K) : metal1_filler has 0 polygons
2026-09-21 21:29:18 +0700: Memory Usage (416808K) : metal1_slit has 0 polygons
2026-09-21 21:29:18 +0700: Memory Usage (416808K) : metal2_drw has 4792 polygons
2026-09-21 21:29:18 +0700: Memory Usage (417072K) : metal2_filler has 0 polygons
2026-09-21 21:29:18 +0700: Memory Usage (417072K) : metal2_slit has 0 polygons
2026-09-21 21:29:18 +0700: Memory Usage (417072K) : metal3_drw has 528 polygons
2026-09-21 21:29:18 +0700: Memory Usage (417072K) : metal3_filler has 0 polygons
2026-09-21 21:29:18 +0700: Memory Usage (417072K) : metal3_slit has 0 polygons
2026-09-21 21:29:18 +0700: Memory Usage (417072K) : metal4_drw has 293 polygons
2026-09-21 21:29:18 +0700: Memory Usage (417336K) : metal4_filler has 0 polygons
2026-09-21 21:29:18 +0700: Memory Usage (417336K) : metal4_slit has 0 polygons
2026-09-21 21:29:18 +0700: Memory Usage (417336K) : metal5_drw has 0 polygons
2026-09-21 21:29:18 +0700: Memory Usage (417336K) : metal5_filler has 0 polygons
2026-09-21 21:29:18 +0700: Memory Usage (417336K) : metal5_slit has 0 polygons
2026-09-21 21:29:18 +0700: Memory Usage (417336K) : topmetal1_drw has 0 polygons
2026-09-21 21:29:18 +0700: Memory Usage (417600K) : topmetal1_filler has 0 polygons
2026-09-21 21:29:18 +0700: Memory Usage (417600K) : topmetal1_slit has 0 polygons
2026-09-21 21:29:18 +0700: Memory Usage (417600K) : topmetal2_drw has 0 polygons
2026-09-21 21:29:18 +0700: Memory Usage (417600K) : topmetal2_filler has 0 polygons
2026-09-21 21:29:18 +0700: Memory Usage (417600K) : topmetal2_slit has 0 polygons
2026-09-21 21:29:18 +0700: Memory Usage (417600K) : lbe_drw has 0 polygons
2026-09-21 21:29:18 +0700: Memory Usage (417864K) : prboundary_drw has 0 polygons
2026-09-21 21:29:18 +0700: Memory Usage (417864K) : edgeseal_bound has 0 polygons
2026-09-21 21:29:18 +0700: Memory Usage (417864K) : Loaded TECH DRC rules values from /home/dkits/ihp-sg13g2/v0.3.0/ihp-sg13g2/libs.tech/klayout/python/sg13g2_pycell_lib/sg13g2_tech_mod.json
2026-09-21 21:29:18 +0700: Memory Usage (417864K) : Loaded default DRC rules values from /home/dkits/ihp-sg13g2/v0.3.0/ihp-sg13g2/libs.tech/klayout/tech/drc/rule_decks/sg13g2_tech_default.json
2026-09-21 21:29:18 +0700: Memory Usage (417864K) : The following rules values were missing in tech json and default values were used:
2026-09-21 21:29:18 +0700: Memory Usage (417864K) :   - NW_f1_digibnd
2026-09-21 21:29:18 +0700: Memory Usage (417864K) :   - Cnt_c_digibnd
2026-09-21 21:29:18 +0700: Memory Usage (417864K) :   - Cnt_c_sram
2026-09-21 21:29:18 +0700: Memory Usage (417864K) :   - Sdiod_b
2026-09-21 21:29:18 +0700: Memory Usage (417864K) :   - Sdiod_c
2026-09-21 21:29:18 +0700: Memory Usage (418156K) : Density sanity markers are disabled (set -rd density_sanity=true to enable).
2026-09-21 21:29:18 +0700: Memory Usage (418156K) : No prBoundary found. Using layout extent for chip area: 78859.1606 um^2.
2026-09-21 21:29:18 +0700: Memory Usage (418156K) : Using bbox (-54,-37.38;309.08,179.815) for density window origin.
2026-09-21 21:29:18 +0700: Memory Usage (418156K) : Total area of the design is 78859.1606 um^2.
2026-09-21 21:29:18 +0700: Memory Usage (418156K) : Starting density IHP-SG13G2 derivations.
2026-09-21 21:29:18 +0700: Memory Usage (420508K) : Starting IHP-SG13G2 DENSITY DRC rules.
2026-09-21 21:29:18 +0700: Memory Usage (420508K) : Computing activ area and density...
2026-09-21 21:29:18 +0700: Memory Usage (420508K) : Executing rule AFil.g
2026-09-21 21:29:18 +0700: Memory Usage (420968K) : Executing rule AFil.g1
2026-09-21 21:29:18 +0700: Memory Usage (420968K) : Executing rule AFil.g2
2026-09-21 21:29:18 +0700: Memory Usage (424032K) : Executing rule AFil.g3
2026-09-21 21:29:18 +0700: Memory Usage (424160K) : Computing poly area and density...
2026-09-21 21:29:18 +0700: Memory Usage (424408K) : Executing rule GFil.g
2026-09-21 21:29:18 +0700: Memory Usage (424408K) : Computing metal1 area and density...
2026-09-21 21:29:19 +0700: Memory Usage (425584K) : Executing rule M1.j
2026-09-21 21:29:19 +0700: Memory Usage (425584K) : Executing rule M1.k
2026-09-21 21:29:19 +0700: Memory Usage (425584K) : Computing metal2 area and density...
2026-09-21 21:29:19 +0700: Memory Usage (425848K) : Computing metal3 area and density...
2026-09-21 21:29:19 +0700: Memory Usage (425896K) : Computing metal4 area and density...
2026-09-21 21:29:19 +0700: Memory Usage (425896K) : Computing metal5 area and density...
2026-09-21 21:29:19 +0700: Memory Usage (425896K) : Executing rule M2.j
2026-09-21 21:29:19 +0700: Memory Usage (425896K) : Executing rule M2.k
2026-09-21 21:29:19 +0700: Memory Usage (425896K) : Executing rule M3.j
2026-09-21 21:29:19 +0700: Memory Usage (425896K) : Executing rule M3.k
2026-09-21 21:29:19 +0700: Memory Usage (425896K) : Executing rule M4.j
2026-09-21 21:29:19 +0700: Memory Usage (425896K) : Executing rule M4.k
2026-09-21 21:29:19 +0700: Memory Usage (425896K) : Executing rule M5.j
2026-09-21 21:29:19 +0700: Memory Usage (425896K) : Executing rule M5.k
2026-09-21 21:29:19 +0700: Memory Usage (425896K) : Executing rule M1Fil.h
2026-09-21 21:29:19 +0700: Memory Usage (425948K) : Executing rule M1Fil.k
2026-09-21 21:29:19 +0700: Memory Usage (425908K) : Executing rule M2Fil.h
2026-09-21 21:29:19 +0700: Memory Usage (425964K) : Executing rule M2Fil.k
2026-09-21 21:29:19 +0700: Memory Usage (425884K) : Executing rule M3Fil.h
2026-09-21 21:29:19 +0700: Memory Usage (425892K) : Executing rule M3Fil.k
2026-09-21 21:29:19 +0700: Memory Usage (425856K) : Executing rule M4Fil.h
2026-09-21 21:29:19 +0700: Memory Usage (425752K) : Executing rule M4Fil.k
2026-09-21 21:29:19 +0700: Memory Usage (425848K) : Executing rule M5Fil.h
2026-09-21 21:29:19 +0700: Memory Usage (425872K) : Executing rule M5Fil.k
2026-09-21 21:29:19 +0700: Memory Usage (425796K) : Computing TopMetal1 area and density...
2026-09-21 21:29:19 +0700: Memory Usage (425972K) : Executing rule TM1.c
2026-09-21 21:29:19 +0700: Memory Usage (425972K) : Executing rule TM1.d
2026-09-21 21:29:19 +0700: Memory Usage (425972K) : Computing TopMetal2 area and density...
2026-09-21 21:29:19 +0700: Memory Usage (425972K) : Executing rule TM2.c
2026-09-21 21:29:19 +0700: Memory Usage (425972K) : Executing rule TM2.d
2026-09-21 21:29:19 +0700: Memory Usage (425972K) : Computing LBE area and density...
2026-09-21 21:29:19 +0700: Memory Usage (425972K) : Executing rule LBE.i
2026-09-21 21:29:19 +0700: Memory Usage (425972K) : Executing rule Slt.i_M1
2026-09-21 21:29:20 +0700: Memory Usage (426160K) : Executing rule Slt.i_M2
2026-09-21 21:29:20 +0700: Memory Usage (426160K) : Executing rule Slt.i_M3
2026-09-21 21:29:20 +0700: Memory Usage (426160K) : Executing rule Slt.i_M4
2026-09-21 21:29:20 +0700: Memory Usage (426160K) : Executing rule Slt.i_M5
2026-09-21 21:29:20 +0700: Memory Usage (426160K) : Executing rule Slt.i_TM1
2026-09-21 21:29:20 +0700: Memory Usage (426160K) : Executing rule Slt.i_TM2
2026-09-21 21:29:20 +0700: Memory Usage (426160K) : ##################################################
2026-09-21 21:29:20 +0700: Memory Usage (426160K) :                  Density Report                 #
2026-09-21 21:29:20 +0700: Memory Usage (426160K) : ##################################################
2026-09-21 21:29:20 +0700: Memory Usage (426160K) : 
2026-09-21 21:29:20 +0700: Memory Usage (426160K) : Layer areas and percentages (units: um^2)
2026-09-21 21:29:20 +0700: Memory Usage (426160K) : --------------------------------------------------
2026-09-21 21:29:20 +0700: Memory Usage (426160K) : 
2026-09-21 21:29:20 +0700: Memory Usage (426160K) : Total Area     = 78859.16 um^2
2026-09-21 21:29:20 +0700: Memory Usage (426160K) : 
2026-09-21 21:29:20 +0700: Memory Usage (426160K) : Activ      Area      = 3855.82 µm²
2026-09-21 21:29:20 +0700: Memory Usage (426160K) : Activ      Density % =  4.89%  [Min = 35.00%,  Max = 55.00%]
2026-09-21 21:29:20 +0700: Memory Usage (426160K) : 
2026-09-21 21:29:20 +0700: Memory Usage (426160K) : GatPoly    Area      = 1893.43 µm²
2026-09-21 21:29:20 +0700: Memory Usage (426160K) : GatPoly    Density % =  2.40%  [Min = 15.00%]
2026-09-21 21:29:20 +0700: Memory Usage (426160K) : 
2026-09-21 21:29:20 +0700: Memory Usage (426160K) : Metal1     Area      = 13354.12 µm²
2026-09-21 21:29:20 +0700: Memory Usage (426160K) : Metal1     Density % = 16.93%  [Min = 35.00%,  Max = 60.00%]
2026-09-21 21:29:20 +0700: Memory Usage (426160K) : 
2026-09-21 21:29:20 +0700: Memory Usage (426160K) : Metal2     Area      = 2718.76 µm²
2026-09-21 21:29:20 +0700: Memory Usage (426160K) : Metal2     Density % =  3.45%  [Min = 35.00%,  Max = 60.00%]
2026-09-21 21:29:20 +0700: Memory Usage (426160K) : 
2026-09-21 21:29:20 +0700: Memory Usage (426160K) : Metal3     Area      = 17727.03 µm²
2026-09-21 21:29:20 +0700: Memory Usage (426160K) : Metal3     Density % = 22.48%  [Min = 35.00%,  Max = 60.00%]
2026-09-21 21:29:20 +0700: Memory Usage (426160K) : 
2026-09-21 21:29:20 +0700: Memory Usage (426160K) : Metal4     Area      = 27300.93 µm²
2026-09-21 21:29:20 +0700: Memory Usage (426160K) : Metal4     Density % = 34.62%  [Min = 35.00%,  Max = 60.00%]
2026-09-21 21:29:20 +0700: Memory Usage (426160K) : 
2026-09-21 21:29:20 +0700: Memory Usage (426160K) : Metal5     Area      =  0.00 µm²
2026-09-21 21:29:20 +0700: Memory Usage (426160K) : Metal5     Density % =  0.00%  [Min = 35.00%,  Max = 60.00%]
2026-09-21 21:29:20 +0700: Memory Usage (426160K) : 
2026-09-21 21:29:20 +0700: Memory Usage (426160K) : TopMetal1  Area      =  0.00 µm²
2026-09-21 21:29:20 +0700: Memory Usage (426160K) : TopMetal1  Density % =  0.00%  [Min = 25.00%,  Max = 70.00%]
2026-09-21 21:29:20 +0700: Memory Usage (426160K) : 
2026-09-21 21:29:20 +0700: Memory Usage (426160K) : TopMetal2  Area      =  0.00 µm²
2026-09-21 21:29:20 +0700: Memory Usage (426160K) : TopMetal2  Density % =  0.00%  [Min = 25.00%,  Max = 70.00%]
2026-09-21 21:29:20 +0700: Memory Usage (426160K) : 
2026-09-21 21:29:20 +0700: Memory Usage (426160K) : LBE        Area      =  0.00 µm²
2026-09-21 21:29:20 +0700: Memory Usage (426160K) : LBE        Density % =  0.00%  [Max = 20.00%]
2026-09-21 21:29:20 +0700: Memory Usage (426160K) : 
2026-09-21 21:29:20 +0700: Memory Usage (426160K) : KLayout DRC run for density table completed in 1.72 seconds
