# Logfile created on 2026-09-21 21:28:51 +0700 by logger.rb/61378
2026-09-21 21:28:51 +0700: Memory Usage (416940K) : Starting running IHP-SG13G2 KLayout DRC runset on /home/admin/work/final/IHP__MSPHY6034/dependencies/DAC/release/v.1.0.0/gds/CS_DAC_10b.gds
2026-09-21 21:28:51 +0700: Memory Usage (416940K) : Ruby Version for klayout: 2.5.9
2026-09-21 21:28:51 +0700: Memory Usage (416940K) : Loading database to memory is complete.
2026-09-21 21:28:51 +0700: Memory Usage (416940K) : IHP-SG13G2 KLayout DRC runset output at: /home/admin/work/final/IHP__MSPHY6034/dependencies/DAC/DAC-main/verification/drc/drc_run_2026_09_21_21_30_dac_smoke/CS_DAC_10b_CS_DAC_10b_main.lyrdb
2026-09-21 21:28:51 +0700: Memory Usage (416940K) : Evaluate switches.
2026-09-21 21:28:51 +0700: Memory Usage (416940K) : tables selected: main
2026-09-21 21:28:51 +0700: Memory Usage (416940K) : KLayout will use 96 thread(s) in tiling mode.
2026-09-21 21:28:51 +0700: Memory Usage (416940K) : deep mode is enabled.
2026-09-21 21:28:51 +0700: Memory Usage (416940K) : FEOL enabled: true
2026-09-21 21:28:51 +0700: Memory Usage (416940K) : BEOL enabled: true
2026-09-21 21:28:51 +0700: Memory Usage (416940K) : OFFGRID enabled: true
2026-09-21 21:28:51 +0700: Memory Usage (416940K) : ANGLE enabled: true
2026-09-21 21:28:51 +0700: Memory Usage (416940K) : PIN enabled: true
2026-09-21 21:28:51 +0700: Memory Usage (416940K) : FORBIDDEN enabled: true
2026-09-21 21:28:51 +0700: Memory Usage (416940K) : RECOMMENDED enabled: true
2026-09-21 21:28:51 +0700: Memory Usage (416940K) : PreCheck DRC enabled: false
2026-09-21 21:28:51 +0700: Memory Usage (416940K) : CONNECTIVITY_RULES enabled: true.
2026-09-21 21:28:51 +0700: Memory Usage (416940K) : Read in polygons from layers.
2026-09-21 21:28:51 +0700: Memory Usage (418104K) : activ_drw has 5436 polygons
2026-09-21 21:28:51 +0700: Memory Usage (418104K) : activ_pin has 0 polygons
2026-09-21 21:28:51 +0700: Memory Usage (418104K) : activ_mask has 0 polygons
2026-09-21 21:28:51 +0700: Memory Usage (418104K) : activ_filler has 0 polygons
2026-09-21 21:28:51 +0700: Memory Usage (418104K) : activ_nofill has 0 polygons
2026-09-21 21:28:51 +0700: Memory Usage (418104K) : activ_opc has 0 polygons
2026-09-21 21:28:51 +0700: Memory Usage (418104K) : activ_iopc has 0 polygons
2026-09-21 21:28:51 +0700: Memory Usage (418104K) : activ_noqrc has 0 polygons
2026-09-21 21:28:51 +0700: Memory Usage (418104K) : biwind_drw has 0 polygons
2026-09-21 21:28:51 +0700: Memory Usage (418104K) : biwind_opc has 0 polygons
2026-09-21 21:28:51 +0700: Memory Usage (418104K) : pemwind_drw has 0 polygons
2026-09-21 21:28:51 +0700: Memory Usage (418104K) : gatpoly_drw has 6890 polygons
2026-09-21 21:28:52 +0700: Memory Usage (418104K) : gatpoly_pin has 1005 polygons
2026-09-21 21:28:52 +0700: Memory Usage (418104K) : gatpoly_filler has 0 polygons
2026-09-21 21:28:52 +0700: Memory Usage (418104K) : gatpoly_nofill has 0 polygons
2026-09-21 21:28:52 +0700: Memory Usage (418104K) : gatpoly_opc has 0 polygons
2026-09-21 21:28:52 +0700: Memory Usage (418104K) : gatpoly_iopc has 0 polygons
2026-09-21 21:28:52 +0700: Memory Usage (418104K) : gatpoly_noqrc has 0 polygons
2026-09-21 21:28:52 +0700: Memory Usage (418104K) : cont_drw has 24540 polygons
2026-09-21 21:28:52 +0700: Memory Usage (418104K) : cont_opc has 0 polygons
2026-09-21 21:28:52 +0700: Memory Usage (418104K) : nsd_drw has 0 polygons
2026-09-21 21:28:52 +0700: Memory Usage (418104K) : nsd_block has 0 polygons
2026-09-21 21:28:52 +0700: Memory Usage (419504K) : metal1_drw has 15368 polygons
2026-09-21 21:28:52 +0700: Memory Usage (419504K) : metal1_pin has 3119 polygons
2026-09-21 21:28:52 +0700: Memory Usage (419768K) : metal1_mask has 0 polygons
2026-09-21 21:28:52 +0700: Memory Usage (419768K) : metal1_filler has 0 polygons
2026-09-21 21:28:52 +0700: Memory Usage (419768K) : metal1_nofill has 0 polygons
2026-09-21 21:28:52 +0700: Memory Usage (419768K) : metal1_slit has 0 polygons
2026-09-21 21:28:52 +0700: Memory Usage (420032K) : metal1_text has 140 polygons
2026-09-21 21:28:52 +0700: Memory Usage (420032K) : metal1_opc has 0 polygons
2026-09-21 21:28:52 +0700: Memory Usage (420032K) : metal1_noqrc has 0 polygons
2026-09-21 21:28:52 +0700: Memory Usage (420032K) : metal1_res has 0 polygons
2026-09-21 21:28:52 +0700: Memory Usage (420032K) : metal1_iprobe has 0 polygons
2026-09-21 21:28:52 +0700: Memory Usage (420032K) : metal1_diffprb has 0 polygons
2026-09-21 21:28:52 +0700: Memory Usage (420032K) : passiv_drw has 0 polygons
2026-09-21 21:28:52 +0700: Memory Usage (420468K) : passiv_pin has 0 polygons
2026-09-21 21:28:52 +0700: Memory Usage (420468K) : passiv_sbump has 0 polygons
2026-09-21 21:28:52 +0700: Memory Usage (420468K) : passiv_pillar has 0 polygons
2026-09-21 21:28:52 +0700: Memory Usage (420468K) : passiv_pdl has 0 polygons
2026-09-21 21:28:52 +0700: Memory Usage (420732K) : metal2_drw has 4792 polygons
2026-09-21 21:28:52 +0700: Memory Usage (420732K) : metal2_pin has 14 polygons
2026-09-21 21:28:52 +0700: Memory Usage (420732K) : metal2_mask has 0 polygons
2026-09-21 21:28:52 +0700: Memory Usage (420732K) : metal2_filler has 0 polygons
2026-09-21 21:28:52 +0700: Memory Usage (420996K) : metal2_nofill has 0 polygons
2026-09-21 21:28:52 +0700: Memory Usage (420996K) : metal2_slit has 0 polygons
2026-09-21 21:28:52 +0700: Memory Usage (420996K) : metal2_text has 5 polygons
2026-09-21 21:28:52 +0700: Memory Usage (420996K) : metal2_opc has 0 polygons
2026-09-21 21:28:52 +0700: Memory Usage (421260K) : metal2_noqrc has 0 polygons
2026-09-21 21:28:52 +0700: Memory Usage (421260K) : metal2_res has 0 polygons
2026-09-21 21:28:52 +0700: Memory Usage (421260K) : metal2_iprobe has 0 polygons
2026-09-21 21:28:52 +0700: Memory Usage (421260K) : metal2_diffprb has 0 polygons
2026-09-21 21:28:52 +0700: Memory Usage (421260K) : baspoly_drw has 0 polygons
2026-09-21 21:28:52 +0700: Memory Usage (421524K) : baspoly_pin has 0 polygons
2026-09-21 21:28:52 +0700: Memory Usage (421524K) : psd_drw has 563 polygons
2026-09-21 21:28:52 +0700: Memory Usage (421524K) : nldb_drw has 0 polygons
2026-09-21 21:28:52 +0700: Memory Usage (421524K) : digibnd_drw has 0 polygons
2026-09-21 21:28:52 +0700: Memory Usage (421788K) : via1_drw has 4837 polygons
2026-09-21 21:28:52 +0700: Memory Usage (421788K) : backmetal1_drw has 0 polygons
2026-09-21 21:28:52 +0700: Memory Usage (421788K) : backmetal1_pin has 0 polygons
2026-09-21 21:28:52 +0700: Memory Usage (421788K) : backmetal1_mask has 0 polygons
2026-09-21 21:28:52 +0700: Memory Usage (422052K) : backmetal1_filler has 0 polygons
2026-09-21 21:28:52 +0700: Memory Usage (422052K) : backmetal1_nofill has 0 polygons
2026-09-21 21:28:52 +0700: Memory Usage (422052K) : backmetal1_slit has 0 polygons
2026-09-21 21:28:52 +0700: Memory Usage (422052K) : backmetal1_text has 0 polygons
2026-09-21 21:28:52 +0700: Memory Usage (422052K) : backmetal1_opc has 0 polygons
2026-09-21 21:28:52 +0700: Memory Usage (422316K) : backmetal1_noqrc has 0 polygons
2026-09-21 21:28:52 +0700: Memory Usage (422316K) : backmetal1_res has 0 polygons
2026-09-21 21:28:52 +0700: Memory Usage (422316K) : backmetal1_iprobe has 0 polygons
2026-09-21 21:28:52 +0700: Memory Usage (422316K) : backmetal1_diffprb has 0 polygons
2026-09-21 21:28:52 +0700: Memory Usage (422580K) : backpassiv_drw has 0 polygons
2026-09-21 21:28:52 +0700: Memory Usage (422580K) : res_drw has 0 polygons
2026-09-21 21:28:52 +0700: Memory Usage (422580K) : sram_drw has 0 polygons
2026-09-21 21:28:52 +0700: Memory Usage (422580K) : trans_drw has 0 polygons
2026-09-21 21:28:52 +0700: Memory Usage (422580K) : ind_drw has 0 polygons
2026-09-21 21:28:52 +0700: Memory Usage (422844K) : ind_pin has 0 polygons
2026-09-21 21:28:52 +0700: Memory Usage (422844K) : ind_text has 0 polygons
2026-09-21 21:28:52 +0700: Memory Usage (422844K) : salblock_drw has 0 polygons
2026-09-21 21:28:52 +0700: Memory Usage (422844K) : via2_drw has 523 polygons
2026-09-21 21:28:52 +0700: Memory Usage (422844K) : metal3_drw has 528 polygons
2026-09-21 21:28:52 +0700: Memory Usage (423108K) : metal3_pin has 5 polygons
2026-09-21 21:28:52 +0700: Memory Usage (423108K) : metal3_mask has 0 polygons
2026-09-21 21:28:52 +0700: Memory Usage (423108K) : metal3_filler has 0 polygons
2026-09-21 21:28:52 +0700: Memory Usage (423108K) : metal3_nofill has 0 polygons
2026-09-21 21:28:52 +0700: Memory Usage (423372K) : metal3_slit has 0 polygons
2026-09-21 21:28:52 +0700: Memory Usage (423372K) : metal3_text has 5 polygons
2026-09-21 21:28:52 +0700: Memory Usage (423372K) : metal3_opc has 0 polygons
2026-09-21 21:28:52 +0700: Memory Usage (423372K) : metal3_noqrc has 0 polygons
2026-09-21 21:28:52 +0700: Memory Usage (423372K) : metal3_res has 0 polygons
2026-09-21 21:28:52 +0700: Memory Usage (423372K) : metal3_iprobe has 0 polygons
2026-09-21 21:28:52 +0700: Memory Usage (423636K) : metal3_diffprb has 0 polygons
2026-09-21 21:28:52 +0700: Memory Usage (423636K) : nwell_drw has 233 polygons
2026-09-21 21:28:52 +0700: Memory Usage (423636K) : nwell_pin has 0 polygons
2026-09-21 21:28:52 +0700: Memory Usage (423636K) : nbulay_drw has 0 polygons
2026-09-21 21:28:52 +0700: Memory Usage (423636K) : nbulay_pin has 0 polygons
2026-09-21 21:28:52 +0700: Memory Usage (423900K) : nbulay_block has 0 polygons
2026-09-21 21:28:52 +0700: Memory Usage (423900K) : emwind_drw has 0 polygons
2026-09-21 21:28:52 +0700: Memory Usage (423900K) : emwind_opc has 0 polygons
2026-09-21 21:28:52 +0700: Memory Usage (423900K) : deepco_drw has 0 polygons
2026-09-21 21:28:52 +0700: Memory Usage (424164K) : deepco_drw has 0 polygons
2026-09-21 21:28:52 +0700: Memory Usage (424164K) : mim_drw has 0 polygons
2026-09-21 21:28:52 +0700: Memory Usage (424164K) : edgeseal_drw has 0 polygons
2026-09-21 21:28:52 +0700: Memory Usage (424164K) : edgeseal_bound has 0 polygons
2026-09-21 21:28:52 +0700: Memory Usage (424164K) : substrate_drw has 0 polygons
2026-09-21 21:28:52 +0700: Memory Usage (424428K) : substrate_text has 0 polygons
2026-09-21 21:28:52 +0700: Memory Usage (424428K) : dfpad_drw has 0 polygons
2026-09-21 21:28:52 +0700: Memory Usage (424428K) : dfpad_pillar has 0 polygons
2026-09-21 21:28:52 +0700: Memory Usage (424428K) : dfpad_sbump has 0 polygons
2026-09-21 21:28:52 +0700: Memory Usage (424692K) : thickgateox_drw has 402 polygons
2026-09-21 21:28:52 +0700: Memory Usage (424692K) : pldb_drw has 0 polygons
2026-09-21 21:28:52 +0700: Memory Usage (424692K) : pwell_drw has 0 polygons
2026-09-21 21:28:52 +0700: Memory Usage (424692K) : pwell_pin has 0 polygons
2026-09-21 21:28:52 +0700: Memory Usage (424692K) : pwell_block has 0 polygons
2026-09-21 21:28:52 +0700: Memory Usage (424956K) : ic_drw has 0 polygons
2026-09-21 21:28:52 +0700: Memory Usage (424956K) : via3_drw has 3376 polygons
2026-09-21 21:28:52 +0700: Memory Usage (424956K) : metal4_drw has 293 polygons
2026-09-21 21:28:52 +0700: Memory Usage (424956K) : metal4_pin has 1 polygons
2026-09-21 21:28:52 +0700: Memory Usage (424956K) : metal4_mask has 0 polygons
2026-09-21 21:28:52 +0700: Memory Usage (425220K) : metal4_filler has 0 polygons
2026-09-21 21:28:52 +0700: Memory Usage (425220K) : metal4_nofill has 0 polygons
2026-09-21 21:28:52 +0700: Memory Usage (425220K) : metal4_slit has 0 polygons
2026-09-21 21:28:52 +0700: Memory Usage (425220K) : metal4_text has 1 polygons
2026-09-21 21:28:52 +0700: Memory Usage (425484K) : metal4_opc has 0 polygons
2026-09-21 21:28:52 +0700: Memory Usage (425484K) : metal4_noqrc has 0 polygons
2026-09-21 21:28:52 +0700: Memory Usage (425484K) : metal4_res has 0 polygons
2026-09-21 21:28:52 +0700: Memory Usage (425484K) : metal4_iprobe has 0 polygons
2026-09-21 21:28:52 +0700: Memory Usage (425484K) : metal4_diffprb has 0 polygons
2026-09-21 21:28:52 +0700: Memory Usage (425748K) : heattrans_drw has 1968 polygons
2026-09-21 21:28:52 +0700: Memory Usage (425748K) : heatres_drw has 0 polygons
2026-09-21 21:28:52 +0700: Memory Usage (425748K) : pempoly_drw has 0 polygons
2026-09-21 21:28:52 +0700: Memory Usage (425748K) : fbe_drw has 0 polygons
2026-09-21 21:28:52 +0700: Memory Usage (426012K) : empoly_drw has 0 polygons
2026-09-21 21:28:52 +0700: Memory Usage (426012K) : ldmos_drw has 0 polygons
2026-09-21 21:28:52 +0700: Memory Usage (426012K) : pbiwind_drw has 0 polygons
2026-09-21 21:28:52 +0700: Memory Usage (426012K) : digisub_drw has 0 polygons
2026-09-21 21:28:52 +0700: Memory Usage (426012K) : nodrc_drw has 0 polygons
2026-09-21 21:28:52 +0700: Memory Usage (426276K) : text_drw has 804 polygons
2026-09-21 21:28:52 +0700: Memory Usage (426276K) : via4_drw has 0 polygons
2026-09-21 21:28:52 +0700: Memory Usage (426276K) : metal5_drw has 0 polygons
2026-09-21 21:28:52 +0700: Memory Usage (426276K) : metal5_pin has 0 polygons
2026-09-21 21:28:52 +0700: Memory Usage (426540K) : metal5_mask has 0 polygons
2026-09-21 21:28:52 +0700: Memory Usage (426540K) : metal5_filler has 0 polygons
2026-09-21 21:28:52 +0700: Memory Usage (426540K) : metal5_nofill has 0 polygons
2026-09-21 21:28:52 +0700: Memory Usage (426540K) : metal5_slit has 0 polygons
2026-09-21 21:28:52 +0700: Memory Usage (426540K) : metal5_text has 0 polygons
2026-09-21 21:28:52 +0700: Memory Usage (426804K) : metal5_opc has 0 polygons
2026-09-21 21:28:52 +0700: Memory Usage (426804K) : metal5_noqrc has 0 polygons
2026-09-21 21:28:52 +0700: Memory Usage (426804K) : metal5_res has 0 polygons
2026-09-21 21:28:52 +0700: Memory Usage (426804K) : metal5_iprobe has 0 polygons
2026-09-21 21:28:52 +0700: Memory Usage (427068K) : metal5_diffprb has 0 polygons
2026-09-21 21:28:52 +0700: Memory Usage (427068K) : radhard_drw has 0 polygons
2026-09-21 21:28:52 +0700: Memory Usage (427068K) : memcap_drw has 0 polygons
2026-09-21 21:28:52 +0700: Memory Usage (427068K) : varicap_drw has 0 polygons
2026-09-21 21:28:52 +0700: Memory Usage (427068K) : flash_drw has 0 polygons
2026-09-21 21:28:52 +0700: Memory Usage (427332K) : intbondvia_drw has 0 polygons
2026-09-21 21:28:52 +0700: Memory Usage (427332K) : intbondmet_drw has 0 polygons
2026-09-21 21:28:52 +0700: Memory Usage (427332K) : devbondvia_drw has 0 polygons
2026-09-21 21:28:52 +0700: Memory Usage (427332K) : devbondmet_drw has 0 polygons
2026-09-21 21:28:52 +0700: Memory Usage (427332K) : devtrench_drw has 0 polygons
2026-09-21 21:28:52 +0700: Memory Usage (427596K) : redist_drw has 0 polygons
2026-09-21 21:28:52 +0700: Memory Usage (427596K) : graphbot_drw has 0 polygons
2026-09-21 21:28:52 +0700: Memory Usage (427596K) : graphtop_drw has 0 polygons
2026-09-21 21:28:52 +0700: Memory Usage (427596K) : antvia1_drw has 0 polygons
2026-09-21 21:28:52 +0700: Memory Usage (427596K) : antmetal2_drw has 0 polygons
2026-09-21 21:28:52 +0700: Memory Usage (427860K) : graphcont_drw has 0 polygons
2026-09-21 21:28:52 +0700: Memory Usage (427860K) : siwg_drw has 0 polygons
2026-09-21 21:28:52 +0700: Memory Usage (427860K) : siwg_filler has 0 polygons
2026-09-21 21:28:52 +0700: Memory Usage (427860K) : siwg_nofill has 0 polygons
2026-09-21 21:28:52 +0700: Memory Usage (428124K) : sigrating_drw has 0 polygons
2026-09-21 21:28:52 +0700: Memory Usage (428124K) : singrating_drw has 0 polygons
2026-09-21 21:28:52 +0700: Memory Usage (428124K) : graphpas_drw has 0 polygons
2026-09-21 21:28:52 +0700: Memory Usage (428124K) : emwind3_drw has 0 polygons
2026-09-21 21:28:52 +0700: Memory Usage (428124K) : emwihv3_drw has 0 polygons
2026-09-21 21:28:52 +0700: Memory Usage (428388K) : redbulay_drw has 0 polygons
2026-09-21 21:28:52 +0700: Memory Usage (428388K) : smos_drw has 0 polygons
2026-09-21 21:28:52 +0700: Memory Usage (428388K) : graphpad_drw has 0 polygons
2026-09-21 21:28:52 +0700: Memory Usage (428388K) : polimide_drw has 0 polygons
2026-09-21 21:28:52 +0700: Memory Usage (428388K) : polimide_pin has 0 polygons
2026-09-21 21:28:52 +0700: Memory Usage (428652K) : recog_drw has 0 polygons
2026-09-21 21:28:52 +0700: Memory Usage (428652K) : recog_pin has 0 polygons
2026-09-21 21:28:52 +0700: Memory Usage (428652K) : recog_esd has 0 polygons
2026-09-21 21:28:52 +0700: Memory Usage (428652K) : recog_diode has 0 polygons
2026-09-21 21:28:52 +0700: Memory Usage (428916K) : recog_tsv has 0 polygons
2026-09-21 21:28:52 +0700: Memory Usage (428916K) : recog_iprobe has 0 polygons
2026-09-21 21:28:52 +0700: Memory Usage (428916K) : recog_diffprb has 0 polygons
2026-09-21 21:28:52 +0700: Memory Usage (428916K) : recog_pillar has 0 polygons
2026-09-21 21:28:52 +0700: Memory Usage (428916K) : recog_sbump has 0 polygons
2026-09-21 21:28:52 +0700: Memory Usage (429180K) : recog_otp has 0 polygons
2026-09-21 21:28:52 +0700: Memory Usage (429180K) : recog_pdiode has 0 polygons
2026-09-21 21:28:52 +0700: Memory Usage (429180K) : recog_mom has 0 polygons
2026-09-21 21:28:52 +0700: Memory Usage (429180K) : recog_pcm has 0 polygons
2026-09-21 21:28:52 +0700: Memory Usage (429444K) : colopen_drw has 0 polygons
2026-09-21 21:28:52 +0700: Memory Usage (429444K) : graphmetal1_drw has 0 polygons
2026-09-21 21:28:52 +0700: Memory Usage (429444K) : graphmetal1_filler has 0 polygons
2026-09-21 21:28:52 +0700: Memory Usage (429444K) : graphmetal1_nofill has 0 polygons
2026-09-21 21:28:52 +0700: Memory Usage (429444K) : graphmetal1_slit has 0 polygons
2026-09-21 21:28:52 +0700: Memory Usage (429708K) : graphmetal1_opc has 0 polygons
2026-09-21 21:28:52 +0700: Memory Usage (429708K) : graphmet1l_drw has 0 polygons
2026-09-21 21:28:52 +0700: Memory Usage (429708K) : graphmet1l_filler has 0 polygons
2026-09-21 21:28:52 +0700: Memory Usage (429708K) : graphmet1l_nofill has 0 polygons
2026-09-21 21:28:52 +0700: Memory Usage (429972K) : graphmet1l_slit has 0 polygons
2026-09-21 21:28:52 +0700: Memory Usage (429972K) : graphmet1l_opc has 0 polygons
2026-09-21 21:28:52 +0700: Memory Usage (429972K) : extblock_drw has 0 polygons
2026-09-21 21:28:52 +0700: Memory Usage (429972K) : nldd_drw has 0 polygons
2026-09-21 21:28:52 +0700: Memory Usage (429972K) : pldd_drw has 0 polygons
2026-09-21 21:28:52 +0700: Memory Usage (430236K) : next_drw has 0 polygons
2026-09-21 21:28:52 +0700: Memory Usage (430236K) : pext_drw has 0 polygons
2026-09-21 21:28:52 +0700: Memory Usage (430236K) : nexthv_drw has 0 polygons
2026-09-21 21:28:52 +0700: Memory Usage (430236K) : pexthv_drw has 0 polygons
2026-09-21 21:28:52 +0700: Memory Usage (430236K) : graphgate_drw has 0 polygons
2026-09-21 21:28:52 +0700: Memory Usage (430500K) : sinwg_drw has 0 polygons
2026-09-21 21:28:52 +0700: Memory Usage (430500K) : sinwg_filler has 0 polygons
2026-09-21 21:28:52 +0700: Memory Usage (430500K) : sinwg_nofill has 0 polygons
2026-09-21 21:28:52 +0700: Memory Usage (430500K) : mempad_drw has 0 polygons
2026-09-21 21:28:52 +0700: Memory Usage (430764K) : topvia1_drw has 0 polygons
2026-09-21 21:28:52 +0700: Memory Usage (430764K) : topmetal1_drw has 0 polygons
2026-09-21 21:28:52 +0700: Memory Usage (430764K) : topmetal1_pin has 0 polygons
2026-09-21 21:28:52 +0700: Memory Usage (430764K) : topmetal1_mask has 0 polygons
2026-09-21 21:28:52 +0700: Memory Usage (430764K) : topmetal1_filler has 0 polygons
2026-09-21 21:28:52 +0700: Memory Usage (431028K) : topmetal1_nofill has 0 polygons
2026-09-21 21:28:52 +0700: Memory Usage (431028K) : topmetal1_slit has 0 polygons
2026-09-21 21:28:52 +0700: Memory Usage (431028K) : topmetal1_text has 0 polygons
2026-09-21 21:28:52 +0700: Memory Usage (431028K) : topmetal1_noqrc has 0 polygons
2026-09-21 21:28:52 +0700: Memory Usage (431292K) : topmetal1_res has 0 polygons
2026-09-21 21:28:52 +0700: Memory Usage (431292K) : topmetal1_iprobe has 0 polygons
2026-09-21 21:28:52 +0700: Memory Usage (431292K) : topmetal1_diffprb has 0 polygons
2026-09-21 21:28:52 +0700: Memory Usage (431292K) : inldpwl_drw has 0 polygons
2026-09-21 21:28:52 +0700: Memory Usage (431292K) : polyres_drw has 0 polygons
2026-09-21 21:28:52 +0700: Memory Usage (431556K) : polyres_pin has 0 polygons
2026-09-21 21:28:52 +0700: Memory Usage (431556K) : vmim_drw has 0 polygons
2026-09-21 21:28:52 +0700: Memory Usage (431556K) : nbulaycut_drw has 0 polygons
2026-09-21 21:28:52 +0700: Memory Usage (431556K) : antmetal1_drw has 0 polygons
2026-09-21 21:28:52 +0700: Memory Usage (431556K) : topvia2_drw has 0 polygons
2026-09-21 21:28:52 +0700: Memory Usage (431820K) : topmetal2_drw has 0 polygons
2026-09-21 21:28:52 +0700: Memory Usage (431820K) : topmetal2_pin has 0 polygons
2026-09-21 21:28:52 +0700: Memory Usage (431820K) : topmetal2_mask has 0 polygons
2026-09-21 21:28:52 +0700: Memory Usage (431820K) : topmetal2_filler has 0 polygons
2026-09-21 21:28:52 +0700: Memory Usage (432084K) : topmetal2_nofill has 0 polygons
2026-09-21 21:28:52 +0700: Memory Usage (432084K) : topmetal2_slit has 0 polygons
2026-09-21 21:28:52 +0700: Memory Usage (432084K) : topmetal2_text has 0 polygons
2026-09-21 21:28:52 +0700: Memory Usage (432084K) : topmetal2_noqrc has 0 polygons
2026-09-21 21:28:52 +0700: Memory Usage (432084K) : topmetal2_res has 0 polygons
2026-09-21 21:28:52 +0700: Memory Usage (432348K) : topmetal2_iprobe has 0 polygons
2026-09-21 21:28:52 +0700: Memory Usage (432348K) : topmetal2_diffprb has 0 polygons
2026-09-21 21:28:52 +0700: Memory Usage (432348K) : snsring_drw has 0 polygons
2026-09-21 21:28:52 +0700: Memory Usage (432348K) : sensor_drw has 0 polygons
2026-09-21 21:28:52 +0700: Memory Usage (432348K) : snsarms_drw has 0 polygons
2026-09-21 21:28:52 +0700: Memory Usage (432612K) : snscmosvia_drw has 0 polygons
2026-09-21 21:28:52 +0700: Memory Usage (432612K) : colwind_drw has 0 polygons
2026-09-21 21:28:52 +0700: Memory Usage (432612K) : flm_drw has 0 polygons
2026-09-21 21:28:52 +0700: Memory Usage (432612K) : hafniumox_drw has 0 polygons
2026-09-21 21:28:52 +0700: Memory Usage (432876K) : memvia_drw has 0 polygons
2026-09-21 21:28:52 +0700: Memory Usage (432876K) : thinfilmres_drw has 0 polygons
2026-09-21 21:28:52 +0700: Memory Usage (432876K) : rfmem_drw has 0 polygons
2026-09-21 21:28:52 +0700: Memory Usage (432876K) : norcx_drw has 0 polygons
2026-09-21 21:28:52 +0700: Memory Usage (432876K) : norcx_m2m3 has 0 polygons
2026-09-21 21:28:52 +0700: Memory Usage (433140K) : norcx_m2m4 has 0 polygons
2026-09-21 21:28:52 +0700: Memory Usage (433140K) : norcx_m2m5 has 0 polygons
2026-09-21 21:28:52 +0700: Memory Usage (433140K) : norcx_m2tm1 has 0 polygons
2026-09-21 21:28:52 +0700: Memory Usage (433140K) : norcx_m2tm2 has 0 polygons
2026-09-21 21:28:52 +0700: Memory Usage (433404K) : norcx_m3m4 has 0 polygons
2026-09-21 21:28:52 +0700: Memory Usage (433404K) : norcx_m3m5 has 0 polygons
2026-09-21 21:28:52 +0700: Memory Usage (433404K) : norcx_m3tm1 has 0 polygons
2026-09-21 21:28:52 +0700: Memory Usage (433404K) : norcx_m3tm2 has 0 polygons
2026-09-21 21:28:52 +0700: Memory Usage (433404K) : norcx_m4m5 has 0 polygons
2026-09-21 21:28:52 +0700: Memory Usage (433668K) : norcx_m4tm1 has 0 polygons
2026-09-21 21:28:52 +0700: Memory Usage (433668K) : norcx_m4tm2 has 0 polygons
2026-09-21 21:28:52 +0700: Memory Usage (433668K) : norcx_m5tm1 has 0 polygons
2026-09-21 21:28:52 +0700: Memory Usage (433668K) : norcx_m5tm2 has 0 polygons
2026-09-21 21:28:52 +0700: Memory Usage (433932K) : norcx_tm1tm2 has 0 polygons
2026-09-21 21:28:52 +0700: Memory Usage (433932K) : norcx_m1sub has 0 polygons
2026-09-21 21:28:52 +0700: Memory Usage (433932K) : norcx_m2sub has 0 polygons
2026-09-21 21:28:52 +0700: Memory Usage (433932K) : norcx_m3sub has 0 polygons
2026-09-21 21:28:52 +0700: Memory Usage (433932K) : norcx_m4sub has 0 polygons
2026-09-21 21:28:52 +0700: Memory Usage (434196K) : norcx_m5sub has 0 polygons
2026-09-21 21:28:52 +0700: Memory Usage (434196K) : norcx_tm1sub has 0 polygons
2026-09-21 21:28:52 +0700: Memory Usage (434196K) : norcx_tm2sub has 0 polygons
2026-09-21 21:28:52 +0700: Memory Usage (434196K) : snsbotvia_drw has 0 polygons
2026-09-21 21:28:52 +0700: Memory Usage (434460K) : snstopvia_drw has 0 polygons
2026-09-21 21:28:52 +0700: Memory Usage (434460K) : deepvia_drw has 0 polygons
2026-09-21 21:28:52 +0700: Memory Usage (434460K) : fgetch_drw has 0 polygons
2026-09-21 21:28:52 +0700: Memory Usage (434460K) : ctrgat_drw has 0 polygons
2026-09-21 21:28:52 +0700: Memory Usage (434460K) : fgimp_drw has 0 polygons
2026-09-21 21:28:52 +0700: Memory Usage (434724K) : emwihv_drw has 0 polygons
2026-09-21 21:28:52 +0700: Memory Usage (434724K) : lbe_drw has 0 polygons
2026-09-21 21:28:52 +0700: Memory Usage (434724K) : alcustop_drw has 0 polygons
2026-09-21 21:28:52 +0700: Memory Usage (434724K) : nometfiller_drw has 0 polygons
2026-09-21 21:28:52 +0700: Memory Usage (434724K) : prboundary_drw has 0 polygons
2026-09-21 21:28:52 +0700: Memory Usage (434988K) : exchange0_drw has 0 polygons
2026-09-21 21:28:52 +0700: Memory Usage (434988K) : exchange0_pin has 0 polygons
2026-09-21 21:28:52 +0700: Memory Usage (434988K) : exchange0_text has 0 polygons
2026-09-21 21:28:52 +0700: Memory Usage (434988K) : exchange1_drw has 0 polygons
2026-09-21 21:28:52 +0700: Memory Usage (435252K) : exchange1_pin has 0 polygons
2026-09-21 21:28:52 +0700: Memory Usage (435252K) : exchange1_text has 0 polygons
2026-09-21 21:28:52 +0700: Memory Usage (435252K) : exchange2_drw has 0 polygons
2026-09-21 21:28:52 +0700: Memory Usage (435252K) : exchange2_pin has 0 polygons
2026-09-21 21:28:52 +0700: Memory Usage (435252K) : exchange2_text has 0 polygons
2026-09-21 21:28:52 +0700: Memory Usage (435516K) : exchange3_drw has 0 polygons
2026-09-21 21:28:52 +0700: Memory Usage (435516K) : exchange3_pin has 0 polygons
2026-09-21 21:28:52 +0700: Memory Usage (435516K) : exchange3_text has 0 polygons
2026-09-21 21:28:52 +0700: Memory Usage (435516K) : exchange4_drw has 0 polygons
2026-09-21 21:28:52 +0700: Memory Usage (435516K) : exchange4_pin has 0 polygons
2026-09-21 21:28:52 +0700: Memory Usage (435780K) : exchange4_text has 0 polygons
2026-09-21 21:28:52 +0700: Memory Usage (435780K) : isonwell_drw has 0 polygons
2026-09-21 21:28:52 +0700: Memory Usage (435780K) : Total no. of polygons in the design is 74848
2026-09-21 21:28:52 +0700: Memory Usage (435780K) : Loaded TECH DRC rules values from /home/dkits/ihp-sg13g2/v0.3.0/ihp-sg13g2/libs.tech/klayout/python/sg13g2_pycell_lib/sg13g2_tech_mod.json
2026-09-21 21:28:52 +0700: Memory Usage (435780K) : Loaded default DRC rules values from /home/dkits/ihp-sg13g2/v0.3.0/ihp-sg13g2/libs.tech/klayout/tech/drc/rule_decks/sg13g2_tech_default.json
2026-09-21 21:28:52 +0700: Memory Usage (435780K) : The following rules values were missing in tech json and default values were used:
2026-09-21 21:28:52 +0700: Memory Usage (435780K) :   - NW_f1_digibnd
2026-09-21 21:28:52 +0700: Memory Usage (435780K) :   - Cnt_c_digibnd
2026-09-21 21:28:52 +0700: Memory Usage (435780K) :   - Cnt_c_sram
2026-09-21 21:28:52 +0700: Memory Usage (435780K) :   - Sdiod_b
2026-09-21 21:28:52 +0700: Memory Usage (435780K) :   - Sdiod_c
2026-09-21 21:28:52 +0700: Memory Usage (436080K) : Total area of the design is 78859.1606 um^2.
2026-09-21 21:28:52 +0700: Memory Usage (436080K) : The design dimensions are 363.08 µm * 217.195 µm.
2026-09-21 21:28:52 +0700: Memory Usage (436080K) : Starting general IHP-SG13G2 derivations.
2026-09-21 21:28:52 +0700: Memory Usage (436080K) : Starting Pwell derivations
2026-09-21 21:28:52 +0700: Memory Usage (443540K) : Starting n-Activ derivations
2026-09-21 21:28:52 +0700: Memory Usage (456828K) : Starting p-Activ derivations
2026-09-21 21:28:52 +0700: Memory Usage (467324K) : Starting ptap derivations
2026-09-21 21:28:52 +0700: Memory Usage (451132K) : Starting ntap derivations
2026-09-21 21:28:52 +0700: Memory Usage (465204K) : Starting pact FET derivations
2026-09-21 21:28:52 +0700: Memory Usage (461380K) : Starting nact FET derivations
2026-09-21 21:28:52 +0700: Memory Usage (453608K) : Starting Gate derivations
2026-09-21 21:28:52 +0700: Memory Usage (460016K) : Starting cont/contbar general derivations
2026-09-21 21:28:53 +0700: Memory Usage (453992K) : Starting pad general derivations
2026-09-21 21:28:53 +0700: Memory Usage (445124K) : Starting schottky_nbl general derivations
2026-09-21 21:28:53 +0700: Memory Usage (445124K) : Starting SVaricap general derivations
2026-09-21 21:28:53 +0700: Memory Usage (445376K) : Starting HBT general derivations
2026-09-21 21:28:53 +0700: Memory Usage (445376K) : Starting IHP-SG13G2 DRC connectivity related derivations.
2026-09-21 21:28:53 +0700: Memory Usage (445376K) : Starting IHP-SG13G2 DRC connectivity setup
2026-09-21 21:28:53 +0700: Memory Usage (445376K) : Starting IHP-SG13G2 DRC rules.
2026-09-21 21:28:53 +0700: Memory Usage (445376K) : Running all FEOL rules
2026-09-21 21:28:53 +0700: Memory Usage (445376K) : Running all BEOL rules
2026-09-21 21:28:53 +0700: Memory Usage (445376K) : Running all PIN rules
2026-09-21 21:28:53 +0700: Memory Usage (445376K) : Running all FORBIDDEN rules
2026-09-21 21:28:53 +0700: Memory Usage (445376K) : Starting 5.1 NWell table
2026-09-21 21:28:53 +0700: Memory Usage (445376K) : Executing rule NW.b
2026-09-21 21:28:53 +0700: Memory Usage (445984K) : Executing rule NW.b1
2026-09-21 21:28:53 +0700: Memory Usage (446156K) : Executing rule NW.f1
2026-09-21 21:28:53 +0700: Memory Usage (446156K) : Executing rule NW.f1.digibnd
2026-09-21 21:28:53 +0700: Memory Usage (446156K) : Starting 5.2 PWell:block
2026-09-21 21:28:53 +0700: Memory Usage (446156K) : Executing rule PWB.e
2026-09-21 21:28:53 +0700: Memory Usage (446220K) : Executing rule PWB.e1
2026-09-21 21:28:53 +0700: Memory Usage (446240K) : Executing rule PWB.f
2026-09-21 21:28:53 +0700: Memory Usage (446280K) : Executing rule PWB.f1
2026-09-21 21:28:53 +0700: Memory Usage (446128K) : Starting 5.3 nBuLay table
2026-09-21 21:28:53 +0700: Memory Usage (446280K) : Executing rule NBL.b
2026-09-21 21:28:54 +0700: Memory Usage (446740K) : Executing rule NBL.c
2026-09-21 21:28:54 +0700: Memory Usage (446264K) : Executing rule NBL.d
2026-09-21 21:28:54 +0700: Memory Usage (446268K) : Executing rule NBL.e
2026-09-21 21:28:54 +0700: Memory Usage (446684K) : Executing rule NBL.f
2026-09-21 21:28:54 +0700: Memory Usage (446568K) : Starting 5.5. Activ table
2026-09-21 21:28:54 +0700: Memory Usage (446568K) : Executing rule Act.a
2026-09-21 21:28:54 +0700: Memory Usage (446568K) : Executing rule Act.b
2026-09-21 21:28:54 +0700: Memory Usage (447224K) : Starting 5.6 Activ:filler table
2026-09-21 21:28:54 +0700: Memory Usage (446888K) : Executing rule AFil.c1
2026-09-21 21:28:54 +0700: Memory Usage (446888K) : Executing rule AFil.c
2026-09-21 21:28:54 +0700: Memory Usage (446888K) : Executing rule AFil.d
2026-09-21 21:28:54 +0700: Memory Usage (446888K) : Executing rule AFil.e
2026-09-21 21:28:54 +0700: Memory Usage (446888K) : Executing rule AFil.j
2026-09-21 21:28:54 +0700: Memory Usage (446888K) : Starting 5.7. ThickGateOx table
2026-09-21 21:28:54 +0700: Memory Usage (446888K) : Executing rule TGO.f
2026-09-21 21:28:54 +0700: Memory Usage (446888K) : Starting 5.8. GatPoly table
2026-09-21 21:28:54 +0700: Memory Usage (446888K) : Executing rule Gat.a
2026-09-21 21:28:54 +0700: Memory Usage (446888K) : Executing rule Gat.b
2026-09-21 21:28:54 +0700: Memory Usage (447072K) : Executing rule Gat.d
2026-09-21 21:28:54 +0700: Memory Usage (447272K) : Executing rule Gat.a1
2026-09-21 21:28:54 +0700: Memory Usage (447740K) : Executing rule Gat.a2
2026-09-21 21:28:54 +0700: Memory Usage (448252K) : Executing rule Gat.g
2026-09-21 21:28:54 +0700: Memory Usage (448384K) : Starting 5.9 GatPoly:filler
2026-09-21 21:28:55 +0700: Memory Usage (447848K) : Executing rule GFil.d
2026-09-21 21:28:55 +0700: Memory Usage (447848K) : Executing rule GFil.e
2026-09-21 21:28:55 +0700: Memory Usage (447848K) : Executing rule GFil.i
2026-09-21 21:28:55 +0700: Memory Usage (447848K) : Starting 5.10 pSD table
2026-09-21 21:28:55 +0700: Memory Usage (447848K) : Executing rule pSD.c1
2026-09-21 21:28:55 +0700: Memory Usage (447984K) : Starting 5.14. Cont table
2026-09-21 21:28:55 +0700: Memory Usage (447984K) : Executing rule Cnt.a
2026-09-21 21:28:55 +0700: Memory Usage (447984K) : Executing rule Cnt.b
2026-09-21 21:28:55 +0700: Memory Usage (448620K) : Executing rule Cnt.c
2026-09-21 21:28:55 +0700: Memory Usage (448424K) : Executing rule Cnt.c.digibnd
2026-09-21 21:28:55 +0700: Memory Usage (448196K) : Executing rule Cnt.c.SRAM
2026-09-21 21:28:55 +0700: Memory Usage (448196K) : Executing rule Cnt.d
2026-09-21 21:28:55 +0700: Memory Usage (448748K) : Executing rule Cnt.e
2026-09-21 21:28:55 +0700: Memory Usage (448756K) : Executing rule Cnt.g1
2026-09-21 21:28:55 +0700: Memory Usage (448548K) : Executing rule Cnt.g2
2026-09-21 21:28:55 +0700: Memory Usage (448628K) : Starting 5.15. ContBar table
2026-09-21 21:28:55 +0700: Memory Usage (448540K) : Executing rule CntB.b1
2026-09-21 21:28:55 +0700: Memory Usage (448536K) : Executing rule CntB.h1
2026-09-21 21:28:56 +0700: Memory Usage (449348K) : Starting 6.1.3 NPN Substrate-Tie table
2026-09-21 21:28:56 +0700: Memory Usage (449292K) : Executing rule npn13G2.bR 
2026-09-21 21:28:56 +0700: Memory Usage (448996K) : Executing rule npn13G2L.cR 
2026-09-21 21:28:56 +0700: Memory Usage (448996K) : Executing rule npn13G2V.cR 
2026-09-21 21:28:56 +0700: Memory Usage (448996K) : Starting 6.7 Schottky diode table
2026-09-21 21:28:56 +0700: Memory Usage (448996K) : Executing rule Sdiod.b
2026-09-21 21:28:56 +0700: Memory Usage (448996K) : Executing rule Sdiod.c
2026-09-21 21:28:56 +0700: Memory Usage (449000K) : Executing rule Sdiod.d
2026-09-21 21:28:56 +0700: Memory Usage (449000K) : Executing rule Sdiod.e
2026-09-21 21:28:56 +0700: Memory Usage (449000K) : Starting 7.2 Latch-up table
2026-09-21 21:28:56 +0700: Memory Usage (449000K) : Executing rule LU.b
2026-09-21 21:28:56 +0700: Memory Usage (448892K) : Starting 5.16. Metal1 table
2026-09-21 21:28:56 +0700: Memory Usage (448892K) : Executing rule M1.a
2026-09-21 21:28:57 +0700: Memory Usage (449056K) : Executing rule M1.b
2026-09-21 21:28:57 +0700: Memory Usage (450760K) : Executing rule M1.e
2026-09-21 21:28:58 +0700: Memory Usage (452300K) : Executing rule M1.f
2026-09-21 21:28:58 +0700: Memory Usage (452120K) : Executing rule M1.g
2026-09-21 21:28:58 +0700: Memory Usage (452944K) : Executing rule M1.i
2026-09-21 21:28:58 +0700: Memory Usage (452812K) : Starting 5.17 Metaln table
2026-09-21 21:28:58 +0700: Memory Usage (452812K) : Executing rule M2.a
2026-09-21 21:28:58 +0700: Memory Usage (452812K) : Executing rule M2.b
2026-09-21 21:28:58 +0700: Memory Usage (454124K) : Executing rule M2.e
2026-09-21 21:28:58 +0700: Memory Usage (454684K) : Executing rule M2.f
2026-09-21 21:28:58 +0700: Memory Usage (454684K) : Executing rule M2.g
2026-09-21 21:28:58 +0700: Memory Usage (454724K) : Executing rule M2.i
2026-09-21 21:28:59 +0700: Memory Usage (454744K) : Executing rule M3.a
2026-09-21 21:28:59 +0700: Memory Usage (454672K) : Executing rule M3.b
2026-09-21 21:28:59 +0700: Memory Usage (455540K) : Executing rule M3.e
2026-09-21 21:28:59 +0700: Memory Usage (455056K) : Executing rule M3.f
2026-09-21 21:28:59 +0700: Memory Usage (455216K) : Executing rule M3.g
2026-09-21 21:28:59 +0700: Memory Usage (455276K) : Executing rule M3.i
2026-09-21 21:28:59 +0700: Memory Usage (455408K) : Executing rule M4.a
2026-09-21 21:28:59 +0700: Memory Usage (455248K) : Executing rule M4.b
2026-09-21 21:28:59 +0700: Memory Usage (455384K) : Executing rule M4.e
2026-09-21 21:28:59 +0700: Memory Usage (455336K) : Executing rule M4.f
2026-09-21 21:28:59 +0700: Memory Usage (455452K) : Executing rule M4.g
2026-09-21 21:28:59 +0700: Memory Usage (455596K) : Executing rule M4.i
2026-09-21 21:28:59 +0700: Memory Usage (455204K) : Executing rule M5.a
2026-09-21 21:28:59 +0700: Memory Usage (455204K) : Executing rule M5.b
2026-09-21 21:28:59 +0700: Memory Usage (455204K) : Executing rule M5.e
2026-09-21 21:28:59 +0700: Memory Usage (455204K) : Executing rule M5.f
2026-09-21 21:28:59 +0700: Memory Usage (455204K) : Executing rule M5.g
2026-09-21 21:28:59 +0700: Memory Usage (455856K) : Executing rule M5.i
2026-09-21 21:28:59 +0700: Memory Usage (455608K) : Starting 5.18 Metaln:filler table
2026-09-21 21:28:59 +0700: Memory Usage (455512K) : Executing rule M1Fil.c
2026-09-21 21:28:59 +0700: Memory Usage (455296K) : Executing rule M1Fil.a2
2026-09-21 21:28:59 +0700: Memory Usage (455296K) : Executing rule M2Fil.c
2026-09-21 21:28:59 +0700: Memory Usage (455296K) : Executing rule M2Fil.a2
2026-09-21 21:28:59 +0700: Memory Usage (455296K) : Executing rule M3Fil.c
2026-09-21 21:28:59 +0700: Memory Usage (455460K) : Executing rule M3Fil.a2
2026-09-21 21:28:59 +0700: Memory Usage (455460K) : Executing rule M4Fil.c
2026-09-21 21:28:59 +0700: Memory Usage (455460K) : Executing rule M4Fil.a2
2026-09-21 21:28:59 +0700: Memory Usage (455460K) : Executing rule M5Fil.c
2026-09-21 21:28:59 +0700: Memory Usage (455460K) : Executing rule M5Fil.a2
2026-09-21 21:28:59 +0700: Memory Usage (455460K) : Starting 5.19. Via1 table
2026-09-21 21:28:59 +0700: Memory Usage (455460K) : Starting 5.19. Via1 table derivations
2026-09-21 21:28:59 +0700: Memory Usage (455460K) : Executing rule V1.a
2026-09-21 21:28:59 +0700: Memory Usage (455460K) : Executing rule V1.b
2026-09-21 21:28:59 +0700: Memory Usage (456644K) : Executing rule V1.c
2026-09-21 21:29:00 +0700: Memory Usage (456740K) : Starting 5.20. Vian table
2026-09-21 21:29:00 +0700: Memory Usage (456740K) : Executing rule V2.a
2026-09-21 21:29:00 +0700: Memory Usage (456740K) : Executing rule V2.b
2026-09-21 21:29:00 +0700: Memory Usage (457188K) : Executing rule V2.c
2026-09-21 21:29:00 +0700: Memory Usage (456748K) : Executing rule V3.a
2026-09-21 21:29:00 +0700: Memory Usage (456748K) : Executing rule V3.b
2026-09-21 21:29:00 +0700: Memory Usage (457336K) : Executing rule V3.c
2026-09-21 21:29:00 +0700: Memory Usage (456876K) : Executing rule V4.a
2026-09-21 21:29:00 +0700: Memory Usage (456876K) : Executing rule V4.b
2026-09-21 21:29:00 +0700: Memory Usage (456876K) : Executing rule V4.c
2026-09-21 21:29:00 +0700: Memory Usage (456876K) : Starting 5.21. TopVia1 table
2026-09-21 21:29:00 +0700: Memory Usage (456876K) : Executing rule TV1.a
2026-09-21 21:29:00 +0700: Memory Usage (456876K) : Executing rule TV1.b
2026-09-21 21:29:00 +0700: Memory Usage (456876K) : Executing rule TV1.c
2026-09-21 21:29:00 +0700: Memory Usage (456876K) : Executing rule TV1.d
2026-09-21 21:29:00 +0700: Memory Usage (456876K) : Starting 5.22. TopMetal1 table
2026-09-21 21:29:00 +0700: Memory Usage (456876K) : Executing rule TM1.a
2026-09-21 21:29:00 +0700: Memory Usage (456876K) : Executing rule TM1.b
2026-09-21 21:29:00 +0700: Memory Usage (456876K) : Starting 5.23 TopMetal1:filler table
2026-09-21 21:29:00 +0700: Memory Usage (456876K) : Executing rule TM1Fil.c
2026-09-21 21:29:00 +0700: Memory Usage (456876K) : Executing rule TM1Fil.a1
2026-09-21 21:29:00 +0700: Memory Usage (456876K) : Starting 5.24. TopVia2 table
2026-09-21 21:29:00 +0700: Memory Usage (456876K) : Executing rule TV2.a
2026-09-21 21:29:00 +0700: Memory Usage (456876K) : Executing rule TV2.b
2026-09-21 21:29:00 +0700: Memory Usage (456876K) : Executing rule TV2.c
2026-09-21 21:29:00 +0700: Memory Usage (456876K) : Executing rule TV2.d
2026-09-21 21:29:00 +0700: Memory Usage (456876K) : Starting 5.25. TopMetal2 table
2026-09-21 21:29:00 +0700: Memory Usage (456876K) : Executing rule TM2.a
2026-09-21 21:29:00 +0700: Memory Usage (456876K) : Executing rule TM2.b
2026-09-21 21:29:00 +0700: Memory Usage (456876K) : Executing rule TM2.bR
2026-09-21 21:29:00 +0700: Memory Usage (456876K) : Starting 5.26 TopMetal2:filler table
2026-09-21 21:29:00 +0700: Memory Usage (456876K) : Executing rule TM2Fil.c
2026-09-21 21:29:00 +0700: Memory Usage (456876K) : Executing rule TM2Fil.a1
2026-09-21 21:29:00 +0700: Memory Usage (456876K) : Starting 5.27. Passiv table
2026-09-21 21:29:00 +0700: Memory Usage (456876K) : Executing rule Pas.a
2026-09-21 21:29:00 +0700: Memory Usage (456876K) : Executing rule Pas.b
2026-09-21 21:29:00 +0700: Memory Usage (456876K) : Executing rule Pas.c
2026-09-21 21:29:00 +0700: Memory Usage (457016K) : Starting 6.9.2 Copper Pillar table
2026-09-21 21:29:00 +0700: Memory Usage (457016K) : Executing rule Padc.a
2026-09-21 21:29:00 +0700: Memory Usage (457016K) : Executing rule Padc.b
2026-09-21 21:29:00 +0700: Memory Usage (457016K) : Executing rule Padc.c
2026-09-21 21:29:00 +0700: Memory Usage (457016K) : Executing rule Padb.f
2026-09-21 21:29:00 +0700: Memory Usage (457016K) : Starting 6.9 Pad table
2026-09-21 21:29:00 +0700: Memory Usage (457016K) : Executing rule Pad.m
2026-09-21 21:29:00 +0700: Memory Usage (457020K) : Executing rule Pad.fR_M1
2026-09-21 21:29:00 +0700: Memory Usage (457020K) : Executing rule Pad.fR_M2
2026-09-21 21:29:00 +0700: Memory Usage (457020K) : Executing rule Pad.fR_M3
2026-09-21 21:29:00 +0700: Memory Usage (457020K) : Executing rule Pad.fR_M4
2026-09-21 21:29:00 +0700: Memory Usage (457020K) : Executing rule Pad.fR_M5
2026-09-21 21:29:00 +0700: Memory Usage (457020K) : Executing rule Pad.fR_TM1
2026-09-21 21:29:00 +0700: Memory Usage (457020K) : Executing rule Pad.fR_TM2
2026-09-21 21:29:00 +0700: Memory Usage (457020K) : Executing rule Pad.i
2026-09-21 21:29:00 +0700: Memory Usage (457020K) : Starting 6.9.1 Solder Bump
2026-09-21 21:29:00 +0700: Memory Usage (457020K) : Executing rule Padb.a
2026-09-21 21:29:00 +0700: Memory Usage (457020K) : Executing rule Padb.b
2026-09-21 21:29:00 +0700: Memory Usage (457020K) : Executing rule Padb.c
2026-09-21 21:29:00 +0700: Memory Usage (457020K) : Executing rule Padb.f
2026-09-21 21:29:00 +0700: Memory Usage (457020K) : Executing rule Padb.d
2026-09-21 21:29:00 +0700: Memory Usage (457020K) : Starting 6.10 Sealring table
2026-09-21 21:29:00 +0700: Memory Usage (457020K) : Executing rule Seal.l
2026-09-21 21:29:00 +0700: Memory Usage (457020K) : Executing rule Seal.n
2026-09-21 21:29:00 +0700: Memory Usage (457020K) : Executing rule seal.b_metal1
2026-09-21 21:29:00 +0700: Memory Usage (457020K) : Executing rule seal.b_metal2
2026-09-21 21:29:00 +0700: Memory Usage (457020K) : Executing rule seal.b_metal3
2026-09-21 21:29:00 +0700: Memory Usage (457020K) : Executing rule seal.b_metal4
2026-09-21 21:29:00 +0700: Memory Usage (457020K) : Executing rule seal.b_metal5
2026-09-21 21:29:00 +0700: Memory Usage (457020K) : Executing rule seal.b_topmetal1
2026-09-21 21:29:00 +0700: Memory Usage (457020K) : Executing rule seal.b_topmetal2
2026-09-21 21:29:00 +0700: Memory Usage (457020K) : Executing rule seal.b_activ
2026-09-21 21:29:00 +0700: Memory Usage (457020K) : Executing rule seal.b_psd
2026-09-21 21:29:00 +0700: Memory Usage (457020K) : Executing rule Seal.k
2026-09-21 21:29:01 +0700: Memory Usage (457024K) : Executing rule Seal.m
2026-09-21 21:29:01 +0700: Memory Usage (457024K) : Starting 6.11 MIM table
2026-09-21 21:29:01 +0700: Memory Usage (457024K) : Executing rule MIM.c
2026-09-21 21:29:01 +0700: Memory Usage (457024K) : Executing rule MIM.d
2026-09-21 21:29:01 +0700: Memory Usage (457024K) : Executing rule MIM.gR
2026-09-21 21:29:01 +0700: Memory Usage (457024K) : Starting 7.3 Metal Slits table
2026-09-21 21:29:01 +0700: Memory Usage (457024K) : Executing rule Slt.e1_M1
2026-09-21 21:29:01 +0700: Memory Usage (457024K) : Executing rule Slt.e1_M2
2026-09-21 21:29:01 +0700: Memory Usage (457024K) : Executing rule Slt.e1_M3
2026-09-21 21:29:01 +0700: Memory Usage (457024K) : Executing rule Slt.e1_M4
2026-09-21 21:29:01 +0700: Memory Usage (457024K) : Executing rule Slt.e1_M5
2026-09-21 21:29:01 +0700: Memory Usage (457024K) : Executing rule Slt.e1_TM1
2026-09-21 21:29:01 +0700: Memory Usage (457024K) : Executing rule Slt.e1_TM2
2026-09-21 21:29:01 +0700: Memory Usage (457024K) : Starting 9.1. LBE table
2026-09-21 21:29:01 +0700: Memory Usage (457024K) : Executing rule LBE.a
2026-09-21 21:29:01 +0700: Memory Usage (457024K) : Executing rule LBE.b
2026-09-21 21:29:01 +0700: Memory Usage (457024K) : Executing rule LBE.b1
2026-09-21 21:29:01 +0700: Memory Usage (457024K) : Executing rule LBE.c
2026-09-21 21:29:01 +0700: Memory Usage (457024K) : Executing rule LBE.d
2026-09-21 21:29:01 +0700: Memory Usage (457024K) : Executing rule LBE.h
2026-09-21 21:29:01 +0700: Memory Usage (457024K) : Starting 7.4. PIN table
2026-09-21 21:29:01 +0700: Memory Usage (457024K) : Executing rule Pin.a
2026-09-21 21:29:01 +0700: Memory Usage (457024K) : Executing rule Pin.b
2026-09-21 21:29:01 +0700: Memory Usage (457064K) : Executing rule Pin.e
2026-09-21 21:29:01 +0700: Memory Usage (457064K) : Executing rule Pin.f_M2
2026-09-21 21:29:01 +0700: Memory Usage (457292K) : Executing rule Pin.f_M3
2026-09-21 21:29:01 +0700: Memory Usage (457344K) : Executing rule Pin.f_M4
2026-09-21 21:29:01 +0700: Memory Usage (457344K) : Executing rule Pin.f_M5
2026-09-21 21:29:01 +0700: Memory Usage (457344K) : Executing rule Pin.g
2026-09-21 21:29:01 +0700: Memory Usage (457412K) : Executing rule Pin.h
2026-09-21 21:29:01 +0700: Memory Usage (457412K) : Starting 3.1. offgrid table
2026-09-21 21:29:01 +0700: Memory Usage (457412K) : Executing rule activ_drw_Offgrid
2026-09-21 21:29:01 +0700: Memory Usage (457412K) : Executing rule activ_pin_Offgrid
2026-09-21 21:29:01 +0700: Memory Usage (457412K) : Executing rule activ_mask_Offgrid
2026-09-21 21:29:01 +0700: Memory Usage (457412K) : Executing rule activ_filler_Offgrid
2026-09-21 21:29:01 +0700: Memory Usage (457412K) : Executing rule activ_nofill_Offgrid
2026-09-21 21:29:01 +0700: Memory Usage (457412K) : Executing rule activ_opc_Offgrid
2026-09-21 21:29:01 +0700: Memory Usage (457412K) : Executing rule activ_iopc_Offgrid
2026-09-21 21:29:01 +0700: Memory Usage (457412K) : Executing rule activ_noqrc_Offgrid
2026-09-21 21:29:01 +0700: Memory Usage (457412K) : Executing rule biwind_drw_Offgrid
2026-09-21 21:29:01 +0700: Memory Usage (457412K) : Executing rule biwind_opc_Offgrid
2026-09-21 21:29:01 +0700: Memory Usage (457412K) : Executing rule pemwind_drw_Offgrid
2026-09-21 21:29:01 +0700: Memory Usage (457412K) : Executing rule gatpoly_drw_Offgrid
2026-09-21 21:29:01 +0700: Memory Usage (457412K) : Executing rule gatpoly_pin_Offgrid
2026-09-21 21:29:01 +0700: Memory Usage (457412K) : Executing rule gatpoly_filler_Offgrid
2026-09-21 21:29:01 +0700: Memory Usage (457412K) : Executing rule gatpoly_nofill_Offgrid
2026-09-21 21:29:01 +0700: Memory Usage (457412K) : Executing rule gatpoly_opc_Offgrid
2026-09-21 21:29:01 +0700: Memory Usage (457412K) : Executing rule gatpoly_iopc_Offgrid
2026-09-21 21:29:01 +0700: Memory Usage (457412K) : Executing rule gatpoly_noqrc_Offgrid
2026-09-21 21:29:01 +0700: Memory Usage (457412K) : Executing rule cont_drw_Offgrid
2026-09-21 21:29:02 +0700: Memory Usage (457412K) : Executing rule cont_opc_Offgrid
2026-09-21 21:29:02 +0700: Memory Usage (457412K) : Executing rule nsd_drw_Offgrid
2026-09-21 21:29:02 +0700: Memory Usage (457412K) : Executing rule nsd_block_Offgrid
2026-09-21 21:29:02 +0700: Memory Usage (457412K) : Executing rule metal1_drw_Offgrid
2026-09-21 21:29:02 +0700: Memory Usage (457412K) : Executing rule metal1_pin_Offgrid
2026-09-21 21:29:02 +0700: Memory Usage (457412K) : Executing rule metal1_mask_Offgrid
2026-09-21 21:29:02 +0700: Memory Usage (457412K) : Executing rule metal1_filler_Offgrid
2026-09-21 21:29:02 +0700: Memory Usage (457412K) : Executing rule metal1_nofill_Offgrid
2026-09-21 21:29:02 +0700: Memory Usage (457412K) : Executing rule metal1_slit_Offgrid
2026-09-21 21:29:02 +0700: Memory Usage (457412K) : Executing rule metal1_opc_Offgrid
2026-09-21 21:29:02 +0700: Memory Usage (457412K) : Executing rule metal1_noqrc_Offgrid
2026-09-21 21:29:02 +0700: Memory Usage (457412K) : Executing rule metal1_res_Offgrid
2026-09-21 21:29:02 +0700: Memory Usage (457412K) : Executing rule metal1_iprobe_Offgrid
2026-09-21 21:29:02 +0700: Memory Usage (457412K) : Executing rule metal1_diffprb_Offgrid
2026-09-21 21:29:02 +0700: Memory Usage (457412K) : Executing rule passiv_drw_Offgrid
2026-09-21 21:29:02 +0700: Memory Usage (457412K) : Executing rule passiv_pin_Offgrid
2026-09-21 21:29:02 +0700: Memory Usage (457412K) : Executing rule passiv_pillar_Offgrid
2026-09-21 21:29:02 +0700: Memory Usage (457412K) : Executing rule passiv_sbump_Offgrid
2026-09-21 21:29:02 +0700: Memory Usage (457412K) : Executing rule passiv_pdl_Offgrid
2026-09-21 21:29:02 +0700: Memory Usage (457412K) : Executing rule metal2_drw_Offgrid
2026-09-21 21:29:03 +0700: Memory Usage (457412K) : Executing rule metal2_pin_Offgrid
2026-09-21 21:29:03 +0700: Memory Usage (457412K) : Executing rule metal2_mask_Offgrid
2026-09-21 21:29:03 +0700: Memory Usage (457412K) : Executing rule metal2_filler_Offgrid
2026-09-21 21:29:03 +0700: Memory Usage (457412K) : Executing rule metal2_nofill_Offgrid
2026-09-21 21:29:03 +0700: Memory Usage (457412K) : Executing rule metal2_slit_Offgrid
2026-09-21 21:29:03 +0700: Memory Usage (457412K) : Executing rule metal2_opc_Offgrid
2026-09-21 21:29:03 +0700: Memory Usage (457412K) : Executing rule metal2_noqrc_Offgrid
2026-09-21 21:29:03 +0700: Memory Usage (457412K) : Executing rule metal2_res_Offgrid
2026-09-21 21:29:03 +0700: Memory Usage (457412K) : Executing rule metal2_iprobe_Offgrid
2026-09-21 21:29:03 +0700: Memory Usage (457412K) : Executing rule metal2_diffprb_Offgrid
2026-09-21 21:29:03 +0700: Memory Usage (457412K) : Executing rule baspoly_drw_Offgrid
2026-09-21 21:29:03 +0700: Memory Usage (457412K) : Executing rule baspoly_pin_Offgrid
2026-09-21 21:29:03 +0700: Memory Usage (457412K) : Executing rule psd_drw_Offgrid
2026-09-21 21:29:03 +0700: Memory Usage (457412K) : Executing rule nldb_drw_Offgrid
2026-09-21 21:29:03 +0700: Memory Usage (457412K) : Executing rule via1_drw_Offgrid
2026-09-21 21:29:03 +0700: Memory Usage (457412K) : Executing rule backmetal1_drw_Offgrid
2026-09-21 21:29:03 +0700: Memory Usage (457412K) : Executing rule backmetal1_pin_Offgrid
2026-09-21 21:29:03 +0700: Memory Usage (457412K) : Executing rule backmetal1_mask_Offgrid
2026-09-21 21:29:03 +0700: Memory Usage (457412K) : Executing rule backmetal1_filler_Offgrid
2026-09-21 21:29:03 +0700: Memory Usage (457412K) : Executing rule backmetal1_nofill_Offgrid
2026-09-21 21:29:03 +0700: Memory Usage (457412K) : Executing rule backmetal1_slit_Offgrid
2026-09-21 21:29:03 +0700: Memory Usage (457412K) : Executing rule backmetal1_opc_Offgrid
2026-09-21 21:29:03 +0700: Memory Usage (457412K) : Executing rule backmetal1_noqrc_Offgrid
2026-09-21 21:29:03 +0700: Memory Usage (457412K) : Executing rule backmetal1_res_Offgrid
2026-09-21 21:29:03 +0700: Memory Usage (457412K) : Executing rule backmetal1_iprobe_Offgrid
2026-09-21 21:29:03 +0700: Memory Usage (457412K) : Executing rule backmetal1_diffprb_Offgrid
2026-09-21 21:29:03 +0700: Memory Usage (457412K) : Executing rule backpassiv_drw_Offgrid
2026-09-21 21:29:03 +0700: Memory Usage (457412K) : Executing rule salblock_drw_Offgrid
2026-09-21 21:29:03 +0700: Memory Usage (457412K) : Executing rule via2_drw_Offgrid
2026-09-21 21:29:03 +0700: Memory Usage (457412K) : Executing rule metal3_drw_Offgrid
2026-09-21 21:29:03 +0700: Memory Usage (457412K) : Executing rule metal3_pin_Offgrid
2026-09-21 21:29:04 +0700: Memory Usage (457412K) : Executing rule metal3_mask_Offgrid
2026-09-21 21:29:04 +0700: Memory Usage (457412K) : Executing rule metal3_filler_Offgrid
2026-09-21 21:29:04 +0700: Memory Usage (457412K) : Executing rule metal3_nofill_Offgrid
2026-09-21 21:29:04 +0700: Memory Usage (457412K) : Executing rule metal3_slit_Offgrid
2026-09-21 21:29:04 +0700: Memory Usage (457412K) : Executing rule metal3_opc_Offgrid
2026-09-21 21:29:04 +0700: Memory Usage (457412K) : Executing rule metal3_noqrc_Offgrid
2026-09-21 21:29:04 +0700: Memory Usage (457412K) : Executing rule metal3_res_Offgrid
2026-09-21 21:29:04 +0700: Memory Usage (457412K) : Executing rule metal3_iprobe_Offgrid
2026-09-21 21:29:04 +0700: Memory Usage (457412K) : Executing rule metal3_diffprb_Offgrid
2026-09-21 21:29:04 +0700: Memory Usage (457412K) : Executing rule nwell_drw_Offgrid
2026-09-21 21:29:04 +0700: Memory Usage (457412K) : Executing rule nwell_pin_Offgrid
2026-09-21 21:29:04 +0700: Memory Usage (457412K) : Executing rule nbulay_drw_Offgrid
2026-09-21 21:29:04 +0700: Memory Usage (457412K) : Executing rule nbulay_pin_Offgrid
2026-09-21 21:29:04 +0700: Memory Usage (457412K) : Executing rule nbulay_block_Offgrid
2026-09-21 21:29:04 +0700: Memory Usage (457412K) : Executing rule pwell_drw_Offgrid
2026-09-21 21:29:04 +0700: Memory Usage (457412K) : Executing rule pwell_pin_Offgrid
2026-09-21 21:29:04 +0700: Memory Usage (457412K) : Executing rule pwell_block_Offgrid
2026-09-21 21:29:04 +0700: Memory Usage (457412K) : Executing rule emwind_drw_Offgrid
2026-09-21 21:29:04 +0700: Memory Usage (457412K) : Executing rule emwind_opc_Offgrid
2026-09-21 21:29:04 +0700: Memory Usage (457412K) : Executing rule deepco_drw_Offgrid
2026-09-21 21:29:04 +0700: Memory Usage (457412K) : Executing rule mim_drw_Offgrid
2026-09-21 21:29:04 +0700: Memory Usage (457412K) : Executing rule substrate_drw_Offgrid
2026-09-21 21:29:04 +0700: Memory Usage (457412K) : Executing rule ic_drw_Offgrid
2026-09-21 21:29:04 +0700: Memory Usage (457412K) : Executing rule via3_drw_Offgrid
2026-09-21 21:29:04 +0700: Memory Usage (457412K) : Executing rule pldb_drw_Offgrid
2026-09-21 21:29:04 +0700: Memory Usage (457412K) : Executing rule metal4_drw_Offgrid
2026-09-21 21:29:04 +0700: Memory Usage (457412K) : Executing rule metal4_pin_Offgrid
2026-09-21 21:29:04 +0700: Memory Usage (457412K) : Executing rule metal4_mask_Offgrid
2026-09-21 21:29:04 +0700: Memory Usage (457412K) : Executing rule metal4_filler_Offgrid
2026-09-21 21:29:04 +0700: Memory Usage (457412K) : Executing rule metal4_nofill_Offgrid
2026-09-21 21:29:04 +0700: Memory Usage (457412K) : Executing rule metal4_slit_Offgrid
2026-09-21 21:29:04 +0700: Memory Usage (457412K) : Executing rule metal4_opc_Offgrid
2026-09-21 21:29:04 +0700: Memory Usage (457412K) : Executing rule metal4_noqrc_Offgrid
2026-09-21 21:29:04 +0700: Memory Usage (457412K) : Executing rule metal4_res_Offgrid
2026-09-21 21:29:04 +0700: Memory Usage (457412K) : Executing rule metal4_iprobe_Offgrid
2026-09-21 21:29:04 +0700: Memory Usage (457412K) : Executing rule metal4_diffprb_Offgrid
2026-09-21 21:29:04 +0700: Memory Usage (457412K) : Executing rule via4_drw_Offgrid
2026-09-21 21:29:04 +0700: Memory Usage (457412K) : Executing rule metal5_drw_Offgrid
2026-09-21 21:29:05 +0700: Memory Usage (457412K) : Executing rule metal5_pin_Offgrid
2026-09-21 21:29:05 +0700: Memory Usage (457412K) : Executing rule metal5_mask_Offgrid
2026-09-21 21:29:05 +0700: Memory Usage (457412K) : Executing rule metal5_filler_Offgrid
2026-09-21 21:29:05 +0700: Memory Usage (457412K) : Executing rule metal5_nofill_Offgrid
2026-09-21 21:29:05 +0700: Memory Usage (457412K) : Executing rule metal5_slit_Offgrid
2026-09-21 21:29:05 +0700: Memory Usage (457412K) : Executing rule metal5_opc_Offgrid
2026-09-21 21:29:05 +0700: Memory Usage (457412K) : Executing rule metal5_noqrc_Offgrid
2026-09-21 21:29:05 +0700: Memory Usage (457412K) : Executing rule metal5_res_Offgrid
2026-09-21 21:29:05 +0700: Memory Usage (457412K) : Executing rule metal5_iprobe_Offgrid
2026-09-21 21:29:05 +0700: Memory Usage (457412K) : Executing rule metal5_diffprb_Offgrid
2026-09-21 21:29:05 +0700: Memory Usage (457412K) : Executing rule prboundary_drw_Offgrid
2026-09-21 21:29:05 +0700: Memory Usage (457412K) : Executing rule exchange0_drw_Offgrid
2026-09-21 21:29:05 +0700: Memory Usage (457412K) : Executing rule exchange0_pin_Offgrid
2026-09-21 21:29:05 +0700: Memory Usage (457412K) : Executing rule exchange1_drw_Offgrid
2026-09-21 21:29:05 +0700: Memory Usage (457412K) : Executing rule exchange1_pin_Offgrid
2026-09-21 21:29:05 +0700: Memory Usage (457412K) : Executing rule exchange2_drw_Offgrid
2026-09-21 21:29:05 +0700: Memory Usage (457412K) : Executing rule exchange2_pin_Offgrid
2026-09-21 21:29:05 +0700: Memory Usage (457412K) : Executing rule exchange3_drw_Offgrid
2026-09-21 21:29:05 +0700: Memory Usage (457412K) : Executing rule exchange3_pin_Offgrid
2026-09-21 21:29:05 +0700: Memory Usage (457412K) : Executing rule exchange4_drw_Offgrid
2026-09-21 21:29:05 +0700: Memory Usage (457412K) : Executing rule exchange4_pin_Offgrid
2026-09-21 21:29:05 +0700: Memory Usage (457412K) : Executing rule isonwell_drw_Offgrid
2026-09-21 21:29:05 +0700: Memory Usage (457412K) : Executing rule thickgateox_drw_Offgrid
2026-09-21 21:29:05 +0700: Memory Usage (457412K) : Executing rule pempoly_drw_Offgrid
2026-09-21 21:29:05 +0700: Memory Usage (457412K) : Executing rule fbe_drw_Offgrid
2026-09-21 21:29:05 +0700: Memory Usage (457412K) : Executing rule empoly_drw_Offgrid
2026-09-21 21:29:05 +0700: Memory Usage (457412K) : Executing rule ldmos_drw_Offgrid
2026-09-21 21:29:05 +0700: Memory Usage (457412K) : Executing rule pbiwind_drw_Offgrid
2026-09-21 21:29:05 +0700: Memory Usage (457412K) : Executing rule colopen_drw_Offgrid
2026-09-21 21:29:05 +0700: Memory Usage (457412K) : Executing rule extblock_drw_Offgrid
2026-09-21 21:29:05 +0700: Memory Usage (457412K) : Executing rule nldd_drw_Offgrid
2026-09-21 21:29:05 +0700: Memory Usage (457412K) : Executing rule pldd_drw_Offgrid
2026-09-21 21:29:05 +0700: Memory Usage (457412K) : Executing rule next_drw_Offgrid
2026-09-21 21:29:05 +0700: Memory Usage (457412K) : Executing rule pext_drw_Offgrid
2026-09-21 21:29:05 +0700: Memory Usage (457412K) : Executing rule nexthv_drw_Offgrid
2026-09-21 21:29:05 +0700: Memory Usage (457412K) : Executing rule pexthv_drw_Offgrid
2026-09-21 21:29:05 +0700: Memory Usage (457412K) : Executing rule graphgate_drw_Offgrid
2026-09-21 21:29:05 +0700: Memory Usage (457412K) : Executing rule mempad_drw_Offgrid
2026-09-21 21:29:05 +0700: Memory Usage (457412K) : Executing rule topvia1_drw_Offgrid
2026-09-21 21:29:05 +0700: Memory Usage (457412K) : Executing rule topmetal1_drw_Offgrid
2026-09-21 21:29:05 +0700: Memory Usage (457412K) : Executing rule topmetal1_pin_Offgrid
2026-09-21 21:29:05 +0700: Memory Usage (457412K) : Executing rule topmetal1_mask_Offgrid
2026-09-21 21:29:05 +0700: Memory Usage (457412K) : Executing rule topmetal1_filler_Offgrid
2026-09-21 21:29:06 +0700: Memory Usage (457412K) : Executing rule topmetal1_nofill_Offgrid
2026-09-21 21:29:06 +0700: Memory Usage (457412K) : Executing rule topmetal1_slit_Offgrid
2026-09-21 21:29:06 +0700: Memory Usage (457412K) : Executing rule topmetal1_noqrc_Offgrid
2026-09-21 21:29:06 +0700: Memory Usage (457412K) : Executing rule topmetal1_res_Offgrid
2026-09-21 21:29:06 +0700: Memory Usage (457412K) : Executing rule topmetal1_iprobe_Offgrid
2026-09-21 21:29:06 +0700: Memory Usage (457412K) : Executing rule topmetal1_diffprb_Offgrid
2026-09-21 21:29:06 +0700: Memory Usage (457412K) : Executing rule inldpwl_drw_Offgrid
2026-09-21 21:29:06 +0700: Memory Usage (457412K) : Executing rule polyres_drw_Offgrid
2026-09-21 21:29:06 +0700: Memory Usage (457412K) : Executing rule polyres_pin_Offgrid
2026-09-21 21:29:06 +0700: Memory Usage (457412K) : Executing rule vmim_drw_Offgrid
2026-09-21 21:29:06 +0700: Memory Usage (457412K) : Executing rule nbulaycut_drw_Offgrid
2026-09-21 21:29:06 +0700: Memory Usage (457412K) : Executing rule antmetal1_drw_Offgrid
2026-09-21 21:29:06 +0700: Memory Usage (457412K) : Executing rule topvia2_drw_Offgrid
2026-09-21 21:29:06 +0700: Memory Usage (457412K) : Executing rule topmetal2_drw_Offgrid
2026-09-21 21:29:06 +0700: Memory Usage (457412K) : Executing rule topmetal2_pin_Offgrid
2026-09-21 21:29:06 +0700: Memory Usage (457412K) : Executing rule topmetal2_mask_Offgrid
2026-09-21 21:29:06 +0700: Memory Usage (457412K) : Executing rule topmetal2_filler_Offgrid
2026-09-21 21:29:06 +0700: Memory Usage (457412K) : Executing rule topmetal2_nofill_Offgrid
2026-09-21 21:29:06 +0700: Memory Usage (457412K) : Executing rule topmetal2_slit_Offgrid
2026-09-21 21:29:06 +0700: Memory Usage (457412K) : Executing rule topmetal2_noqrc_Offgrid
2026-09-21 21:29:06 +0700: Memory Usage (457412K) : Executing rule topmetal2_res_Offgrid
2026-09-21 21:29:06 +0700: Memory Usage (457412K) : Executing rule topmetal2_iprobe_Offgrid
2026-09-21 21:29:06 +0700: Memory Usage (457412K) : Executing rule topmetal2_diffprb_Offgrid
2026-09-21 21:29:06 +0700: Memory Usage (457412K) : Executing rule snsring_drw_Offgrid
2026-09-21 21:29:06 +0700: Memory Usage (457412K) : Executing rule sensor_drw_Offgrid
2026-09-21 21:29:06 +0700: Memory Usage (457412K) : Executing rule snsarms_drw_Offgrid
2026-09-21 21:29:06 +0700: Memory Usage (457412K) : Executing rule snscmosvia_drw_Offgrid
2026-09-21 21:29:06 +0700: Memory Usage (457412K) : Executing rule colwind_drw_Offgrid
2026-09-21 21:29:06 +0700: Memory Usage (457412K) : Executing rule flm_drw_Offgrid
2026-09-21 21:29:06 +0700: Memory Usage (457412K) : Executing rule hafniumox_drw_Offgrid
2026-09-21 21:29:06 +0700: Memory Usage (457412K) : Executing rule memvia_drw_Offgrid
2026-09-21 21:29:06 +0700: Memory Usage (457412K) : Executing rule thinfilmres_drw_Offgrid
2026-09-21 21:29:06 +0700: Memory Usage (457412K) : Executing rule rfmem_drw_Offgrid
2026-09-21 21:29:06 +0700: Memory Usage (457412K) : Executing rule snsbotvia_drw_Offgrid
2026-09-21 21:29:06 +0700: Memory Usage (457412K) : Executing rule snstopvia_drw_Offgrid
2026-09-21 21:29:06 +0700: Memory Usage (457412K) : Executing rule deepvia_drw_Offgrid
2026-09-21 21:29:06 +0700: Memory Usage (457412K) : Executing rule fgetch_drw_Offgrid
2026-09-21 21:29:06 +0700: Memory Usage (457412K) : Executing rule ctrgat_drw_Offgrid
2026-09-21 21:29:06 +0700: Memory Usage (457412K) : Executing rule fgimp_drw_Offgrid
2026-09-21 21:29:06 +0700: Memory Usage (457412K) : Executing rule emwihv_drw_Offgrid
2026-09-21 21:29:06 +0700: Memory Usage (457412K) : Executing rule lbe_drw_Offgrid
2026-09-21 21:29:06 +0700: Memory Usage (457412K) : Executing rule alcustop_drw_Offgrid
2026-09-21 21:29:06 +0700: Memory Usage (457412K) : Starting 3.2. angle table
2026-09-21 21:29:06 +0700: Memory Usage (457412K) : Executing rule activ_drw_Acute
2026-09-21 21:29:07 +0700: Memory Usage (457412K) : Executing rule activ_pin_Acute
2026-09-21 21:29:07 +0700: Memory Usage (457412K) : Executing rule activ_mask_Acute
2026-09-21 21:29:07 +0700: Memory Usage (457412K) : Executing rule activ_filler_Acute
2026-09-21 21:29:07 +0700: Memory Usage (457412K) : Executing rule activ_nofill_Acute
2026-09-21 21:29:07 +0700: Memory Usage (457412K) : Executing rule activ_opc_Acute
2026-09-21 21:29:07 +0700: Memory Usage (457412K) : Executing rule activ_iopc_Acute
2026-09-21 21:29:07 +0700: Memory Usage (457412K) : Executing rule activ_noqrc_Acute
2026-09-21 21:29:07 +0700: Memory Usage (457412K) : Executing rule biwind_drw_Acute
2026-09-21 21:29:07 +0700: Memory Usage (457412K) : Executing rule biwind_opc_Acute
2026-09-21 21:29:07 +0700: Memory Usage (457412K) : Executing rule pemwind_drw_Acute
2026-09-21 21:29:07 +0700: Memory Usage (457412K) : Executing rule gatpoly_drw_Acute
2026-09-21 21:29:07 +0700: Memory Usage (457412K) : Executing rule gatpoly_pin_Acute
2026-09-21 21:29:07 +0700: Memory Usage (457412K) : Executing rule gatpoly_filler_Acute
2026-09-21 21:29:07 +0700: Memory Usage (457412K) : Executing rule gatpoly_nofill_Acute
2026-09-21 21:29:07 +0700: Memory Usage (457412K) : Executing rule gatpoly_opc_Acute
2026-09-21 21:29:07 +0700: Memory Usage (457412K) : Executing rule gatpoly_iopc_Acute
2026-09-21 21:29:07 +0700: Memory Usage (457412K) : Executing rule gatpoly_noqrc_Acute
2026-09-21 21:29:07 +0700: Memory Usage (457412K) : Executing rule cont_drw_Acute
2026-09-21 21:29:07 +0700: Memory Usage (460908K) : Executing rule cont_opc_Acute
2026-09-21 21:29:07 +0700: Memory Usage (460908K) : Executing rule nsd_drw_Acute
2026-09-21 21:29:07 +0700: Memory Usage (460908K) : Executing rule nsd_block_Acute
2026-09-21 21:29:07 +0700: Memory Usage (460908K) : Executing rule metal1_drw_Acute
2026-09-21 21:29:08 +0700: Memory Usage (460996K) : Executing rule metal1_pin_Acute
2026-09-21 21:29:08 +0700: Memory Usage (460996K) : Executing rule metal1_mask_Acute
2026-09-21 21:29:08 +0700: Memory Usage (460996K) : Executing rule metal1_filler_Acute
2026-09-21 21:29:08 +0700: Memory Usage (460996K) : Executing rule metal1_nofill_Acute
2026-09-21 21:29:08 +0700: Memory Usage (460996K) : Executing rule metal1_slit_Acute
2026-09-21 21:29:08 +0700: Memory Usage (460996K) : Executing rule metal1_opc_Acute
2026-09-21 21:29:08 +0700: Memory Usage (460996K) : Executing rule metal1_noqrc_Acute
2026-09-21 21:29:08 +0700: Memory Usage (460996K) : Executing rule metal1_res_Acute
2026-09-21 21:29:08 +0700: Memory Usage (460996K) : Executing rule metal1_iprobe_Acute
2026-09-21 21:29:08 +0700: Memory Usage (460996K) : Executing rule metal1_diffprb_Acute
2026-09-21 21:29:08 +0700: Memory Usage (460996K) : Executing rule passiv_drw_Acute
2026-09-21 21:29:08 +0700: Memory Usage (460996K) : Executing rule passiv_pin_Acute
2026-09-21 21:29:08 +0700: Memory Usage (460996K) : Executing rule passiv_pillar_Acute
2026-09-21 21:29:08 +0700: Memory Usage (460996K) : Executing rule passiv_sbump_Acute
2026-09-21 21:29:08 +0700: Memory Usage (460996K) : Executing rule passiv_pdl_Acute
2026-09-21 21:29:08 +0700: Memory Usage (460996K) : Executing rule metal2_drw_Acute
2026-09-21 21:29:08 +0700: Memory Usage (460996K) : Executing rule metal2_pin_Acute
2026-09-21 21:29:08 +0700: Memory Usage (460996K) : Executing rule metal2_mask_Acute
2026-09-21 21:29:08 +0700: Memory Usage (460996K) : Executing rule metal2_filler_Acute
2026-09-21 21:29:08 +0700: Memory Usage (460996K) : Executing rule metal2_nofill_Acute
2026-09-21 21:29:08 +0700: Memory Usage (460996K) : Executing rule metal2_slit_Acute
2026-09-21 21:29:08 +0700: Memory Usage (460996K) : Executing rule metal2_opc_Acute
2026-09-21 21:29:08 +0700: Memory Usage (460996K) : Executing rule metal2_noqrc_Acute
2026-09-21 21:29:08 +0700: Memory Usage (460996K) : Executing rule metal2_res_Acute
2026-09-21 21:29:08 +0700: Memory Usage (460996K) : Executing rule metal2_iprobe_Acute
2026-09-21 21:29:08 +0700: Memory Usage (460996K) : Executing rule metal2_diffprb_Acute
2026-09-21 21:29:08 +0700: Memory Usage (460996K) : Executing rule baspoly_drw_Acute
2026-09-21 21:29:08 +0700: Memory Usage (460996K) : Executing rule baspoly_pin_Acute
2026-09-21 21:29:08 +0700: Memory Usage (460996K) : Executing rule psd_drw_Acute
2026-09-21 21:29:08 +0700: Memory Usage (460996K) : Executing rule nldb_drw_Acute
2026-09-21 21:29:08 +0700: Memory Usage (460996K) : Executing rule via1_drw_Acute
2026-09-21 21:29:09 +0700: Memory Usage (460996K) : Executing rule backmetal1_drw_Acute
2026-09-21 21:29:09 +0700: Memory Usage (460996K) : Executing rule backmetal1_pin_Acute
2026-09-21 21:29:09 +0700: Memory Usage (460996K) : Executing rule backmetal1_mask_Acute
2026-09-21 21:29:09 +0700: Memory Usage (460996K) : Executing rule backmetal1_filler_Acute
2026-09-21 21:29:09 +0700: Memory Usage (460996K) : Executing rule backmetal1_nofill_Acute
2026-09-21 21:29:09 +0700: Memory Usage (460996K) : Executing rule backmetal1_slit_Acute
2026-09-21 21:29:09 +0700: Memory Usage (460996K) : Executing rule backmetal1_opc_Acute
2026-09-21 21:29:09 +0700: Memory Usage (460996K) : Executing rule backmetal1_noqrc_Acute
2026-09-21 21:29:09 +0700: Memory Usage (460996K) : Executing rule backmetal1_res_Acute
2026-09-21 21:29:09 +0700: Memory Usage (460996K) : Executing rule backmetal1_iprobe_Acute
2026-09-21 21:29:09 +0700: Memory Usage (460996K) : Executing rule backmetal1_diffprb_Acute
2026-09-21 21:29:09 +0700: Memory Usage (460996K) : Executing rule backpassiv_drw_Acute
2026-09-21 21:29:09 +0700: Memory Usage (460996K) : Executing rule salblock_drw_Acute
2026-09-21 21:29:09 +0700: Memory Usage (460996K) : Executing rule via2_drw_Acute
2026-09-21 21:29:09 +0700: Memory Usage (460996K) : Executing rule metal3_drw_Acute
2026-09-21 21:29:09 +0700: Memory Usage (460996K) : Executing rule metal3_pin_Acute
2026-09-21 21:29:09 +0700: Memory Usage (460996K) : Executing rule metal3_mask_Acute
2026-09-21 21:29:09 +0700: Memory Usage (460996K) : Executing rule metal3_filler_Acute
2026-09-21 21:29:09 +0700: Memory Usage (460996K) : Executing rule metal3_nofill_Acute
2026-09-21 21:29:09 +0700: Memory Usage (460996K) : Executing rule metal3_slit_Acute
2026-09-21 21:29:09 +0700: Memory Usage (460996K) : Executing rule metal3_opc_Acute
2026-09-21 21:29:09 +0700: Memory Usage (460996K) : Executing rule metal3_noqrc_Acute
2026-09-21 21:29:09 +0700: Memory Usage (460996K) : Executing rule metal3_res_Acute
2026-09-21 21:29:09 +0700: Memory Usage (460996K) : Executing rule metal3_iprobe_Acute
2026-09-21 21:29:09 +0700: Memory Usage (460996K) : Executing rule metal3_diffprb_Acute
2026-09-21 21:29:09 +0700: Memory Usage (460996K) : Executing rule nwell_drw_Acute
2026-09-21 21:29:09 +0700: Memory Usage (460996K) : Executing rule nwell_pin_Acute
2026-09-21 21:29:09 +0700: Memory Usage (460996K) : Executing rule nbulay_drw_Acute
2026-09-21 21:29:09 +0700: Memory Usage (460996K) : Executing rule nbulay_pin_Acute
2026-09-21 21:29:09 +0700: Memory Usage (460996K) : Executing rule nbulay_block_Acute
2026-09-21 21:29:09 +0700: Memory Usage (460996K) : Executing rule pwell_drw_Acute
2026-09-21 21:29:09 +0700: Memory Usage (460996K) : Executing rule pwell_pin_Acute
2026-09-21 21:29:09 +0700: Memory Usage (460996K) : Executing rule pwell_block_Acute
2026-09-21 21:29:09 +0700: Memory Usage (460996K) : Executing rule emwind_drw_Acute
2026-09-21 21:29:10 +0700: Memory Usage (460996K) : Executing rule emwind_opc_Acute
2026-09-21 21:29:10 +0700: Memory Usage (460996K) : Executing rule deepco_drw_Acute
2026-09-21 21:29:10 +0700: Memory Usage (460996K) : Executing rule mim_drw_Acute
2026-09-21 21:29:10 +0700: Memory Usage (460996K) : Executing rule substrate_drw_Acute
2026-09-21 21:29:10 +0700: Memory Usage (460996K) : Executing rule ic_drw_Acute
2026-09-21 21:29:10 +0700: Memory Usage (460996K) : Executing rule via3_drw_Acute
2026-09-21 21:29:10 +0700: Memory Usage (460996K) : Executing rule pldb_drw_Acute
2026-09-21 21:29:10 +0700: Memory Usage (460996K) : Executing rule metal4_drw_Acute
2026-09-21 21:29:10 +0700: Memory Usage (460996K) : Executing rule metal4_pin_Acute
2026-09-21 21:29:10 +0700: Memory Usage (460996K) : Executing rule metal4_mask_Acute
2026-09-21 21:29:10 +0700: Memory Usage (460996K) : Executing rule metal4_filler_Acute
2026-09-21 21:29:10 +0700: Memory Usage (460996K) : Executing rule metal4_nofill_Acute
2026-09-21 21:29:10 +0700: Memory Usage (460996K) : Executing rule metal4_slit_Acute
2026-09-21 21:29:10 +0700: Memory Usage (460996K) : Executing rule metal4_opc_Acute
2026-09-21 21:29:10 +0700: Memory Usage (460996K) : Executing rule metal4_noqrc_Acute
2026-09-21 21:29:10 +0700: Memory Usage (460996K) : Executing rule metal4_res_Acute
2026-09-21 21:29:10 +0700: Memory Usage (460996K) : Executing rule metal4_iprobe_Acute
2026-09-21 21:29:10 +0700: Memory Usage (460996K) : Executing rule metal4_diffprb_Acute
2026-09-21 21:29:10 +0700: Memory Usage (460996K) : Executing rule via4_drw_Acute
2026-09-21 21:29:10 +0700: Memory Usage (460996K) : Executing rule metal5_drw_Acute
2026-09-21 21:29:10 +0700: Memory Usage (460996K) : Executing rule metal5_pin_Acute
2026-09-21 21:29:10 +0700: Memory Usage (460996K) : Executing rule metal5_mask_Acute
2026-09-21 21:29:10 +0700: Memory Usage (460996K) : Executing rule metal5_filler_Acute
2026-09-21 21:29:10 +0700: Memory Usage (460996K) : Executing rule metal5_nofill_Acute
2026-09-21 21:29:10 +0700: Memory Usage (460996K) : Executing rule metal5_slit_Acute
2026-09-21 21:29:10 +0700: Memory Usage (460996K) : Executing rule metal5_opc_Acute
2026-09-21 21:29:10 +0700: Memory Usage (460996K) : Executing rule metal5_noqrc_Acute
2026-09-21 21:29:10 +0700: Memory Usage (460996K) : Executing rule metal5_res_Acute
2026-09-21 21:29:10 +0700: Memory Usage (460996K) : Executing rule metal5_iprobe_Acute
2026-09-21 21:29:10 +0700: Memory Usage (460996K) : Executing rule metal5_diffprb_Acute
2026-09-21 21:29:10 +0700: Memory Usage (460996K) : Executing rule prboundary_drw_Acute
2026-09-21 21:29:10 +0700: Memory Usage (460996K) : Executing rule exchange0_drw_Acute
2026-09-21 21:29:10 +0700: Memory Usage (460996K) : Executing rule exchange0_pin_Acute
2026-09-21 21:29:10 +0700: Memory Usage (460996K) : Executing rule exchange1_drw_Acute
2026-09-21 21:29:10 +0700: Memory Usage (460996K) : Executing rule exchange1_pin_Acute
2026-09-21 21:29:10 +0700: Memory Usage (460996K) : Executing rule exchange2_drw_Acute
2026-09-21 21:29:10 +0700: Memory Usage (460996K) : Executing rule exchange2_pin_Acute
2026-09-21 21:29:10 +0700: Memory Usage (460996K) : Executing rule exchange3_drw_Acute
2026-09-21 21:29:10 +0700: Memory Usage (460996K) : Executing rule exchange3_pin_Acute
2026-09-21 21:29:11 +0700: Memory Usage (460996K) : Executing rule exchange4_drw_Acute
2026-09-21 21:29:11 +0700: Memory Usage (460996K) : Executing rule exchange4_pin_Acute
2026-09-21 21:29:11 +0700: Memory Usage (460996K) : Executing rule isonwell_drw_Acute
2026-09-21 21:29:11 +0700: Memory Usage (460996K) : Executing rule thickgateox_drw_Acute
2026-09-21 21:29:11 +0700: Memory Usage (460996K) : Executing rule pempoly_drw_Acute
2026-09-21 21:29:11 +0700: Memory Usage (460996K) : Executing rule fbe_drw_Acute
2026-09-21 21:29:11 +0700: Memory Usage (460996K) : Executing rule empoly_drw_Acute
2026-09-21 21:29:11 +0700: Memory Usage (460996K) : Executing rule ldmos_drw_Acute
2026-09-21 21:29:11 +0700: Memory Usage (460996K) : Executing rule pbiwind_drw_Acute
2026-09-21 21:29:11 +0700: Memory Usage (460996K) : Executing rule colopen_drw_Acute
2026-09-21 21:29:11 +0700: Memory Usage (460996K) : Executing rule extblock_drw_Acute
2026-09-21 21:29:11 +0700: Memory Usage (460996K) : Executing rule nldd_drw_Acute
2026-09-21 21:29:11 +0700: Memory Usage (460996K) : Executing rule pldd_drw_Acute
2026-09-21 21:29:11 +0700: Memory Usage (460996K) : Executing rule next_drw_Acute
2026-09-21 21:29:11 +0700: Memory Usage (460996K) : Executing rule pext_drw_Acute
2026-09-21 21:29:11 +0700: Memory Usage (460996K) : Executing rule nexthv_drw_Acute
2026-09-21 21:29:11 +0700: Memory Usage (460996K) : Executing rule pexthv_drw_Acute
2026-09-21 21:29:11 +0700: Memory Usage (460996K) : Executing rule graphgate_drw_Acute
2026-09-21 21:29:11 +0700: Memory Usage (460996K) : Executing rule mempad_drw_Acute
2026-09-21 21:29:11 +0700: Memory Usage (460996K) : Executing rule topvia1_drw_Acute
2026-09-21 21:29:11 +0700: Memory Usage (460996K) : Executing rule topmetal1_drw_Acute
2026-09-21 21:29:11 +0700: Memory Usage (460996K) : Executing rule topmetal1_pin_Acute
2026-09-21 21:29:11 +0700: Memory Usage (460996K) : Executing rule topmetal1_mask_Acute
2026-09-21 21:29:11 +0700: Memory Usage (460996K) : Executing rule topmetal1_filler_Acute
2026-09-21 21:29:11 +0700: Memory Usage (460996K) : Executing rule topmetal1_nofill_Acute
2026-09-21 21:29:11 +0700: Memory Usage (460996K) : Executing rule topmetal1_slit_Acute
2026-09-21 21:29:11 +0700: Memory Usage (460996K) : Executing rule topmetal1_noqrc_Acute
2026-09-21 21:29:11 +0700: Memory Usage (460996K) : Executing rule topmetal1_res_Acute
2026-09-21 21:29:11 +0700: Memory Usage (460996K) : Executing rule topmetal1_iprobe_Acute
2026-09-21 21:29:11 +0700: Memory Usage (460996K) : Executing rule topmetal1_diffprb_Acute
2026-09-21 21:29:11 +0700: Memory Usage (460996K) : Executing rule inldpwl_drw_Acute
2026-09-21 21:29:11 +0700: Memory Usage (460996K) : Executing rule polyres_drw_Acute
2026-09-21 21:29:11 +0700: Memory Usage (460996K) : Executing rule polyres_pin_Acute
2026-09-21 21:29:11 +0700: Memory Usage (460996K) : Executing rule vmim_drw_Acute
2026-09-21 21:29:11 +0700: Memory Usage (460996K) : Executing rule nbulaycut_drw_Acute
2026-09-21 21:29:11 +0700: Memory Usage (460996K) : Executing rule antmetal1_drw_Acute
2026-09-21 21:29:11 +0700: Memory Usage (460996K) : Executing rule topvia2_drw_Acute
2026-09-21 21:29:11 +0700: Memory Usage (460996K) : Executing rule topmetal2_drw_Acute
2026-09-21 21:29:11 +0700: Memory Usage (460996K) : Executing rule topmetal2_pin_Acute
2026-09-21 21:29:11 +0700: Memory Usage (460996K) : Executing rule topmetal2_mask_Acute
2026-09-21 21:29:12 +0700: Memory Usage (460996K) : Executing rule topmetal2_filler_Acute
2026-09-21 21:29:12 +0700: Memory Usage (460996K) : Executing rule topmetal2_nofill_Acute
2026-09-21 21:29:12 +0700: Memory Usage (460996K) : Executing rule topmetal2_slit_Acute
2026-09-21 21:29:12 +0700: Memory Usage (460996K) : Executing rule topmetal2_noqrc_Acute
2026-09-21 21:29:12 +0700: Memory Usage (460996K) : Executing rule topmetal2_res_Acute
2026-09-21 21:29:12 +0700: Memory Usage (460996K) : Executing rule topmetal2_iprobe_Acute
2026-09-21 21:29:12 +0700: Memory Usage (460996K) : Executing rule topmetal2_diffprb_Acute
2026-09-21 21:29:12 +0700: Memory Usage (460996K) : Executing rule snsring_drw_Acute
2026-09-21 21:29:12 +0700: Memory Usage (460996K) : Executing rule sensor_drw_Acute
2026-09-21 21:29:12 +0700: Memory Usage (460996K) : Executing rule snsarms_drw_Acute
2026-09-21 21:29:12 +0700: Memory Usage (460996K) : Executing rule snscmosvia_drw_Acute
2026-09-21 21:29:12 +0700: Memory Usage (460996K) : Executing rule colwind_drw_Acute
2026-09-21 21:29:12 +0700: Memory Usage (460996K) : Executing rule flm_drw_Acute
2026-09-21 21:29:12 +0700: Memory Usage (460996K) : Executing rule hafniumox_drw_Acute
2026-09-21 21:29:12 +0700: Memory Usage (460996K) : Executing rule memvia_drw_Acute
2026-09-21 21:29:12 +0700: Memory Usage (460996K) : Executing rule thinfilmres_drw_Acute
2026-09-21 21:29:12 +0700: Memory Usage (460996K) : Executing rule rfmem_drw_Acute
2026-09-21 21:29:12 +0700: Memory Usage (460996K) : Executing rule snsbotvia_drw_Acute
2026-09-21 21:29:12 +0700: Memory Usage (460996K) : Executing rule snstopvia_drw_Acute
2026-09-21 21:29:12 +0700: Memory Usage (460996K) : Executing rule deepvia_drw_Acute
2026-09-21 21:29:12 +0700: Memory Usage (460996K) : Executing rule fgetch_drw_Acute
2026-09-21 21:29:12 +0700: Memory Usage (460996K) : Executing rule ctrgat_drw_Acute
2026-09-21 21:29:12 +0700: Memory Usage (460996K) : Executing rule fgimp_drw_Acute
2026-09-21 21:29:12 +0700: Memory Usage (460996K) : Executing rule emwihv_drw_Acute
2026-09-21 21:29:12 +0700: Memory Usage (460996K) : Executing rule lbe_drw_Acute
2026-09-21 21:29:12 +0700: Memory Usage (460996K) : Executing rule alcustop_drw_Acute
2026-09-21 21:29:12 +0700: Memory Usage (460996K) : Executing rule cont_drw_Angle90
2026-09-21 21:29:12 +0700: Memory Usage (461216K) : Executing rule via1_drw_Angle90
2026-09-21 21:29:12 +0700: Memory Usage (461952K) : Executing rule via2_drw_Angle90
2026-09-21 21:29:13 +0700: Memory Usage (461872K) : Executing rule via3_drw_Angle90
2026-09-21 21:29:13 +0700: Memory Usage (461968K) : Executing rule via4_drw_Angle90
2026-09-21 21:29:13 +0700: Memory Usage (461968K) : Executing rule vmim_drw_Angle90
2026-09-21 21:29:13 +0700: Memory Usage (461968K) : Executing rule topvia1_drw_Angle90
2026-09-21 21:29:13 +0700: Memory Usage (461968K) : Executing rule topvia2_drw_Angle90
2026-09-21 21:29:13 +0700: Memory Usage (461968K) : Executing rule gatpoly_drw_Angle45
2026-09-21 21:29:13 +0700: Memory Usage (461936K) : Executing rule activ_drw_Angle45
2026-09-21 21:29:13 +0700: Memory Usage (462080K) : Executing rule metal1_drw_Angle45
2026-09-21 21:29:14 +0700: Memory Usage (464144K) : Executing rule metal2_drw_Angle45
2026-09-21 21:29:14 +0700: Memory Usage (465768K) : Executing rule metal3_drw_Angle45
2026-09-21 21:29:14 +0700: Memory Usage (466220K) : Executing rule metal4_drw_Angle45
2026-09-21 21:29:14 +0700: Memory Usage (466240K) : Executing rule metal5_drw_Angle45
2026-09-21 21:29:14 +0700: Memory Usage (466412K) : Executing rule topmetal1_drw_Angle45
2026-09-21 21:29:14 +0700: Memory Usage (466412K) : Executing rule topmetal2_drw_Angle45
2026-09-21 21:29:14 +0700: Memory Usage (466412K) : Starting 3.2. FORBIDDEN table
2026-09-21 21:29:14 +0700: Memory Usage (466412K) : Executing rule forbidden.biwind
2026-09-21 21:29:14 +0700: Memory Usage (466412K) : Executing rule forbidden.pemwind
2026-09-21 21:29:14 +0700: Memory Usage (466412K) : Executing rule forbidden.baspoly
2026-09-21 21:29:14 +0700: Memory Usage (466412K) : Executing rule forbidden.deepco
2026-09-21 21:29:14 +0700: Memory Usage (466412K) : Executing rule forbidden.pempoly
2026-09-21 21:29:14 +0700: Memory Usage (466412K) : Executing rule forbidden.empoly
2026-09-21 21:29:14 +0700: Memory Usage (466412K) : Executing rule forbidden.ldmos
2026-09-21 21:29:14 +0700: Memory Usage (466412K) : Executing rule forbidden.pbiwind
2026-09-21 21:29:14 +0700: Memory Usage (466412K) : Executing rule forbidden.nodrc
2026-09-21 21:29:14 +0700: Memory Usage (466412K) : Executing rule forbidden.flash
2026-09-21 21:29:14 +0700: Memory Usage (466412K) : Executing rule forbidden.colwind
2026-09-21 21:29:14 +0700: Memory Usage (466412K) : KLayout DRC run for tables 'main' completed in 22.81 seconds
