# Logfile created on 2026-09-13 06:32:35 +0200 by logger.rb/v1.4.3
2026-09-13 06:32:35 +0200: Memory Usage (434484K) : Starting running IHP-SG13G2 KLayout DRC runset on /home/designer/shared/FloatingGateDCDC/layout/klayout/Full_Layout.gds
2026-09-13 06:32:35 +0200: Memory Usage (434484K) : Ruby Version for klayout: 3.0.2
2026-09-13 06:32:35 +0200: Memory Usage (436544K) : Loading database to memory is complete.
2026-09-13 06:32:35 +0200: Memory Usage (436544K) : IHP-SG13G2 KLayout DRC runset output at: /home/designer/shared/FloatingGateDCDC/verification/drc/Full_Layout_Full_Layout_main.lyrdb
2026-09-13 06:32:35 +0200: Memory Usage (436544K) : Evaluate switches.
2026-09-13 06:32:35 +0200: Memory Usage (436544K) : tables selected: main
2026-09-13 06:32:35 +0200: Memory Usage (436544K) : KLayout will use 1 thread(s) in tiling mode.
2026-09-13 06:32:35 +0200: Memory Usage (436544K) : deep mode is enabled.
2026-09-13 06:32:35 +0200: Memory Usage (436544K) : FEOL enabled: true
2026-09-13 06:32:35 +0200: Memory Usage (436544K) : BEOL enabled: true
2026-09-13 06:32:35 +0200: Memory Usage (436544K) : OFFGRID enabled: true
2026-09-13 06:32:35 +0200: Memory Usage (436544K) : ANGLE enabled: true
2026-09-13 06:32:35 +0200: Memory Usage (436544K) : PIN enabled: true
2026-09-13 06:32:35 +0200: Memory Usage (436544K) : FORBIDDEN enabled: true
2026-09-13 06:32:35 +0200: Memory Usage (436544K) : RECOMMENDED enabled: true
2026-09-13 06:32:35 +0200: Memory Usage (436544K) : PreCheck DRC enabled: false
2026-09-13 06:32:35 +0200: Memory Usage (436544K) : CONNECTIVITY_RULES enabled: true.
2026-09-13 06:32:35 +0200: Memory Usage (436544K) : Read in polygons from layers.
2026-09-13 06:32:35 +0200: Memory Usage (437908K) : activ_drw has 27929 polygons
2026-09-13 06:32:35 +0200: Memory Usage (438164K) : activ_pin has 3 polygons
2026-09-13 06:32:35 +0200: Memory Usage (438164K) : activ_mask has 0 polygons
2026-09-13 06:32:35 +0200: Memory Usage (438164K) : activ_filler has 0 polygons
2026-09-13 06:32:35 +0200: Memory Usage (438164K) : activ_nofill has 0 polygons
2026-09-13 06:32:35 +0200: Memory Usage (438292K) : activ_opc has 0 polygons
2026-09-13 06:32:35 +0200: Memory Usage (438292K) : activ_iopc has 0 polygons
2026-09-13 06:32:35 +0200: Memory Usage (438292K) : activ_noqrc has 0 polygons
2026-09-13 06:32:35 +0200: Memory Usage (438420K) : biwind_drw has 0 polygons
2026-09-13 06:32:35 +0200: Memory Usage (438420K) : biwind_opc has 0 polygons
2026-09-13 06:32:35 +0200: Memory Usage (438420K) : pemwind_drw has 0 polygons
2026-09-13 06:32:35 +0200: Memory Usage (438548K) : gatpoly_drw has 18468 polygons
2026-09-13 06:32:35 +0200: Memory Usage (438548K) : gatpoly_pin has 22 polygons
2026-09-13 06:32:35 +0200: Memory Usage (438548K) : gatpoly_filler has 0 polygons
2026-09-13 06:32:35 +0200: Memory Usage (438676K) : gatpoly_nofill has 0 polygons
2026-09-13 06:32:35 +0200: Memory Usage (438676K) : gatpoly_opc has 0 polygons
2026-09-13 06:32:35 +0200: Memory Usage (438676K) : gatpoly_iopc has 0 polygons
2026-09-13 06:32:35 +0200: Memory Usage (438804K) : gatpoly_noqrc has 0 polygons
2026-09-13 06:32:35 +0200: Memory Usage (439188K) : cont_drw has 300568 polygons
2026-09-13 06:32:35 +0200: Memory Usage (439444K) : cont_opc has 0 polygons
2026-09-13 06:32:35 +0200: Memory Usage (439444K) : nsd_drw has 5 polygons
2026-09-13 06:32:35 +0200: Memory Usage (439444K) : nsd_block has 0 polygons
2026-09-13 06:32:35 +0200: Memory Usage (439828K) : metal1_drw has 39513 polygons
2026-09-13 06:32:35 +0200: Memory Usage (439956K) : metal1_pin has 80 polygons
2026-09-13 06:32:35 +0200: Memory Usage (439956K) : metal1_mask has 0 polygons
2026-09-13 06:32:35 +0200: Memory Usage (439956K) : metal1_filler has 0 polygons
2026-09-13 06:32:35 +0200: Memory Usage (439956K) : metal1_nofill has 0 polygons
2026-09-13 06:32:35 +0200: Memory Usage (440084K) : metal1_slit has 0 polygons
2026-09-13 06:32:35 +0200: Memory Usage (440212K) : metal1_text has 53 polygons
2026-09-13 06:32:35 +0200: Memory Usage (440340K) : metal1_opc has 0 polygons
2026-09-13 06:32:35 +0200: Memory Usage (440340K) : metal1_noqrc has 0 polygons
2026-09-13 06:32:35 +0200: Memory Usage (440340K) : metal1_res has 0 polygons
2026-09-13 06:32:35 +0200: Memory Usage (440468K) : metal1_iprobe has 0 polygons
2026-09-13 06:32:35 +0200: Memory Usage (440468K) : metal1_diffprb has 0 polygons
2026-09-13 06:32:35 +0200: Memory Usage (440596K) : passiv_drw has 0 polygons
2026-09-13 06:32:35 +0200: Memory Usage (440596K) : passiv_pin has 0 polygons
2026-09-13 06:32:35 +0200: Memory Usage (440596K) : passiv_sbump has 0 polygons
2026-09-13 06:32:35 +0200: Memory Usage (440724K) : passiv_pillar has 0 polygons
2026-09-13 06:32:35 +0200: Memory Usage (440724K) : passiv_pdl has 0 polygons
2026-09-13 06:32:35 +0200: Memory Usage (440852K) : metal2_drw has 39470 polygons
2026-09-13 06:32:35 +0200: Memory Usage (440852K) : metal2_pin has 1 polygons
2026-09-13 06:32:35 +0200: Memory Usage (440980K) : metal2_mask has 0 polygons
2026-09-13 06:32:35 +0200: Memory Usage (440980K) : metal2_filler has 0 polygons
2026-09-13 06:32:35 +0200: Memory Usage (440980K) : metal2_nofill has 0 polygons
2026-09-13 06:32:35 +0200: Memory Usage (441108K) : metal2_slit has 0 polygons
2026-09-13 06:32:35 +0200: Memory Usage (441108K) : metal2_text has 6 polygons
2026-09-13 06:32:35 +0200: Memory Usage (441108K) : metal2_opc has 0 polygons
2026-09-13 06:32:35 +0200: Memory Usage (441236K) : metal2_noqrc has 0 polygons
2026-09-13 06:32:35 +0200: Memory Usage (441236K) : metal2_res has 0 polygons
2026-09-13 06:32:35 +0200: Memory Usage (441364K) : metal2_iprobe has 0 polygons
2026-09-13 06:32:35 +0200: Memory Usage (441364K) : metal2_diffprb has 0 polygons
2026-09-13 06:32:35 +0200: Memory Usage (441492K) : baspoly_drw has 0 polygons
2026-09-13 06:32:35 +0200: Memory Usage (441492K) : baspoly_pin has 0 polygons
2026-09-13 06:32:35 +0200: Memory Usage (441492K) : psd_drw has 179 polygons
2026-09-13 06:32:35 +0200: Memory Usage (441620K) : nldb_drw has 0 polygons
2026-09-13 06:32:35 +0200: Memory Usage (441620K) : digibnd_drw has 0 polygons
2026-09-13 06:32:35 +0200: Memory Usage (441876K) : via1_drw has 231469 polygons
2026-09-13 06:32:35 +0200: Memory Usage (442004K) : backmetal1_drw has 0 polygons
2026-09-13 06:32:35 +0200: Memory Usage (442132K) : backmetal1_pin has 0 polygons
2026-09-13 06:32:35 +0200: Memory Usage (442132K) : backmetal1_mask has 0 polygons
2026-09-13 06:32:35 +0200: Memory Usage (442260K) : backmetal1_filler has 0 polygons
2026-09-13 06:32:35 +0200: Memory Usage (442260K) : backmetal1_nofill has 0 polygons
2026-09-13 06:32:35 +0200: Memory Usage (442388K) : backmetal1_slit has 0 polygons
2026-09-13 06:32:35 +0200: Memory Usage (442388K) : backmetal1_text has 0 polygons
2026-09-13 06:32:35 +0200: Memory Usage (442388K) : backmetal1_opc has 0 polygons
2026-09-13 06:32:35 +0200: Memory Usage (442388K) : backmetal1_noqrc has 0 polygons
2026-09-13 06:32:35 +0200: Memory Usage (442388K) : backmetal1_res has 0 polygons
2026-09-13 06:32:35 +0200: Memory Usage (442516K) : backmetal1_iprobe has 0 polygons
2026-09-13 06:32:35 +0200: Memory Usage (442516K) : backmetal1_diffprb has 0 polygons
2026-09-13 06:32:35 +0200: Memory Usage (442516K) : backpassiv_drw has 0 polygons
2026-09-13 06:32:35 +0200: Memory Usage (442644K) : res_drw has 0 polygons
2026-09-13 06:32:35 +0200: Memory Usage (442644K) : sram_drw has 0 polygons
2026-09-13 06:32:35 +0200: Memory Usage (442644K) : trans_drw has 0 polygons
2026-09-13 06:32:35 +0200: Memory Usage (442772K) : ind_drw has 0 polygons
2026-09-13 06:32:35 +0200: Memory Usage (442772K) : ind_pin has 0 polygons
2026-09-13 06:32:35 +0200: Memory Usage (442900K) : ind_text has 0 polygons
2026-09-13 06:32:35 +0200: Memory Usage (442900K) : salblock_drw has 0 polygons
2026-09-13 06:32:35 +0200: Memory Usage (443028K) : via2_drw has 182769 polygons
2026-09-13 06:32:35 +0200: Memory Usage (443028K) : metal3_drw has 24961 polygons
2026-09-13 06:32:35 +0200: Memory Usage (443156K) : metal3_pin has 10 polygons
2026-09-13 06:32:35 +0200: Memory Usage (443156K) : metal3_mask has 0 polygons
2026-09-13 06:32:35 +0200: Memory Usage (443284K) : metal3_filler has 0 polygons
2026-09-13 06:32:35 +0200: Memory Usage (443284K) : metal3_nofill has 0 polygons
2026-09-13 06:32:35 +0200: Memory Usage (443412K) : metal3_slit has 0 polygons
2026-09-13 06:32:35 +0200: Memory Usage (443412K) : metal3_text has 14 polygons
2026-09-13 06:32:35 +0200: Memory Usage (443412K) : metal3_opc has 0 polygons
2026-09-13 06:32:35 +0200: Memory Usage (443540K) : metal3_noqrc has 0 polygons
2026-09-13 06:32:35 +0200: Memory Usage (443540K) : metal3_res has 0 polygons
2026-09-13 06:32:35 +0200: Memory Usage (443668K) : metal3_iprobe has 0 polygons
2026-09-13 06:32:35 +0200: Memory Usage (443668K) : metal3_diffprb has 0 polygons
2026-09-13 06:32:35 +0200: Memory Usage (443796K) : nwell_drw has 87 polygons
2026-09-13 06:32:35 +0200: Memory Usage (443796K) : nwell_pin has 0 polygons
2026-09-13 06:32:35 +0200: Memory Usage (443796K) : nbulay_drw has 6 polygons
2026-09-13 06:32:35 +0200: Memory Usage (443924K) : nbulay_pin has 0 polygons
2026-09-13 06:32:35 +0200: Memory Usage (443924K) : nbulay_block has 0 polygons
2026-09-13 06:32:35 +0200: Memory Usage (444052K) : emwind_drw has 0 polygons
2026-09-13 06:32:35 +0200: Memory Usage (444052K) : emwind_opc has 0 polygons
2026-09-13 06:32:35 +0200: Memory Usage (444180K) : deepco_drw has 0 polygons
2026-09-13 06:32:35 +0200: Memory Usage (444180K) : deepco_drw has 0 polygons
2026-09-13 06:32:35 +0200: Memory Usage (444180K) : mim_drw has 59 polygons
2026-09-13 06:32:35 +0200: Memory Usage (444308K) : edgeseal_drw has 0 polygons
2026-09-13 06:32:35 +0200: Memory Usage (444308K) : edgeseal_bound has 0 polygons
2026-09-13 06:32:35 +0200: Memory Usage (444436K) : substrate_drw has 16 polygons
2026-09-13 06:32:35 +0200: Memory Usage (444436K) : substrate_text has 0 polygons
2026-09-13 06:32:35 +0200: Memory Usage (444564K) : dfpad_drw has 0 polygons
2026-09-13 06:32:35 +0200: Memory Usage (444564K) : dfpad_pillar has 0 polygons
2026-09-13 06:32:35 +0200: Memory Usage (444692K) : dfpad_sbump has 0 polygons
2026-09-13 06:32:35 +0200: Memory Usage (444692K) : thickgateox_drw has 324 polygons
2026-09-13 06:32:35 +0200: Memory Usage (444820K) : pldb_drw has 0 polygons
2026-09-13 06:32:35 +0200: Memory Usage (444820K) : pwell_drw has 0 polygons
2026-09-13 06:32:35 +0200: Memory Usage (444948K) : pwell_pin has 0 polygons
2026-09-13 06:32:35 +0200: Memory Usage (444948K) : pwell_block has 0 polygons
2026-09-13 06:32:35 +0200: Memory Usage (444948K) : ic_drw has 0 polygons
2026-09-13 06:32:35 +0200: Memory Usage (444948K) : via3_drw has 138754 polygons
2026-09-13 06:32:35 +0200: Memory Usage (444948K) : metal4_drw has 13164 polygons
2026-09-13 06:32:35 +0200: Memory Usage (445076K) : metal4_pin has 1 polygons
2026-09-13 06:32:35 +0200: Memory Usage (445076K) : metal4_mask has 0 polygons
2026-09-13 06:32:35 +0200: Memory Usage (445076K) : metal4_filler has 0 polygons
2026-09-13 06:32:35 +0200: Memory Usage (445204K) : metal4_nofill has 0 polygons
2026-09-13 06:32:35 +0200: Memory Usage (445204K) : metal4_slit has 0 polygons
2026-09-13 06:32:35 +0200: Memory Usage (445332K) : metal4_text has 1 polygons
2026-09-13 06:32:35 +0200: Memory Usage (445332K) : metal4_opc has 0 polygons
2026-09-13 06:32:35 +0200: Memory Usage (445332K) : metal4_noqrc has 0 polygons
2026-09-13 06:32:35 +0200: Memory Usage (445460K) : metal4_res has 0 polygons
2026-09-13 06:32:35 +0200: Memory Usage (445460K) : metal4_iprobe has 0 polygons
2026-09-13 06:32:35 +0200: Memory Usage (445588K) : metal4_diffprb has 0 polygons
2026-09-13 06:32:35 +0200: Memory Usage (445588K) : heattrans_drw has 9082 polygons
2026-09-13 06:32:35 +0200: Memory Usage (445716K) : heatres_drw has 0 polygons
2026-09-13 06:32:35 +0200: Memory Usage (445716K) : pempoly_drw has 0 polygons
2026-09-13 06:32:35 +0200: Memory Usage (445844K) : fbe_drw has 0 polygons
2026-09-13 06:32:35 +0200: Memory Usage (445844K) : empoly_drw has 0 polygons
2026-09-13 06:32:35 +0200: Memory Usage (445844K) : ldmos_drw has 0 polygons
2026-09-13 06:32:35 +0200: Memory Usage (445972K) : pbiwind_drw has 0 polygons
2026-09-13 06:32:35 +0200: Memory Usage (445972K) : digisub_drw has 0 polygons
2026-09-13 06:32:35 +0200: Memory Usage (446100K) : nodrc_drw has 0 polygons
2026-09-13 06:32:35 +0200: Memory Usage (446100K) : text_drw has 30 polygons
2026-09-13 06:32:35 +0200: Memory Usage (446228K) : via4_drw has 123146 polygons
2026-09-13 06:32:35 +0200: Memory Usage (446228K) : metal5_drw has 509 polygons
2026-09-13 06:32:35 +0200: Memory Usage (446228K) : metal5_pin has 3 polygons
2026-09-13 06:32:35 +0200: Memory Usage (446356K) : metal5_mask has 0 polygons
2026-09-13 06:32:35 +0200: Memory Usage (446356K) : metal5_filler has 0 polygons
2026-09-13 06:32:35 +0200: Memory Usage (446356K) : metal5_nofill has 0 polygons
2026-09-13 06:32:35 +0200: Memory Usage (446484K) : metal5_slit has 0 polygons
2026-09-13 06:32:35 +0200: Memory Usage (446484K) : metal5_text has 5 polygons
2026-09-13 06:32:35 +0200: Memory Usage (446612K) : metal5_opc has 0 polygons
2026-09-13 06:32:35 +0200: Memory Usage (446612K) : metal5_noqrc has 0 polygons
2026-09-13 06:32:35 +0200: Memory Usage (446740K) : metal5_res has 0 polygons
2026-09-13 06:32:35 +0200: Memory Usage (446740K) : metal5_iprobe has 0 polygons
2026-09-13 06:32:35 +0200: Memory Usage (446740K) : metal5_diffprb has 0 polygons
2026-09-13 06:32:35 +0200: Memory Usage (446868K) : radhard_drw has 0 polygons
2026-09-13 06:32:35 +0200: Memory Usage (446868K) : memcap_drw has 0 polygons
2026-09-13 06:32:35 +0200: Memory Usage (446996K) : varicap_drw has 0 polygons
2026-09-13 06:32:35 +0200: Memory Usage (446996K) : flash_drw has 0 polygons
2026-09-13 06:32:35 +0200: Memory Usage (447124K) : intbondvia_drw has 0 polygons
2026-09-13 06:32:35 +0200: Memory Usage (447124K) : intbondmet_drw has 0 polygons
2026-09-13 06:32:35 +0200: Memory Usage (447124K) : devbondvia_drw has 0 polygons
2026-09-13 06:32:35 +0200: Memory Usage (447124K) : devbondmet_drw has 0 polygons
2026-09-13 06:32:35 +0200: Memory Usage (447124K) : devtrench_drw has 0 polygons
2026-09-13 06:32:35 +0200: Memory Usage (447124K) : redist_drw has 0 polygons
2026-09-13 06:32:35 +0200: Memory Usage (447124K) : graphbot_drw has 0 polygons
2026-09-13 06:32:35 +0200: Memory Usage (447124K) : graphtop_drw has 0 polygons
2026-09-13 06:32:35 +0200: Memory Usage (447124K) : antvia1_drw has 0 polygons
2026-09-13 06:32:35 +0200: Memory Usage (447124K) : antmetal2_drw has 0 polygons
2026-09-13 06:32:35 +0200: Memory Usage (447124K) : graphcont_drw has 0 polygons
2026-09-13 06:32:35 +0200: Memory Usage (447124K) : siwg_drw has 0 polygons
2026-09-13 06:32:35 +0200: Memory Usage (447124K) : siwg_filler has 0 polygons
2026-09-13 06:32:35 +0200: Memory Usage (447124K) : siwg_nofill has 0 polygons
2026-09-13 06:32:35 +0200: Memory Usage (447124K) : sigrating_drw has 0 polygons
2026-09-13 06:32:35 +0200: Memory Usage (447124K) : singrating_drw has 0 polygons
2026-09-13 06:32:35 +0200: Memory Usage (447124K) : graphpas_drw has 0 polygons
2026-09-13 06:32:35 +0200: Memory Usage (447124K) : emwind3_drw has 0 polygons
2026-09-13 06:32:35 +0200: Memory Usage (447124K) : emwihv3_drw has 0 polygons
2026-09-13 06:32:35 +0200: Memory Usage (447124K) : redbulay_drw has 0 polygons
2026-09-13 06:32:35 +0200: Memory Usage (447124K) : smos_drw has 0 polygons
2026-09-13 06:32:35 +0200: Memory Usage (447124K) : graphpad_drw has 0 polygons
2026-09-13 06:32:35 +0200: Memory Usage (447124K) : polimide_drw has 0 polygons
2026-09-13 06:32:35 +0200: Memory Usage (447124K) : polimide_pin has 0 polygons
2026-09-13 06:32:35 +0200: Memory Usage (447124K) : recog_drw has 0 polygons
2026-09-13 06:32:35 +0200: Memory Usage (447124K) : recog_pin has 0 polygons
2026-09-13 06:32:35 +0200: Memory Usage (447124K) : recog_esd has 0 polygons
2026-09-13 06:32:35 +0200: Memory Usage (447124K) : recog_diode has 0 polygons
2026-09-13 06:32:35 +0200: Memory Usage (447124K) : recog_tsv has 0 polygons
2026-09-13 06:32:35 +0200: Memory Usage (447124K) : recog_iprobe has 0 polygons
2026-09-13 06:32:35 +0200: Memory Usage (447124K) : recog_diffprb has 0 polygons
2026-09-13 06:32:35 +0200: Memory Usage (447124K) : recog_pillar has 0 polygons
2026-09-13 06:32:35 +0200: Memory Usage (447124K) : recog_sbump has 0 polygons
2026-09-13 06:32:35 +0200: Memory Usage (447124K) : recog_otp has 0 polygons
2026-09-13 06:32:35 +0200: Memory Usage (447124K) : recog_pdiode has 0 polygons
2026-09-13 06:32:35 +0200: Memory Usage (447124K) : recog_mom has 0 polygons
2026-09-13 06:32:35 +0200: Memory Usage (447124K) : recog_momf has 0 polygons
2026-09-13 06:32:35 +0200: Memory Usage (447124K) : recog_pcm has 0 polygons
2026-09-13 06:32:35 +0200: Memory Usage (447124K) : colopen_drw has 0 polygons
2026-09-13 06:32:35 +0200: Memory Usage (447124K) : graphmetal1_drw has 0 polygons
2026-09-13 06:32:35 +0200: Memory Usage (447124K) : graphmetal1_filler has 0 polygons
2026-09-13 06:32:35 +0200: Memory Usage (447124K) : graphmetal1_nofill has 0 polygons
2026-09-13 06:32:35 +0200: Memory Usage (447124K) : graphmetal1_slit has 0 polygons
2026-09-13 06:32:35 +0200: Memory Usage (447124K) : graphmetal1_opc has 0 polygons
2026-09-13 06:32:35 +0200: Memory Usage (447124K) : graphmet1l_drw has 0 polygons
2026-09-13 06:32:35 +0200: Memory Usage (447124K) : graphmet1l_filler has 0 polygons
2026-09-13 06:32:35 +0200: Memory Usage (447124K) : graphmet1l_nofill has 0 polygons
2026-09-13 06:32:35 +0200: Memory Usage (447124K) : graphmet1l_slit has 0 polygons
2026-09-13 06:32:35 +0200: Memory Usage (447124K) : graphmet1l_opc has 0 polygons
2026-09-13 06:32:35 +0200: Memory Usage (447124K) : extblock_drw has 0 polygons
2026-09-13 06:32:35 +0200: Memory Usage (447124K) : nldd_drw has 0 polygons
2026-09-13 06:32:35 +0200: Memory Usage (447124K) : pldd_drw has 0 polygons
2026-09-13 06:32:35 +0200: Memory Usage (447124K) : next_drw has 0 polygons
2026-09-13 06:32:35 +0200: Memory Usage (447124K) : pext_drw has 0 polygons
2026-09-13 06:32:35 +0200: Memory Usage (447124K) : nexthv_drw has 0 polygons
2026-09-13 06:32:35 +0200: Memory Usage (447124K) : pexthv_drw has 0 polygons
2026-09-13 06:32:35 +0200: Memory Usage (447124K) : graphgate_drw has 0 polygons
2026-09-13 06:32:35 +0200: Memory Usage (447124K) : sinwg_drw has 0 polygons
2026-09-13 06:32:35 +0200: Memory Usage (447124K) : sinwg_filler has 0 polygons
2026-09-13 06:32:35 +0200: Memory Usage (447124K) : sinwg_nofill has 0 polygons
2026-09-13 06:32:35 +0200: Memory Usage (447124K) : mempad_drw has 0 polygons
2026-09-13 06:32:35 +0200: Memory Usage (447124K) : topvia1_drw has 5 polygons
2026-09-13 06:32:35 +0200: Memory Usage (447124K) : topmetal1_drw has 75 polygons
2026-09-13 06:32:35 +0200: Memory Usage (447124K) : topmetal1_pin has 0 polygons
2026-09-13 06:32:35 +0200: Memory Usage (447124K) : topmetal1_mask has 0 polygons
2026-09-13 06:32:35 +0200: Memory Usage (447124K) : topmetal1_filler has 0 polygons
2026-09-13 06:32:35 +0200: Memory Usage (447124K) : topmetal1_nofill has 0 polygons
2026-09-13 06:32:35 +0200: Memory Usage (447124K) : topmetal1_slit has 0 polygons
2026-09-13 06:32:35 +0200: Memory Usage (447124K) : topmetal1_text has 0 polygons
2026-09-13 06:32:35 +0200: Memory Usage (447124K) : topmetal1_noqrc has 0 polygons
2026-09-13 06:32:35 +0200: Memory Usage (447124K) : topmetal1_res has 0 polygons
2026-09-13 06:32:35 +0200: Memory Usage (447124K) : topmetal1_iprobe has 0 polygons
2026-09-13 06:32:35 +0200: Memory Usage (447124K) : topmetal1_diffprb has 0 polygons
2026-09-13 06:32:35 +0200: Memory Usage (447124K) : inldpwl_drw has 0 polygons
2026-09-13 06:32:35 +0200: Memory Usage (447124K) : polyres_drw has 0 polygons
2026-09-13 06:32:35 +0200: Memory Usage (447124K) : polyres_pin has 0 polygons
2026-09-13 06:32:35 +0200: Memory Usage (447124K) : vmim_drw has 151851 polygons
2026-09-13 06:32:35 +0200: Memory Usage (447124K) : nbulaycut_drw has 0 polygons
2026-09-13 06:32:35 +0200: Memory Usage (447124K) : antmetal1_drw has 0 polygons
2026-09-13 06:32:35 +0200: Memory Usage (447124K) : topvia2_drw has 0 polygons
2026-09-13 06:32:35 +0200: Memory Usage (447124K) : topmetal2_drw has 0 polygons
2026-09-13 06:32:35 +0200: Memory Usage (447124K) : topmetal2_pin has 0 polygons
2026-09-13 06:32:35 +0200: Memory Usage (447124K) : topmetal2_mask has 0 polygons
2026-09-13 06:32:35 +0200: Memory Usage (447124K) : topmetal2_filler has 0 polygons
2026-09-13 06:32:35 +0200: Memory Usage (447124K) : topmetal2_nofill has 0 polygons
2026-09-13 06:32:35 +0200: Memory Usage (447124K) : topmetal2_slit has 0 polygons
2026-09-13 06:32:35 +0200: Memory Usage (447124K) : topmetal2_text has 0 polygons
2026-09-13 06:32:35 +0200: Memory Usage (447124K) : topmetal2_noqrc has 0 polygons
2026-09-13 06:32:35 +0200: Memory Usage (447124K) : topmetal2_res has 0 polygons
2026-09-13 06:32:35 +0200: Memory Usage (447124K) : topmetal2_iprobe has 0 polygons
2026-09-13 06:32:35 +0200: Memory Usage (447124K) : topmetal2_diffprb has 0 polygons
2026-09-13 06:32:35 +0200: Memory Usage (447124K) : snsring_drw has 0 polygons
2026-09-13 06:32:35 +0200: Memory Usage (447124K) : sensor_drw has 0 polygons
2026-09-13 06:32:35 +0200: Memory Usage (447124K) : snsarms_drw has 0 polygons
2026-09-13 06:32:35 +0200: Memory Usage (447124K) : snscmosvia_drw has 0 polygons
2026-09-13 06:32:35 +0200: Memory Usage (447124K) : colwind_drw has 0 polygons
2026-09-13 06:32:35 +0200: Memory Usage (447124K) : flm_drw has 0 polygons
2026-09-13 06:32:35 +0200: Memory Usage (447124K) : hafniumox_drw has 0 polygons
2026-09-13 06:32:35 +0200: Memory Usage (447124K) : memvia_drw has 0 polygons
2026-09-13 06:32:35 +0200: Memory Usage (447124K) : thinfilmres_drw has 0 polygons
2026-09-13 06:32:35 +0200: Memory Usage (447124K) : rfmem_drw has 0 polygons
2026-09-13 06:32:35 +0200: Memory Usage (447124K) : norcx_drw has 0 polygons
2026-09-13 06:32:35 +0200: Memory Usage (447124K) : norcx_m2m3 has 0 polygons
2026-09-13 06:32:35 +0200: Memory Usage (447124K) : norcx_m2m4 has 0 polygons
2026-09-13 06:32:35 +0200: Memory Usage (447124K) : norcx_m2m5 has 0 polygons
2026-09-13 06:32:35 +0200: Memory Usage (447124K) : norcx_m2tm1 has 0 polygons
2026-09-13 06:32:35 +0200: Memory Usage (447124K) : norcx_m2tm2 has 0 polygons
2026-09-13 06:32:35 +0200: Memory Usage (447124K) : norcx_m3m4 has 0 polygons
2026-09-13 06:32:35 +0200: Memory Usage (447124K) : norcx_m3m5 has 0 polygons
2026-09-13 06:32:35 +0200: Memory Usage (447124K) : norcx_m3tm1 has 0 polygons
2026-09-13 06:32:35 +0200: Memory Usage (447124K) : norcx_m3tm2 has 0 polygons
2026-09-13 06:32:35 +0200: Memory Usage (447124K) : norcx_m4m5 has 0 polygons
2026-09-13 06:32:35 +0200: Memory Usage (447124K) : norcx_m4tm1 has 0 polygons
2026-09-13 06:32:35 +0200: Memory Usage (447124K) : norcx_m4tm2 has 0 polygons
2026-09-13 06:32:35 +0200: Memory Usage (447124K) : norcx_m5tm1 has 0 polygons
2026-09-13 06:32:35 +0200: Memory Usage (447124K) : norcx_m5tm2 has 0 polygons
2026-09-13 06:32:35 +0200: Memory Usage (447124K) : norcx_tm1tm2 has 0 polygons
2026-09-13 06:32:35 +0200: Memory Usage (447124K) : norcx_m1sub has 0 polygons
2026-09-13 06:32:35 +0200: Memory Usage (447124K) : norcx_m2sub has 0 polygons
2026-09-13 06:32:35 +0200: Memory Usage (447124K) : norcx_m3sub has 0 polygons
2026-09-13 06:32:35 +0200: Memory Usage (447124K) : norcx_m4sub has 0 polygons
2026-09-13 06:32:35 +0200: Memory Usage (447124K) : norcx_m5sub has 0 polygons
2026-09-13 06:32:35 +0200: Memory Usage (447124K) : norcx_tm1sub has 0 polygons
2026-09-13 06:32:35 +0200: Memory Usage (447124K) : norcx_tm2sub has 0 polygons
2026-09-13 06:32:35 +0200: Memory Usage (447124K) : snsbotvia_drw has 0 polygons
2026-09-13 06:32:35 +0200: Memory Usage (447124K) : snstopvia_drw has 0 polygons
2026-09-13 06:32:35 +0200: Memory Usage (447124K) : deepvia_drw has 0 polygons
2026-09-13 06:32:35 +0200: Memory Usage (447124K) : fgetch_drw has 0 polygons
2026-09-13 06:32:35 +0200: Memory Usage (447124K) : ctrgat_drw has 0 polygons
2026-09-13 06:32:35 +0200: Memory Usage (447124K) : fgimp_drw has 0 polygons
2026-09-13 06:32:35 +0200: Memory Usage (447124K) : emwihv_drw has 0 polygons
2026-09-13 06:32:35 +0200: Memory Usage (447124K) : lbe_drw has 0 polygons
2026-09-13 06:32:35 +0200: Memory Usage (447124K) : alcustop_drw has 0 polygons
2026-09-13 06:32:35 +0200: Memory Usage (447124K) : nometfiller_drw has 0 polygons
2026-09-13 06:32:35 +0200: Memory Usage (447124K) : prboundary_drw has 0 polygons
2026-09-13 06:32:35 +0200: Memory Usage (447124K) : exchange0_drw has 0 polygons
2026-09-13 06:32:35 +0200: Memory Usage (447124K) : exchange0_pin has 0 polygons
2026-09-13 06:32:35 +0200: Memory Usage (447124K) : exchange0_text has 0 polygons
2026-09-13 06:32:35 +0200: Memory Usage (447124K) : exchange1_drw has 0 polygons
2026-09-13 06:32:35 +0200: Memory Usage (447124K) : exchange1_pin has 0 polygons
2026-09-13 06:32:35 +0200: Memory Usage (447124K) : exchange1_text has 0 polygons
2026-09-13 06:32:35 +0200: Memory Usage (447124K) : exchange2_drw has 0 polygons
2026-09-13 06:32:35 +0200: Memory Usage (447124K) : exchange2_pin has 0 polygons
2026-09-13 06:32:35 +0200: Memory Usage (447124K) : exchange2_text has 0 polygons
2026-09-13 06:32:35 +0200: Memory Usage (447124K) : exchange3_drw has 0 polygons
2026-09-13 06:32:35 +0200: Memory Usage (447124K) : exchange3_pin has 0 polygons
2026-09-13 06:32:35 +0200: Memory Usage (447124K) : exchange3_text has 0 polygons
2026-09-13 06:32:35 +0200: Memory Usage (447124K) : exchange4_drw has 0 polygons
2026-09-13 06:32:35 +0200: Memory Usage (447124K) : exchange4_pin has 0 polygons
2026-09-13 06:32:35 +0200: Memory Usage (447124K) : exchange4_text has 0 polygons
2026-09-13 06:32:35 +0200: Memory Usage (447124K) : isonwell_drw has 0 polygons
2026-09-13 06:32:35 +0200: Memory Usage (447124K) : Total no. of polygons in the design is 1302638
2026-09-13 06:32:35 +0200: Memory Usage (447124K) : Loaded TECH DRC rules values from /opt/pdks/ihp-sg13g2/libs.tech/klayout/python/sg13g2_pycell_lib/sg13g2_tech_mod.json
2026-09-13 06:32:35 +0200: Memory Usage (447124K) : Loaded default DRC rules values from /opt/pdks/ihp-sg13g2/libs.tech/klayout/tech/drc/rule_decks/sg13g2_tech_default.json
2026-09-13 06:32:35 +0200: Memory Usage (447124K) : The following rules values were missing in tech json and default values were used:
2026-09-13 06:32:35 +0200: Memory Usage (447124K) :   - NW_f1_digibnd
2026-09-13 06:32:35 +0200: Memory Usage (447124K) :   - Cnt_c_digibnd
2026-09-13 06:32:35 +0200: Memory Usage (447124K) :   - Cnt_c_sram
2026-09-13 06:32:35 +0200: Memory Usage (447124K) :   - Sdiod_b
2026-09-13 06:32:35 +0200: Memory Usage (447124K) :   - Sdiod_c
2026-09-13 06:32:35 +0200: Memory Usage (447948K) : Total area of the design is 491499.792 um^2.
2026-09-13 06:32:35 +0200: Memory Usage (447948K) : The design dimensions are 604.8 µm * 812.665 µm.
2026-09-13 06:32:35 +0200: Memory Usage (447948K) : Starting general IHP-SG13G2 derivations.
2026-09-13 06:32:35 +0200: Memory Usage (447948K) : Starting Pwell derivations
2026-09-13 06:32:35 +0200: Memory Usage (450156K) : Starting n-Activ derivations
2026-09-13 06:32:35 +0200: Memory Usage (453028K) : Starting p-Activ derivations
2026-09-13 06:32:36 +0200: Memory Usage (453464K) : Starting ptap derivations
2026-09-13 06:32:36 +0200: Memory Usage (453464K) : Starting ntap derivations
2026-09-13 06:32:36 +0200: Memory Usage (451648K) : Starting pact FET derivations
2026-09-13 06:32:36 +0200: Memory Usage (451648K) : Starting nact FET derivations
2026-09-13 06:32:36 +0200: Memory Usage (451648K) : Starting Gate derivations
2026-09-13 06:32:36 +0200: Memory Usage (451776K) : Starting cont/contbar general derivations
2026-09-13 06:32:36 +0200: Memory Usage (452668K) : Starting pad general derivations
2026-09-13 06:32:36 +0200: Memory Usage (452668K) : Starting schottky_nbl general derivations
2026-09-13 06:32:36 +0200: Memory Usage (452668K) : Starting SVaricap general derivations
2026-09-13 06:32:36 +0200: Memory Usage (453564K) : Starting HBT general derivations
2026-09-13 06:32:36 +0200: Memory Usage (453564K) : Starting IHP-SG13G2 DRC connectivity related derivations.
2026-09-13 06:32:36 +0200: Memory Usage (453564K) : Starting IHP-SG13G2 DRC connectivity setup
2026-09-13 06:32:37 +0200: Memory Usage (453692K) : Starting IHP-SG13G2 DRC rules.
2026-09-13 06:32:37 +0200: Memory Usage (453692K) : Running all FEOL rules
2026-09-13 06:32:37 +0200: Memory Usage (453692K) : Running all BEOL rules
2026-09-13 06:32:37 +0200: Memory Usage (453692K) : Running all PIN rules
2026-09-13 06:32:37 +0200: Memory Usage (453692K) : Running all FORBIDDEN rules
2026-09-13 06:32:37 +0200: Memory Usage (453692K) : Starting 5.1 NWell table
2026-09-13 06:32:37 +0200: Memory Usage (453692K) : Executing rule NW.b
2026-09-13 06:32:37 +0200: Memory Usage (454232K) : Executing rule NW.b1
2026-09-13 06:32:37 +0200: Memory Usage (454232K) : Executing rule NW.f1
2026-09-13 06:32:37 +0200: Memory Usage (454232K) : Executing rule NW.f1.digibnd
2026-09-13 06:32:37 +0200: Memory Usage (454232K) : Starting 5.2 PWell:block
2026-09-13 06:32:37 +0200: Memory Usage (454232K) : Executing rule PWB.e
2026-09-13 06:32:37 +0200: Memory Usage (454232K) : Executing rule PWB.e1
2026-09-13 06:32:37 +0200: Memory Usage (454232K) : Executing rule PWB.f
2026-09-13 06:32:37 +0200: Memory Usage (454232K) : Executing rule PWB.f1
2026-09-13 06:32:37 +0200: Memory Usage (454232K) : Starting 5.3 nBuLay table
2026-09-13 06:32:37 +0200: Memory Usage (454232K) : Executing rule NBL.b
2026-09-13 06:32:37 +0200: Memory Usage (454232K) : Executing rule NBL.c
2026-09-13 06:32:37 +0200: Memory Usage (454232K) : Executing rule NBL.d
2026-09-13 06:32:37 +0200: Memory Usage (454232K) : Executing rule NBL.e
2026-09-13 06:32:37 +0200: Memory Usage (454412K) : Executing rule NBL.f
2026-09-13 06:32:37 +0200: Memory Usage (454412K) : Starting 5.5. Activ table
2026-09-13 06:32:37 +0200: Memory Usage (454412K) : Executing rule Act.a
2026-09-13 06:32:37 +0200: Memory Usage (454412K) : Executing rule Act.b
2026-09-13 06:32:37 +0200: Memory Usage (454680K) : Starting 5.6 Activ:filler table
2026-09-13 06:32:37 +0200: Memory Usage (454680K) : Executing rule AFil.c1
2026-09-13 06:32:37 +0200: Memory Usage (454680K) : Executing rule AFil.c
2026-09-13 06:32:37 +0200: Memory Usage (454680K) : Executing rule AFil.d
2026-09-13 06:32:37 +0200: Memory Usage (454680K) : Executing rule AFil.e
2026-09-13 06:32:37 +0200: Memory Usage (454680K) : Executing rule AFil.j
2026-09-13 06:32:37 +0200: Memory Usage (454680K) : Starting 5.7. ThickGateOx table
2026-09-13 06:32:37 +0200: Memory Usage (454680K) : Executing rule TGO.f
2026-09-13 06:32:37 +0200: Memory Usage (454680K) : Starting 5.8. GatPoly table
2026-09-13 06:32:37 +0200: Memory Usage (454680K) : Executing rule Gat.a
2026-09-13 06:32:37 +0200: Memory Usage (454680K) : Executing rule Gat.b
2026-09-13 06:32:37 +0200: Memory Usage (454680K) : Executing rule Gat.d
2026-09-13 06:32:37 +0200: Memory Usage (454680K) : Executing rule Gat.a1
2026-09-13 06:32:37 +0200: Memory Usage (455192K) : Executing rule Gat.a2
2026-09-13 06:32:37 +0200: Memory Usage (455192K) : Executing rule Gat.g
2026-09-13 06:32:37 +0200: Memory Usage (455320K) : Starting 5.9 GatPoly:filler
2026-09-13 06:32:37 +0200: Memory Usage (455320K) : Executing rule GFil.d
2026-09-13 06:32:37 +0200: Memory Usage (455320K) : Executing rule GFil.e
2026-09-13 06:32:37 +0200: Memory Usage (455320K) : Executing rule GFil.i
2026-09-13 06:32:37 +0200: Memory Usage (455320K) : Starting 5.10 pSD table
2026-09-13 06:32:37 +0200: Memory Usage (455320K) : Executing rule pSD.c1
2026-09-13 06:32:37 +0200: Memory Usage (455320K) : Starting 5.14. Cont table
2026-09-13 06:32:37 +0200: Memory Usage (455320K) : Executing rule Cnt.a
2026-09-13 06:32:38 +0200: Memory Usage (465816K) : Executing rule Cnt.b
2026-09-13 06:32:38 +0200: Memory Usage (465944K) : Executing rule Cnt.c
2026-09-13 06:32:38 +0200: Memory Usage (465944K) : Executing rule Cnt.c.digibnd
2026-09-13 06:32:38 +0200: Memory Usage (465944K) : Executing rule Cnt.c.SRAM
2026-09-13 06:32:38 +0200: Memory Usage (465944K) : Executing rule Cnt.d
2026-09-13 06:32:38 +0200: Memory Usage (465944K) : Executing rule Cnt.e
2026-09-13 06:32:38 +0200: Memory Usage (465944K) : Executing rule Cnt.g1
2026-09-13 06:32:38 +0200: Memory Usage (465944K) : Executing rule Cnt.g2
2026-09-13 06:32:38 +0200: Memory Usage (465944K) : Starting 5.15. ContBar table
2026-09-13 06:32:38 +0200: Memory Usage (465944K) : Executing rule CntB.a
2026-09-13 06:32:39 +0200: Memory Usage (467864K) : Executing rule CntB.a1
2026-09-13 06:32:39 +0200: Memory Usage (467864K) : Executing rule CntB.b1
2026-09-13 06:32:39 +0200: Memory Usage (467864K) : Executing rule CntB.h1
2026-09-13 06:32:39 +0200: Memory Usage (467864K) : Starting 6.1.3 NPN Substrate-Tie table
2026-09-13 06:32:39 +0200: Memory Usage (467864K) : Executing rule npn13G2.bR 
2026-09-13 06:32:39 +0200: Memory Usage (467864K) : Executing rule npn13G2L.cR 
2026-09-13 06:32:39 +0200: Memory Usage (467864K) : Executing rule npn13G2V.cR 
2026-09-13 06:32:39 +0200: Memory Usage (467864K) : Starting 6.7 Schottky diode table
2026-09-13 06:32:39 +0200: Memory Usage (467864K) : Executing rule Sdiod.b
2026-09-13 06:32:39 +0200: Memory Usage (467864K) : Executing rule Sdiod.c
2026-09-13 06:32:39 +0200: Memory Usage (467864K) : Executing rule Sdiod.d
2026-09-13 06:32:39 +0200: Memory Usage (467864K) : Executing rule Sdiod.e
2026-09-13 06:32:39 +0200: Memory Usage (467864K) : Starting 7.2 Latch-up table
2026-09-13 06:32:39 +0200: Memory Usage (467864K) : Executing rule LU.b
2026-09-13 06:32:39 +0200: Memory Usage (467864K) : Starting 5.16. Metal1 table
2026-09-13 06:32:39 +0200: Memory Usage (467864K) : Executing rule M1.a
2026-09-13 06:32:39 +0200: Memory Usage (467992K) : Executing rule M1.b
2026-09-13 06:32:39 +0200: Memory Usage (468248K) : Executing rule M1.e
2026-09-13 06:32:40 +0200: Memory Usage (467744K) : Executing rule M1.f
2026-09-13 06:32:40 +0200: Memory Usage (467744K) : Executing rule M1.g
2026-09-13 06:32:40 +0200: Memory Usage (467744K) : Executing rule M1.i
2026-09-13 06:32:40 +0200: Memory Usage (467744K) : Starting 5.17 Metaln table
2026-09-13 06:32:40 +0200: Memory Usage (467744K) : Executing rule M2.a
2026-09-13 06:32:40 +0200: Memory Usage (467744K) : Executing rule M2.b
2026-09-13 06:32:40 +0200: Memory Usage (467744K) : Executing rule M2.e
2026-09-13 06:32:40 +0200: Memory Usage (467744K) : Executing rule M2.f
2026-09-13 06:32:40 +0200: Memory Usage (467744K) : Executing rule M2.g
2026-09-13 06:32:40 +0200: Memory Usage (467744K) : Executing rule M2.i
2026-09-13 06:32:40 +0200: Memory Usage (467744K) : Executing rule M3.a
2026-09-13 06:32:40 +0200: Memory Usage (467744K) : Executing rule M3.b
2026-09-13 06:32:40 +0200: Memory Usage (467872K) : Executing rule M3.e
2026-09-13 06:32:40 +0200: Memory Usage (467872K) : Executing rule M3.f
2026-09-13 06:32:40 +0200: Memory Usage (467872K) : Executing rule M3.g
2026-09-13 06:32:40 +0200: Memory Usage (467872K) : Executing rule M3.i
2026-09-13 06:32:40 +0200: Memory Usage (467872K) : Executing rule M4.a
2026-09-13 06:32:40 +0200: Memory Usage (467872K) : Executing rule M4.b
2026-09-13 06:32:40 +0200: Memory Usage (467872K) : Executing rule M4.e
2026-09-13 06:32:40 +0200: Memory Usage (467872K) : Executing rule M4.f
2026-09-13 06:32:40 +0200: Memory Usage (467872K) : Executing rule M4.g
2026-09-13 06:32:40 +0200: Memory Usage (467872K) : Executing rule M4.i
2026-09-13 06:32:40 +0200: Memory Usage (467872K) : Executing rule M5.a
2026-09-13 06:32:40 +0200: Memory Usage (467872K) : Executing rule M5.b
2026-09-13 06:32:40 +0200: Memory Usage (467872K) : Executing rule M5.e
2026-09-13 06:32:40 +0200: Memory Usage (467872K) : Executing rule M5.f
2026-09-13 06:32:40 +0200: Memory Usage (467872K) : Executing rule M5.g
2026-09-13 06:32:40 +0200: Memory Usage (467872K) : Executing rule M5.i
2026-09-13 06:32:40 +0200: Memory Usage (467872K) : Starting 5.18 Metaln:filler table
2026-09-13 06:32:40 +0200: Memory Usage (467872K) : Executing rule M1Fil.c
2026-09-13 06:32:40 +0200: Memory Usage (468000K) : Executing rule M1Fil.a2
2026-09-13 06:32:40 +0200: Memory Usage (468000K) : Executing rule M2Fil.c
2026-09-13 06:32:40 +0200: Memory Usage (468000K) : Executing rule M2Fil.a2
2026-09-13 06:32:40 +0200: Memory Usage (468000K) : Executing rule M3Fil.c
2026-09-13 06:32:40 +0200: Memory Usage (468000K) : Executing rule M3Fil.a2
2026-09-13 06:32:40 +0200: Memory Usage (468000K) : Executing rule M4Fil.c
2026-09-13 06:32:40 +0200: Memory Usage (468000K) : Executing rule M4Fil.a2
2026-09-13 06:32:40 +0200: Memory Usage (468000K) : Executing rule M5Fil.c
2026-09-13 06:32:40 +0200: Memory Usage (468000K) : Executing rule M5Fil.a2
2026-09-13 06:32:40 +0200: Memory Usage (468000K) : Starting 5.19. Via1 table
2026-09-13 06:32:40 +0200: Memory Usage (468000K) : Starting 5.19. Via1 table derivations
2026-09-13 06:32:40 +0200: Memory Usage (468000K) : Executing rule V1.a
2026-09-13 06:32:40 +0200: Memory Usage (468128K) : Executing rule V1.b
2026-09-13 06:32:40 +0200: Memory Usage (468128K) : Executing rule V1.c
2026-09-13 06:32:40 +0200: Memory Usage (468128K) : Starting 5.20. Vian table
2026-09-13 06:32:40 +0200: Memory Usage (468128K) : Executing rule V2.a
2026-09-13 06:32:40 +0200: Memory Usage (468128K) : Executing rule V2.b
2026-09-13 06:32:40 +0200: Memory Usage (468128K) : Executing rule V2.c
2026-09-13 06:32:41 +0200: Memory Usage (468128K) : Executing rule V3.a
2026-09-13 06:32:41 +0200: Memory Usage (468128K) : Executing rule V3.b
2026-09-13 06:32:41 +0200: Memory Usage (468128K) : Executing rule V3.c
2026-09-13 06:32:41 +0200: Memory Usage (468128K) : Executing rule V4.a
2026-09-13 06:32:41 +0200: Memory Usage (468128K) : Executing rule V4.b
2026-09-13 06:32:41 +0200: Memory Usage (468128K) : Executing rule V4.c
2026-09-13 06:32:41 +0200: Memory Usage (468128K) : Starting 5.21. TopVia1 table
2026-09-13 06:32:41 +0200: Memory Usage (468128K) : Executing rule TV1.a
2026-09-13 06:32:41 +0200: Memory Usage (468128K) : Executing rule TV1.b
2026-09-13 06:32:41 +0200: Memory Usage (468128K) : Executing rule TV1.c
2026-09-13 06:32:41 +0200: Memory Usage (468128K) : Executing rule TV1.d
2026-09-13 06:32:41 +0200: Memory Usage (468128K) : Starting 5.22. TopMetal1 table
2026-09-13 06:32:41 +0200: Memory Usage (468128K) : Executing rule TM1.a
2026-09-13 06:32:41 +0200: Memory Usage (468128K) : Executing rule TM1.b
2026-09-13 06:32:41 +0200: Memory Usage (468128K) : Starting 5.23 TopMetal1:filler table
2026-09-13 06:32:41 +0200: Memory Usage (468128K) : Executing rule TM1Fil.c
2026-09-13 06:32:41 +0200: Memory Usage (468128K) : Executing rule TM1Fil.a1
2026-09-13 06:32:41 +0200: Memory Usage (468128K) : Starting 5.24. TopVia2 table
2026-09-13 06:32:41 +0200: Memory Usage (468128K) : Executing rule TV2.a
2026-09-13 06:32:41 +0200: Memory Usage (468128K) : Executing rule TV2.b
2026-09-13 06:32:41 +0200: Memory Usage (468128K) : Executing rule TV2.c
2026-09-13 06:32:41 +0200: Memory Usage (468128K) : Executing rule TV2.d
2026-09-13 06:32:41 +0200: Memory Usage (468128K) : Starting 5.25. TopMetal2 table
2026-09-13 06:32:41 +0200: Memory Usage (468128K) : Executing rule TM2.a
2026-09-13 06:32:41 +0200: Memory Usage (468128K) : Executing rule TM2.b
2026-09-13 06:32:41 +0200: Memory Usage (468128K) : Executing rule TM2.bR
2026-09-13 06:32:41 +0200: Memory Usage (468128K) : Starting 5.26 TopMetal2:filler table
2026-09-13 06:32:41 +0200: Memory Usage (468128K) : Executing rule TM2Fil.c
2026-09-13 06:32:41 +0200: Memory Usage (468128K) : Executing rule TM2Fil.a1
2026-09-13 06:32:41 +0200: Memory Usage (468128K) : Starting 5.27. Passiv table
2026-09-13 06:32:41 +0200: Memory Usage (468128K) : Executing rule Pas.a
2026-09-13 06:32:41 +0200: Memory Usage (468128K) : Executing rule Pas.b
2026-09-13 06:32:41 +0200: Memory Usage (468128K) : Executing rule Pas.c
2026-09-13 06:32:41 +0200: Memory Usage (468128K) : Starting 6.9.2 Copper Pillar table
2026-09-13 06:32:41 +0200: Memory Usage (468128K) : Executing rule Padc.a
2026-09-13 06:32:41 +0200: Memory Usage (468128K) : Executing rule Padc.b
2026-09-13 06:32:41 +0200: Memory Usage (468128K) : Executing rule Padc.c
2026-09-13 06:32:41 +0200: Memory Usage (468128K) : Executing rule Padb.f
2026-09-13 06:32:41 +0200: Memory Usage (468128K) : Starting 6.9 Pad table
2026-09-13 06:32:41 +0200: Memory Usage (468128K) : Executing rule Pad.m
2026-09-13 06:32:41 +0200: Memory Usage (468128K) : Executing rule Pad.fR_M1
2026-09-13 06:32:41 +0200: Memory Usage (468128K) : Executing rule Pad.fR_M2
2026-09-13 06:32:41 +0200: Memory Usage (468128K) : Executing rule Pad.fR_M3
2026-09-13 06:32:41 +0200: Memory Usage (468128K) : Executing rule Pad.fR_M4
2026-09-13 06:32:41 +0200: Memory Usage (468128K) : Executing rule Pad.fR_M5
2026-09-13 06:32:41 +0200: Memory Usage (468128K) : Executing rule Pad.fR_TM1
2026-09-13 06:32:41 +0200: Memory Usage (468128K) : Executing rule Pad.fR_TM2
2026-09-13 06:32:41 +0200: Memory Usage (468128K) : Executing rule Pad.i
2026-09-13 06:32:41 +0200: Memory Usage (468128K) : Starting 6.9.1 Solder Bump
2026-09-13 06:32:41 +0200: Memory Usage (468128K) : Executing rule Padb.a
2026-09-13 06:32:41 +0200: Memory Usage (468128K) : Executing rule Padb.b
2026-09-13 06:32:41 +0200: Memory Usage (468128K) : Executing rule Padb.c
2026-09-13 06:32:41 +0200: Memory Usage (468256K) : Executing rule Padb.f
2026-09-13 06:32:41 +0200: Memory Usage (468256K) : Executing rule Padb.d
2026-09-13 06:32:41 +0200: Memory Usage (468256K) : Starting 6.10 Sealring table
2026-09-13 06:32:41 +0200: Memory Usage (468256K) : Executing rule Seal.l
2026-09-13 06:32:41 +0200: Memory Usage (468256K) : Executing rule Seal.n
2026-09-13 06:32:41 +0200: Memory Usage (468256K) : Executing rule seal.b_metal1
2026-09-13 06:32:41 +0200: Memory Usage (468256K) : Executing rule seal.b_metal2
2026-09-13 06:32:41 +0200: Memory Usage (468256K) : Executing rule seal.b_metal3
2026-09-13 06:32:41 +0200: Memory Usage (468256K) : Executing rule seal.b_metal4
2026-09-13 06:32:41 +0200: Memory Usage (468256K) : Executing rule seal.b_metal5
2026-09-13 06:32:41 +0200: Memory Usage (468256K) : Executing rule seal.b_topmetal1
2026-09-13 06:32:41 +0200: Memory Usage (468256K) : Executing rule seal.b_topmetal2
2026-09-13 06:32:41 +0200: Memory Usage (468256K) : Executing rule seal.b_activ
2026-09-13 06:32:41 +0200: Memory Usage (468256K) : Executing rule seal.b_psd
2026-09-13 06:32:41 +0200: Memory Usage (468256K) : Executing rule Seal.k
2026-09-13 06:32:41 +0200: Memory Usage (468256K) : Executing rule Seal.m
2026-09-13 06:32:41 +0200: Memory Usage (468256K) : Starting 6.11 MIM table
2026-09-13 06:32:41 +0200: Memory Usage (468256K) : Executing rule MIM.c
2026-09-13 06:32:41 +0200: Memory Usage (468256K) : Executing rule MIM.d
2026-09-13 06:32:41 +0200: Memory Usage (468256K) : Executing rule MIM.gR
2026-09-13 06:32:41 +0200: Memory Usage (468256K) : Starting 7.3 Metal Slits table
2026-09-13 06:32:41 +0200: Memory Usage (468256K) : Executing rule Slt.e1_M1
2026-09-13 06:32:41 +0200: Memory Usage (468256K) : Executing rule Slt.e1_M2
2026-09-13 06:32:41 +0200: Memory Usage (468256K) : Executing rule Slt.e1_M3
2026-09-13 06:32:41 +0200: Memory Usage (468256K) : Executing rule Slt.e1_M4
2026-09-13 06:32:41 +0200: Memory Usage (468256K) : Executing rule Slt.e1_M5
2026-09-13 06:32:41 +0200: Memory Usage (468256K) : Executing rule Slt.e1_TM1
2026-09-13 06:32:41 +0200: Memory Usage (468256K) : Executing rule Slt.e1_TM2
2026-09-13 06:32:41 +0200: Memory Usage (468256K) : Starting 9.1. LBE table
2026-09-13 06:32:41 +0200: Memory Usage (468256K) : Executing rule LBE.a
2026-09-13 06:32:41 +0200: Memory Usage (468256K) : Executing rule LBE.b
2026-09-13 06:32:41 +0200: Memory Usage (468256K) : Executing rule LBE.b1
2026-09-13 06:32:41 +0200: Memory Usage (468256K) : Executing rule LBE.c
2026-09-13 06:32:41 +0200: Memory Usage (468256K) : Executing rule LBE.d
2026-09-13 06:32:41 +0200: Memory Usage (468256K) : Executing rule LBE.h
2026-09-13 06:32:41 +0200: Memory Usage (468256K) : Starting 7.4. PIN table
2026-09-13 06:32:41 +0200: Memory Usage (468256K) : Executing rule Pin.a
2026-09-13 06:32:41 +0200: Memory Usage (468256K) : Executing rule Pin.b
2026-09-13 06:32:41 +0200: Memory Usage (468256K) : Executing rule Pin.e
2026-09-13 06:32:41 +0200: Memory Usage (468256K) : Executing rule Pin.f_M2
2026-09-13 06:32:41 +0200: Memory Usage (468256K) : Executing rule Pin.f_M3
2026-09-13 06:32:41 +0200: Memory Usage (468256K) : Executing rule Pin.f_M4
2026-09-13 06:32:41 +0200: Memory Usage (468256K) : Executing rule Pin.f_M5
2026-09-13 06:32:41 +0200: Memory Usage (468256K) : Executing rule Pin.g
2026-09-13 06:32:41 +0200: Memory Usage (468256K) : Executing rule Pin.h
2026-09-13 06:32:41 +0200: Memory Usage (468256K) : Starting 3.1. offgrid table
2026-09-13 06:32:41 +0200: Memory Usage (468256K) : Executing rule activ_drw_Offgrid
2026-09-13 06:32:41 +0200: Memory Usage (468256K) : Executing rule activ_mask_Offgrid
2026-09-13 06:32:41 +0200: Memory Usage (468256K) : Executing rule activ_filler_Offgrid
2026-09-13 06:32:41 +0200: Memory Usage (468256K) : Executing rule activ_opc_Offgrid
2026-09-13 06:32:41 +0200: Memory Usage (468256K) : Executing rule activ_iopc_Offgrid
2026-09-13 06:32:41 +0200: Memory Usage (468256K) : Executing rule biwind_drw_Offgrid
2026-09-13 06:32:41 +0200: Memory Usage (468256K) : Executing rule biwind_opc_Offgrid
2026-09-13 06:32:41 +0200: Memory Usage (468256K) : Executing rule pemwind_drw_Offgrid
2026-09-13 06:32:41 +0200: Memory Usage (468256K) : Executing rule gatpoly_drw_Offgrid
2026-09-13 06:32:41 +0200: Memory Usage (468256K) : Executing rule gatpoly_filler_Offgrid
2026-09-13 06:32:41 +0200: Memory Usage (468256K) : Executing rule gatpoly_opc_Offgrid
2026-09-13 06:32:41 +0200: Memory Usage (468256K) : Executing rule gatpoly_iopc_Offgrid
2026-09-13 06:32:41 +0200: Memory Usage (468256K) : Executing rule gatpoly_noqrc_Offgrid
2026-09-13 06:32:41 +0200: Memory Usage (468256K) : Executing rule cont_drw_Offgrid
2026-09-13 06:32:43 +0200: Memory Usage (484000K) : Executing rule cont_opc_Offgrid
2026-09-13 06:32:43 +0200: Memory Usage (484000K) : Executing rule nsd_drw_Offgrid
2026-09-13 06:32:43 +0200: Memory Usage (484000K) : Executing rule nsd_block_Offgrid
2026-09-13 06:32:43 +0200: Memory Usage (484000K) : Executing rule metal1_drw_Offgrid
2026-09-13 06:32:43 +0200: Memory Usage (484000K) : Executing rule metal1_mask_Offgrid
2026-09-13 06:32:43 +0200: Memory Usage (484000K) : Executing rule metal1_filler_Offgrid
2026-09-13 06:32:43 +0200: Memory Usage (484000K) : Executing rule metal1_slit_Offgrid
2026-09-13 06:32:43 +0200: Memory Usage (484000K) : Executing rule metal1_opc_Offgrid
2026-09-13 06:32:43 +0200: Memory Usage (484000K) : Executing rule metal1_noqrc_Offgrid
2026-09-13 06:32:43 +0200: Memory Usage (484000K) : Executing rule metal1_res_Offgrid
2026-09-13 06:32:43 +0200: Memory Usage (484000K) : Executing rule metal1_iprobe_Offgrid
2026-09-13 06:32:43 +0200: Memory Usage (484000K) : Executing rule metal1_diffprb_Offgrid
2026-09-13 06:32:43 +0200: Memory Usage (484000K) : Executing rule passiv_drw_Offgrid
2026-09-13 06:32:43 +0200: Memory Usage (484000K) : Executing rule passiv_pillar_Offgrid
2026-09-13 06:32:43 +0200: Memory Usage (484000K) : Executing rule passiv_sbump_Offgrid
2026-09-13 06:32:43 +0200: Memory Usage (484000K) : Executing rule passiv_pdl_Offgrid
2026-09-13 06:32:43 +0200: Memory Usage (484000K) : Executing rule metal2_drw_Offgrid
2026-09-13 06:32:43 +0200: Memory Usage (484000K) : Executing rule metal2_mask_Offgrid
2026-09-13 06:32:43 +0200: Memory Usage (484000K) : Executing rule metal2_filler_Offgrid
2026-09-13 06:32:43 +0200: Memory Usage (484000K) : Executing rule metal2_slit_Offgrid
2026-09-13 06:32:43 +0200: Memory Usage (484000K) : Executing rule metal2_opc_Offgrid
2026-09-13 06:32:43 +0200: Memory Usage (484000K) : Executing rule metal2_noqrc_Offgrid
2026-09-13 06:32:43 +0200: Memory Usage (484000K) : Executing rule metal2_res_Offgrid
2026-09-13 06:32:43 +0200: Memory Usage (484000K) : Executing rule metal2_iprobe_Offgrid
2026-09-13 06:32:43 +0200: Memory Usage (484000K) : Executing rule metal2_diffprb_Offgrid
2026-09-13 06:32:43 +0200: Memory Usage (484000K) : Executing rule baspoly_drw_Offgrid
2026-09-13 06:32:43 +0200: Memory Usage (484000K) : Executing rule psd_drw_Offgrid
2026-09-13 06:32:43 +0200: Memory Usage (484000K) : Executing rule nldb_drw_Offgrid
2026-09-13 06:32:43 +0200: Memory Usage (484000K) : Executing rule via1_drw_Offgrid
2026-09-13 06:32:44 +0200: Memory Usage (484768K) : Executing rule backmetal1_drw_Offgrid
2026-09-13 06:32:44 +0200: Memory Usage (484768K) : Executing rule backmetal1_mask_Offgrid
2026-09-13 06:32:44 +0200: Memory Usage (484768K) : Executing rule backmetal1_filler_Offgrid
2026-09-13 06:32:44 +0200: Memory Usage (484768K) : Executing rule backmetal1_slit_Offgrid
2026-09-13 06:32:44 +0200: Memory Usage (484768K) : Executing rule backmetal1_opc_Offgrid
2026-09-13 06:32:44 +0200: Memory Usage (484768K) : Executing rule backmetal1_noqrc_Offgrid
2026-09-13 06:32:44 +0200: Memory Usage (484768K) : Executing rule backmetal1_res_Offgrid
2026-09-13 06:32:44 +0200: Memory Usage (484768K) : Executing rule backmetal1_iprobe_Offgrid
2026-09-13 06:32:44 +0200: Memory Usage (484768K) : Executing rule backmetal1_diffprb_Offgrid
2026-09-13 06:32:44 +0200: Memory Usage (484768K) : Executing rule backpassiv_drw_Offgrid
2026-09-13 06:32:44 +0200: Memory Usage (484768K) : Executing rule salblock_drw_Offgrid
2026-09-13 06:32:44 +0200: Memory Usage (484768K) : Executing rule via2_drw_Offgrid
2026-09-13 06:32:44 +0200: Memory Usage (484896K) : Executing rule metal3_drw_Offgrid
2026-09-13 06:32:45 +0200: Memory Usage (484896K) : Executing rule metal3_mask_Offgrid
2026-09-13 06:32:45 +0200: Memory Usage (484896K) : Executing rule metal3_filler_Offgrid
2026-09-13 06:32:45 +0200: Memory Usage (484896K) : Executing rule metal3_slit_Offgrid
2026-09-13 06:32:45 +0200: Memory Usage (484896K) : Executing rule metal3_opc_Offgrid
2026-09-13 06:32:45 +0200: Memory Usage (484896K) : Executing rule metal3_noqrc_Offgrid
2026-09-13 06:32:45 +0200: Memory Usage (484896K) : Executing rule metal3_res_Offgrid
2026-09-13 06:32:45 +0200: Memory Usage (484896K) : Executing rule metal3_iprobe_Offgrid
2026-09-13 06:32:45 +0200: Memory Usage (484896K) : Executing rule metal3_diffprb_Offgrid
2026-09-13 06:32:45 +0200: Memory Usage (484896K) : Executing rule nwell_drw_Offgrid
2026-09-13 06:32:45 +0200: Memory Usage (484896K) : Executing rule nbulay_drw_Offgrid
2026-09-13 06:32:45 +0200: Memory Usage (484896K) : Executing rule nbulay_block_Offgrid
2026-09-13 06:32:45 +0200: Memory Usage (484896K) : Executing rule pwell_drw_Offgrid
2026-09-13 06:32:45 +0200: Memory Usage (484896K) : Executing rule pwell_block_Offgrid
2026-09-13 06:32:45 +0200: Memory Usage (484896K) : Executing rule emwind_drw_Offgrid
2026-09-13 06:32:45 +0200: Memory Usage (484896K) : Executing rule emwind_opc_Offgrid
2026-09-13 06:32:45 +0200: Memory Usage (484896K) : Executing rule deepco_drw_Offgrid
2026-09-13 06:32:45 +0200: Memory Usage (484896K) : Executing rule mim_drw_Offgrid
2026-09-13 06:32:45 +0200: Memory Usage (484896K) : Executing rule substrate_drw_Offgrid
2026-09-13 06:32:45 +0200: Memory Usage (484896K) : Executing rule ic_drw_Offgrid
2026-09-13 06:32:45 +0200: Memory Usage (484896K) : Executing rule via3_drw_Offgrid
2026-09-13 06:32:45 +0200: Memory Usage (484896K) : Executing rule pldb_drw_Offgrid
2026-09-13 06:32:45 +0200: Memory Usage (484896K) : Executing rule metal4_drw_Offgrid
2026-09-13 06:32:45 +0200: Memory Usage (484896K) : Executing rule metal4_mask_Offgrid
2026-09-13 06:32:45 +0200: Memory Usage (484896K) : Executing rule metal4_filler_Offgrid
2026-09-13 06:32:45 +0200: Memory Usage (484896K) : Executing rule metal4_slit_Offgrid
2026-09-13 06:32:45 +0200: Memory Usage (484896K) : Executing rule metal4_opc_Offgrid
2026-09-13 06:32:45 +0200: Memory Usage (484896K) : Executing rule metal4_noqrc_Offgrid
2026-09-13 06:32:45 +0200: Memory Usage (484896K) : Executing rule metal4_res_Offgrid
2026-09-13 06:32:45 +0200: Memory Usage (484896K) : Executing rule metal4_iprobe_Offgrid
2026-09-13 06:32:45 +0200: Memory Usage (484896K) : Executing rule metal4_diffprb_Offgrid
2026-09-13 06:32:45 +0200: Memory Usage (484896K) : Executing rule via4_drw_Offgrid
2026-09-13 06:32:46 +0200: Memory Usage (484896K) : Executing rule metal5_drw_Offgrid
2026-09-13 06:32:46 +0200: Memory Usage (484896K) : Executing rule metal5_mask_Offgrid
2026-09-13 06:32:46 +0200: Memory Usage (484896K) : Executing rule metal5_filler_Offgrid
2026-09-13 06:32:46 +0200: Memory Usage (484896K) : Executing rule metal5_slit_Offgrid
2026-09-13 06:32:46 +0200: Memory Usage (484896K) : Executing rule metal5_opc_Offgrid
2026-09-13 06:32:46 +0200: Memory Usage (484896K) : Executing rule metal5_noqrc_Offgrid
2026-09-13 06:32:46 +0200: Memory Usage (484896K) : Executing rule metal5_res_Offgrid
2026-09-13 06:32:46 +0200: Memory Usage (484896K) : Executing rule metal5_iprobe_Offgrid
2026-09-13 06:32:46 +0200: Memory Usage (484896K) : Executing rule metal5_diffprb_Offgrid
2026-09-13 06:32:46 +0200: Memory Usage (484896K) : Executing rule prboundary_drw_Offgrid
2026-09-13 06:32:46 +0200: Memory Usage (484896K) : Executing rule exchange0_drw_Offgrid
2026-09-13 06:32:46 +0200: Memory Usage (484896K) : Executing rule exchange1_drw_Offgrid
2026-09-13 06:32:46 +0200: Memory Usage (484896K) : Executing rule exchange2_drw_Offgrid
2026-09-13 06:32:46 +0200: Memory Usage (484896K) : Executing rule exchange3_drw_Offgrid
2026-09-13 06:32:46 +0200: Memory Usage (484896K) : Executing rule exchange4_drw_Offgrid
2026-09-13 06:32:46 +0200: Memory Usage (484896K) : Executing rule isonwell_drw_Offgrid
2026-09-13 06:32:46 +0200: Memory Usage (484896K) : Executing rule thickgateox_drw_Offgrid
2026-09-13 06:32:46 +0200: Memory Usage (484896K) : Executing rule pempoly_drw_Offgrid
2026-09-13 06:32:46 +0200: Memory Usage (484896K) : Executing rule fbe_drw_Offgrid
2026-09-13 06:32:46 +0200: Memory Usage (484896K) : Executing rule empoly_drw_Offgrid
2026-09-13 06:32:46 +0200: Memory Usage (484896K) : Executing rule ldmos_drw_Offgrid
2026-09-13 06:32:46 +0200: Memory Usage (484896K) : Executing rule pbiwind_drw_Offgrid
2026-09-13 06:32:46 +0200: Memory Usage (484896K) : Executing rule colopen_drw_Offgrid
2026-09-13 06:32:46 +0200: Memory Usage (484896K) : Executing rule extblock_drw_Offgrid
2026-09-13 06:32:46 +0200: Memory Usage (484896K) : Executing rule nldd_drw_Offgrid
2026-09-13 06:32:46 +0200: Memory Usage (484896K) : Executing rule pldd_drw_Offgrid
2026-09-13 06:32:46 +0200: Memory Usage (484896K) : Executing rule next_drw_Offgrid
2026-09-13 06:32:46 +0200: Memory Usage (484896K) : Executing rule pext_drw_Offgrid
2026-09-13 06:32:46 +0200: Memory Usage (484896K) : Executing rule nexthv_drw_Offgrid
2026-09-13 06:32:46 +0200: Memory Usage (484896K) : Executing rule pexthv_drw_Offgrid
2026-09-13 06:32:46 +0200: Memory Usage (484896K) : Executing rule graphgate_drw_Offgrid
2026-09-13 06:32:46 +0200: Memory Usage (484896K) : Executing rule mempad_drw_Offgrid
2026-09-13 06:32:46 +0200: Memory Usage (484896K) : Executing rule topvia1_drw_Offgrid
2026-09-13 06:32:46 +0200: Memory Usage (484896K) : Executing rule topmetal1_drw_Offgrid
2026-09-13 06:32:46 +0200: Memory Usage (484896K) : Executing rule topmetal1_mask_Offgrid
2026-09-13 06:32:46 +0200: Memory Usage (484896K) : Executing rule topmetal1_filler_Offgrid
2026-09-13 06:32:46 +0200: Memory Usage (484896K) : Executing rule topmetal1_slit_Offgrid
2026-09-13 06:32:46 +0200: Memory Usage (484896K) : Executing rule topmetal1_noqrc_Offgrid
2026-09-13 06:32:46 +0200: Memory Usage (484896K) : Executing rule topmetal1_res_Offgrid
2026-09-13 06:32:46 +0200: Memory Usage (484896K) : Executing rule topmetal1_iprobe_Offgrid
2026-09-13 06:32:46 +0200: Memory Usage (484896K) : Executing rule topmetal1_diffprb_Offgrid
2026-09-13 06:32:46 +0200: Memory Usage (484896K) : Executing rule inldpwl_drw_Offgrid
2026-09-13 06:32:46 +0200: Memory Usage (484896K) : Executing rule polyres_drw_Offgrid
2026-09-13 06:32:46 +0200: Memory Usage (484896K) : Executing rule vmim_drw_Offgrid
2026-09-13 06:32:46 +0200: Memory Usage (484896K) : Executing rule nbulaycut_drw_Offgrid
2026-09-13 06:32:46 +0200: Memory Usage (484896K) : Executing rule antmetal1_drw_Offgrid
2026-09-13 06:32:46 +0200: Memory Usage (484896K) : Executing rule topvia2_drw_Offgrid
2026-09-13 06:32:46 +0200: Memory Usage (484896K) : Executing rule topmetal2_drw_Offgrid
2026-09-13 06:32:46 +0200: Memory Usage (484896K) : Executing rule topmetal2_mask_Offgrid
2026-09-13 06:32:46 +0200: Memory Usage (484896K) : Executing rule topmetal2_filler_Offgrid
2026-09-13 06:32:46 +0200: Memory Usage (484896K) : Executing rule topmetal2_slit_Offgrid
2026-09-13 06:32:46 +0200: Memory Usage (484896K) : Executing rule topmetal2_noqrc_Offgrid
2026-09-13 06:32:46 +0200: Memory Usage (484896K) : Executing rule topmetal2_res_Offgrid
2026-09-13 06:32:46 +0200: Memory Usage (484896K) : Executing rule topmetal2_iprobe_Offgrid
2026-09-13 06:32:46 +0200: Memory Usage (484896K) : Executing rule topmetal2_diffprb_Offgrid
2026-09-13 06:32:46 +0200: Memory Usage (484896K) : Executing rule snsring_drw_Offgrid
2026-09-13 06:32:46 +0200: Memory Usage (484896K) : Executing rule sensor_drw_Offgrid
2026-09-13 06:32:46 +0200: Memory Usage (484896K) : Executing rule snsarms_drw_Offgrid
2026-09-13 06:32:46 +0200: Memory Usage (484896K) : Executing rule snscmosvia_drw_Offgrid
2026-09-13 06:32:46 +0200: Memory Usage (484896K) : Executing rule colwind_drw_Offgrid
2026-09-13 06:32:46 +0200: Memory Usage (484896K) : Executing rule flm_drw_Offgrid
2026-09-13 06:32:46 +0200: Memory Usage (484896K) : Executing rule hafniumox_drw_Offgrid
2026-09-13 06:32:46 +0200: Memory Usage (484896K) : Executing rule memvia_drw_Offgrid
2026-09-13 06:32:46 +0200: Memory Usage (484896K) : Executing rule thinfilmres_drw_Offgrid
2026-09-13 06:32:46 +0200: Memory Usage (484896K) : Executing rule rfmem_drw_Offgrid
2026-09-13 06:32:46 +0200: Memory Usage (484896K) : Executing rule snsbotvia_drw_Offgrid
2026-09-13 06:32:46 +0200: Memory Usage (484896K) : Executing rule snstopvia_drw_Offgrid
2026-09-13 06:32:46 +0200: Memory Usage (484896K) : Executing rule deepvia_drw_Offgrid
2026-09-13 06:32:46 +0200: Memory Usage (484896K) : Executing rule fgetch_drw_Offgrid
2026-09-13 06:32:46 +0200: Memory Usage (484896K) : Executing rule ctrgat_drw_Offgrid
2026-09-13 06:32:46 +0200: Memory Usage (484896K) : Executing rule fgimp_drw_Offgrid
2026-09-13 06:32:46 +0200: Memory Usage (484896K) : Executing rule emwihv_drw_Offgrid
2026-09-13 06:32:46 +0200: Memory Usage (484896K) : Executing rule lbe_drw_Offgrid
2026-09-13 06:32:46 +0200: Memory Usage (484896K) : Executing rule alcustop_drw_Offgrid
2026-09-13 06:32:46 +0200: Memory Usage (484896K) : Starting 3.2. angle table
2026-09-13 06:32:46 +0200: Memory Usage (484896K) : Executing rule activ_drw_Acute
2026-09-13 06:32:47 +0200: Memory Usage (484896K) : Executing rule activ_pin_Acute
2026-09-13 06:32:47 +0200: Memory Usage (484896K) : Executing rule activ_mask_Acute
2026-09-13 06:32:47 +0200: Memory Usage (484896K) : Executing rule activ_filler_Acute
2026-09-13 06:32:47 +0200: Memory Usage (484896K) : Executing rule activ_nofill_Acute
2026-09-13 06:32:47 +0200: Memory Usage (484896K) : Executing rule activ_opc_Acute
2026-09-13 06:32:47 +0200: Memory Usage (484896K) : Executing rule activ_iopc_Acute
2026-09-13 06:32:47 +0200: Memory Usage (484896K) : Executing rule activ_noqrc_Acute
2026-09-13 06:32:47 +0200: Memory Usage (484896K) : Executing rule biwind_drw_Acute
2026-09-13 06:32:47 +0200: Memory Usage (484896K) : Executing rule biwind_opc_Acute
2026-09-13 06:32:47 +0200: Memory Usage (484896K) : Executing rule pemwind_drw_Acute
2026-09-13 06:32:47 +0200: Memory Usage (484896K) : Executing rule gatpoly_drw_Acute
2026-09-13 06:32:47 +0200: Memory Usage (484896K) : Executing rule gatpoly_pin_Acute
2026-09-13 06:32:47 +0200: Memory Usage (485024K) : Executing rule gatpoly_filler_Acute
2026-09-13 06:32:47 +0200: Memory Usage (485152K) : Executing rule gatpoly_nofill_Acute
2026-09-13 06:32:47 +0200: Memory Usage (485408K) : Executing rule gatpoly_opc_Acute
2026-09-13 06:32:47 +0200: Memory Usage (485408K) : Executing rule gatpoly_iopc_Acute
2026-09-13 06:32:47 +0200: Memory Usage (485408K) : Executing rule gatpoly_noqrc_Acute
2026-09-13 06:32:47 +0200: Memory Usage (485408K) : Executing rule cont_drw_Acute
2026-09-13 06:32:48 +0200: Memory Usage (486328K) : Executing rule cont_opc_Acute
2026-09-13 06:32:48 +0200: Memory Usage (486328K) : Executing rule nsd_drw_Acute
2026-09-13 06:32:48 +0200: Memory Usage (486328K) : Executing rule nsd_block_Acute
2026-09-13 06:32:48 +0200: Memory Usage (486328K) : Executing rule metal1_drw_Acute
2026-09-13 06:32:48 +0200: Memory Usage (486328K) : Executing rule metal1_pin_Acute
2026-09-13 06:32:48 +0200: Memory Usage (486328K) : Executing rule metal1_mask_Acute
2026-09-13 06:32:48 +0200: Memory Usage (486328K) : Executing rule metal1_filler_Acute
2026-09-13 06:32:48 +0200: Memory Usage (486328K) : Executing rule metal1_nofill_Acute
2026-09-13 06:32:48 +0200: Memory Usage (486328K) : Executing rule metal1_slit_Acute
2026-09-13 06:32:48 +0200: Memory Usage (486328K) : Executing rule metal1_opc_Acute
2026-09-13 06:32:48 +0200: Memory Usage (486328K) : Executing rule metal1_noqrc_Acute
2026-09-13 06:32:48 +0200: Memory Usage (486328K) : Executing rule metal1_res_Acute
2026-09-13 06:32:48 +0200: Memory Usage (486328K) : Executing rule metal1_iprobe_Acute
2026-09-13 06:32:48 +0200: Memory Usage (486328K) : Executing rule metal1_diffprb_Acute
2026-09-13 06:32:48 +0200: Memory Usage (486328K) : Executing rule passiv_drw_Acute
2026-09-13 06:32:48 +0200: Memory Usage (486328K) : Executing rule passiv_pin_Acute
2026-09-13 06:32:48 +0200: Memory Usage (486328K) : Executing rule passiv_pillar_Acute
2026-09-13 06:32:48 +0200: Memory Usage (486328K) : Executing rule passiv_sbump_Acute
2026-09-13 06:32:48 +0200: Memory Usage (486328K) : Executing rule passiv_pdl_Acute
2026-09-13 06:32:48 +0200: Memory Usage (486328K) : Executing rule metal2_drw_Acute
2026-09-13 06:32:48 +0200: Memory Usage (486328K) : Executing rule metal2_pin_Acute
2026-09-13 06:32:48 +0200: Memory Usage (486328K) : Executing rule metal2_mask_Acute
2026-09-13 06:32:48 +0200: Memory Usage (486328K) : Executing rule metal2_filler_Acute
2026-09-13 06:32:48 +0200: Memory Usage (486328K) : Executing rule metal2_nofill_Acute
2026-09-13 06:32:48 +0200: Memory Usage (486328K) : Executing rule metal2_slit_Acute
2026-09-13 06:32:48 +0200: Memory Usage (486328K) : Executing rule metal2_opc_Acute
2026-09-13 06:32:48 +0200: Memory Usage (486328K) : Executing rule metal2_noqrc_Acute
2026-09-13 06:32:48 +0200: Memory Usage (486328K) : Executing rule metal2_res_Acute
2026-09-13 06:32:48 +0200: Memory Usage (486328K) : Executing rule metal2_iprobe_Acute
2026-09-13 06:32:48 +0200: Memory Usage (486328K) : Executing rule metal2_diffprb_Acute
2026-09-13 06:32:48 +0200: Memory Usage (486328K) : Executing rule baspoly_drw_Acute
2026-09-13 06:32:48 +0200: Memory Usage (486328K) : Executing rule baspoly_pin_Acute
2026-09-13 06:32:48 +0200: Memory Usage (486328K) : Executing rule psd_drw_Acute
2026-09-13 06:32:48 +0200: Memory Usage (486328K) : Executing rule nldb_drw_Acute
2026-09-13 06:32:48 +0200: Memory Usage (486328K) : Executing rule via1_drw_Acute
2026-09-13 06:32:49 +0200: Memory Usage (486840K) : Executing rule backmetal1_drw_Acute
2026-09-13 06:32:49 +0200: Memory Usage (486840K) : Executing rule backmetal1_pin_Acute
2026-09-13 06:32:49 +0200: Memory Usage (486840K) : Executing rule backmetal1_mask_Acute
2026-09-13 06:32:49 +0200: Memory Usage (486840K) : Executing rule backmetal1_filler_Acute
2026-09-13 06:32:49 +0200: Memory Usage (486840K) : Executing rule backmetal1_nofill_Acute
2026-09-13 06:32:49 +0200: Memory Usage (486840K) : Executing rule backmetal1_slit_Acute
2026-09-13 06:32:49 +0200: Memory Usage (486840K) : Executing rule backmetal1_opc_Acute
2026-09-13 06:32:49 +0200: Memory Usage (486840K) : Executing rule backmetal1_noqrc_Acute
2026-09-13 06:32:49 +0200: Memory Usage (486840K) : Executing rule backmetal1_res_Acute
2026-09-13 06:32:49 +0200: Memory Usage (486840K) : Executing rule backmetal1_iprobe_Acute
2026-09-13 06:32:49 +0200: Memory Usage (486840K) : Executing rule backmetal1_diffprb_Acute
2026-09-13 06:32:49 +0200: Memory Usage (486840K) : Executing rule backpassiv_drw_Acute
2026-09-13 06:32:49 +0200: Memory Usage (486840K) : Executing rule salblock_drw_Acute
2026-09-13 06:32:49 +0200: Memory Usage (486840K) : Executing rule via2_drw_Acute
2026-09-13 06:32:49 +0200: Memory Usage (486840K) : Executing rule metal3_drw_Acute
2026-09-13 06:32:49 +0200: Memory Usage (486840K) : Executing rule metal3_pin_Acute
2026-09-13 06:32:49 +0200: Memory Usage (486840K) : Executing rule metal3_mask_Acute
2026-09-13 06:32:49 +0200: Memory Usage (486840K) : Executing rule metal3_filler_Acute
2026-09-13 06:32:49 +0200: Memory Usage (486840K) : Executing rule metal3_nofill_Acute
2026-09-13 06:32:49 +0200: Memory Usage (486840K) : Executing rule metal3_slit_Acute
2026-09-13 06:32:49 +0200: Memory Usage (486840K) : Executing rule metal3_opc_Acute
2026-09-13 06:32:49 +0200: Memory Usage (486840K) : Executing rule metal3_noqrc_Acute
2026-09-13 06:32:49 +0200: Memory Usage (486840K) : Executing rule metal3_res_Acute
2026-09-13 06:32:49 +0200: Memory Usage (486840K) : Executing rule metal3_iprobe_Acute
2026-09-13 06:32:49 +0200: Memory Usage (486840K) : Executing rule metal3_diffprb_Acute
2026-09-13 06:32:49 +0200: Memory Usage (486840K) : Executing rule nwell_drw_Acute
2026-09-13 06:32:50 +0200: Memory Usage (486840K) : Executing rule nwell_pin_Acute
2026-09-13 06:32:50 +0200: Memory Usage (486840K) : Executing rule nbulay_drw_Acute
2026-09-13 06:32:50 +0200: Memory Usage (486840K) : Executing rule nbulay_pin_Acute
2026-09-13 06:32:50 +0200: Memory Usage (486840K) : Executing rule nbulay_block_Acute
2026-09-13 06:32:50 +0200: Memory Usage (486840K) : Executing rule pwell_drw_Acute
2026-09-13 06:32:50 +0200: Memory Usage (486840K) : Executing rule pwell_pin_Acute
2026-09-13 06:32:50 +0200: Memory Usage (486840K) : Executing rule pwell_block_Acute
2026-09-13 06:32:50 +0200: Memory Usage (486840K) : Executing rule emwind_drw_Acute
2026-09-13 06:32:50 +0200: Memory Usage (486840K) : Executing rule emwind_opc_Acute
2026-09-13 06:32:50 +0200: Memory Usage (486840K) : Executing rule deepco_drw_Acute
2026-09-13 06:32:50 +0200: Memory Usage (486840K) : Executing rule mim_drw_Acute
2026-09-13 06:32:50 +0200: Memory Usage (486840K) : Executing rule substrate_drw_Acute
2026-09-13 06:32:50 +0200: Memory Usage (486840K) : Executing rule ic_drw_Acute
2026-09-13 06:32:50 +0200: Memory Usage (486840K) : Executing rule via3_drw_Acute
2026-09-13 06:32:50 +0200: Memory Usage (486840K) : Executing rule pldb_drw_Acute
2026-09-13 06:32:50 +0200: Memory Usage (486840K) : Executing rule metal4_drw_Acute
2026-09-13 06:32:50 +0200: Memory Usage (486840K) : Executing rule metal4_pin_Acute
2026-09-13 06:32:50 +0200: Memory Usage (486840K) : Executing rule metal4_mask_Acute
2026-09-13 06:32:50 +0200: Memory Usage (486840K) : Executing rule metal4_filler_Acute
2026-09-13 06:32:50 +0200: Memory Usage (486840K) : Executing rule metal4_nofill_Acute
2026-09-13 06:32:50 +0200: Memory Usage (486840K) : Executing rule metal4_slit_Acute
2026-09-13 06:32:50 +0200: Memory Usage (486840K) : Executing rule metal4_opc_Acute
2026-09-13 06:32:50 +0200: Memory Usage (486840K) : Executing rule metal4_noqrc_Acute
2026-09-13 06:32:50 +0200: Memory Usage (486840K) : Executing rule metal4_res_Acute
2026-09-13 06:32:50 +0200: Memory Usage (486840K) : Executing rule metal4_iprobe_Acute
2026-09-13 06:32:50 +0200: Memory Usage (486840K) : Executing rule metal4_diffprb_Acute
2026-09-13 06:32:50 +0200: Memory Usage (486840K) : Executing rule via4_drw_Acute
2026-09-13 06:32:50 +0200: Memory Usage (486840K) : Executing rule metal5_drw_Acute
2026-09-13 06:32:50 +0200: Memory Usage (486840K) : Executing rule metal5_pin_Acute
2026-09-13 06:32:50 +0200: Memory Usage (486840K) : Executing rule metal5_mask_Acute
2026-09-13 06:32:50 +0200: Memory Usage (486840K) : Executing rule metal5_filler_Acute
2026-09-13 06:32:50 +0200: Memory Usage (486840K) : Executing rule metal5_nofill_Acute
2026-09-13 06:32:50 +0200: Memory Usage (486840K) : Executing rule metal5_slit_Acute
2026-09-13 06:32:50 +0200: Memory Usage (486840K) : Executing rule metal5_opc_Acute
2026-09-13 06:32:50 +0200: Memory Usage (486840K) : Executing rule metal5_noqrc_Acute
2026-09-13 06:32:51 +0200: Memory Usage (486840K) : Executing rule metal5_res_Acute
2026-09-13 06:32:51 +0200: Memory Usage (486840K) : Executing rule metal5_iprobe_Acute
2026-09-13 06:32:51 +0200: Memory Usage (486840K) : Executing rule metal5_diffprb_Acute
2026-09-13 06:32:51 +0200: Memory Usage (486840K) : Executing rule prboundary_drw_Acute
2026-09-13 06:32:51 +0200: Memory Usage (486840K) : Executing rule exchange0_drw_Acute
2026-09-13 06:32:51 +0200: Memory Usage (486840K) : Executing rule exchange0_pin_Acute
2026-09-13 06:32:51 +0200: Memory Usage (486840K) : Executing rule exchange1_drw_Acute
2026-09-13 06:32:51 +0200: Memory Usage (486840K) : Executing rule exchange1_pin_Acute
2026-09-13 06:32:51 +0200: Memory Usage (486840K) : Executing rule exchange2_drw_Acute
2026-09-13 06:32:51 +0200: Memory Usage (486840K) : Executing rule exchange2_pin_Acute
2026-09-13 06:32:51 +0200: Memory Usage (486840K) : Executing rule exchange3_drw_Acute
2026-09-13 06:32:51 +0200: Memory Usage (486840K) : Executing rule exchange3_pin_Acute
2026-09-13 06:32:51 +0200: Memory Usage (486840K) : Executing rule exchange4_drw_Acute
2026-09-13 06:32:51 +0200: Memory Usage (486840K) : Executing rule exchange4_pin_Acute
2026-09-13 06:32:51 +0200: Memory Usage (486840K) : Executing rule isonwell_drw_Acute
2026-09-13 06:32:51 +0200: Memory Usage (486840K) : Executing rule thickgateox_drw_Acute
2026-09-13 06:32:51 +0200: Memory Usage (486840K) : Executing rule pempoly_drw_Acute
2026-09-13 06:32:51 +0200: Memory Usage (486840K) : Executing rule fbe_drw_Acute
2026-09-13 06:32:51 +0200: Memory Usage (486840K) : Executing rule empoly_drw_Acute
2026-09-13 06:32:51 +0200: Memory Usage (486840K) : Executing rule ldmos_drw_Acute
2026-09-13 06:32:51 +0200: Memory Usage (486840K) : Executing rule pbiwind_drw_Acute
2026-09-13 06:32:51 +0200: Memory Usage (486840K) : Executing rule colopen_drw_Acute
2026-09-13 06:32:51 +0200: Memory Usage (486840K) : Executing rule extblock_drw_Acute
2026-09-13 06:32:51 +0200: Memory Usage (486840K) : Executing rule nldd_drw_Acute
2026-09-13 06:32:51 +0200: Memory Usage (486840K) : Executing rule pldd_drw_Acute
2026-09-13 06:32:51 +0200: Memory Usage (486840K) : Executing rule next_drw_Acute
2026-09-13 06:32:51 +0200: Memory Usage (486840K) : Executing rule pext_drw_Acute
2026-09-13 06:32:51 +0200: Memory Usage (486840K) : Executing rule nexthv_drw_Acute
2026-09-13 06:32:51 +0200: Memory Usage (486840K) : Executing rule pexthv_drw_Acute
2026-09-13 06:32:51 +0200: Memory Usage (486840K) : Executing rule graphgate_drw_Acute
2026-09-13 06:32:51 +0200: Memory Usage (486840K) : Executing rule mempad_drw_Acute
2026-09-13 06:32:51 +0200: Memory Usage (486840K) : Executing rule topvia1_drw_Acute
2026-09-13 06:32:51 +0200: Memory Usage (486840K) : Executing rule topmetal1_drw_Acute
2026-09-13 06:32:51 +0200: Memory Usage (486840K) : Executing rule topmetal1_pin_Acute
2026-09-13 06:32:51 +0200: Memory Usage (486840K) : Executing rule topmetal1_mask_Acute
2026-09-13 06:32:51 +0200: Memory Usage (486840K) : Executing rule topmetal1_filler_Acute
2026-09-13 06:32:51 +0200: Memory Usage (486840K) : Executing rule topmetal1_nofill_Acute
2026-09-13 06:32:51 +0200: Memory Usage (486840K) : Executing rule topmetal1_slit_Acute
2026-09-13 06:32:51 +0200: Memory Usage (486840K) : Executing rule topmetal1_noqrc_Acute
2026-09-13 06:32:51 +0200: Memory Usage (486840K) : Executing rule topmetal1_res_Acute
2026-09-13 06:32:51 +0200: Memory Usage (486840K) : Executing rule topmetal1_iprobe_Acute
2026-09-13 06:32:51 +0200: Memory Usage (486840K) : Executing rule topmetal1_diffprb_Acute
2026-09-13 06:32:51 +0200: Memory Usage (486840K) : Executing rule inldpwl_drw_Acute
2026-09-13 06:32:51 +0200: Memory Usage (486840K) : Executing rule polyres_drw_Acute
2026-09-13 06:32:51 +0200: Memory Usage (486840K) : Executing rule polyres_pin_Acute
2026-09-13 06:32:51 +0200: Memory Usage (486840K) : Executing rule vmim_drw_Acute
2026-09-13 06:32:51 +0200: Memory Usage (486840K) : Executing rule nbulaycut_drw_Acute
2026-09-13 06:32:51 +0200: Memory Usage (486840K) : Executing rule antmetal1_drw_Acute
2026-09-13 06:32:51 +0200: Memory Usage (486840K) : Executing rule topvia2_drw_Acute
2026-09-13 06:32:51 +0200: Memory Usage (486840K) : Executing rule topmetal2_drw_Acute
2026-09-13 06:32:51 +0200: Memory Usage (486840K) : Executing rule topmetal2_pin_Acute
2026-09-13 06:32:51 +0200: Memory Usage (486840K) : Executing rule topmetal2_mask_Acute
2026-09-13 06:32:51 +0200: Memory Usage (486840K) : Executing rule topmetal2_filler_Acute
2026-09-13 06:32:51 +0200: Memory Usage (486840K) : Executing rule topmetal2_nofill_Acute
2026-09-13 06:32:51 +0200: Memory Usage (486840K) : Executing rule topmetal2_slit_Acute
2026-09-13 06:32:51 +0200: Memory Usage (486840K) : Executing rule topmetal2_noqrc_Acute
2026-09-13 06:32:51 +0200: Memory Usage (486840K) : Executing rule topmetal2_res_Acute
2026-09-13 06:32:51 +0200: Memory Usage (486840K) : Executing rule topmetal2_iprobe_Acute
2026-09-13 06:32:51 +0200: Memory Usage (486840K) : Executing rule topmetal2_diffprb_Acute
2026-09-13 06:32:51 +0200: Memory Usage (486840K) : Executing rule snsring_drw_Acute
2026-09-13 06:32:51 +0200: Memory Usage (486840K) : Executing rule sensor_drw_Acute
2026-09-13 06:32:51 +0200: Memory Usage (486840K) : Executing rule snsarms_drw_Acute
2026-09-13 06:32:51 +0200: Memory Usage (486840K) : Executing rule snscmosvia_drw_Acute
2026-09-13 06:32:51 +0200: Memory Usage (486840K) : Executing rule colwind_drw_Acute
2026-09-13 06:32:51 +0200: Memory Usage (486840K) : Executing rule flm_drw_Acute
2026-09-13 06:32:51 +0200: Memory Usage (486840K) : Executing rule hafniumox_drw_Acute
2026-09-13 06:32:51 +0200: Memory Usage (486840K) : Executing rule memvia_drw_Acute
2026-09-13 06:32:51 +0200: Memory Usage (486840K) : Executing rule thinfilmres_drw_Acute
2026-09-13 06:32:51 +0200: Memory Usage (486840K) : Executing rule rfmem_drw_Acute
2026-09-13 06:32:51 +0200: Memory Usage (486840K) : Executing rule snsbotvia_drw_Acute
2026-09-13 06:32:51 +0200: Memory Usage (486840K) : Executing rule snstopvia_drw_Acute
2026-09-13 06:32:51 +0200: Memory Usage (486840K) : Executing rule deepvia_drw_Acute
2026-09-13 06:32:51 +0200: Memory Usage (486840K) : Executing rule fgetch_drw_Acute
2026-09-13 06:32:51 +0200: Memory Usage (486840K) : Executing rule ctrgat_drw_Acute
2026-09-13 06:32:51 +0200: Memory Usage (486840K) : Executing rule fgimp_drw_Acute
2026-09-13 06:32:51 +0200: Memory Usage (486840K) : Executing rule emwihv_drw_Acute
2026-09-13 06:32:51 +0200: Memory Usage (486840K) : Executing rule lbe_drw_Acute
2026-09-13 06:32:51 +0200: Memory Usage (486840K) : Executing rule alcustop_drw_Acute
2026-09-13 06:32:51 +0200: Memory Usage (486840K) : Executing rule cont_drw_Angle90
2026-09-13 06:32:56 +0200: Memory Usage (515436K) : Executing rule via1_drw_Angle90
2026-09-13 06:32:57 +0200: Memory Usage (516204K) : Executing rule via2_drw_Angle90
2026-09-13 06:32:57 +0200: Memory Usage (516204K) : Executing rule via3_drw_Angle90
2026-09-13 06:32:57 +0200: Memory Usage (516204K) : Executing rule via4_drw_Angle90
2026-09-13 06:32:57 +0200: Memory Usage (516204K) : Executing rule vmim_drw_Angle90
2026-09-13 06:32:57 +0200: Memory Usage (516716K) : Executing rule topvia1_drw_Angle90
2026-09-13 06:32:57 +0200: Memory Usage (516716K) : Executing rule topvia2_drw_Angle90
2026-09-13 06:32:57 +0200: Memory Usage (516716K) : Executing rule gatpoly_drw_Angle45
2026-09-13 06:32:57 +0200: Memory Usage (516716K) : Executing rule activ_drw_Angle45
2026-09-13 06:32:58 +0200: Memory Usage (516716K) : Executing rule metal1_drw_Angle45
2026-09-13 06:32:58 +0200: Memory Usage (516716K) : Executing rule metal2_drw_Angle45
2026-09-13 06:32:58 +0200: Memory Usage (516716K) : Executing rule metal3_drw_Angle45
2026-09-13 06:32:59 +0200: Memory Usage (516716K) : Executing rule metal4_drw_Angle45
2026-09-13 06:32:59 +0200: Memory Usage (516716K) : Executing rule metal5_drw_Angle45
2026-09-13 06:32:59 +0200: Memory Usage (516716K) : Executing rule topmetal1_drw_Angle45
2026-09-13 06:32:59 +0200: Memory Usage (516716K) : Executing rule topmetal2_drw_Angle45
2026-09-13 06:32:59 +0200: Memory Usage (516716K) : Starting 3.2. FORBIDDEN table
2026-09-13 06:32:59 +0200: Memory Usage (516716K) : Executing rule forbidden.biwind
2026-09-13 06:32:59 +0200: Memory Usage (516716K) : Executing rule forbidden.pemwind
2026-09-13 06:32:59 +0200: Memory Usage (516716K) : Executing rule forbidden.baspoly
2026-09-13 06:32:59 +0200: Memory Usage (516716K) : Executing rule forbidden.deepco
2026-09-13 06:32:59 +0200: Memory Usage (516716K) : Executing rule forbidden.pempoly
2026-09-13 06:32:59 +0200: Memory Usage (516716K) : Executing rule forbidden.empoly
2026-09-13 06:32:59 +0200: Memory Usage (516716K) : Executing rule forbidden.ldmos
2026-09-13 06:32:59 +0200: Memory Usage (516716K) : Executing rule forbidden.pbiwind
2026-09-13 06:32:59 +0200: Memory Usage (516716K) : Executing rule forbidden.nodrc
2026-09-13 06:32:59 +0200: Memory Usage (516716K) : Executing rule forbidden.flash
2026-09-13 06:32:59 +0200: Memory Usage (516716K) : Executing rule forbidden.colwind
2026-09-13 06:32:59 +0200: Memory Usage (516716K) : KLayout DRC run for tables 'main' completed in 24.36 seconds
