# Logfile created on 2026-09-21 21:40:37 +0700 by logger.rb/61378
2026-09-21 21:40:37 +0700: Memory Usage (416608K) : Starting running SG13G2 Klayout LVS runset on /home/admin/work/final/IHP__MSPHY6034/dependencies/ADC/release/v.1.0.0/gds/SAR_ADC.gds
2026-09-21 21:40:37 +0700: Memory Usage (416608K) : Ruby Version for klayout: 2.5.9
2026-09-21 21:40:37 +0700: Memory Usage (416608K) : Loading database to memory is complete.
2026-09-21 21:40:37 +0700: Memory Usage (416608K) : SG13G2 Klayout LVS runset output at: /home/admin/work/final/IHP__MSPHY6034/dependencies/ADC/ADC-main/verification/lvs/lvs_run_SAR_ADC/SAR_ADC.lvsdb
2026-09-21 21:40:37 +0700: Memory Usage (416608K) : Evaluate switches.
2026-09-21 21:40:37 +0700: Memory Usage (416608K) : Extracted netlist with net names: true
2026-09-21 21:40:37 +0700: Memory Usage (416608K) : Extracted netlist with comments in details: false
2026-09-21 21:40:37 +0700: Memory Usage (416608K) : Selected NET_ONLY option: false
2026-09-21 21:40:37 +0700: Memory Usage (416608K) : Selected LAYOUT_NETLIST option: (none)
2026-09-21 21:40:37 +0700: Memory Usage (416608K) : Selected IGNORE_TOP_PORTS_MISMATCH option: 
2026-09-21 21:40:37 +0700: Memory Usage (416608K) : Selected IMPLICIT_NETS option: (none)
2026-09-21 21:40:37 +0700: Memory Usage (416608K) : Selected TOP_LVL_PINS option: false
2026-09-21 21:40:37 +0700: Memory Usage (416608K) : Selected COMBINE DEVICES option: false
2026-09-21 21:40:37 +0700: Memory Usage (416608K) : Selected PURGE option: false
2026-09-21 21:40:37 +0700: Memory Usage (416608K) : Selected PURGE_NETS option: false
2026-09-21 21:40:37 +0700: Memory Usage (416608K) : Selected SIMPLIFY option: true
2026-09-21 21:40:37 +0700: Memory Usage (416608K) : Selected SERIES_RES option: true
2026-09-21 21:40:37 +0700: Memory Usage (416608K) : Selected PARALLEL_RES option: true
2026-09-21 21:40:37 +0700: Memory Usage (416608K) : flat  mode is enabled.
2026-09-21 21:40:37 +0700: Memory Usage (417824K) : Netlist file: /home/admin/work/final/IHP__MSPHY6034/dependencies/ADC/ADC-main/verification/lvs/lvs_run_SAR_ADC/SAR_ADC_netlist_fixed.spice
2026-09-21 21:40:37 +0700: Memory Usage (417824K) : LVS extracted netlist at: /home/admin/work/final/IHP__MSPHY6034/dependencies/ADC/ADC-main/verification/lvs/lvs_run_SAR_ADC/SAR_ADC_extracted.cir
2026-09-21 21:40:37 +0700: Memory Usage (417824K) : Applying SRAM integration support.
2026-09-21 21:40:37 +0700: Memory Usage (417824K) : Starting SG13G2 LVS runset
2026-09-21 21:40:37 +0700: Memory Usage (417824K) : Read in polygons from layers.
2026-09-21 21:40:37 +0700: Memory Usage (419952K) : activ_drw has 1516 polygons
2026-09-21 21:40:37 +0700: Memory Usage (419952K) : activ_filler has 0 polygons
2026-09-21 21:40:37 +0700: Memory Usage (419952K) : activ has 1516 polygons
2026-09-21 21:40:37 +0700: Memory Usage (419952K) : activ_pin has 0 polygons
2026-09-21 21:40:37 +0700: Memory Usage (419952K) : activ_mask has 0 polygons
2026-09-21 21:40:37 +0700: Memory Usage (419952K) : activ_nofill has 0 polygons
2026-09-21 21:40:37 +0700: Memory Usage (419952K) : activ_OPC has 0 polygons
2026-09-21 21:40:37 +0700: Memory Usage (419952K) : activ_iOPC has 0 polygons
2026-09-21 21:40:37 +0700: Memory Usage (419952K) : activ_noqrc has 0 polygons
2026-09-21 21:40:37 +0700: Memory Usage (419952K) : biwind_drw has 0 polygons
2026-09-21 21:40:37 +0700: Memory Usage (419952K) : biwind_OPC has 0 polygons
2026-09-21 21:40:37 +0700: Memory Usage (420640K) : gatpoly_drw has 1944 polygons
2026-09-21 21:40:37 +0700: Memory Usage (420640K) : gatpoly_filler has 0 polygons
2026-09-21 21:40:37 +0700: Memory Usage (420640K) : gatpoly has 1944 polygons
2026-09-21 21:40:37 +0700: Memory Usage (420904K) : gatpoly_pin has 80 polygons
2026-09-21 21:40:37 +0700: Memory Usage (421168K) : gatpoly_nofill has 0 polygons
2026-09-21 21:40:37 +0700: Memory Usage (421168K) : gatpoly_OPC has 0 polygons
2026-09-21 21:40:37 +0700: Memory Usage (421168K) : gatpoly_iOPC has 0 polygons
2026-09-21 21:40:37 +0700: Memory Usage (421432K) : gatpoly_noqrc has 0 polygons
2026-09-21 21:40:37 +0700: Memory Usage (424248K) : cont_drw has 16606 polygons
2026-09-21 21:40:37 +0700: Memory Usage (424248K) : cont_OPC has 0 polygons
2026-09-21 21:40:37 +0700: Memory Usage (424248K) : nsd_drw has 0 polygons
2026-09-21 21:40:38 +0700: Memory Usage (424248K) : nsd_block has 0 polygons
2026-09-21 21:40:38 +0700: Memory Usage (427528K) : metal1_drw has 1364 polygons
2026-09-21 21:40:38 +0700: Memory Usage (427528K) : metal1_filler has 0 polygons
2026-09-21 21:40:38 +0700: Memory Usage (427528K) : metal1_slit has 0 polygons
2026-09-21 21:40:38 +0700: Memory Usage (427528K) : metal1 has 1364 polygons
2026-09-21 21:40:38 +0700: Memory Usage (427528K) : metal1_pin has 662 polygons
2026-09-21 21:40:38 +0700: Memory Usage (427528K) : metal1_mask has 0 polygons
2026-09-21 21:40:38 +0700: Memory Usage (427528K) : metal1_nofill has 0 polygons
2026-09-21 21:40:38 +0700: Memory Usage (427528K) : metal1_text has 0 polygons
2026-09-21 21:40:38 +0700: Memory Usage (427528K) : metal1_OPC has 0 polygons
2026-09-21 21:40:38 +0700: Memory Usage (427528K) : metal1_noqrc has 0 polygons
2026-09-21 21:40:38 +0700: Memory Usage (427528K) : metal1_res has 0 polygons
2026-09-21 21:40:38 +0700: Memory Usage (427528K) : metal1_iprobe has 0 polygons
2026-09-21 21:40:38 +0700: Memory Usage (427528K) : metal1_diffprb has 0 polygons
2026-09-21 21:40:38 +0700: Memory Usage (427528K) : passiv_drw has 0 polygons
2026-09-21 21:40:38 +0700: Memory Usage (427528K) : passiv_pin has 0 polygons
2026-09-21 21:40:38 +0700: Memory Usage (427528K) : passiv_sbump has 0 polygons
2026-09-21 21:40:38 +0700: Memory Usage (427528K) : passiv_pillar has 0 polygons
2026-09-21 21:40:38 +0700: Memory Usage (427840K) : passiv_pdl has 0 polygons
2026-09-21 21:40:38 +0700: Memory Usage (428104K) : metal2_drw has 704 polygons
2026-09-21 21:40:38 +0700: Memory Usage (428104K) : metal2_filler has 0 polygons
2026-09-21 21:40:38 +0700: Memory Usage (428104K) : metal2_slit has 0 polygons
2026-09-21 21:40:38 +0700: Memory Usage (428104K) : metal2 has 704 polygons
2026-09-21 21:40:38 +0700: Memory Usage (428104K) : metal2_pin has 12 polygons
2026-09-21 21:40:38 +0700: Memory Usage (428104K) : metal2_mask has 0 polygons
2026-09-21 21:40:38 +0700: Memory Usage (428104K) : metal2_nofill has 0 polygons
2026-09-21 21:40:38 +0700: Memory Usage (428104K) : metal2_text has 16 polygons
2026-09-21 21:40:38 +0700: Memory Usage (428104K) : metal2_OPC has 0 polygons
2026-09-21 21:40:38 +0700: Memory Usage (428104K) : metal2_noqrc has 0 polygons
2026-09-21 21:40:38 +0700: Memory Usage (428368K) : metal2_res has 0 polygons
2026-09-21 21:40:38 +0700: Memory Usage (428368K) : metal2_iprobe has 0 polygons
2026-09-21 21:40:38 +0700: Memory Usage (428632K) : metal2_diffprb has 0 polygons
2026-09-21 21:40:38 +0700: Memory Usage (428632K) : baspoly_drw has 0 polygons
2026-09-21 21:40:38 +0700: Memory Usage (428896K) : baspoly_pin has 0 polygons
2026-09-21 21:40:38 +0700: Memory Usage (429160K) : psd_drw has 140 polygons
2026-09-21 21:40:38 +0700: Memory Usage (429160K) : nldb_drw has 0 polygons
2026-09-21 21:40:38 +0700: Memory Usage (429424K) : digibnd_drw has 0 polygons
2026-09-21 21:40:38 +0700: Memory Usage (429688K) : via1_drw has 1876 polygons
2026-09-21 21:40:38 +0700: Memory Usage (429952K) : backmetal1_drw has 0 polygons
2026-09-21 21:40:38 +0700: Memory Usage (429952K) : backmetal1_pin has 0 polygons
2026-09-21 21:40:38 +0700: Memory Usage (429952K) : backmetal1_mask has 0 polygons
2026-09-21 21:40:38 +0700: Memory Usage (430216K) : backmetal1_filler has 0 polygons
2026-09-21 21:40:38 +0700: Memory Usage (430216K) : backmetal1_nofill has 0 polygons
2026-09-21 21:40:38 +0700: Memory Usage (430480K) : backmetal1_slit has 0 polygons
2026-09-21 21:40:38 +0700: Memory Usage (430480K) : backmetal1_text has 0 polygons
2026-09-21 21:40:38 +0700: Memory Usage (430804K) : backmetal1_OPC has 0 polygons
2026-09-21 21:40:38 +0700: Memory Usage (430804K) : backmetal1_noqrc has 0 polygons
2026-09-21 21:40:38 +0700: Memory Usage (430804K) : backmetal1_res has 0 polygons
2026-09-21 21:40:38 +0700: Memory Usage (430804K) : backmetal1_iprobe has 0 polygons
2026-09-21 21:40:38 +0700: Memory Usage (430804K) : backmetal1_diffprb has 0 polygons
2026-09-21 21:40:38 +0700: Memory Usage (430804K) : backpassiv_drw has 0 polygons
2026-09-21 21:40:38 +0700: Memory Usage (430804K) : res_drw has 0 polygons
2026-09-21 21:40:38 +0700: Memory Usage (430804K) : sram_drw has 0 polygons
2026-09-21 21:40:38 +0700: Memory Usage (430804K) : trans_drw has 0 polygons
2026-09-21 21:40:38 +0700: Memory Usage (430804K) : ind_drw has 0 polygons
2026-09-21 21:40:38 +0700: Memory Usage (430804K) : ind_pin has 0 polygons
2026-09-21 21:40:38 +0700: Memory Usage (430804K) : ind_text has 0 polygons
2026-09-21 21:40:38 +0700: Memory Usage (430804K) : salblock_drw has 0 polygons
2026-09-21 21:40:38 +0700: Memory Usage (430804K) : via2_drw has 1575 polygons
2026-09-21 21:40:38 +0700: Memory Usage (430804K) : metal3_drw has 337 polygons
2026-09-21 21:40:38 +0700: Memory Usage (430804K) : metal3_filler has 0 polygons
2026-09-21 21:40:38 +0700: Memory Usage (430804K) : metal3_slit has 0 polygons
2026-09-21 21:40:38 +0700: Memory Usage (430804K) : metal3 has 337 polygons
2026-09-21 21:40:38 +0700: Memory Usage (430804K) : metal3_pin has 3 polygons
2026-09-21 21:40:38 +0700: Memory Usage (430804K) : metal3_mask has 0 polygons
2026-09-21 21:40:38 +0700: Memory Usage (430804K) : metal3_nofill has 0 polygons
2026-09-21 21:40:38 +0700: Memory Usage (430804K) : metal3_text has 3 polygons
2026-09-21 21:40:38 +0700: Memory Usage (430804K) : metal3_OPC has 0 polygons
2026-09-21 21:40:38 +0700: Memory Usage (430804K) : metal3_noqrc has 0 polygons
2026-09-21 21:40:38 +0700: Memory Usage (430804K) : metal3_res has 0 polygons
2026-09-21 21:40:38 +0700: Memory Usage (430804K) : metal3_iprobe has 0 polygons
2026-09-21 21:40:38 +0700: Memory Usage (430804K) : metal3_diffprb has 0 polygons
2026-09-21 21:40:38 +0700: Memory Usage (430804K) : nwell_drw has 17 polygons
2026-09-21 21:40:38 +0700: Memory Usage (430804K) : nwell_pin has 0 polygons
2026-09-21 21:40:38 +0700: Memory Usage (430804K) : nwell_text has 0 polygons
2026-09-21 21:40:38 +0700: Memory Usage (430804K) : nbulay_drw has 29 polygons
2026-09-21 21:40:38 +0700: Memory Usage (430804K) : nbulay_pin has 0 polygons
2026-09-21 21:40:38 +0700: Memory Usage (430804K) : nbulay_block has 0 polygons
2026-09-21 21:40:38 +0700: Memory Usage (430804K) : emwind_drw has 0 polygons
2026-09-21 21:40:38 +0700: Memory Usage (430804K) : emwind_OPC has 0 polygons
2026-09-21 21:40:38 +0700: Memory Usage (430804K) : deepco_drw has 0 polygons
2026-09-21 21:40:38 +0700: Memory Usage (430804K) : mim_drw has 345 polygons
2026-09-21 21:40:38 +0700: Memory Usage (430804K) : edgeseal_drw has 0 polygons
2026-09-21 21:40:38 +0700: Memory Usage (430804K) : substrate_drw has 68 polygons
2026-09-21 21:40:38 +0700: Memory Usage (430804K) : substrate_text has 0 polygons
2026-09-21 21:40:38 +0700: Memory Usage (430804K) : dfpad_drw has 0 polygons
2026-09-21 21:40:38 +0700: Memory Usage (430804K) : dfpad_pillar has 0 polygons
2026-09-21 21:40:38 +0700: Memory Usage (430804K) : dfpad_sbump has 0 polygons
2026-09-21 21:40:38 +0700: Memory Usage (430804K) : thickgateox_drw has 0 polygons
2026-09-21 21:40:38 +0700: Memory Usage (430804K) : pldb_drw has 0 polygons
2026-09-21 21:40:38 +0700: Memory Usage (430804K) : pwell_drw has 50 polygons
2026-09-21 21:40:38 +0700: Memory Usage (430804K) : pwell_pin has 0 polygons
2026-09-21 21:40:38 +0700: Memory Usage (430804K) : pwell_block has 0 polygons
2026-09-21 21:40:38 +0700: Memory Usage (430804K) : ic_drw has 0 polygons
2026-09-21 21:40:38 +0700: Memory Usage (430804K) : via3_drw has 910 polygons
2026-09-21 21:40:38 +0700: Memory Usage (430804K) : metal4_drw has 121 polygons
2026-09-21 21:40:38 +0700: Memory Usage (430804K) : metal4_filler has 0 polygons
2026-09-21 21:40:38 +0700: Memory Usage (430804K) : metal4_slit has 0 polygons
2026-09-21 21:40:38 +0700: Memory Usage (430804K) : metal4 has 121 polygons
2026-09-21 21:40:38 +0700: Memory Usage (430804K) : metal4_pin has 0 polygons
2026-09-21 21:40:38 +0700: Memory Usage (430804K) : metal4_mask has 0 polygons
2026-09-21 21:40:38 +0700: Memory Usage (430804K) : metal4_nofill has 0 polygons
2026-09-21 21:40:38 +0700: Memory Usage (430804K) : metal4_text has 0 polygons
2026-09-21 21:40:38 +0700: Memory Usage (430804K) : metal4_OPC has 0 polygons
2026-09-21 21:40:38 +0700: Memory Usage (430804K) : metal4_noqrc has 0 polygons
2026-09-21 21:40:38 +0700: Memory Usage (430804K) : metal4_res has 0 polygons
2026-09-21 21:40:38 +0700: Memory Usage (430804K) : metal4_iprobe has 0 polygons
2026-09-21 21:40:38 +0700: Memory Usage (430804K) : metal4_diffprb has 0 polygons
2026-09-21 21:40:38 +0700: Memory Usage (430804K) : heattrans_drw has 164 polygons
2026-09-21 21:40:38 +0700: Memory Usage (430804K) : heatres_drw has 0 polygons
2026-09-21 21:40:38 +0700: Memory Usage (430804K) : fbe_drw has 0 polygons
2026-09-21 21:40:38 +0700: Memory Usage (430804K) : empoly_drw has 0 polygons
2026-09-21 21:40:38 +0700: Memory Usage (431092K) : digisub_drw has 0 polygons
2026-09-21 21:40:38 +0700: Memory Usage (431160K) : text_drw has 188 polygons
2026-09-21 21:40:38 +0700: Memory Usage (431308K) : via4_drw has 886 polygons
2026-09-21 21:40:38 +0700: Memory Usage (431648K) : metal5_drw has 119 polygons
2026-09-21 21:40:38 +0700: Memory Usage (431648K) : metal5_filler has 0 polygons
2026-09-21 21:40:38 +0700: Memory Usage (431812K) : metal5_slit has 0 polygons
2026-09-21 21:40:38 +0700: Memory Usage (431956K) : metal5 has 119 polygons
2026-09-21 21:40:38 +0700: Memory Usage (432140K) : metal5_pin has 0 polygons
2026-09-21 21:40:38 +0700: Memory Usage (432140K) : metal5_mask has 0 polygons
2026-09-21 21:40:38 +0700: Memory Usage (432400K) : metal5_nofill has 0 polygons
2026-09-21 21:40:38 +0700: Memory Usage (432400K) : metal5_text has 0 polygons
2026-09-21 21:40:38 +0700: Memory Usage (432652K) : metal5_OPC has 0 polygons
2026-09-21 21:40:38 +0700: Memory Usage (432732K) : metal5_noqrc has 0 polygons
2026-09-21 21:40:38 +0700: Memory Usage (432940K) : metal5_res has 0 polygons
2026-09-21 21:40:38 +0700: Memory Usage (432940K) : metal5_iprobe has 0 polygons
2026-09-21 21:40:38 +0700: Memory Usage (433188K) : metal5_diffprb has 0 polygons
2026-09-21 21:40:38 +0700: Memory Usage (433188K) : radhard_drw has 0 polygons
2026-09-21 21:40:38 +0700: Memory Usage (433436K) : memcap_drw has 0 polygons
2026-09-21 21:40:38 +0700: Memory Usage (433684K) : varicap_drw has 0 polygons
2026-09-21 21:40:38 +0700: Memory Usage (433684K) : intbondvia_drw has 0 polygons
2026-09-21 21:40:38 +0700: Memory Usage (433904K) : intbondmet_drw has 0 polygons
2026-09-21 21:40:38 +0700: Memory Usage (434144K) : devbondvia_drw has 0 polygons
2026-09-21 21:40:38 +0700: Memory Usage (434276K) : devbondmet_drw has 0 polygons
2026-09-21 21:40:38 +0700: Memory Usage (434384K) : devtrench_drw has 0 polygons
2026-09-21 21:40:38 +0700: Memory Usage (434504K) : redist_drw has 0 polygons
2026-09-21 21:40:38 +0700: Memory Usage (434732K) : graphbot_drw has 0 polygons
2026-09-21 21:40:38 +0700: Memory Usage (434908K) : graphtop_drw has 0 polygons
2026-09-21 21:40:38 +0700: Memory Usage (434908K) : antvia1_drw has 0 polygons
2026-09-21 21:40:38 +0700: Memory Usage (434908K) : antmetal2_drw has 0 polygons
2026-09-21 21:40:38 +0700: Memory Usage (434908K) : graphcont_drw has 0 polygons
2026-09-21 21:40:38 +0700: Memory Usage (434908K) : siwg_drw has 0 polygons
2026-09-21 21:40:38 +0700: Memory Usage (434908K) : siwg_filler has 0 polygons
2026-09-21 21:40:38 +0700: Memory Usage (434908K) : siwg_nofill has 0 polygons
2026-09-21 21:40:38 +0700: Memory Usage (434908K) : sigrating_drw has 0 polygons
2026-09-21 21:40:38 +0700: Memory Usage (434908K) : singrating_drw has 0 polygons
2026-09-21 21:40:38 +0700: Memory Usage (434908K) : graphpas_drw has 0 polygons
2026-09-21 21:40:38 +0700: Memory Usage (434908K) : emwind3_drw has 0 polygons
2026-09-21 21:40:38 +0700: Memory Usage (434908K) : emwihv3_drw has 0 polygons
2026-09-21 21:40:38 +0700: Memory Usage (434908K) : redbulay_drw has 0 polygons
2026-09-21 21:40:38 +0700: Memory Usage (434908K) : smos_drw has 0 polygons
2026-09-21 21:40:38 +0700: Memory Usage (434908K) : graphpad_drw has 0 polygons
2026-09-21 21:40:38 +0700: Memory Usage (434908K) : polimide_drw has 0 polygons
2026-09-21 21:40:38 +0700: Memory Usage (434908K) : polimide_pin has 0 polygons
2026-09-21 21:40:38 +0700: Memory Usage (434908K) : recog_drw has 0 polygons
2026-09-21 21:40:38 +0700: Memory Usage (434908K) : recog_pin has 0 polygons
2026-09-21 21:40:38 +0700: Memory Usage (434908K) : recog_esd has 0 polygons
2026-09-21 21:40:38 +0700: Memory Usage (434908K) : recog_diode has 0 polygons
2026-09-21 21:40:38 +0700: Memory Usage (434908K) : recog_tsv has 0 polygons
2026-09-21 21:40:38 +0700: Memory Usage (434908K) : recog_iprobe has 0 polygons
2026-09-21 21:40:38 +0700: Memory Usage (434908K) : recog_diffprb has 0 polygons
2026-09-21 21:40:38 +0700: Memory Usage (434908K) : recog_pillar has 0 polygons
2026-09-21 21:40:38 +0700: Memory Usage (434908K) : recog_sbump has 0 polygons
2026-09-21 21:40:38 +0700: Memory Usage (434908K) : recog_otp has 0 polygons
2026-09-21 21:40:38 +0700: Memory Usage (434908K) : recog_pdiode has 0 polygons
2026-09-21 21:40:38 +0700: Memory Usage (434908K) : recog_mom has 0 polygons
2026-09-21 21:40:38 +0700: Memory Usage (434908K) : recog_pcm has 0 polygons
2026-09-21 21:40:38 +0700: Memory Usage (434908K) : colopen_drw has 0 polygons
2026-09-21 21:40:38 +0700: Memory Usage (434908K) : graphmetal1_drw has 0 polygons
2026-09-21 21:40:38 +0700: Memory Usage (434908K) : graphmetal1_filler has 0 polygons
2026-09-21 21:40:38 +0700: Memory Usage (434908K) : graphmetal1_nofill has 0 polygons
2026-09-21 21:40:38 +0700: Memory Usage (434908K) : graphmetal1_slit has 0 polygons
2026-09-21 21:40:38 +0700: Memory Usage (434908K) : graphmetal1_OPC has 0 polygons
2026-09-21 21:40:38 +0700: Memory Usage (434908K) : graphmet1l_drw has 0 polygons
2026-09-21 21:40:38 +0700: Memory Usage (434908K) : graphmet1l_filler has 0 polygons
2026-09-21 21:40:38 +0700: Memory Usage (434908K) : graphmet1l_nofill has 0 polygons
2026-09-21 21:40:38 +0700: Memory Usage (434908K) : graphmet1l_slit has 0 polygons
2026-09-21 21:40:38 +0700: Memory Usage (434908K) : graphmet1l_OPC has 0 polygons
2026-09-21 21:40:38 +0700: Memory Usage (434908K) : extblock_drw has 0 polygons
2026-09-21 21:40:38 +0700: Memory Usage (434908K) : nldd_drw has 0 polygons
2026-09-21 21:40:38 +0700: Memory Usage (434908K) : pldd_drw has 0 polygons
2026-09-21 21:40:38 +0700: Memory Usage (434908K) : next_drw has 0 polygons
2026-09-21 21:40:38 +0700: Memory Usage (434908K) : pext_drw has 0 polygons
2026-09-21 21:40:39 +0700: Memory Usage (434908K) : nexthv_drw has 0 polygons
2026-09-21 21:40:39 +0700: Memory Usage (434908K) : pexthv_drw has 0 polygons
2026-09-21 21:40:39 +0700: Memory Usage (434908K) : graphgate_drw has 0 polygons
2026-09-21 21:40:39 +0700: Memory Usage (434908K) : sinwg_drw has 0 polygons
2026-09-21 21:40:39 +0700: Memory Usage (434908K) : sinwg_filler has 0 polygons
2026-09-21 21:40:39 +0700: Memory Usage (434908K) : sinwg_nofill has 0 polygons
2026-09-21 21:40:39 +0700: Memory Usage (434908K) : mempad_drw has 0 polygons
2026-09-21 21:40:39 +0700: Memory Usage (434908K) : topvia1_drw has 375 polygons
2026-09-21 21:40:39 +0700: Memory Usage (434908K) : topmetal1_drw has 39 polygons
2026-09-21 21:40:39 +0700: Memory Usage (434908K) : topmetal1_filler has 0 polygons
2026-09-21 21:40:39 +0700: Memory Usage (434908K) : topmetal1_slit has 0 polygons
2026-09-21 21:40:39 +0700: Memory Usage (434908K) : topmetal1 has 39 polygons
2026-09-21 21:40:39 +0700: Memory Usage (434908K) : topmetal1_pin has 8 polygons
2026-09-21 21:40:39 +0700: Memory Usage (434908K) : topmetal1_mask has 0 polygons
2026-09-21 21:40:39 +0700: Memory Usage (434908K) : topmetal1_nofill has 0 polygons
2026-09-21 21:40:39 +0700: Memory Usage (434908K) : topmetal1_text has 13 polygons
2026-09-21 21:40:39 +0700: Memory Usage (434908K) : topmetal1_noqrc has 0 polygons
2026-09-21 21:40:39 +0700: Memory Usage (434908K) : topmetal1_res has 0 polygons
2026-09-21 21:40:39 +0700: Memory Usage (434908K) : topmetal1_iprobe has 0 polygons
2026-09-21 21:40:39 +0700: Memory Usage (434908K) : topmetal1_diffprb has 0 polygons
2026-09-21 21:40:39 +0700: Memory Usage (434908K) : inldpwl_drw has 0 polygons
2026-09-21 21:40:39 +0700: Memory Usage (434908K) : polyres_drw has 0 polygons
2026-09-21 21:40:39 +0700: Memory Usage (434908K) : polyres_pin has 0 polygons
2026-09-21 21:40:39 +0700: Memory Usage (434908K) : vmim_drw has 5512 polygons
2026-09-21 21:40:39 +0700: Memory Usage (434908K) : nbulaycut_drw has 0 polygons
2026-09-21 21:40:39 +0700: Memory Usage (434908K) : antmetal1_drw has 0 polygons
2026-09-21 21:40:39 +0700: Memory Usage (434908K) : topvia2_drw has 507 polygons
2026-09-21 21:40:39 +0700: Memory Usage (434908K) : topmetal2_drw has 12 polygons
2026-09-21 21:40:39 +0700: Memory Usage (434908K) : topmetal2_filler has 0 polygons
2026-09-21 21:40:39 +0700: Memory Usage (434908K) : topmetal2_slit has 0 polygons
2026-09-21 21:40:39 +0700: Memory Usage (434908K) : topmetal2 has 12 polygons
2026-09-21 21:40:39 +0700: Memory Usage (434908K) : topmetal2_pin has 8 polygons
2026-09-21 21:40:39 +0700: Memory Usage (434908K) : topmetal2_mask has 0 polygons
2026-09-21 21:40:39 +0700: Memory Usage (434908K) : topmetal2_nofill has 0 polygons
2026-09-21 21:40:39 +0700: Memory Usage (434908K) : topmetal2_text has 13 polygons
2026-09-21 21:40:39 +0700: Memory Usage (434908K) : topmetal2_noqrc has 0 polygons
2026-09-21 21:40:39 +0700: Memory Usage (434908K) : topmetal2_res has 0 polygons
2026-09-21 21:40:39 +0700: Memory Usage (434908K) : topmetal2_iprobe has 0 polygons
2026-09-21 21:40:39 +0700: Memory Usage (434908K) : topmetal2_diffprb has 0 polygons
2026-09-21 21:40:39 +0700: Memory Usage (434908K) : snsring_drw has 0 polygons
2026-09-21 21:40:39 +0700: Memory Usage (434908K) : sensor_drw has 0 polygons
2026-09-21 21:40:39 +0700: Memory Usage (434908K) : snsarms_drw has 0 polygons
2026-09-21 21:40:39 +0700: Memory Usage (434908K) : snscmosvia_drw has 0 polygons
2026-09-21 21:40:39 +0700: Memory Usage (434908K) : colwind_drw has 0 polygons
2026-09-21 21:40:39 +0700: Memory Usage (434908K) : flm_drw has 0 polygons
2026-09-21 21:40:39 +0700: Memory Usage (434908K) : hafniumox_drw has 0 polygons
2026-09-21 21:40:39 +0700: Memory Usage (434908K) : memvia_drw has 0 polygons
2026-09-21 21:40:39 +0700: Memory Usage (434908K) : thinfilmres_drw has 0 polygons
2026-09-21 21:40:39 +0700: Memory Usage (434908K) : rfmem_drw has 0 polygons
2026-09-21 21:40:39 +0700: Memory Usage (434908K) : norcx_drw has 0 polygons
2026-09-21 21:40:39 +0700: Memory Usage (434908K) : norcx_m2m3 has 0 polygons
2026-09-21 21:40:39 +0700: Memory Usage (434908K) : norcx_m2m4 has 0 polygons
2026-09-21 21:40:39 +0700: Memory Usage (434908K) : norcx_m2m5 has 0 polygons
2026-09-21 21:40:39 +0700: Memory Usage (434908K) : norcx_m2tm1 has 0 polygons
2026-09-21 21:40:39 +0700: Memory Usage (434908K) : norcx_m2tm2 has 0 polygons
2026-09-21 21:40:39 +0700: Memory Usage (434908K) : norcx_m3m4 has 0 polygons
2026-09-21 21:40:39 +0700: Memory Usage (434908K) : norcx_m3m5 has 0 polygons
2026-09-21 21:40:39 +0700: Memory Usage (434908K) : norcx_m3tm1 has 0 polygons
2026-09-21 21:40:39 +0700: Memory Usage (434908K) : norcx_m3tm2 has 0 polygons
2026-09-21 21:40:39 +0700: Memory Usage (434908K) : norcx_m4m5 has 0 polygons
2026-09-21 21:40:39 +0700: Memory Usage (434908K) : norcx_m4tm1 has 0 polygons
2026-09-21 21:40:39 +0700: Memory Usage (434908K) : norcx_m4tm2 has 0 polygons
2026-09-21 21:40:39 +0700: Memory Usage (434908K) : norcx_m5tm1 has 0 polygons
2026-09-21 21:40:39 +0700: Memory Usage (434908K) : norcx_m5tm2 has 0 polygons
2026-09-21 21:40:39 +0700: Memory Usage (434908K) : norcx_tm1tm2 has 0 polygons
2026-09-21 21:40:39 +0700: Memory Usage (434908K) : norcx_m1sub has 0 polygons
2026-09-21 21:40:39 +0700: Memory Usage (434908K) : norcx_m2sub has 0 polygons
2026-09-21 21:40:39 +0700: Memory Usage (434908K) : norcx_m3sub has 0 polygons
2026-09-21 21:40:39 +0700: Memory Usage (434908K) : norcx_m4sub has 0 polygons
2026-09-21 21:40:39 +0700: Memory Usage (434908K) : norcx_m5sub has 0 polygons
2026-09-21 21:40:39 +0700: Memory Usage (434908K) : norcx_tm1sub has 0 polygons
2026-09-21 21:40:39 +0700: Memory Usage (434908K) : norcx_tm2sub has 0 polygons
2026-09-21 21:40:39 +0700: Memory Usage (434908K) : snsbotvia_drw has 0 polygons
2026-09-21 21:40:39 +0700: Memory Usage (434908K) : snstopvia_drw has 0 polygons
2026-09-21 21:40:39 +0700: Memory Usage (434908K) : deepvia_drw has 0 polygons
2026-09-21 21:40:39 +0700: Memory Usage (434908K) : fgetch_drw has 0 polygons
2026-09-21 21:40:39 +0700: Memory Usage (434908K) : ctrgat_drw has 0 polygons
2026-09-21 21:40:39 +0700: Memory Usage (434908K) : fgimp_drw has 0 polygons
2026-09-21 21:40:39 +0700: Memory Usage (434908K) : emwihv_drw has 0 polygons
2026-09-21 21:40:39 +0700: Memory Usage (434908K) : lbe_drw has 0 polygons
2026-09-21 21:40:39 +0700: Memory Usage (434908K) : alcustop_drw has 0 polygons
2026-09-21 21:40:39 +0700: Memory Usage (434908K) : nometfiller_drw has 0 polygons
2026-09-21 21:40:39 +0700: Memory Usage (434908K) : prboundary_drw has 0 polygons
2026-09-21 21:40:39 +0700: Memory Usage (434908K) : exchange0_drw has 0 polygons
2026-09-21 21:40:39 +0700: Memory Usage (434908K) : exchange0_pin has 0 polygons
2026-09-21 21:40:39 +0700: Memory Usage (434908K) : exchange0_text has 0 polygons
2026-09-21 21:40:39 +0700: Memory Usage (434908K) : exchange1_drw has 0 polygons
2026-09-21 21:40:39 +0700: Memory Usage (434908K) : exchange1_pin has 0 polygons
2026-09-21 21:40:39 +0700: Memory Usage (434908K) : exchange1_text has 0 polygons
2026-09-21 21:40:39 +0700: Memory Usage (434908K) : exchange2_drw has 0 polygons
2026-09-21 21:40:39 +0700: Memory Usage (434908K) : exchange2_pin has 0 polygons
2026-09-21 21:40:39 +0700: Memory Usage (434908K) : exchange2_text has 0 polygons
2026-09-21 21:40:39 +0700: Memory Usage (434908K) : exchange3_drw has 0 polygons
2026-09-21 21:40:39 +0700: Memory Usage (434908K) : exchange3_pin has 0 polygons
2026-09-21 21:40:39 +0700: Memory Usage (434908K) : exchange3_text has 0 polygons
2026-09-21 21:40:39 +0700: Memory Usage (434908K) : exchange4_drw has 0 polygons
2026-09-21 21:40:39 +0700: Memory Usage (434908K) : exchange4_pin has 0 polygons
2026-09-21 21:40:39 +0700: Memory Usage (434908K) : exchange4_text has 0 polygons
2026-09-21 21:40:39 +0700: Memory Usage (434908K) : isonwell_drw has 0 polygons
2026-09-21 21:40:39 +0700: Memory Usage (434908K) : Total no. of polygons in the design is 36222
2026-09-21 21:40:39 +0700: Memory Usage (434908K) : Starting base layers derivations
2026-09-21 21:40:39 +0700: Memory Usage (434908K) : Starting general LVS derivations
2026-09-21 21:40:40 +0700: Memory Usage (436180K) : Starting MOSFET DERIVATIONS
2026-09-21 21:40:40 +0700: Memory Usage (439148K) : Starting NMOS DERIVATIONS
2026-09-21 21:40:40 +0700: Memory Usage (439148K) : Starting PMOS DERIVATIONS
2026-09-21 21:40:40 +0700: Memory Usage (439148K) : Starting RF-MOSFET DERIVATIONS
2026-09-21 21:40:40 +0700: Memory Usage (439148K) : Starting RF-NMOS DERIVATIONS
2026-09-21 21:40:40 +0700: Memory Usage (439148K) : Starting RF-PMOS DERIVATIONS
2026-09-21 21:40:40 +0700: Memory Usage (439148K) : Starting BJT DERIVATIONS
2026-09-21 21:40:40 +0700: Memory Usage (439148K) : Starting NPN-BJT DERIVATIONS
2026-09-21 21:40:40 +0700: Memory Usage (439148K) : Starting PNP-BJT DERIVATIONS
2026-09-21 21:40:41 +0700: Memory Usage (439148K) : Starting DIODE DERIVATIONS
2026-09-21 21:40:41 +0700: Memory Usage (443196K) : Starting RESISTOR DERIVATIONS
2026-09-21 21:40:41 +0700: Memory Usage (437992K) : Starting CAP DERIVATIONS
2026-09-21 21:40:42 +0700: Memory Usage (438780K) : Starting ESD DERIVATIONS
2026-09-21 21:40:42 +0700: Memory Usage (439864K) : Starting Inductor DERIVATIONS
2026-09-21 21:40:42 +0700: Memory Usage (441180K) : Starting Taps DERIVATIONS
2026-09-21 21:40:42 +0700: Memory Usage (441352K) : Starting SG13G2 LVS connectivity setup
2026-09-21 21:40:42 +0700: Memory Usage (441352K) : Starting SG13G2 LVS connectivity setup (Inter-layer)
2026-09-21 21:40:43 +0700: Memory Usage (441920K) : Starting SG13G2 LVS connectivity setup (Global)
2026-09-21 21:40:43 +0700: Memory Usage (441920K) : Starting LVS MOSFET CONNECTIONS
2026-09-21 21:40:43 +0700: Memory Usage (441920K) : Starting LVS RF-MOSFET CONNECTIONS
2026-09-21 21:40:43 +0700: Memory Usage (441920K) : Starting LVS BJT CONNECTIONS
2026-09-21 21:40:43 +0700: Memory Usage (441920K) : Starting LVS DIODE CONNECTIONS
2026-09-21 21:40:43 +0700: Memory Usage (441920K) : Starting RESISTOR CONNECTIONS
2026-09-21 21:40:43 +0700: Memory Usage (441920K) : Starting LVS CAP CONNECTIONS
2026-09-21 21:40:43 +0700: Memory Usage (441920K) : Starting ESD CONNECTIONS
2026-09-21 21:40:43 +0700: Memory Usage (441920K) : Starting Inductor CONNECTIONS
2026-09-21 21:40:43 +0700: Memory Usage (441920K) : Starting LVS Taps CONNECTIONS
2026-09-21 21:40:43 +0700: Memory Usage (441920K) : Starting SG13G2 LVS DEVICES EXTRACTION
2026-09-21 21:40:43 +0700: Memory Usage (441920K) : Starting MOSFET EXTRACTION
2026-09-21 21:40:43 +0700: Memory Usage (441920K) : Starting NMOS EXTRACTION
2026-09-21 21:40:43 +0700: Memory Usage (441920K) : Extraction of NMOS-LV transistor
2026-09-21 21:40:43 +0700: Memory Usage (441924K) : Extraction of NMOS-HV transistor
2026-09-21 21:40:43 +0700: Memory Usage (442272K) : Starting PMOS EXTRACTION
2026-09-21 21:40:43 +0700: Memory Usage (442272K) : Extraction of PMOS-LV transistor
2026-09-21 21:40:44 +0700: Memory Usage (442272K) : Extraction of PMOS-HV transistor
2026-09-21 21:40:44 +0700: Memory Usage (442272K) : Starting RF-MOSFET EXTRACTION
2026-09-21 21:40:44 +0700: Memory Usage (442272K) : Extraction of RF-NMOS-LV transistor
2026-09-21 21:40:45 +0700: Memory Usage (442444K) : Extraction of RF-NMOS-HV transistor
2026-09-21 21:40:45 +0700: Memory Usage (442444K) : Extraction of RF-PMOS-LV transistor
2026-09-21 21:40:45 +0700: Memory Usage (442444K) : Extraction of RF-PMOS-HV transistor
2026-09-21 21:40:46 +0700: Memory Usage (442444K) : Starting BJT EXTRACTION
2026-09-21 21:40:46 +0700: Memory Usage (442444K) : Starting NPN-BJT EXTRACTION
2026-09-21 21:40:46 +0700: Memory Usage (442444K) : Extraction of npn13G2 BJT transistor
2026-09-21 21:40:46 +0700: Memory Usage (442444K) : Extraction of npn13G2L BJT transistor
2026-09-21 21:40:46 +0700: Memory Usage (442444K) : Extraction of npn13G2V BJT transistor
2026-09-21 21:40:46 +0700: Memory Usage (442444K) : Starting PNP-BJT EXTRACTION
2026-09-21 21:40:46 +0700: Memory Usage (442444K) : Extracting pnpMPA BJT
2026-09-21 21:40:46 +0700: Memory Usage (442448K) : Starting DIODE EXTRACTION
2026-09-21 21:40:46 +0700: Memory Usage (442448K) : Extracting dantenna diode
2026-09-21 21:40:46 +0700: Memory Usage (442448K) : Extracting dpantenna diode
2026-09-21 21:40:46 +0700: Memory Usage (442448K) : Extracting schottky_nbl1 diode
2026-09-21 21:40:46 +0700: Memory Usage (442448K) : Extracting isolbox diode
2026-09-21 21:40:46 +0700: Memory Usage (442448K) : Starting RESISTOR EXTRACTION
2026-09-21 21:40:46 +0700: Memory Usage (442448K) : Extracting rsil resistor
2026-09-21 21:40:46 +0700: Memory Usage (442448K) : Extracting rppd resistor
2026-09-21 21:40:46 +0700: Memory Usage (442448K) : Extracting rhigh resistor
2026-09-21 21:40:46 +0700: Memory Usage (442448K) : Extracting res_metal1 resistor
2026-09-21 21:40:47 +0700: Memory Usage (444564K) : Extracting res_metal2 resistor
2026-09-21 21:40:47 +0700: Memory Usage (444564K) : Extracting res_metal3 resistor
2026-09-21 21:40:47 +0700: Memory Usage (444564K) : Extracting res_metal4 resistor
2026-09-21 21:40:47 +0700: Memory Usage (444564K) : Extracting res_metal5 resistor
2026-09-21 21:40:47 +0700: Memory Usage (444564K) : Extracting res_topmetal1 resistor
2026-09-21 21:40:47 +0700: Memory Usage (444564K) : Extracting res_topmetal2 resistor
2026-09-21 21:40:47 +0700: Memory Usage (444564K) : Starting CAP EXTRACTION
2026-09-21 21:40:47 +0700: Memory Usage (444564K) : Extracting cap_cmim device
2026-09-21 21:40:47 +0700: Memory Usage (444564K) : Extracting rfcmim device
2026-09-21 21:40:47 +0700: Memory Usage (444564K) : Extracting sg13_hv_svaricap varactor
2026-09-21 21:40:47 +0700: Memory Usage (444564K) : Starting ESD EXTRACTION
2026-09-21 21:40:47 +0700: Memory Usage (444564K) : Extracting diodevdd_2kv ESD device
2026-09-21 21:40:47 +0700: Memory Usage (444564K) : Extracting diodevdd_4kv ESD device
2026-09-21 21:40:47 +0700: Memory Usage (444564K) : Extracting diodevss_2kv ESD device
2026-09-21 21:40:47 +0700: Memory Usage (444564K) : Extracting diodevss_4kv ESD device
2026-09-21 21:40:47 +0700: Memory Usage (444564K) : Extracting idiodevdd_2kv ESD device
2026-09-21 21:40:47 +0700: Memory Usage (444564K) : Extracting idiodevdd_4kv ESD device
2026-09-21 21:40:47 +0700: Memory Usage (444564K) : Extracting idiodevss_2kv ESD device
2026-09-21 21:40:47 +0700: Memory Usage (444564K) : Extracting idiodevss_4kv ESD device
2026-09-21 21:40:47 +0700: Memory Usage (444564K) : Extracting nmoscl_2 ESD device
2026-09-21 21:40:47 +0700: Memory Usage (444564K) : Extracting nmoscl_4 ESD device
2026-09-21 21:40:47 +0700: Memory Usage (444564K) : Starting Inductor EXTRACTION
2026-09-21 21:40:47 +0700: Memory Usage (444564K) : Extracting Inductor2 device
2026-09-21 21:40:47 +0700: Memory Usage (444564K) : Extracting Inductor3 device
2026-09-21 21:40:48 +0700: Memory Usage (444564K) : Starting Taps EXTRACTION
2026-09-21 21:40:48 +0700: Memory Usage (444564K) : Extracting ntap1 device
2026-09-21 21:40:48 +0700: Memory Usage (444564K) : Extracting ptap1 device
2026-09-21 21:40:48 +0700: Memory Usage (444564K) : Starting SG13G2 LVS RF MOS Model Mapping
2026-09-21 21:40:50 +0700: Memory Usage (449092K) : [layout_netlist] Apply RF MOS model mapping and rfmode parameter.
2026-09-21 21:40:50 +0700: Memory Usage (449092K) : Starting SG13G2 LVS Options Preparations
2026-09-21 21:40:50 +0700: Memory Usage (449092K) : SG13G2 LVS flow: extraction -> alignment -> option preparation -> comparison.
2026-09-21 21:40:50 +0700: Memory Usage (449092K) : Starting SG13G2 LVS Alignment
2026-09-21 21:40:50 +0700: Memory Usage (449904K) : Starting SG13G2 LVS Simplification
2026-09-21 21:40:50 +0700: Memory Usage (449904K) : [layout_netlist] simplify: ENABLED
2026-09-21 21:40:50 +0700: Memory Usage (450152K) : [layout_netlist] make_top_level_pins: SKIPPED
2026-09-21 21:40:50 +0700: Memory Usage (450152K) : [layout_netlist] combine_devices: SKIPPED
2026-09-21 21:40:50 +0700: Memory Usage (450152K) : [layout_netlist] purge: SKIPPED
2026-09-21 21:40:50 +0700: Memory Usage (450152K) : [layout_netlist] purge_nets: SKIPPED
2026-09-21 21:40:50 +0700: Memory Usage (450152K) : [schematic_netlist] simplify: ENABLED
2026-09-21 21:40:50 +0700: Memory Usage (450180K) : [schematic_netlist] make_top_level_pins: SKIPPED
2026-09-21 21:40:50 +0700: Memory Usage (450180K) : [schematic_netlist] combine_devices: SKIPPED
2026-09-21 21:40:50 +0700: Memory Usage (450180K) : [schematic_netlist] purge: SKIPPED
2026-09-21 21:40:50 +0700: Memory Usage (450180K) : [schematic_netlist] purge_nets: SKIPPED
2026-09-21 21:40:50 +0700: Memory Usage (450180K) : Starting SG13G2 LVS Comparison in strict port mode.
2026-09-21 21:40:50 +0700: Memory Usage (450180K) : flag_missing_ports enabled: missing/mislabeled top-level ports are treated as errors.
2026-09-21 21:40:51 +0700: Memory Usage (451920K) : xxxxxxxxxxxxxxxxxxxxxxxxxxxxxxxxxxxxxxxxxx
2026-09-21 21:40:51 +0700: Memory Usage (451920K) : ERROR : Netlists don't match
2026-09-21 21:40:51 +0700: Memory Usage (451920K) : xxxxxxxxxxxxxxxxxxxxxxxxxxxxxxxxxxxxxxxxxx
2026-09-21 21:40:51 +0700: Memory Usage (451920K) : LVS Total Run time 13.452777 seconds
