# Logfile created on 2026-09-21 21:45:21 +0700 by logger.rb/61378
2026-09-21 21:45:21 +0700: Memory Usage (416640K) : Starting running SG13G2 Klayout LVS runset on /home/admin/work/final/IHP__MSPHY6034/dependencies/DAC/release/v.1.0.0/gds/CS_DAC_10b.gds
2026-09-21 21:45:21 +0700: Memory Usage (416640K) : Ruby Version for klayout: 2.5.9
2026-09-21 21:45:21 +0700: Memory Usage (416640K) : Loading database to memory is complete.
2026-09-21 21:45:21 +0700: Memory Usage (416640K) : SG13G2 Klayout LVS runset output at: /home/admin/work/final/IHP__MSPHY6034/dependencies/DAC/DAC-main/verification/lvs/lvs_run_CS_DAC_10b_ignoreports/CS_DAC_10b.lvsdb
2026-09-21 21:45:21 +0700: Memory Usage (416640K) : Evaluate switches.
2026-09-21 21:45:21 +0700: Memory Usage (416640K) : Extracted netlist with net names: true
2026-09-21 21:45:21 +0700: Memory Usage (416640K) : Extracted netlist with comments in details: false
2026-09-21 21:45:21 +0700: Memory Usage (416640K) : Selected NET_ONLY option: false
2026-09-21 21:45:21 +0700: Memory Usage (416640K) : Selected LAYOUT_NETLIST option: (none)
2026-09-21 21:45:21 +0700: Memory Usage (417612K) : Selected IGNORE_TOP_PORTS_MISMATCH option: true
2026-09-21 21:45:21 +0700: Memory Usage (417612K) : Selected IMPLICIT_NETS option: (none)
2026-09-21 21:45:21 +0700: Memory Usage (417612K) : Selected TOP_LVL_PINS option: false
2026-09-21 21:45:21 +0700: Memory Usage (417612K) : Selected COMBINE DEVICES option: false
2026-09-21 21:45:21 +0700: Memory Usage (417612K) : Selected PURGE option: false
2026-09-21 21:45:21 +0700: Memory Usage (417612K) : Selected PURGE_NETS option: false
2026-09-21 21:45:21 +0700: Memory Usage (417612K) : Selected SIMPLIFY option: true
2026-09-21 21:45:21 +0700: Memory Usage (417612K) : Selected SERIES_RES option: true
2026-09-21 21:45:21 +0700: Memory Usage (417612K) : Selected PARALLEL_RES option: true
2026-09-21 21:45:21 +0700: Memory Usage (417612K) : flat  mode is enabled.
2026-09-21 21:45:21 +0700: Memory Usage (417612K) : Netlist file: /home/admin/work/final/IHP__MSPHY6034/dependencies/DAC/DAC-main/verification/lvs/lvs_run_CS_DAC_10b_ignoreports/CS_DAC_10b_netlist_fixed.spice
2026-09-21 21:45:21 +0700: Memory Usage (417612K) : LVS extracted netlist at: /home/admin/work/final/IHP__MSPHY6034/dependencies/DAC/DAC-main/verification/lvs/lvs_run_CS_DAC_10b_ignoreports/CS_DAC_10b_extracted.cir
2026-09-21 21:45:21 +0700: Memory Usage (417612K) : Applying SRAM integration support.
2026-09-21 21:45:21 +0700: Memory Usage (417612K) : Starting SG13G2 LVS runset
2026-09-21 21:45:21 +0700: Memory Usage (417612K) : Read in polygons from layers.
2026-09-21 21:45:21 +0700: Memory Usage (419008K) : activ_drw has 1445 polygons
2026-09-21 21:45:21 +0700: Memory Usage (419008K) : activ_filler has 0 polygons
2026-09-21 21:45:21 +0700: Memory Usage (419008K) : activ has 1445 polygons
2026-09-21 21:45:21 +0700: Memory Usage (419008K) : activ_pin has 0 polygons
2026-09-21 21:45:21 +0700: Memory Usage (419008K) : activ_mask has 0 polygons
2026-09-21 21:45:21 +0700: Memory Usage (419008K) : activ_nofill has 0 polygons
2026-09-21 21:45:21 +0700: Memory Usage (419008K) : activ_OPC has 0 polygons
2026-09-21 21:45:21 +0700: Memory Usage (419008K) : activ_iOPC has 0 polygons
2026-09-21 21:45:21 +0700: Memory Usage (419008K) : activ_noqrc has 0 polygons
2026-09-21 21:45:21 +0700: Memory Usage (419008K) : biwind_drw has 0 polygons
2026-09-21 21:45:21 +0700: Memory Usage (419008K) : biwind_OPC has 0 polygons
2026-09-21 21:45:21 +0700: Memory Usage (419532K) : gatpoly_drw has 1712 polygons
2026-09-21 21:45:21 +0700: Memory Usage (419532K) : gatpoly_filler has 0 polygons
2026-09-21 21:45:21 +0700: Memory Usage (419532K) : gatpoly has 1712 polygons
2026-09-21 21:45:21 +0700: Memory Usage (419532K) : gatpoly_pin has 1001 polygons
2026-09-21 21:45:21 +0700: Memory Usage (419532K) : gatpoly_nofill has 0 polygons
2026-09-21 21:45:21 +0700: Memory Usage (419532K) : gatpoly_OPC has 0 polygons
2026-09-21 21:45:21 +0700: Memory Usage (419532K) : gatpoly_iOPC has 0 polygons
2026-09-21 21:45:21 +0700: Memory Usage (419532K) : gatpoly_noqrc has 0 polygons
2026-09-21 21:45:21 +0700: Memory Usage (422120K) : cont_drw has 20327 polygons
2026-09-21 21:45:21 +0700: Memory Usage (422120K) : cont_OPC has 0 polygons
2026-09-21 21:45:21 +0700: Memory Usage (422120K) : nsd_drw has 0 polygons
2026-09-21 21:45:21 +0700: Memory Usage (422120K) : nsd_block has 0 polygons
2026-09-21 21:45:21 +0700: Memory Usage (425284K) : metal1_drw has 2437 polygons
2026-09-21 21:45:21 +0700: Memory Usage (425284K) : metal1_filler has 0 polygons
2026-09-21 21:45:21 +0700: Memory Usage (425284K) : metal1_slit has 0 polygons
2026-09-21 21:45:21 +0700: Memory Usage (425284K) : metal1 has 2437 polygons
2026-09-21 21:45:21 +0700: Memory Usage (425284K) : metal1_pin has 2619 polygons
2026-09-21 21:45:21 +0700: Memory Usage (425284K) : metal1_mask has 0 polygons
2026-09-21 21:45:21 +0700: Memory Usage (425284K) : metal1_nofill has 0 polygons
2026-09-21 21:45:21 +0700: Memory Usage (425284K) : metal1_text has 140 polygons
2026-09-21 21:45:21 +0700: Memory Usage (425284K) : metal1_OPC has 0 polygons
2026-09-21 21:45:21 +0700: Memory Usage (425284K) : metal1_noqrc has 0 polygons
2026-09-21 21:45:21 +0700: Memory Usage (425284K) : metal1_res has 0 polygons
2026-09-21 21:45:21 +0700: Memory Usage (425284K) : metal1_iprobe has 0 polygons
2026-09-21 21:45:21 +0700: Memory Usage (425520K) : metal1_diffprb has 0 polygons
2026-09-21 21:45:21 +0700: Memory Usage (425520K) : passiv_drw has 0 polygons
2026-09-21 21:45:21 +0700: Memory Usage (425520K) : passiv_pin has 0 polygons
2026-09-21 21:45:21 +0700: Memory Usage (425520K) : passiv_sbump has 0 polygons
2026-09-21 21:45:21 +0700: Memory Usage (425520K) : passiv_pillar has 0 polygons
2026-09-21 21:45:21 +0700: Memory Usage (425520K) : passiv_pdl has 0 polygons
2026-09-21 21:45:21 +0700: Memory Usage (425520K) : metal2_drw has 1063 polygons
2026-09-21 21:45:21 +0700: Memory Usage (425520K) : metal2_filler has 0 polygons
2026-09-21 21:45:21 +0700: Memory Usage (425520K) : metal2_slit has 0 polygons
2026-09-21 21:45:21 +0700: Memory Usage (425520K) : metal2 has 1063 polygons
2026-09-21 21:45:21 +0700: Memory Usage (425520K) : metal2_pin has 13 polygons
2026-09-21 21:45:21 +0700: Memory Usage (425520K) : metal2_mask has 0 polygons
2026-09-21 21:45:21 +0700: Memory Usage (425520K) : metal2_nofill has 0 polygons
2026-09-21 21:45:21 +0700: Memory Usage (425520K) : metal2_text has 5 polygons
2026-09-21 21:45:21 +0700: Memory Usage (425520K) : metal2_OPC has 0 polygons
2026-09-21 21:45:21 +0700: Memory Usage (425520K) : metal2_noqrc has 0 polygons
2026-09-21 21:45:21 +0700: Memory Usage (425520K) : metal2_res has 0 polygons
2026-09-21 21:45:21 +0700: Memory Usage (425520K) : metal2_iprobe has 0 polygons
2026-09-21 21:45:21 +0700: Memory Usage (425520K) : metal2_diffprb has 0 polygons
2026-09-21 21:45:21 +0700: Memory Usage (425520K) : baspoly_drw has 0 polygons
2026-09-21 21:45:21 +0700: Memory Usage (425520K) : baspoly_pin has 0 polygons
2026-09-21 21:45:21 +0700: Memory Usage (425520K) : psd_drw has 286 polygons
2026-09-21 21:45:21 +0700: Memory Usage (425520K) : nldb_drw has 0 polygons
2026-09-21 21:45:21 +0700: Memory Usage (425520K) : digibnd_drw has 0 polygons
2026-09-21 21:45:22 +0700: Memory Usage (425520K) : via1_drw has 3070 polygons
2026-09-21 21:45:22 +0700: Memory Usage (425520K) : backmetal1_drw has 0 polygons
2026-09-21 21:45:22 +0700: Memory Usage (425520K) : backmetal1_pin has 0 polygons
2026-09-21 21:45:22 +0700: Memory Usage (425520K) : backmetal1_mask has 0 polygons
2026-09-21 21:45:22 +0700: Memory Usage (425520K) : backmetal1_filler has 0 polygons
2026-09-21 21:45:22 +0700: Memory Usage (425520K) : backmetal1_nofill has 0 polygons
2026-09-21 21:45:22 +0700: Memory Usage (425520K) : backmetal1_slit has 0 polygons
2026-09-21 21:45:22 +0700: Memory Usage (425520K) : backmetal1_text has 0 polygons
2026-09-21 21:45:22 +0700: Memory Usage (425520K) : backmetal1_OPC has 0 polygons
2026-09-21 21:45:22 +0700: Memory Usage (425520K) : backmetal1_noqrc has 0 polygons
2026-09-21 21:45:22 +0700: Memory Usage (425520K) : backmetal1_res has 0 polygons
2026-09-21 21:45:22 +0700: Memory Usage (425520K) : backmetal1_iprobe has 0 polygons
2026-09-21 21:45:22 +0700: Memory Usage (425520K) : backmetal1_diffprb has 0 polygons
2026-09-21 21:45:22 +0700: Memory Usage (425520K) : backpassiv_drw has 0 polygons
2026-09-21 21:45:22 +0700: Memory Usage (425520K) : res_drw has 0 polygons
2026-09-21 21:45:22 +0700: Memory Usage (425520K) : sram_drw has 0 polygons
2026-09-21 21:45:22 +0700: Memory Usage (425520K) : trans_drw has 0 polygons
2026-09-21 21:45:22 +0700: Memory Usage (425828K) : ind_drw has 0 polygons
2026-09-21 21:45:22 +0700: Memory Usage (425828K) : ind_pin has 0 polygons
2026-09-21 21:45:22 +0700: Memory Usage (426092K) : ind_text has 0 polygons
2026-09-21 21:45:22 +0700: Memory Usage (426092K) : salblock_drw has 0 polygons
2026-09-21 21:45:22 +0700: Memory Usage (426356K) : via2_drw has 523 polygons
2026-09-21 21:45:22 +0700: Memory Usage (426620K) : metal3_drw has 19 polygons
2026-09-21 21:45:22 +0700: Memory Usage (426620K) : metal3_filler has 0 polygons
2026-09-21 21:45:22 +0700: Memory Usage (426884K) : metal3_slit has 0 polygons
2026-09-21 21:45:22 +0700: Memory Usage (426884K) : metal3 has 19 polygons
2026-09-21 21:45:22 +0700: Memory Usage (427148K) : metal3_pin has 5 polygons
2026-09-21 21:45:22 +0700: Memory Usage (427148K) : metal3_mask has 0 polygons
2026-09-21 21:45:22 +0700: Memory Usage (427412K) : metal3_nofill has 0 polygons
2026-09-21 21:45:22 +0700: Memory Usage (427412K) : metal3_text has 5 polygons
2026-09-21 21:45:22 +0700: Memory Usage (427676K) : metal3_OPC has 0 polygons
2026-09-21 21:45:22 +0700: Memory Usage (427676K) : metal3_noqrc has 0 polygons
2026-09-21 21:45:22 +0700: Memory Usage (427940K) : metal3_res has 0 polygons
2026-09-21 21:45:22 +0700: Memory Usage (427940K) : metal3_iprobe has 0 polygons
2026-09-21 21:45:22 +0700: Memory Usage (428204K) : metal3_diffprb has 0 polygons
2026-09-21 21:45:22 +0700: Memory Usage (428468K) : nwell_drw has 75 polygons
2026-09-21 21:45:22 +0700: Memory Usage (428468K) : nwell_pin has 0 polygons
2026-09-21 21:45:22 +0700: Memory Usage (428468K) : nwell_text has 0 polygons
2026-09-21 21:45:22 +0700: Memory Usage (428732K) : nbulay_drw has 0 polygons
2026-09-21 21:45:22 +0700: Memory Usage (428732K) : nbulay_pin has 0 polygons
2026-09-21 21:45:22 +0700: Memory Usage (428996K) : nbulay_block has 0 polygons
2026-09-21 21:45:22 +0700: Memory Usage (429260K) : emwind_drw has 0 polygons
2026-09-21 21:45:22 +0700: Memory Usage (429260K) : emwind_OPC has 0 polygons
2026-09-21 21:45:22 +0700: Memory Usage (429524K) : deepco_drw has 0 polygons
2026-09-21 21:45:22 +0700: Memory Usage (429524K) : mim_drw has 0 polygons
2026-09-21 21:45:22 +0700: Memory Usage (429788K) : edgeseal_drw has 0 polygons
2026-09-21 21:45:22 +0700: Memory Usage (429788K) : substrate_drw has 0 polygons
2026-09-21 21:45:22 +0700: Memory Usage (430052K) : substrate_text has 0 polygons
2026-09-21 21:45:22 +0700: Memory Usage (430052K) : dfpad_drw has 0 polygons
2026-09-21 21:45:22 +0700: Memory Usage (430316K) : dfpad_pillar has 0 polygons
2026-09-21 21:45:22 +0700: Memory Usage (430316K) : dfpad_sbump has 0 polygons
2026-09-21 21:45:22 +0700: Memory Usage (430580K) : thickgateox_drw has 67 polygons
2026-09-21 21:45:22 +0700: Memory Usage (430844K) : pldb_drw has 0 polygons
2026-09-21 21:45:22 +0700: Memory Usage (430844K) : pwell_drw has 0 polygons
2026-09-21 21:45:22 +0700: Memory Usage (431108K) : pwell_pin has 0 polygons
2026-09-21 21:45:22 +0700: Memory Usage (431108K) : pwell_block has 0 polygons
2026-09-21 21:45:22 +0700: Memory Usage (431372K) : ic_drw has 0 polygons
2026-09-21 21:45:22 +0700: Memory Usage (431900K) : via3_drw has 3280 polygons
2026-09-21 21:45:22 +0700: Memory Usage (431900K) : metal4_drw has 8 polygons
2026-09-21 21:45:22 +0700: Memory Usage (432164K) : metal4_filler has 0 polygons
2026-09-21 21:45:22 +0700: Memory Usage (432164K) : metal4_slit has 0 polygons
2026-09-21 21:45:22 +0700: Memory Usage (432164K) : metal4 has 8 polygons
2026-09-21 21:45:22 +0700: Memory Usage (432428K) : metal4_pin has 1 polygons
2026-09-21 21:45:22 +0700: Memory Usage (432428K) : metal4_mask has 0 polygons
2026-09-21 21:45:22 +0700: Memory Usage (432692K) : metal4_nofill has 0 polygons
2026-09-21 21:45:22 +0700: Memory Usage (432692K) : metal4_text has 1 polygons
2026-09-21 21:45:22 +0700: Memory Usage (432956K) : metal4_OPC has 0 polygons
2026-09-21 21:45:22 +0700: Memory Usage (432956K) : metal4_noqrc has 0 polygons
2026-09-21 21:45:22 +0700: Memory Usage (433220K) : metal4_res has 0 polygons
2026-09-21 21:45:22 +0700: Memory Usage (433220K) : metal4_iprobe has 0 polygons
2026-09-21 21:45:22 +0700: Memory Usage (433484K) : metal4_diffprb has 0 polygons
2026-09-21 21:45:22 +0700: Memory Usage (433748K) : heattrans_drw has 1968 polygons
2026-09-21 21:45:22 +0700: Memory Usage (434012K) : heatres_drw has 0 polygons
2026-09-21 21:45:22 +0700: Memory Usage (434012K) : fbe_drw has 0 polygons
2026-09-21 21:45:22 +0700: Memory Usage (434012K) : empoly_drw has 0 polygons
2026-09-21 21:45:22 +0700: Memory Usage (434276K) : digisub_drw has 0 polygons
2026-09-21 21:45:22 +0700: Memory Usage (434276K) : text_drw has 804 polygons
2026-09-21 21:45:22 +0700: Memory Usage (434540K) : via4_drw has 0 polygons
2026-09-21 21:45:22 +0700: Memory Usage (434540K) : metal5_drw has 0 polygons
2026-09-21 21:45:22 +0700: Memory Usage (434804K) : metal5_filler has 0 polygons
2026-09-21 21:45:22 +0700: Memory Usage (435068K) : metal5_slit has 0 polygons
2026-09-21 21:45:22 +0700: Memory Usage (435068K) : metal5 has 0 polygons
2026-09-21 21:45:22 +0700: Memory Usage (435332K) : metal5_pin has 0 polygons
2026-09-21 21:45:22 +0700: Memory Usage (435332K) : metal5_mask has 0 polygons
2026-09-21 21:45:22 +0700: Memory Usage (435596K) : metal5_nofill has 0 polygons
2026-09-21 21:45:22 +0700: Memory Usage (435596K) : metal5_text has 0 polygons
2026-09-21 21:45:22 +0700: Memory Usage (435884K) : metal5_OPC has 0 polygons
2026-09-21 21:45:22 +0700: Memory Usage (435960K) : metal5_noqrc has 0 polygons
2026-09-21 21:45:22 +0700: Memory Usage (436060K) : metal5_res has 0 polygons
2026-09-21 21:45:22 +0700: Memory Usage (436188K) : metal5_iprobe has 0 polygons
2026-09-21 21:45:22 +0700: Memory Usage (436376K) : metal5_diffprb has 0 polygons
2026-09-21 21:45:22 +0700: Memory Usage (436560K) : radhard_drw has 0 polygons
2026-09-21 21:45:22 +0700: Memory Usage (436788K) : memcap_drw has 0 polygons
2026-09-21 21:45:22 +0700: Memory Usage (436864K) : varicap_drw has 0 polygons
2026-09-21 21:45:22 +0700: Memory Usage (437072K) : intbondvia_drw has 0 polygons
2026-09-21 21:45:22 +0700: Memory Usage (437072K) : intbondmet_drw has 0 polygons
2026-09-21 21:45:22 +0700: Memory Usage (437280K) : devbondvia_drw has 0 polygons
2026-09-21 21:45:22 +0700: Memory Usage (437532K) : devbondmet_drw has 0 polygons
2026-09-21 21:45:22 +0700: Memory Usage (437608K) : devtrench_drw has 0 polygons
2026-09-21 21:45:22 +0700: Memory Usage (437764K) : redist_drw has 0 polygons
2026-09-21 21:45:22 +0700: Memory Usage (437912K) : graphbot_drw has 0 polygons
2026-09-21 21:45:22 +0700: Memory Usage (437912K) : graphtop_drw has 0 polygons
2026-09-21 21:45:22 +0700: Memory Usage (438156K) : antvia1_drw has 0 polygons
2026-09-21 21:45:22 +0700: Memory Usage (438408K) : antmetal2_drw has 0 polygons
2026-09-21 21:45:22 +0700: Memory Usage (438408K) : graphcont_drw has 0 polygons
2026-09-21 21:45:22 +0700: Memory Usage (438588K) : siwg_drw has 0 polygons
2026-09-21 21:45:22 +0700: Memory Usage (438752K) : siwg_filler has 0 polygons
2026-09-21 21:45:22 +0700: Memory Usage (438984K) : siwg_nofill has 0 polygons
2026-09-21 21:45:22 +0700: Memory Usage (438984K) : sigrating_drw has 0 polygons
2026-09-21 21:45:22 +0700: Memory Usage (439192K) : singrating_drw has 0 polygons
2026-09-21 21:45:22 +0700: Memory Usage (439404K) : graphpas_drw has 0 polygons
2026-09-21 21:45:22 +0700: Memory Usage (439604K) : emwind3_drw has 0 polygons
2026-09-21 21:45:22 +0700: Memory Usage (439604K) : emwihv3_drw has 0 polygons
2026-09-21 21:45:22 +0700: Memory Usage (439792K) : redbulay_drw has 0 polygons
2026-09-21 21:45:22 +0700: Memory Usage (440004K) : smos_drw has 0 polygons
2026-09-21 21:45:22 +0700: Memory Usage (440240K) : graphpad_drw has 0 polygons
2026-09-21 21:45:22 +0700: Memory Usage (440240K) : polimide_drw has 0 polygons
2026-09-21 21:45:22 +0700: Memory Usage (440408K) : polimide_pin has 0 polygons
2026-09-21 21:45:22 +0700: Memory Usage (440652K) : recog_drw has 0 polygons
2026-09-21 21:45:22 +0700: Memory Usage (440652K) : recog_pin has 0 polygons
2026-09-21 21:45:22 +0700: Memory Usage (440852K) : recog_esd has 0 polygons
2026-09-21 21:45:22 +0700: Memory Usage (441088K) : recog_diode has 0 polygons
2026-09-21 21:45:22 +0700: Memory Usage (441272K) : recog_tsv has 0 polygons
2026-09-21 21:45:22 +0700: Memory Usage (441272K) : recog_iprobe has 0 polygons
2026-09-21 21:45:22 +0700: Memory Usage (441524K) : recog_diffprb has 0 polygons
2026-09-21 21:45:22 +0700: Memory Usage (441728K) : recog_pillar has 0 polygons
2026-09-21 21:45:22 +0700: Memory Usage (441728K) : recog_sbump has 0 polygons
2026-09-21 21:45:22 +0700: Memory Usage (441936K) : recog_otp has 0 polygons
2026-09-21 21:45:22 +0700: Memory Usage (441936K) : recog_pdiode has 0 polygons
2026-09-21 21:45:22 +0700: Memory Usage (442196K) : recog_mom has 0 polygons
2026-09-21 21:45:22 +0700: Memory Usage (442420K) : recog_pcm has 0 polygons
2026-09-21 21:45:22 +0700: Memory Usage (442612K) : colopen_drw has 0 polygons
2026-09-21 21:45:22 +0700: Memory Usage (442612K) : graphmetal1_drw has 0 polygons
2026-09-21 21:45:22 +0700: Memory Usage (442856K) : graphmetal1_filler has 0 polygons
2026-09-21 21:45:22 +0700: Memory Usage (443068K) : graphmetal1_nofill has 0 polygons
2026-09-21 21:45:22 +0700: Memory Usage (443068K) : graphmetal1_slit has 0 polygons
2026-09-21 21:45:22 +0700: Memory Usage (443300K) : graphmetal1_OPC has 0 polygons
2026-09-21 21:45:22 +0700: Memory Usage (443508K) : graphmet1l_drw has 0 polygons
2026-09-21 21:45:22 +0700: Memory Usage (443508K) : graphmet1l_filler has 0 polygons
2026-09-21 21:45:22 +0700: Memory Usage (443704K) : graphmet1l_nofill has 0 polygons
2026-09-21 21:45:22 +0700: Memory Usage (443956K) : graphmet1l_slit has 0 polygons
2026-09-21 21:45:22 +0700: Memory Usage (443956K) : graphmet1l_OPC has 0 polygons
2026-09-21 21:45:22 +0700: Memory Usage (444196K) : extblock_drw has 0 polygons
2026-09-21 21:45:22 +0700: Memory Usage (444436K) : nldd_drw has 0 polygons
2026-09-21 21:45:22 +0700: Memory Usage (444436K) : pldd_drw has 0 polygons
2026-09-21 21:45:22 +0700: Memory Usage (444632K) : next_drw has 0 polygons
2026-09-21 21:45:22 +0700: Memory Usage (444864K) : pext_drw has 0 polygons
2026-09-21 21:45:22 +0700: Memory Usage (444864K) : nexthv_drw has 0 polygons
2026-09-21 21:45:22 +0700: Memory Usage (445068K) : pexthv_drw has 0 polygons
2026-09-21 21:45:22 +0700: Memory Usage (445312K) : graphgate_drw has 0 polygons
2026-09-21 21:45:22 +0700: Memory Usage (445312K) : sinwg_drw has 0 polygons
2026-09-21 21:45:22 +0700: Memory Usage (433964K) : sinwg_filler has 0 polygons
2026-09-21 21:45:22 +0700: Memory Usage (433964K) : sinwg_nofill has 0 polygons
2026-09-21 21:45:22 +0700: Memory Usage (433964K) : mempad_drw has 0 polygons
2026-09-21 21:45:22 +0700: Memory Usage (433964K) : topvia1_drw has 0 polygons
2026-09-21 21:45:22 +0700: Memory Usage (433964K) : topmetal1_drw has 0 polygons
2026-09-21 21:45:22 +0700: Memory Usage (433964K) : topmetal1_filler has 0 polygons
2026-09-21 21:45:22 +0700: Memory Usage (433964K) : topmetal1_slit has 0 polygons
2026-09-21 21:45:22 +0700: Memory Usage (433964K) : topmetal1 has 0 polygons
2026-09-21 21:45:22 +0700: Memory Usage (433964K) : topmetal1_pin has 0 polygons
2026-09-21 21:45:22 +0700: Memory Usage (433964K) : topmetal1_mask has 0 polygons
2026-09-21 21:45:22 +0700: Memory Usage (433964K) : topmetal1_nofill has 0 polygons
2026-09-21 21:45:22 +0700: Memory Usage (433964K) : topmetal1_text has 0 polygons
2026-09-21 21:45:22 +0700: Memory Usage (433964K) : topmetal1_noqrc has 0 polygons
2026-09-21 21:45:22 +0700: Memory Usage (433964K) : topmetal1_res has 0 polygons
2026-09-21 21:45:22 +0700: Memory Usage (433964K) : topmetal1_iprobe has 0 polygons
2026-09-21 21:45:22 +0700: Memory Usage (433964K) : topmetal1_diffprb has 0 polygons
2026-09-21 21:45:22 +0700: Memory Usage (433964K) : inldpwl_drw has 0 polygons
2026-09-21 21:45:22 +0700: Memory Usage (433964K) : polyres_drw has 0 polygons
2026-09-21 21:45:22 +0700: Memory Usage (433964K) : polyres_pin has 0 polygons
2026-09-21 21:45:22 +0700: Memory Usage (433964K) : vmim_drw has 0 polygons
2026-09-21 21:45:22 +0700: Memory Usage (433964K) : nbulaycut_drw has 0 polygons
2026-09-21 21:45:22 +0700: Memory Usage (433964K) : antmetal1_drw has 0 polygons
2026-09-21 21:45:22 +0700: Memory Usage (433964K) : topvia2_drw has 0 polygons
2026-09-21 21:45:22 +0700: Memory Usage (433964K) : topmetal2_drw has 0 polygons
2026-09-21 21:45:22 +0700: Memory Usage (433964K) : topmetal2_filler has 0 polygons
2026-09-21 21:45:22 +0700: Memory Usage (433964K) : topmetal2_slit has 0 polygons
2026-09-21 21:45:22 +0700: Memory Usage (433964K) : topmetal2 has 0 polygons
2026-09-21 21:45:22 +0700: Memory Usage (433964K) : topmetal2_pin has 0 polygons
2026-09-21 21:45:22 +0700: Memory Usage (433964K) : topmetal2_mask has 0 polygons
2026-09-21 21:45:22 +0700: Memory Usage (433964K) : topmetal2_nofill has 0 polygons
2026-09-21 21:45:22 +0700: Memory Usage (433964K) : topmetal2_text has 0 polygons
2026-09-21 21:45:22 +0700: Memory Usage (433964K) : topmetal2_noqrc has 0 polygons
2026-09-21 21:45:22 +0700: Memory Usage (433964K) : topmetal2_res has 0 polygons
2026-09-21 21:45:22 +0700: Memory Usage (433964K) : topmetal2_iprobe has 0 polygons
2026-09-21 21:45:22 +0700: Memory Usage (433964K) : topmetal2_diffprb has 0 polygons
2026-09-21 21:45:22 +0700: Memory Usage (433964K) : snsring_drw has 0 polygons
2026-09-21 21:45:22 +0700: Memory Usage (433964K) : sensor_drw has 0 polygons
2026-09-21 21:45:22 +0700: Memory Usage (433964K) : snsarms_drw has 0 polygons
2026-09-21 21:45:22 +0700: Memory Usage (433964K) : snscmosvia_drw has 0 polygons
2026-09-21 21:45:22 +0700: Memory Usage (433964K) : colwind_drw has 0 polygons
2026-09-21 21:45:22 +0700: Memory Usage (433964K) : flm_drw has 0 polygons
2026-09-21 21:45:22 +0700: Memory Usage (433964K) : hafniumox_drw has 0 polygons
2026-09-21 21:45:22 +0700: Memory Usage (433964K) : memvia_drw has 0 polygons
2026-09-21 21:45:22 +0700: Memory Usage (433964K) : thinfilmres_drw has 0 polygons
2026-09-21 21:45:22 +0700: Memory Usage (433964K) : rfmem_drw has 0 polygons
2026-09-21 21:45:22 +0700: Memory Usage (433964K) : norcx_drw has 0 polygons
2026-09-21 21:45:22 +0700: Memory Usage (433964K) : norcx_m2m3 has 0 polygons
2026-09-21 21:45:22 +0700: Memory Usage (433964K) : norcx_m2m4 has 0 polygons
2026-09-21 21:45:22 +0700: Memory Usage (433964K) : norcx_m2m5 has 0 polygons
2026-09-21 21:45:22 +0700: Memory Usage (433964K) : norcx_m2tm1 has 0 polygons
2026-09-21 21:45:22 +0700: Memory Usage (433964K) : norcx_m2tm2 has 0 polygons
2026-09-21 21:45:22 +0700: Memory Usage (433964K) : norcx_m3m4 has 0 polygons
2026-09-21 21:45:22 +0700: Memory Usage (433964K) : norcx_m3m5 has 0 polygons
2026-09-21 21:45:22 +0700: Memory Usage (433964K) : norcx_m3tm1 has 0 polygons
2026-09-21 21:45:22 +0700: Memory Usage (433964K) : norcx_m3tm2 has 0 polygons
2026-09-21 21:45:22 +0700: Memory Usage (433964K) : norcx_m4m5 has 0 polygons
2026-09-21 21:45:22 +0700: Memory Usage (433964K) : norcx_m4tm1 has 0 polygons
2026-09-21 21:45:22 +0700: Memory Usage (433964K) : norcx_m4tm2 has 0 polygons
2026-09-21 21:45:22 +0700: Memory Usage (433964K) : norcx_m5tm1 has 0 polygons
2026-09-21 21:45:22 +0700: Memory Usage (433964K) : norcx_m5tm2 has 0 polygons
2026-09-21 21:45:22 +0700: Memory Usage (433964K) : norcx_tm1tm2 has 0 polygons
2026-09-21 21:45:22 +0700: Memory Usage (433964K) : norcx_m1sub has 0 polygons
2026-09-21 21:45:22 +0700: Memory Usage (433964K) : norcx_m2sub has 0 polygons
2026-09-21 21:45:22 +0700: Memory Usage (433964K) : norcx_m3sub has 0 polygons
2026-09-21 21:45:22 +0700: Memory Usage (433964K) : norcx_m4sub has 0 polygons
2026-09-21 21:45:22 +0700: Memory Usage (433964K) : norcx_m5sub has 0 polygons
2026-09-21 21:45:22 +0700: Memory Usage (433964K) : norcx_tm1sub has 0 polygons
2026-09-21 21:45:22 +0700: Memory Usage (433964K) : norcx_tm2sub has 0 polygons
2026-09-21 21:45:22 +0700: Memory Usage (433964K) : snsbotvia_drw has 0 polygons
2026-09-21 21:45:22 +0700: Memory Usage (433964K) : snstopvia_drw has 0 polygons
2026-09-21 21:45:22 +0700: Memory Usage (433964K) : deepvia_drw has 0 polygons
2026-09-21 21:45:22 +0700: Memory Usage (433964K) : fgetch_drw has 0 polygons
2026-09-21 21:45:22 +0700: Memory Usage (433964K) : ctrgat_drw has 0 polygons
2026-09-21 21:45:22 +0700: Memory Usage (433964K) : fgimp_drw has 0 polygons
2026-09-21 21:45:22 +0700: Memory Usage (433964K) : emwihv_drw has 0 polygons
2026-09-21 21:45:22 +0700: Memory Usage (433964K) : lbe_drw has 0 polygons
2026-09-21 21:45:22 +0700: Memory Usage (433964K) : alcustop_drw has 0 polygons
2026-09-21 21:45:22 +0700: Memory Usage (433964K) : nometfiller_drw has 0 polygons
2026-09-21 21:45:22 +0700: Memory Usage (433964K) : prboundary_drw has 0 polygons
2026-09-21 21:45:22 +0700: Memory Usage (433964K) : exchange0_drw has 0 polygons
2026-09-21 21:45:22 +0700: Memory Usage (433964K) : exchange0_pin has 0 polygons
2026-09-21 21:45:22 +0700: Memory Usage (433964K) : exchange0_text has 0 polygons
2026-09-21 21:45:22 +0700: Memory Usage (433964K) : exchange1_drw has 0 polygons
2026-09-21 21:45:22 +0700: Memory Usage (433964K) : exchange1_pin has 0 polygons
2026-09-21 21:45:22 +0700: Memory Usage (433964K) : exchange1_text has 0 polygons
2026-09-21 21:45:22 +0700: Memory Usage (433964K) : exchange2_drw has 0 polygons
2026-09-21 21:45:22 +0700: Memory Usage (433964K) : exchange2_pin has 0 polygons
2026-09-21 21:45:22 +0700: Memory Usage (433964K) : exchange2_text has 0 polygons
2026-09-21 21:45:22 +0700: Memory Usage (433964K) : exchange3_drw has 0 polygons
2026-09-21 21:45:22 +0700: Memory Usage (433964K) : exchange3_pin has 0 polygons
2026-09-21 21:45:22 +0700: Memory Usage (433964K) : exchange3_text has 0 polygons
2026-09-21 21:45:22 +0700: Memory Usage (433964K) : exchange4_drw has 0 polygons
2026-09-21 21:45:22 +0700: Memory Usage (433964K) : exchange4_pin has 0 polygons
2026-09-21 21:45:22 +0700: Memory Usage (433964K) : exchange4_text has 0 polygons
2026-09-21 21:45:22 +0700: Memory Usage (433964K) : isonwell_drw has 0 polygons
2026-09-21 21:45:22 +0700: Memory Usage (433964K) : Total no. of polygons in the design is 40874
2026-09-21 21:45:22 +0700: Memory Usage (433964K) : Starting base layers derivations
2026-09-21 21:45:22 +0700: Memory Usage (433964K) : Starting general LVS derivations
2026-09-21 21:45:23 +0700: Memory Usage (441872K) : Starting MOSFET DERIVATIONS
2026-09-21 21:45:23 +0700: Memory Usage (442424K) : Starting NMOS DERIVATIONS
2026-09-21 21:45:23 +0700: Memory Usage (442424K) : Starting PMOS DERIVATIONS
2026-09-21 21:45:23 +0700: Memory Usage (442424K) : Starting RF-MOSFET DERIVATIONS
2026-09-21 21:45:23 +0700: Memory Usage (442424K) : Starting RF-NMOS DERIVATIONS
2026-09-21 21:45:23 +0700: Memory Usage (442424K) : Starting RF-PMOS DERIVATIONS
2026-09-21 21:45:23 +0700: Memory Usage (442424K) : Starting BJT DERIVATIONS
2026-09-21 21:45:23 +0700: Memory Usage (442424K) : Starting NPN-BJT DERIVATIONS
2026-09-21 21:45:23 +0700: Memory Usage (442424K) : Starting PNP-BJT DERIVATIONS
2026-09-21 21:45:23 +0700: Memory Usage (442424K) : Starting DIODE DERIVATIONS
2026-09-21 21:45:23 +0700: Memory Usage (453356K) : Starting RESISTOR DERIVATIONS
2026-09-21 21:45:23 +0700: Memory Usage (453356K) : Starting CAP DERIVATIONS
2026-09-21 21:45:23 +0700: Memory Usage (453356K) : Starting ESD DERIVATIONS
2026-09-21 21:45:24 +0700: Memory Usage (453844K) : Starting Inductor DERIVATIONS
2026-09-21 21:45:24 +0700: Memory Usage (453844K) : Starting Taps DERIVATIONS
2026-09-21 21:45:24 +0700: Memory Usage (453844K) : Starting SG13G2 LVS connectivity setup
2026-09-21 21:45:24 +0700: Memory Usage (453844K) : Starting SG13G2 LVS connectivity setup (Inter-layer)
2026-09-21 21:45:24 +0700: Memory Usage (454432K) : Starting SG13G2 LVS connectivity setup (Global)
2026-09-21 21:45:24 +0700: Memory Usage (454432K) : Starting LVS MOSFET CONNECTIONS
2026-09-21 21:45:24 +0700: Memory Usage (454432K) : Starting LVS RF-MOSFET CONNECTIONS
2026-09-21 21:45:24 +0700: Memory Usage (454432K) : Starting LVS BJT CONNECTIONS
2026-09-21 21:45:24 +0700: Memory Usage (454432K) : Starting LVS DIODE CONNECTIONS
2026-09-21 21:45:24 +0700: Memory Usage (454432K) : Starting RESISTOR CONNECTIONS
2026-09-21 21:45:24 +0700: Memory Usage (454432K) : Starting LVS CAP CONNECTIONS
2026-09-21 21:45:24 +0700: Memory Usage (454432K) : Starting ESD CONNECTIONS
2026-09-21 21:45:24 +0700: Memory Usage (454432K) : Starting Inductor CONNECTIONS
2026-09-21 21:45:24 +0700: Memory Usage (454432K) : Starting LVS Taps CONNECTIONS
2026-09-21 21:45:24 +0700: Memory Usage (454432K) : Starting SG13G2 LVS DEVICES EXTRACTION
2026-09-21 21:45:24 +0700: Memory Usage (454432K) : Starting MOSFET EXTRACTION
2026-09-21 21:45:24 +0700: Memory Usage (454432K) : Starting NMOS EXTRACTION
2026-09-21 21:45:24 +0700: Memory Usage (454432K) : Extraction of NMOS-LV transistor
2026-09-21 21:45:24 +0700: Memory Usage (454436K) : Extraction of NMOS-HV transistor
2026-09-21 21:45:24 +0700: Memory Usage (454436K) : Starting PMOS EXTRACTION
2026-09-21 21:45:24 +0700: Memory Usage (454436K) : Extraction of PMOS-LV transistor
2026-09-21 21:45:24 +0700: Memory Usage (454436K) : Extraction of PMOS-HV transistor
2026-09-21 21:45:24 +0700: Memory Usage (454436K) : Starting RF-MOSFET EXTRACTION
2026-09-21 21:45:24 +0700: Memory Usage (454436K) : Extraction of RF-NMOS-LV transistor
2026-09-21 21:45:25 +0700: Memory Usage (454436K) : Extraction of RF-NMOS-HV transistor
2026-09-21 21:45:25 +0700: Memory Usage (454436K) : Extraction of RF-PMOS-LV transistor
2026-09-21 21:45:25 +0700: Memory Usage (454436K) : Extraction of RF-PMOS-HV transistor
2026-09-21 21:45:25 +0700: Memory Usage (454436K) : Starting BJT EXTRACTION
2026-09-21 21:45:25 +0700: Memory Usage (454436K) : Starting NPN-BJT EXTRACTION
2026-09-21 21:45:25 +0700: Memory Usage (454436K) : Extraction of npn13G2 BJT transistor
2026-09-21 21:45:25 +0700: Memory Usage (455132K) : Extraction of npn13G2L BJT transistor
2026-09-21 21:45:25 +0700: Memory Usage (455132K) : Extraction of npn13G2V BJT transistor
2026-09-21 21:45:25 +0700: Memory Usage (455132K) : Starting PNP-BJT EXTRACTION
2026-09-21 21:45:25 +0700: Memory Usage (455132K) : Extracting pnpMPA BJT
2026-09-21 21:45:25 +0700: Memory Usage (455132K) : Starting DIODE EXTRACTION
2026-09-21 21:45:25 +0700: Memory Usage (455132K) : Extracting dantenna diode
2026-09-21 21:45:25 +0700: Memory Usage (455132K) : Extracting dpantenna diode
2026-09-21 21:45:25 +0700: Memory Usage (455132K) : Extracting schottky_nbl1 diode
2026-09-21 21:45:25 +0700: Memory Usage (455132K) : Extracting isolbox diode
2026-09-21 21:45:25 +0700: Memory Usage (455132K) : Starting RESISTOR EXTRACTION
2026-09-21 21:45:25 +0700: Memory Usage (455132K) : Extracting rsil resistor
2026-09-21 21:45:25 +0700: Memory Usage (455132K) : Extracting rppd resistor
2026-09-21 21:45:25 +0700: Memory Usage (455132K) : Extracting rhigh resistor
2026-09-21 21:45:25 +0700: Memory Usage (455132K) : Extracting res_metal1 resistor
2026-09-21 21:45:26 +0700: Memory Usage (455760K) : Extracting res_metal2 resistor
2026-09-21 21:45:26 +0700: Memory Usage (455760K) : Extracting res_metal3 resistor
2026-09-21 21:45:26 +0700: Memory Usage (455760K) : Extracting res_metal4 resistor
2026-09-21 21:45:26 +0700: Memory Usage (455760K) : Extracting res_metal5 resistor
2026-09-21 21:45:26 +0700: Memory Usage (455760K) : Extracting res_topmetal1 resistor
2026-09-21 21:45:26 +0700: Memory Usage (455760K) : Extracting res_topmetal2 resistor
2026-09-21 21:45:26 +0700: Memory Usage (455760K) : Starting CAP EXTRACTION
2026-09-21 21:45:26 +0700: Memory Usage (455760K) : Extracting cap_cmim device
2026-09-21 21:45:26 +0700: Memory Usage (455760K) : Extracting rfcmim device
2026-09-21 21:45:26 +0700: Memory Usage (455760K) : Extracting sg13_hv_svaricap varactor
2026-09-21 21:45:26 +0700: Memory Usage (455760K) : Starting ESD EXTRACTION
2026-09-21 21:45:26 +0700: Memory Usage (455760K) : Extracting diodevdd_2kv ESD device
2026-09-21 21:45:26 +0700: Memory Usage (455760K) : Extracting diodevdd_4kv ESD device
2026-09-21 21:45:26 +0700: Memory Usage (455760K) : Extracting diodevss_2kv ESD device
2026-09-21 21:45:26 +0700: Memory Usage (455760K) : Extracting diodevss_4kv ESD device
2026-09-21 21:45:26 +0700: Memory Usage (455760K) : Extracting idiodevdd_2kv ESD device
2026-09-21 21:45:26 +0700: Memory Usage (455760K) : Extracting idiodevdd_4kv ESD device
2026-09-21 21:45:26 +0700: Memory Usage (455760K) : Extracting idiodevss_2kv ESD device
2026-09-21 21:45:26 +0700: Memory Usage (455760K) : Extracting idiodevss_4kv ESD device
2026-09-21 21:45:26 +0700: Memory Usage (455760K) : Extracting nmoscl_2 ESD device
2026-09-21 21:45:26 +0700: Memory Usage (455760K) : Extracting nmoscl_4 ESD device
2026-09-21 21:45:26 +0700: Memory Usage (455760K) : Starting Inductor EXTRACTION
2026-09-21 21:45:26 +0700: Memory Usage (455760K) : Extracting Inductor2 device
2026-09-21 21:45:26 +0700: Memory Usage (455760K) : Extracting Inductor3 device
2026-09-21 21:45:26 +0700: Memory Usage (455760K) : Starting Taps EXTRACTION
2026-09-21 21:45:26 +0700: Memory Usage (455760K) : Extracting ntap1 device
2026-09-21 21:45:26 +0700: Memory Usage (455760K) : Extracting ptap1 device
2026-09-21 21:45:26 +0700: Memory Usage (455760K) : Starting SG13G2 LVS RF MOS Model Mapping
2026-09-21 21:45:27 +0700: Memory Usage (455964K) : [layout_netlist] Apply RF MOS model mapping and rfmode parameter.
2026-09-21 21:45:27 +0700: Memory Usage (455964K) : Starting SG13G2 LVS Options Preparations
2026-09-21 21:45:27 +0700: Memory Usage (455964K) : SG13G2 LVS flow: extraction -> alignment -> option preparation -> comparison.
2026-09-21 21:45:27 +0700: Memory Usage (455964K) : Starting SG13G2 LVS Alignment
2026-09-21 21:45:27 +0700: Memory Usage (456464K) : Starting SG13G2 LVS Simplification
2026-09-21 21:45:27 +0700: Memory Usage (456464K) : [layout_netlist] simplify: ENABLED
2026-09-21 21:45:27 +0700: Memory Usage (456464K) : [layout_netlist] make_top_level_pins: SKIPPED
2026-09-21 21:45:27 +0700: Memory Usage (456464K) : [layout_netlist] combine_devices: SKIPPED
2026-09-21 21:45:27 +0700: Memory Usage (456464K) : [layout_netlist] purge: SKIPPED
2026-09-21 21:45:27 +0700: Memory Usage (456464K) : [layout_netlist] purge_nets: SKIPPED
2026-09-21 21:45:27 +0700: Memory Usage (456464K) : [schematic_netlist] simplify: ENABLED
2026-09-21 21:45:27 +0700: Memory Usage (456640K) : [schematic_netlist] make_top_level_pins: SKIPPED
2026-09-21 21:45:27 +0700: Memory Usage (456640K) : [schematic_netlist] combine_devices: SKIPPED
2026-09-21 21:45:27 +0700: Memory Usage (456640K) : [schematic_netlist] purge: SKIPPED
2026-09-21 21:45:27 +0700: Memory Usage (456640K) : [schematic_netlist] purge_nets: SKIPPED
2026-09-21 21:45:27 +0700: Memory Usage (456640K) : Starting SG13G2 LVS Comparison
2026-09-21 21:45:28 +0700: Memory Usage (461216K) : xxxxxxxxxxxxxxxxxxxxxxxxxxxxxxxxxxxxxxxxxx
2026-09-21 21:45:28 +0700: Memory Usage (461216K) : ERROR : Netlists don't match
2026-09-21 21:45:28 +0700: Memory Usage (461216K) : xxxxxxxxxxxxxxxxxxxxxxxxxxxxxxxxxxxxxxxxxx
2026-09-21 21:45:28 +0700: Memory Usage (461216K) : LVS Total Run time 7.190473 seconds
