# Logfile created on 2026-09-21 21:59:03 +0700 by logger.rb/61378
2026-09-21 21:59:03 +0700: Memory Usage (416180K) : Starting running SG13G2 Klayout LVS runset on /home/admin/work/final/IHP__MSPHY6034/dependencies/PMIC/release/v.1.0.0/gds/Full_Layout.gds
2026-09-21 21:59:03 +0700: Memory Usage (416180K) : Ruby Version for klayout: 2.5.9
2026-09-21 21:59:03 +0700: Memory Usage (417680K) : Loading database to memory is complete.
2026-09-21 21:59:03 +0700: Memory Usage (417680K) : SG13G2 Klayout LVS runset output at: /home/admin/work/final/IHP__MSPHY6034/dependencies/PMIC/PMIC-main/verification/lvs/lvs_run_Full_Layout_deep/Full_Layout.lvsdb
2026-09-21 21:59:03 +0700: Memory Usage (417680K) : Evaluate switches.
2026-09-21 21:59:03 +0700: Memory Usage (417680K) : Extracted netlist with net names: true
2026-09-21 21:59:03 +0700: Memory Usage (417680K) : Extracted netlist with comments in details: false
2026-09-21 21:59:03 +0700: Memory Usage (417680K) : Selected NET_ONLY option: false
2026-09-21 21:59:03 +0700: Memory Usage (417680K) : Selected LAYOUT_NETLIST option: (none)
2026-09-21 21:59:03 +0700: Memory Usage (417680K) : Selected IGNORE_TOP_PORTS_MISMATCH option: 
2026-09-21 21:59:03 +0700: Memory Usage (417680K) : Selected IMPLICIT_NETS option: (none)
2026-09-21 21:59:03 +0700: Memory Usage (417680K) : Selected TOP_LVL_PINS option: false
2026-09-21 21:59:03 +0700: Memory Usage (417680K) : Selected COMBINE DEVICES option: false
2026-09-21 21:59:03 +0700: Memory Usage (417680K) : Selected PURGE option: false
2026-09-21 21:59:03 +0700: Memory Usage (417680K) : Selected PURGE_NETS option: false
2026-09-21 21:59:03 +0700: Memory Usage (417680K) : Selected SIMPLIFY option: true
2026-09-21 21:59:03 +0700: Memory Usage (417680K) : Selected SERIES_RES option: true
2026-09-21 21:59:03 +0700: Memory Usage (417680K) : Selected PARALLEL_RES option: true
2026-09-21 21:59:03 +0700: Memory Usage (417680K) : deep  mode is enabled.
2026-09-21 21:59:03 +0700: Memory Usage (418028K) : Netlist file: /home/admin/work/final/IHP__MSPHY6034/dependencies/PMIC/PMIC-main/verification/lvs/lvs_run_Full_Layout_deep/Full_Layout_netlist_fixed.spice
2026-09-21 21:59:03 +0700: Memory Usage (418028K) : LVS extracted netlist at: /home/admin/work/final/IHP__MSPHY6034/dependencies/PMIC/PMIC-main/verification/lvs/lvs_run_Full_Layout_deep/Full_Layout_extracted.cir
2026-09-21 21:59:03 +0700: Memory Usage (418028K) : Applying SRAM integration support.
2026-09-21 21:59:03 +0700: Memory Usage (418028K) : Starting SG13G2 LVS runset
2026-09-21 21:59:03 +0700: Memory Usage (418028K) : Read in polygons from layers.
2026-09-21 21:59:03 +0700: Memory Usage (419452K) : activ_drw has 27929 polygons
2026-09-21 21:59:03 +0700: Memory Usage (419452K) : activ_filler has 0 polygons
2026-09-21 21:59:03 +0700: Memory Usage (419452K) : activ has 27929 polygons
2026-09-21 21:59:03 +0700: Memory Usage (419452K) : activ_pin has 3 polygons
2026-09-21 21:59:03 +0700: Memory Usage (419452K) : activ_mask has 0 polygons
2026-09-21 21:59:03 +0700: Memory Usage (419452K) : activ_nofill has 0 polygons
2026-09-21 21:59:03 +0700: Memory Usage (419452K) : activ_OPC has 0 polygons
2026-09-21 21:59:03 +0700: Memory Usage (419452K) : activ_iOPC has 0 polygons
2026-09-21 21:59:03 +0700: Memory Usage (419452K) : activ_noqrc has 0 polygons
2026-09-21 21:59:03 +0700: Memory Usage (420788K) : biwind_drw has 0 polygons
2026-09-21 21:59:03 +0700: Memory Usage (420788K) : biwind_OPC has 0 polygons
2026-09-21 21:59:03 +0700: Memory Usage (420788K) : gatpoly_drw has 18468 polygons
2026-09-21 21:59:03 +0700: Memory Usage (420788K) : gatpoly_filler has 0 polygons
2026-09-21 21:59:03 +0700: Memory Usage (420788K) : gatpoly has 18468 polygons
2026-09-21 21:59:03 +0700: Memory Usage (420788K) : gatpoly_pin has 22 polygons
2026-09-21 21:59:03 +0700: Memory Usage (421052K) : gatpoly_nofill has 0 polygons
2026-09-21 21:59:03 +0700: Memory Usage (421052K) : gatpoly_OPC has 0 polygons
2026-09-21 21:59:03 +0700: Memory Usage (421052K) : gatpoly_iOPC has 0 polygons
2026-09-21 21:59:03 +0700: Memory Usage (421052K) : gatpoly_noqrc has 0 polygons
2026-09-21 21:59:03 +0700: Memory Usage (421316K) : cont_drw has 300568 polygons
2026-09-21 21:59:03 +0700: Memory Usage (421844K) : cont_OPC has 0 polygons
2026-09-21 21:59:03 +0700: Memory Usage (421844K) : nsd_drw has 5 polygons
2026-09-21 21:59:03 +0700: Memory Usage (421844K) : nsd_block has 0 polygons
2026-09-21 21:59:03 +0700: Memory Usage (422108K) : metal1_drw has 39513 polygons
2026-09-21 21:59:03 +0700: Memory Usage (422108K) : metal1_filler has 0 polygons
2026-09-21 21:59:03 +0700: Memory Usage (422552K) : metal1_slit has 0 polygons
2026-09-21 21:59:03 +0700: Memory Usage (422552K) : metal1 has 39513 polygons
2026-09-21 21:59:03 +0700: Memory Usage (422872K) : metal1_pin has 80 polygons
2026-09-21 21:59:03 +0700: Memory Usage (422872K) : metal1_mask has 0 polygons
2026-09-21 21:59:03 +0700: Memory Usage (422872K) : metal1_nofill has 0 polygons
2026-09-21 21:59:03 +0700: Memory Usage (423136K) : metal1_text has 53 polygons
2026-09-21 21:59:03 +0700: Memory Usage (423136K) : metal1_OPC has 0 polygons
2026-09-21 21:59:03 +0700: Memory Usage (423136K) : metal1_noqrc has 0 polygons
2026-09-21 21:59:03 +0700: Memory Usage (423136K) : metal1_res has 0 polygons
2026-09-21 21:59:03 +0700: Memory Usage (423628K) : metal1_iprobe has 0 polygons
2026-09-21 21:59:03 +0700: Memory Usage (423628K) : metal1_diffprb has 0 polygons
2026-09-21 21:59:03 +0700: Memory Usage (423628K) : passiv_drw has 0 polygons
2026-09-21 21:59:03 +0700: Memory Usage (423892K) : passiv_pin has 0 polygons
2026-09-21 21:59:03 +0700: Memory Usage (423892K) : passiv_sbump has 0 polygons
2026-09-21 21:59:03 +0700: Memory Usage (423892K) : passiv_pillar has 0 polygons
2026-09-21 21:59:03 +0700: Memory Usage (423892K) : passiv_pdl has 0 polygons
2026-09-21 21:59:03 +0700: Memory Usage (424156K) : metal2_drw has 39470 polygons
2026-09-21 21:59:03 +0700: Memory Usage (424156K) : metal2_filler has 0 polygons
2026-09-21 21:59:03 +0700: Memory Usage (424156K) : metal2_slit has 0 polygons
2026-09-21 21:59:03 +0700: Memory Usage (424420K) : metal2 has 39470 polygons
2026-09-21 21:59:03 +0700: Memory Usage (424420K) : metal2_pin has 1 polygons
2026-09-21 21:59:03 +0700: Memory Usage (424684K) : metal2_mask has 0 polygons
2026-09-21 21:59:03 +0700: Memory Usage (424684K) : metal2_nofill has 0 polygons
2026-09-21 21:59:03 +0700: Memory Usage (424684K) : metal2_text has 6 polygons
2026-09-21 21:59:03 +0700: Memory Usage (424948K) : metal2_OPC has 0 polygons
2026-09-21 21:59:03 +0700: Memory Usage (424948K) : metal2_noqrc has 0 polygons
2026-09-21 21:59:03 +0700: Memory Usage (424948K) : metal2_res has 0 polygons
2026-09-21 21:59:03 +0700: Memory Usage (424948K) : metal2_iprobe has 0 polygons
2026-09-21 21:59:03 +0700: Memory Usage (425212K) : metal2_diffprb has 0 polygons
2026-09-21 21:59:03 +0700: Memory Usage (425212K) : baspoly_drw has 0 polygons
2026-09-21 21:59:03 +0700: Memory Usage (425212K) : baspoly_pin has 0 polygons
2026-09-21 21:59:03 +0700: Memory Usage (425476K) : psd_drw has 179 polygons
2026-09-21 21:59:03 +0700: Memory Usage (425476K) : nldb_drw has 0 polygons
2026-09-21 21:59:03 +0700: Memory Usage (425476K) : digibnd_drw has 0 polygons
2026-09-21 21:59:03 +0700: Memory Usage (425476K) : via1_drw has 231469 polygons
2026-09-21 21:59:03 +0700: Memory Usage (426004K) : backmetal1_drw has 0 polygons
2026-09-21 21:59:03 +0700: Memory Usage (426004K) : backmetal1_pin has 0 polygons
2026-09-21 21:59:03 +0700: Memory Usage (426004K) : backmetal1_mask has 0 polygons
2026-09-21 21:59:03 +0700: Memory Usage (426004K) : backmetal1_filler has 0 polygons
2026-09-21 21:59:03 +0700: Memory Usage (426268K) : backmetal1_nofill has 0 polygons
2026-09-21 21:59:03 +0700: Memory Usage (426268K) : backmetal1_slit has 0 polygons
2026-09-21 21:59:03 +0700: Memory Usage (426268K) : backmetal1_text has 0 polygons
2026-09-21 21:59:03 +0700: Memory Usage (426532K) : backmetal1_OPC has 0 polygons
2026-09-21 21:59:03 +0700: Memory Usage (426532K) : backmetal1_noqrc has 0 polygons
2026-09-21 21:59:03 +0700: Memory Usage (426532K) : backmetal1_res has 0 polygons
2026-09-21 21:59:03 +0700: Memory Usage (426532K) : backmetal1_iprobe has 0 polygons
2026-09-21 21:59:03 +0700: Memory Usage (426796K) : backmetal1_diffprb has 0 polygons
2026-09-21 21:59:03 +0700: Memory Usage (426796K) : backpassiv_drw has 0 polygons
2026-09-21 21:59:03 +0700: Memory Usage (426796K) : res_drw has 0 polygons
2026-09-21 21:59:03 +0700: Memory Usage (427060K) : sram_drw has 0 polygons
2026-09-21 21:59:03 +0700: Memory Usage (427060K) : trans_drw has 0 polygons
2026-09-21 21:59:03 +0700: Memory Usage (427060K) : ind_drw has 0 polygons
2026-09-21 21:59:03 +0700: Memory Usage (427060K) : ind_pin has 0 polygons
2026-09-21 21:59:03 +0700: Memory Usage (427324K) : ind_text has 0 polygons
2026-09-21 21:59:03 +0700: Memory Usage (427324K) : salblock_drw has 0 polygons
2026-09-21 21:59:03 +0700: Memory Usage (427324K) : via2_drw has 182770 polygons
2026-09-21 21:59:03 +0700: Memory Usage (427588K) : metal3_drw has 24967 polygons
2026-09-21 21:59:03 +0700: Memory Usage (427588K) : metal3_filler has 0 polygons
2026-09-21 21:59:03 +0700: Memory Usage (427588K) : metal3_slit has 0 polygons
2026-09-21 21:59:03 +0700: Memory Usage (427852K) : metal3 has 24967 polygons
2026-09-21 21:59:03 +0700: Memory Usage (427852K) : metal3_pin has 10 polygons
2026-09-21 21:59:03 +0700: Memory Usage (427852K) : metal3_mask has 0 polygons
2026-09-21 21:59:03 +0700: Memory Usage (427852K) : metal3_nofill has 0 polygons
2026-09-21 21:59:03 +0700: Memory Usage (428116K) : metal3_text has 14 polygons
2026-09-21 21:59:03 +0700: Memory Usage (428116K) : metal3_OPC has 0 polygons
2026-09-21 21:59:03 +0700: Memory Usage (428116K) : metal3_noqrc has 0 polygons
2026-09-21 21:59:03 +0700: Memory Usage (428380K) : metal3_res has 0 polygons
2026-09-21 21:59:03 +0700: Memory Usage (428380K) : metal3_iprobe has 0 polygons
2026-09-21 21:59:03 +0700: Memory Usage (428380K) : metal3_diffprb has 0 polygons
2026-09-21 21:59:03 +0700: Memory Usage (428380K) : nwell_drw has 87 polygons
2026-09-21 21:59:03 +0700: Memory Usage (428644K) : nwell_pin has 0 polygons
2026-09-21 21:59:03 +0700: Memory Usage (428644K) : nwell_text has 0 polygons
2026-09-21 21:59:03 +0700: Memory Usage (428644K) : nbulay_drw has 6 polygons
2026-09-21 21:59:03 +0700: Memory Usage (428908K) : nbulay_pin has 0 polygons
2026-09-21 21:59:03 +0700: Memory Usage (428908K) : nbulay_block has 0 polygons
2026-09-21 21:59:03 +0700: Memory Usage (428908K) : emwind_drw has 0 polygons
2026-09-21 21:59:03 +0700: Memory Usage (428908K) : emwind_OPC has 0 polygons
2026-09-21 21:59:03 +0700: Memory Usage (429172K) : deepco_drw has 0 polygons
2026-09-21 21:59:03 +0700: Memory Usage (429172K) : mim_drw has 59 polygons
2026-09-21 21:59:03 +0700: Memory Usage (429172K) : edgeseal_drw has 0 polygons
2026-09-21 21:59:03 +0700: Memory Usage (429436K) : substrate_drw has 16 polygons
2026-09-21 21:59:03 +0700: Memory Usage (429436K) : substrate_text has 0 polygons
2026-09-21 21:59:03 +0700: Memory Usage (429436K) : dfpad_drw has 0 polygons
2026-09-21 21:59:03 +0700: Memory Usage (429436K) : dfpad_pillar has 0 polygons
2026-09-21 21:59:03 +0700: Memory Usage (429700K) : dfpad_sbump has 0 polygons
2026-09-21 21:59:03 +0700: Memory Usage (429700K) : thickgateox_drw has 324 polygons
2026-09-21 21:59:03 +0700: Memory Usage (429700K) : pldb_drw has 0 polygons
2026-09-21 21:59:03 +0700: Memory Usage (429700K) : pwell_drw has 0 polygons
2026-09-21 21:59:03 +0700: Memory Usage (429964K) : pwell_pin has 0 polygons
2026-09-21 21:59:03 +0700: Memory Usage (429964K) : pwell_block has 0 polygons
2026-09-21 21:59:03 +0700: Memory Usage (429964K) : ic_drw has 0 polygons
2026-09-21 21:59:03 +0700: Memory Usage (430228K) : via3_drw has 138760 polygons
2026-09-21 21:59:03 +0700: Memory Usage (430228K) : metal4_drw has 13170 polygons
2026-09-21 21:59:03 +0700: Memory Usage (430228K) : metal4_filler has 0 polygons
2026-09-21 21:59:03 +0700: Memory Usage (430228K) : metal4_slit has 0 polygons
2026-09-21 21:59:03 +0700: Memory Usage (430492K) : metal4 has 13170 polygons
2026-09-21 21:59:03 +0700: Memory Usage (430492K) : metal4_pin has 1 polygons
2026-09-21 21:59:03 +0700: Memory Usage (430756K) : metal4_mask has 0 polygons
2026-09-21 21:59:03 +0700: Memory Usage (430756K) : metal4_nofill has 0 polygons
2026-09-21 21:59:03 +0700: Memory Usage (430756K) : metal4_text has 1 polygons
2026-09-21 21:59:03 +0700: Memory Usage (430756K) : metal4_OPC has 0 polygons
2026-09-21 21:59:03 +0700: Memory Usage (431020K) : metal4_noqrc has 0 polygons
2026-09-21 21:59:03 +0700: Memory Usage (431020K) : metal4_res has 0 polygons
2026-09-21 21:59:03 +0700: Memory Usage (431020K) : metal4_iprobe has 0 polygons
2026-09-21 21:59:03 +0700: Memory Usage (431284K) : metal4_diffprb has 0 polygons
2026-09-21 21:59:03 +0700: Memory Usage (431284K) : heattrans_drw has 9082 polygons
2026-09-21 21:59:03 +0700: Memory Usage (431284K) : heatres_drw has 0 polygons
2026-09-21 21:59:03 +0700: Memory Usage (431284K) : fbe_drw has 0 polygons
2026-09-21 21:59:03 +0700: Memory Usage (431548K) : empoly_drw has 0 polygons
2026-09-21 21:59:03 +0700: Memory Usage (431548K) : digisub_drw has 0 polygons
2026-09-21 21:59:03 +0700: Memory Usage (431548K) : text_drw has 30 polygons
2026-09-21 21:59:03 +0700: Memory Usage (431548K) : via4_drw has 123149 polygons
2026-09-21 21:59:03 +0700: Memory Usage (431812K) : metal5_drw has 512 polygons
2026-09-21 21:59:03 +0700: Memory Usage (431812K) : metal5_filler has 0 polygons
2026-09-21 21:59:03 +0700: Memory Usage (431812K) : metal5_slit has 0 polygons
2026-09-21 21:59:03 +0700: Memory Usage (432076K) : metal5 has 512 polygons
2026-09-21 21:59:03 +0700: Memory Usage (432076K) : metal5_pin has 3 polygons
2026-09-21 21:59:03 +0700: Memory Usage (432340K) : metal5_mask has 0 polygons
2026-09-21 21:59:03 +0700: Memory Usage (432340K) : metal5_nofill has 0 polygons
2026-09-21 21:59:03 +0700: Memory Usage (432340K) : metal5_text has 8 polygons
2026-09-21 21:59:03 +0700: Memory Usage (432340K) : metal5_OPC has 0 polygons
2026-09-21 21:59:03 +0700: Memory Usage (432604K) : metal5_noqrc has 0 polygons
2026-09-21 21:59:03 +0700: Memory Usage (432604K) : metal5_res has 0 polygons
2026-09-21 21:59:03 +0700: Memory Usage (432604K) : metal5_iprobe has 0 polygons
2026-09-21 21:59:03 +0700: Memory Usage (432604K) : metal5_diffprb has 0 polygons
2026-09-21 21:59:03 +0700: Memory Usage (432868K) : radhard_drw has 0 polygons
2026-09-21 21:59:03 +0700: Memory Usage (432868K) : memcap_drw has 0 polygons
2026-09-21 21:59:03 +0700: Memory Usage (432868K) : varicap_drw has 0 polygons
2026-09-21 21:59:03 +0700: Memory Usage (433132K) : intbondvia_drw has 0 polygons
2026-09-21 21:59:03 +0700: Memory Usage (433132K) : intbondmet_drw has 0 polygons
2026-09-21 21:59:03 +0700: Memory Usage (433132K) : devbondvia_drw has 0 polygons
2026-09-21 21:59:03 +0700: Memory Usage (433132K) : devbondmet_drw has 0 polygons
2026-09-21 21:59:03 +0700: Memory Usage (433396K) : devtrench_drw has 0 polygons
2026-09-21 21:59:03 +0700: Memory Usage (433396K) : redist_drw has 0 polygons
2026-09-21 21:59:03 +0700: Memory Usage (433396K) : graphbot_drw has 0 polygons
2026-09-21 21:59:03 +0700: Memory Usage (433660K) : graphtop_drw has 0 polygons
2026-09-21 21:59:03 +0700: Memory Usage (433660K) : antvia1_drw has 0 polygons
2026-09-21 21:59:03 +0700: Memory Usage (433660K) : antmetal2_drw has 0 polygons
2026-09-21 21:59:03 +0700: Memory Usage (433660K) : graphcont_drw has 0 polygons
2026-09-21 21:59:03 +0700: Memory Usage (433924K) : siwg_drw has 0 polygons
2026-09-21 21:59:03 +0700: Memory Usage (433924K) : siwg_filler has 0 polygons
2026-09-21 21:59:03 +0700: Memory Usage (433924K) : siwg_nofill has 0 polygons
2026-09-21 21:59:04 +0700: Memory Usage (433924K) : sigrating_drw has 0 polygons
2026-09-21 21:59:04 +0700: Memory Usage (434188K) : singrating_drw has 0 polygons
2026-09-21 21:59:04 +0700: Memory Usage (434188K) : graphpas_drw has 0 polygons
2026-09-21 21:59:04 +0700: Memory Usage (434188K) : emwind3_drw has 0 polygons
2026-09-21 21:59:04 +0700: Memory Usage (434452K) : emwihv3_drw has 0 polygons
2026-09-21 21:59:04 +0700: Memory Usage (434452K) : redbulay_drw has 0 polygons
2026-09-21 21:59:04 +0700: Memory Usage (434452K) : smos_drw has 0 polygons
2026-09-21 21:59:04 +0700: Memory Usage (434452K) : graphpad_drw has 0 polygons
2026-09-21 21:59:04 +0700: Memory Usage (434716K) : polimide_drw has 0 polygons
2026-09-21 21:59:04 +0700: Memory Usage (434716K) : polimide_pin has 0 polygons
2026-09-21 21:59:04 +0700: Memory Usage (434716K) : recog_drw has 0 polygons
2026-09-21 21:59:04 +0700: Memory Usage (434980K) : recog_pin has 0 polygons
2026-09-21 21:59:04 +0700: Memory Usage (434980K) : recog_esd has 0 polygons
2026-09-21 21:59:04 +0700: Memory Usage (434980K) : recog_diode has 0 polygons
2026-09-21 21:59:04 +0700: Memory Usage (434980K) : recog_tsv has 0 polygons
2026-09-21 21:59:04 +0700: Memory Usage (435244K) : recog_iprobe has 0 polygons
2026-09-21 21:59:04 +0700: Memory Usage (435244K) : recog_diffprb has 0 polygons
2026-09-21 21:59:04 +0700: Memory Usage (435244K) : recog_pillar has 0 polygons
2026-09-21 21:59:04 +0700: Memory Usage (435508K) : recog_sbump has 0 polygons
2026-09-21 21:59:04 +0700: Memory Usage (435508K) : recog_otp has 0 polygons
2026-09-21 21:59:04 +0700: Memory Usage (435508K) : recog_pdiode has 0 polygons
2026-09-21 21:59:04 +0700: Memory Usage (435508K) : recog_mom has 0 polygons
2026-09-21 21:59:04 +0700: Memory Usage (435772K) : recog_pcm has 0 polygons
2026-09-21 21:59:04 +0700: Memory Usage (435772K) : colopen_drw has 0 polygons
2026-09-21 21:59:04 +0700: Memory Usage (435772K) : graphmetal1_drw has 0 polygons
2026-09-21 21:59:04 +0700: Memory Usage (436036K) : graphmetal1_filler has 0 polygons
2026-09-21 21:59:04 +0700: Memory Usage (436036K) : graphmetal1_nofill has 0 polygons
2026-09-21 21:59:04 +0700: Memory Usage (436036K) : graphmetal1_slit has 0 polygons
2026-09-21 21:59:04 +0700: Memory Usage (436036K) : graphmetal1_OPC has 0 polygons
2026-09-21 21:59:04 +0700: Memory Usage (436300K) : graphmet1l_drw has 0 polygons
2026-09-21 21:59:04 +0700: Memory Usage (436300K) : graphmet1l_filler has 0 polygons
2026-09-21 21:59:04 +0700: Memory Usage (436300K) : graphmet1l_nofill has 0 polygons
2026-09-21 21:59:04 +0700: Memory Usage (436564K) : graphmet1l_slit has 0 polygons
2026-09-21 21:59:04 +0700: Memory Usage (436564K) : graphmet1l_OPC has 0 polygons
2026-09-21 21:59:04 +0700: Memory Usage (436564K) : extblock_drw has 0 polygons
2026-09-21 21:59:04 +0700: Memory Usage (436564K) : nldd_drw has 0 polygons
2026-09-21 21:59:04 +0700: Memory Usage (436828K) : pldd_drw has 0 polygons
2026-09-21 21:59:04 +0700: Memory Usage (436828K) : next_drw has 0 polygons
2026-09-21 21:59:04 +0700: Memory Usage (436828K) : pext_drw has 0 polygons
2026-09-21 21:59:04 +0700: Memory Usage (437092K) : nexthv_drw has 0 polygons
2026-09-21 21:59:04 +0700: Memory Usage (437092K) : pexthv_drw has 0 polygons
2026-09-21 21:59:04 +0700: Memory Usage (437092K) : graphgate_drw has 0 polygons
2026-09-21 21:59:04 +0700: Memory Usage (437092K) : sinwg_drw has 0 polygons
2026-09-21 21:59:04 +0700: Memory Usage (437356K) : sinwg_filler has 0 polygons
2026-09-21 21:59:04 +0700: Memory Usage (437356K) : sinwg_nofill has 0 polygons
2026-09-21 21:59:04 +0700: Memory Usage (437356K) : mempad_drw has 0 polygons
2026-09-21 21:59:04 +0700: Memory Usage (435260K) : topvia1_drw has 5 polygons
2026-09-21 21:59:04 +0700: Memory Usage (435260K) : topmetal1_drw has 75 polygons
2026-09-21 21:59:04 +0700: Memory Usage (435260K) : topmetal1_filler has 0 polygons
2026-09-21 21:59:04 +0700: Memory Usage (435260K) : topmetal1_slit has 0 polygons
2026-09-21 21:59:04 +0700: Memory Usage (435260K) : topmetal1 has 75 polygons
2026-09-21 21:59:04 +0700: Memory Usage (435260K) : topmetal1_pin has 0 polygons
2026-09-21 21:59:04 +0700: Memory Usage (435260K) : topmetal1_mask has 0 polygons
2026-09-21 21:59:04 +0700: Memory Usage (435260K) : topmetal1_nofill has 0 polygons
2026-09-21 21:59:04 +0700: Memory Usage (435260K) : topmetal1_text has 0 polygons
2026-09-21 21:59:04 +0700: Memory Usage (435260K) : topmetal1_noqrc has 0 polygons
2026-09-21 21:59:04 +0700: Memory Usage (435260K) : topmetal1_res has 0 polygons
2026-09-21 21:59:04 +0700: Memory Usage (435260K) : topmetal1_iprobe has 0 polygons
2026-09-21 21:59:04 +0700: Memory Usage (435260K) : topmetal1_diffprb has 0 polygons
2026-09-21 21:59:04 +0700: Memory Usage (435260K) : inldpwl_drw has 0 polygons
2026-09-21 21:59:04 +0700: Memory Usage (435260K) : polyres_drw has 0 polygons
2026-09-21 21:59:04 +0700: Memory Usage (435260K) : polyres_pin has 0 polygons
2026-09-21 21:59:04 +0700: Memory Usage (435260K) : vmim_drw has 151851 polygons
2026-09-21 21:59:04 +0700: Memory Usage (435260K) : nbulaycut_drw has 0 polygons
2026-09-21 21:59:04 +0700: Memory Usage (435260K) : antmetal1_drw has 0 polygons
2026-09-21 21:59:04 +0700: Memory Usage (435260K) : topvia2_drw has 0 polygons
2026-09-21 21:59:04 +0700: Memory Usage (435260K) : topmetal2_drw has 0 polygons
2026-09-21 21:59:04 +0700: Memory Usage (435260K) : topmetal2_filler has 0 polygons
2026-09-21 21:59:04 +0700: Memory Usage (435260K) : topmetal2_slit has 0 polygons
2026-09-21 21:59:04 +0700: Memory Usage (435260K) : topmetal2 has 0 polygons
2026-09-21 21:59:04 +0700: Memory Usage (435260K) : topmetal2_pin has 0 polygons
2026-09-21 21:59:04 +0700: Memory Usage (435260K) : topmetal2_mask has 0 polygons
2026-09-21 21:59:04 +0700: Memory Usage (435260K) : topmetal2_nofill has 0 polygons
2026-09-21 21:59:04 +0700: Memory Usage (435260K) : topmetal2_text has 0 polygons
2026-09-21 21:59:04 +0700: Memory Usage (435260K) : topmetal2_noqrc has 0 polygons
2026-09-21 21:59:04 +0700: Memory Usage (435260K) : topmetal2_res has 0 polygons
2026-09-21 21:59:04 +0700: Memory Usage (435260K) : topmetal2_iprobe has 0 polygons
2026-09-21 21:59:04 +0700: Memory Usage (435260K) : topmetal2_diffprb has 0 polygons
2026-09-21 21:59:04 +0700: Memory Usage (435260K) : snsring_drw has 0 polygons
2026-09-21 21:59:04 +0700: Memory Usage (435260K) : sensor_drw has 0 polygons
2026-09-21 21:59:04 +0700: Memory Usage (435260K) : snsarms_drw has 0 polygons
2026-09-21 21:59:04 +0700: Memory Usage (435260K) : snscmosvia_drw has 0 polygons
2026-09-21 21:59:04 +0700: Memory Usage (435260K) : colwind_drw has 0 polygons
2026-09-21 21:59:04 +0700: Memory Usage (435260K) : flm_drw has 0 polygons
2026-09-21 21:59:04 +0700: Memory Usage (435260K) : hafniumox_drw has 0 polygons
2026-09-21 21:59:04 +0700: Memory Usage (435260K) : memvia_drw has 0 polygons
2026-09-21 21:59:04 +0700: Memory Usage (435260K) : thinfilmres_drw has 0 polygons
2026-09-21 21:59:04 +0700: Memory Usage (435260K) : rfmem_drw has 0 polygons
2026-09-21 21:59:04 +0700: Memory Usage (435260K) : norcx_drw has 0 polygons
2026-09-21 21:59:04 +0700: Memory Usage (435260K) : norcx_m2m3 has 0 polygons
2026-09-21 21:59:04 +0700: Memory Usage (435260K) : norcx_m2m4 has 0 polygons
2026-09-21 21:59:04 +0700: Memory Usage (435260K) : norcx_m2m5 has 0 polygons
2026-09-21 21:59:04 +0700: Memory Usage (435260K) : norcx_m2tm1 has 0 polygons
2026-09-21 21:59:04 +0700: Memory Usage (435260K) : norcx_m2tm2 has 0 polygons
2026-09-21 21:59:04 +0700: Memory Usage (435260K) : norcx_m3m4 has 0 polygons
2026-09-21 21:59:04 +0700: Memory Usage (435260K) : norcx_m3m5 has 0 polygons
2026-09-21 21:59:04 +0700: Memory Usage (435260K) : norcx_m3tm1 has 0 polygons
2026-09-21 21:59:04 +0700: Memory Usage (435260K) : norcx_m3tm2 has 0 polygons
2026-09-21 21:59:04 +0700: Memory Usage (435260K) : norcx_m4m5 has 0 polygons
2026-09-21 21:59:04 +0700: Memory Usage (435260K) : norcx_m4tm1 has 0 polygons
2026-09-21 21:59:04 +0700: Memory Usage (435260K) : norcx_m4tm2 has 0 polygons
2026-09-21 21:59:04 +0700: Memory Usage (435260K) : norcx_m5tm1 has 0 polygons
2026-09-21 21:59:04 +0700: Memory Usage (435260K) : norcx_m5tm2 has 0 polygons
2026-09-21 21:59:04 +0700: Memory Usage (435260K) : norcx_tm1tm2 has 0 polygons
2026-09-21 21:59:04 +0700: Memory Usage (435260K) : norcx_m1sub has 0 polygons
2026-09-21 21:59:04 +0700: Memory Usage (435260K) : norcx_m2sub has 0 polygons
2026-09-21 21:59:04 +0700: Memory Usage (435260K) : norcx_m3sub has 0 polygons
2026-09-21 21:59:04 +0700: Memory Usage (435260K) : norcx_m4sub has 0 polygons
2026-09-21 21:59:04 +0700: Memory Usage (435260K) : norcx_m5sub has 0 polygons
2026-09-21 21:59:04 +0700: Memory Usage (435260K) : norcx_tm1sub has 0 polygons
2026-09-21 21:59:04 +0700: Memory Usage (435260K) : norcx_tm2sub has 0 polygons
2026-09-21 21:59:04 +0700: Memory Usage (435260K) : snsbotvia_drw has 0 polygons
2026-09-21 21:59:04 +0700: Memory Usage (435260K) : snstopvia_drw has 0 polygons
2026-09-21 21:59:04 +0700: Memory Usage (435260K) : deepvia_drw has 0 polygons
2026-09-21 21:59:04 +0700: Memory Usage (435260K) : fgetch_drw has 0 polygons
2026-09-21 21:59:04 +0700: Memory Usage (435260K) : ctrgat_drw has 0 polygons
2026-09-21 21:59:04 +0700: Memory Usage (435260K) : fgimp_drw has 0 polygons
2026-09-21 21:59:04 +0700: Memory Usage (435260K) : emwihv_drw has 0 polygons
2026-09-21 21:59:04 +0700: Memory Usage (435260K) : lbe_drw has 0 polygons
2026-09-21 21:59:04 +0700: Memory Usage (435260K) : alcustop_drw has 0 polygons
2026-09-21 21:59:04 +0700: Memory Usage (435260K) : nometfiller_drw has 0 polygons
2026-09-21 21:59:04 +0700: Memory Usage (435260K) : prboundary_drw has 0 polygons
2026-09-21 21:59:04 +0700: Memory Usage (435260K) : exchange0_drw has 0 polygons
2026-09-21 21:59:04 +0700: Memory Usage (435260K) : exchange0_pin has 0 polygons
2026-09-21 21:59:04 +0700: Memory Usage (435260K) : exchange0_text has 0 polygons
2026-09-21 21:59:04 +0700: Memory Usage (435260K) : exchange1_drw has 0 polygons
2026-09-21 21:59:04 +0700: Memory Usage (435260K) : exchange1_pin has 0 polygons
2026-09-21 21:59:04 +0700: Memory Usage (435260K) : exchange1_text has 0 polygons
2026-09-21 21:59:04 +0700: Memory Usage (435260K) : exchange2_drw has 0 polygons
2026-09-21 21:59:04 +0700: Memory Usage (435260K) : exchange2_pin has 0 polygons
2026-09-21 21:59:04 +0700: Memory Usage (435260K) : exchange2_text has 0 polygons
2026-09-21 21:59:04 +0700: Memory Usage (435260K) : exchange3_drw has 0 polygons
2026-09-21 21:59:04 +0700: Memory Usage (435260K) : exchange3_pin has 0 polygons
2026-09-21 21:59:04 +0700: Memory Usage (435260K) : exchange3_text has 0 polygons
2026-09-21 21:59:04 +0700: Memory Usage (435260K) : exchange4_drw has 0 polygons
2026-09-21 21:59:04 +0700: Memory Usage (435260K) : exchange4_pin has 0 polygons
2026-09-21 21:59:04 +0700: Memory Usage (435260K) : exchange4_text has 0 polygons
2026-09-21 21:59:04 +0700: Memory Usage (435260K) : isonwell_drw has 0 polygons
2026-09-21 21:59:04 +0700: Memory Usage (435260K) : Total no. of polygons in the design is 1302666
2026-09-21 21:59:04 +0700: Memory Usage (435260K) : Starting base layers derivations
2026-09-21 21:59:04 +0700: Memory Usage (435260K) : Starting general LVS derivations
2026-09-21 21:59:05 +0700: Memory Usage (442460K) : Starting MOSFET DERIVATIONS
2026-09-21 21:59:05 +0700: Memory Usage (442064K) : Starting NMOS DERIVATIONS
2026-09-21 21:59:05 +0700: Memory Usage (442064K) : Starting PMOS DERIVATIONS
2026-09-21 21:59:05 +0700: Memory Usage (442064K) : Starting RF-MOSFET DERIVATIONS
2026-09-21 21:59:05 +0700: Memory Usage (442064K) : Starting RF-NMOS DERIVATIONS
2026-09-21 21:59:05 +0700: Memory Usage (442064K) : Starting RF-PMOS DERIVATIONS
2026-09-21 21:59:05 +0700: Memory Usage (442064K) : Starting BJT DERIVATIONS
2026-09-21 21:59:05 +0700: Memory Usage (442064K) : Starting NPN-BJT DERIVATIONS
2026-09-21 21:59:06 +0700: Memory Usage (442064K) : Starting PNP-BJT DERIVATIONS
2026-09-21 21:59:07 +0700: Memory Usage (446760K) : Starting DIODE DERIVATIONS
2026-09-21 21:59:08 +0700: Memory Usage (447160K) : Starting RESISTOR DERIVATIONS
2026-09-21 21:59:08 +0700: Memory Usage (447292K) : Starting CAP DERIVATIONS
2026-09-21 21:59:08 +0700: Memory Usage (447292K) : Starting ESD DERIVATIONS
2026-09-21 21:59:09 +0700: Memory Usage (447300K) : Starting Inductor DERIVATIONS
2026-09-21 21:59:10 +0700: Memory Usage (447300K) : Starting Taps DERIVATIONS
2026-09-21 21:59:10 +0700: Memory Usage (447304K) : Starting SG13G2 LVS connectivity setup
2026-09-21 21:59:10 +0700: Memory Usage (447304K) : Starting SG13G2 LVS connectivity setup (Inter-layer)
2026-09-21 21:59:10 +0700: Memory Usage (447304K) : Starting SG13G2 LVS connectivity setup (Global)
2026-09-21 21:59:10 +0700: Memory Usage (447304K) : Starting LVS MOSFET CONNECTIONS
2026-09-21 21:59:10 +0700: Memory Usage (447304K) : Starting LVS RF-MOSFET CONNECTIONS
2026-09-21 21:59:10 +0700: Memory Usage (447304K) : Starting LVS BJT CONNECTIONS
2026-09-21 21:59:10 +0700: Memory Usage (447304K) : Starting LVS DIODE CONNECTIONS
2026-09-21 21:59:10 +0700: Memory Usage (447304K) : Starting RESISTOR CONNECTIONS
2026-09-21 21:59:10 +0700: Memory Usage (447304K) : Starting LVS CAP CONNECTIONS
2026-09-21 21:59:10 +0700: Memory Usage (447304K) : Starting ESD CONNECTIONS
2026-09-21 21:59:10 +0700: Memory Usage (447304K) : Starting Inductor CONNECTIONS
2026-09-21 21:59:10 +0700: Memory Usage (447304K) : Starting LVS Taps CONNECTIONS
2026-09-21 21:59:10 +0700: Memory Usage (447304K) : Starting SG13G2 LVS DEVICES EXTRACTION
2026-09-21 21:59:10 +0700: Memory Usage (447304K) : Starting MOSFET EXTRACTION
2026-09-21 21:59:10 +0700: Memory Usage (447304K) : Starting NMOS EXTRACTION
2026-09-21 21:59:10 +0700: Memory Usage (447304K) : Extraction of NMOS-LV transistor
2026-09-21 21:59:10 +0700: Memory Usage (447620K) : Extraction of NMOS-HV transistor
2026-09-21 21:59:10 +0700: Memory Usage (447620K) : Starting PMOS EXTRACTION
2026-09-21 21:59:10 +0700: Memory Usage (447620K) : Extraction of PMOS-LV transistor
2026-09-21 21:59:10 +0700: Memory Usage (447620K) : Extraction of PMOS-HV transistor
2026-09-21 21:59:10 +0700: Memory Usage (447620K) : Starting RF-MOSFET EXTRACTION
2026-09-21 21:59:10 +0700: Memory Usage (447620K) : Extraction of RF-NMOS-LV transistor
2026-09-21 21:59:10 +0700: Memory Usage (447620K) : Extraction of RF-NMOS-HV transistor
2026-09-21 21:59:10 +0700: Memory Usage (447620K) : Extraction of RF-PMOS-LV transistor
2026-09-21 21:59:10 +0700: Memory Usage (447620K) : Extraction of RF-PMOS-HV transistor
2026-09-21 21:59:10 +0700: Memory Usage (447620K) : Starting BJT EXTRACTION
2026-09-21 21:59:10 +0700: Memory Usage (447620K) : Starting NPN-BJT EXTRACTION
2026-09-21 21:59:10 +0700: Memory Usage (447620K) : Extraction of npn13G2 BJT transistor
2026-09-21 21:59:10 +0700: Memory Usage (447620K) : Extraction of npn13G2L BJT transistor
2026-09-21 21:59:10 +0700: Memory Usage (447620K) : Extraction of npn13G2V BJT transistor
2026-09-21 21:59:10 +0700: Memory Usage (447620K) : Starting PNP-BJT EXTRACTION
2026-09-21 21:59:10 +0700: Memory Usage (447620K) : Extracting pnpMPA BJT
2026-09-21 21:59:10 +0700: Memory Usage (449528K) : Starting DIODE EXTRACTION
2026-09-21 21:59:10 +0700: Memory Usage (449528K) : Extracting dantenna diode
2026-09-21 21:59:11 +0700: Memory Usage (449528K) : Extracting dpantenna diode
2026-09-21 21:59:11 +0700: Memory Usage (449528K) : Extracting schottky_nbl1 diode
2026-09-21 21:59:11 +0700: Memory Usage (449528K) : Extracting isolbox diode
2026-09-21 21:59:11 +0700: Memory Usage (449528K) : Starting RESISTOR EXTRACTION
2026-09-21 21:59:11 +0700: Memory Usage (449528K) : Extracting rsil resistor
2026-09-21 21:59:11 +0700: Memory Usage (449528K) : Extracting rppd resistor
2026-09-21 21:59:11 +0700: Memory Usage (449528K) : Extracting rhigh resistor
2026-09-21 21:59:11 +0700: Memory Usage (449528K) : Extracting res_metal1 resistor
2026-09-21 21:59:11 +0700: Memory Usage (449540K) : Extracting res_metal2 resistor
2026-09-21 21:59:11 +0700: Memory Usage (449540K) : Extracting res_metal3 resistor
2026-09-21 21:59:11 +0700: Memory Usage (449540K) : Extracting res_metal4 resistor
2026-09-21 21:59:11 +0700: Memory Usage (449540K) : Extracting res_metal5 resistor
2026-09-21 21:59:11 +0700: Memory Usage (449540K) : Extracting res_topmetal1 resistor
2026-09-21 21:59:11 +0700: Memory Usage (449540K) : Extracting res_topmetal2 resistor
2026-09-21 21:59:11 +0700: Memory Usage (449540K) : Starting CAP EXTRACTION
2026-09-21 21:59:11 +0700: Memory Usage (449540K) : Extracting cap_cmim device
2026-09-21 21:59:11 +0700: Memory Usage (449540K) : Extracting rfcmim device
2026-09-21 21:59:11 +0700: Memory Usage (449540K) : Extracting sg13_hv_svaricap varactor
2026-09-21 21:59:11 +0700: Memory Usage (449540K) : Starting ESD EXTRACTION
2026-09-21 21:59:11 +0700: Memory Usage (449540K) : Extracting diodevdd_2kv ESD device
2026-09-21 21:59:11 +0700: Memory Usage (449540K) : Extracting diodevdd_4kv ESD device
2026-09-21 21:59:11 +0700: Memory Usage (449540K) : Extracting diodevss_2kv ESD device
2026-09-21 21:59:11 +0700: Memory Usage (449540K) : Extracting diodevss_4kv ESD device
2026-09-21 21:59:11 +0700: Memory Usage (449540K) : Extracting idiodevdd_2kv ESD device
2026-09-21 21:59:11 +0700: Memory Usage (449540K) : Extracting idiodevdd_4kv ESD device
2026-09-21 21:59:11 +0700: Memory Usage (449540K) : Extracting idiodevss_2kv ESD device
2026-09-21 21:59:11 +0700: Memory Usage (449540K) : Extracting idiodevss_4kv ESD device
2026-09-21 21:59:11 +0700: Memory Usage (449540K) : Extracting nmoscl_2 ESD device
2026-09-21 21:59:11 +0700: Memory Usage (449540K) : Extracting nmoscl_4 ESD device
2026-09-21 21:59:11 +0700: Memory Usage (449540K) : Starting Inductor EXTRACTION
2026-09-21 21:59:11 +0700: Memory Usage (449540K) : Extracting Inductor2 device
2026-09-21 21:59:11 +0700: Memory Usage (449540K) : Extracting Inductor3 device
2026-09-21 21:59:11 +0700: Memory Usage (449540K) : Starting Taps EXTRACTION
2026-09-21 21:59:11 +0700: Memory Usage (449540K) : Extracting ntap1 device
2026-09-21 21:59:11 +0700: Memory Usage (449540K) : Extracting ptap1 device
2026-09-21 21:59:11 +0700: Memory Usage (449540K) : Starting SG13G2 LVS RF MOS Model Mapping
2026-09-21 21:59:13 +0700: Memory Usage (449948K) : [layout_netlist] Apply RF MOS model mapping and rfmode parameter.
2026-09-21 21:59:13 +0700: Memory Usage (449948K) : Starting SG13G2 LVS Options Preparations
2026-09-21 21:59:13 +0700: Memory Usage (449948K) : SG13G2 LVS flow: extraction -> alignment -> option preparation -> comparison.
2026-09-21 21:59:13 +0700: Memory Usage (449948K) : Starting SG13G2 LVS Alignment
2026-09-21 21:59:13 +0700: Memory Usage (454036K) : Starting SG13G2 LVS Simplification
2026-09-21 21:59:13 +0700: Memory Usage (454036K) : [layout_netlist] simplify: ENABLED
2026-09-21 21:59:13 +0700: Memory Usage (454552K) : [layout_netlist] make_top_level_pins: SKIPPED
2026-09-21 21:59:13 +0700: Memory Usage (454552K) : [layout_netlist] combine_devices: SKIPPED
2026-09-21 21:59:13 +0700: Memory Usage (454552K) : [layout_netlist] purge: SKIPPED
2026-09-21 21:59:13 +0700: Memory Usage (454552K) : [layout_netlist] purge_nets: SKIPPED
2026-09-21 21:59:13 +0700: Memory Usage (454552K) : [schematic_netlist] simplify: ENABLED
2026-09-21 21:59:13 +0700: Memory Usage (454604K) : [schematic_netlist] make_top_level_pins: SKIPPED
2026-09-21 21:59:13 +0700: Memory Usage (454604K) : [schematic_netlist] combine_devices: SKIPPED
2026-09-21 21:59:13 +0700: Memory Usage (454604K) : [schematic_netlist] purge: SKIPPED
2026-09-21 21:59:13 +0700: Memory Usage (454604K) : [schematic_netlist] purge_nets: SKIPPED
2026-09-21 21:59:13 +0700: Memory Usage (454604K) : Starting SG13G2 LVS Comparison in strict port mode.
2026-09-21 21:59:13 +0700: Memory Usage (454604K) : flag_missing_ports enabled: missing/mislabeled top-level ports are treated as errors.
2026-09-21 21:59:13 +0700: Memory Usage (454668K) : ==========================================
2026-09-21 21:59:13 +0700: Memory Usage (454668K) : INFO : Congratulations! Netlists match.
2026-09-21 21:59:13 +0700: Memory Usage (454668K) : ==========================================
2026-09-21 21:59:13 +0700: Memory Usage (454668K) : LVS Total Run time 9.715871 seconds
