# Logfile created on 2026-09-21 21:44:54 +0700 by logger.rb/61378
2026-09-21 21:44:54 +0700: Memory Usage (417336K) : Starting running SG13G2 Klayout LVS runset on /home/admin/work/final/IHP__MSPHY6034/dependencies/ADC/release/v.1.0.0/gds/SAR_ADC.gds
2026-09-21 21:44:54 +0700: Memory Usage (417336K) : Ruby Version for klayout: 2.5.9
2026-09-21 21:44:54 +0700: Memory Usage (418496K) : Loading database to memory is complete.
2026-09-21 21:44:54 +0700: Memory Usage (418496K) : SG13G2 Klayout LVS runset output at: /home/admin/work/final/IHP__MSPHY6034/dependencies/ADC/ADC-main/verification/lvs/lvs_run_SAR_ADC_ignoreports/SAR_ADC.lvsdb
2026-09-21 21:44:54 +0700: Memory Usage (418496K) : Evaluate switches.
2026-09-21 21:44:54 +0700: Memory Usage (418496K) : Extracted netlist with net names: true
2026-09-21 21:44:54 +0700: Memory Usage (418496K) : Extracted netlist with comments in details: false
2026-09-21 21:44:54 +0700: Memory Usage (418496K) : Selected NET_ONLY option: false
2026-09-21 21:44:54 +0700: Memory Usage (418496K) : Selected LAYOUT_NETLIST option: (none)
2026-09-21 21:44:54 +0700: Memory Usage (418496K) : Selected IGNORE_TOP_PORTS_MISMATCH option: true
2026-09-21 21:44:54 +0700: Memory Usage (418496K) : Selected IMPLICIT_NETS option: (none)
2026-09-21 21:44:54 +0700: Memory Usage (418496K) : Selected TOP_LVL_PINS option: false
2026-09-21 21:44:54 +0700: Memory Usage (418496K) : Selected COMBINE DEVICES option: false
2026-09-21 21:44:54 +0700: Memory Usage (418496K) : Selected PURGE option: false
2026-09-21 21:44:54 +0700: Memory Usage (418496K) : Selected PURGE_NETS option: false
2026-09-21 21:44:54 +0700: Memory Usage (418496K) : Selected SIMPLIFY option: true
2026-09-21 21:44:54 +0700: Memory Usage (418496K) : Selected SERIES_RES option: true
2026-09-21 21:44:54 +0700: Memory Usage (418496K) : Selected PARALLEL_RES option: true
2026-09-21 21:44:54 +0700: Memory Usage (418496K) : flat  mode is enabled.
2026-09-21 21:44:54 +0700: Memory Usage (419780K) : Netlist file: /home/admin/work/final/IHP__MSPHY6034/dependencies/ADC/ADC-main/verification/lvs/lvs_run_SAR_ADC_ignoreports/SAR_ADC_netlist_fixed.spice
2026-09-21 21:44:54 +0700: Memory Usage (419780K) : LVS extracted netlist at: /home/admin/work/final/IHP__MSPHY6034/dependencies/ADC/ADC-main/verification/lvs/lvs_run_SAR_ADC_ignoreports/SAR_ADC_extracted.cir
2026-09-21 21:44:54 +0700: Memory Usage (419780K) : Applying SRAM integration support.
2026-09-21 21:44:54 +0700: Memory Usage (419780K) : Starting SG13G2 LVS runset
2026-09-21 21:44:54 +0700: Memory Usage (419780K) : Read in polygons from layers.
2026-09-21 21:44:54 +0700: Memory Usage (421020K) : activ_drw has 1516 polygons
2026-09-21 21:44:54 +0700: Memory Usage (421020K) : activ_filler has 0 polygons
2026-09-21 21:44:54 +0700: Memory Usage (421020K) : activ has 1516 polygons
2026-09-21 21:44:54 +0700: Memory Usage (421020K) : activ_pin has 0 polygons
2026-09-21 21:44:54 +0700: Memory Usage (421020K) : activ_mask has 0 polygons
2026-09-21 21:44:54 +0700: Memory Usage (421020K) : activ_nofill has 0 polygons
2026-09-21 21:44:54 +0700: Memory Usage (421020K) : activ_OPC has 0 polygons
2026-09-21 21:44:54 +0700: Memory Usage (421452K) : activ_iOPC has 0 polygons
2026-09-21 21:44:54 +0700: Memory Usage (421452K) : activ_noqrc has 0 polygons
2026-09-21 21:44:54 +0700: Memory Usage (421452K) : biwind_drw has 0 polygons
2026-09-21 21:44:54 +0700: Memory Usage (421452K) : biwind_OPC has 0 polygons
2026-09-21 21:44:54 +0700: Memory Usage (421980K) : gatpoly_drw has 1944 polygons
2026-09-21 21:44:54 +0700: Memory Usage (421980K) : gatpoly_filler has 0 polygons
2026-09-21 21:44:54 +0700: Memory Usage (421980K) : gatpoly has 1944 polygons
2026-09-21 21:44:54 +0700: Memory Usage (422244K) : gatpoly_pin has 80 polygons
2026-09-21 21:44:54 +0700: Memory Usage (422244K) : gatpoly_nofill has 0 polygons
2026-09-21 21:44:54 +0700: Memory Usage (422244K) : gatpoly_OPC has 0 polygons
2026-09-21 21:44:54 +0700: Memory Usage (422508K) : gatpoly_iOPC has 0 polygons
2026-09-21 21:44:54 +0700: Memory Usage (422508K) : gatpoly_noqrc has 0 polygons
2026-09-21 21:44:55 +0700: Memory Usage (425296K) : cont_drw has 16606 polygons
2026-09-21 21:44:55 +0700: Memory Usage (425296K) : cont_OPC has 0 polygons
2026-09-21 21:44:55 +0700: Memory Usage (425296K) : nsd_drw has 0 polygons
2026-09-21 21:44:55 +0700: Memory Usage (425296K) : nsd_block has 0 polygons
2026-09-21 21:44:55 +0700: Memory Usage (429768K) : metal1_drw has 1364 polygons
2026-09-21 21:44:55 +0700: Memory Usage (429768K) : metal1_filler has 0 polygons
2026-09-21 21:44:55 +0700: Memory Usage (429768K) : metal1_slit has 0 polygons
2026-09-21 21:44:55 +0700: Memory Usage (429768K) : metal1 has 1364 polygons
2026-09-21 21:44:55 +0700: Memory Usage (429768K) : metal1_pin has 662 polygons
2026-09-21 21:44:55 +0700: Memory Usage (429768K) : metal1_mask has 0 polygons
2026-09-21 21:44:55 +0700: Memory Usage (429768K) : metal1_nofill has 0 polygons
2026-09-21 21:44:55 +0700: Memory Usage (429768K) : metal1_text has 0 polygons
2026-09-21 21:44:55 +0700: Memory Usage (429768K) : metal1_OPC has 0 polygons
2026-09-21 21:44:55 +0700: Memory Usage (429768K) : metal1_noqrc has 0 polygons
2026-09-21 21:44:55 +0700: Memory Usage (429768K) : metal1_res has 0 polygons
2026-09-21 21:44:55 +0700: Memory Usage (429768K) : metal1_iprobe has 0 polygons
2026-09-21 21:44:55 +0700: Memory Usage (429768K) : metal1_diffprb has 0 polygons
2026-09-21 21:44:55 +0700: Memory Usage (429768K) : passiv_drw has 0 polygons
2026-09-21 21:44:55 +0700: Memory Usage (429768K) : passiv_pin has 0 polygons
2026-09-21 21:44:55 +0700: Memory Usage (429768K) : passiv_sbump has 0 polygons
2026-09-21 21:44:55 +0700: Memory Usage (429768K) : passiv_pillar has 0 polygons
2026-09-21 21:44:55 +0700: Memory Usage (430140K) : passiv_pdl has 0 polygons
2026-09-21 21:44:55 +0700: Memory Usage (430140K) : metal2_drw has 704 polygons
2026-09-21 21:44:55 +0700: Memory Usage (430140K) : metal2_filler has 0 polygons
2026-09-21 21:44:55 +0700: Memory Usage (430140K) : metal2_slit has 0 polygons
2026-09-21 21:44:55 +0700: Memory Usage (430140K) : metal2 has 704 polygons
2026-09-21 21:44:55 +0700: Memory Usage (430140K) : metal2_pin has 12 polygons
2026-09-21 21:44:55 +0700: Memory Usage (430140K) : metal2_mask has 0 polygons
2026-09-21 21:44:55 +0700: Memory Usage (430140K) : metal2_nofill has 0 polygons
2026-09-21 21:44:55 +0700: Memory Usage (430140K) : metal2_text has 16 polygons
2026-09-21 21:44:55 +0700: Memory Usage (430140K) : metal2_OPC has 0 polygons
2026-09-21 21:44:55 +0700: Memory Usage (430140K) : metal2_noqrc has 0 polygons
2026-09-21 21:44:55 +0700: Memory Usage (430140K) : metal2_res has 0 polygons
2026-09-21 21:44:55 +0700: Memory Usage (430140K) : metal2_iprobe has 0 polygons
2026-09-21 21:44:55 +0700: Memory Usage (430140K) : metal2_diffprb has 0 polygons
2026-09-21 21:44:55 +0700: Memory Usage (430140K) : baspoly_drw has 0 polygons
2026-09-21 21:44:55 +0700: Memory Usage (430140K) : baspoly_pin has 0 polygons
2026-09-21 21:44:55 +0700: Memory Usage (430404K) : psd_drw has 140 polygons
2026-09-21 21:44:55 +0700: Memory Usage (430404K) : nldb_drw has 0 polygons
2026-09-21 21:44:55 +0700: Memory Usage (430404K) : digibnd_drw has 0 polygons
2026-09-21 21:44:55 +0700: Memory Usage (430932K) : via1_drw has 1876 polygons
2026-09-21 21:44:55 +0700: Memory Usage (431196K) : backmetal1_drw has 0 polygons
2026-09-21 21:44:55 +0700: Memory Usage (431196K) : backmetal1_pin has 0 polygons
2026-09-21 21:44:55 +0700: Memory Usage (431196K) : backmetal1_mask has 0 polygons
2026-09-21 21:44:55 +0700: Memory Usage (431460K) : backmetal1_filler has 0 polygons
2026-09-21 21:44:55 +0700: Memory Usage (431460K) : backmetal1_nofill has 0 polygons
2026-09-21 21:44:55 +0700: Memory Usage (431784K) : backmetal1_slit has 0 polygons
2026-09-21 21:44:55 +0700: Memory Usage (431784K) : backmetal1_text has 0 polygons
2026-09-21 21:44:55 +0700: Memory Usage (431784K) : backmetal1_OPC has 0 polygons
2026-09-21 21:44:55 +0700: Memory Usage (431784K) : backmetal1_noqrc has 0 polygons
2026-09-21 21:44:55 +0700: Memory Usage (431784K) : backmetal1_res has 0 polygons
2026-09-21 21:44:55 +0700: Memory Usage (431784K) : backmetal1_iprobe has 0 polygons
2026-09-21 21:44:55 +0700: Memory Usage (431784K) : backmetal1_diffprb has 0 polygons
2026-09-21 21:44:55 +0700: Memory Usage (431784K) : backpassiv_drw has 0 polygons
2026-09-21 21:44:55 +0700: Memory Usage (431784K) : res_drw has 0 polygons
2026-09-21 21:44:55 +0700: Memory Usage (431784K) : sram_drw has 0 polygons
2026-09-21 21:44:55 +0700: Memory Usage (431784K) : trans_drw has 0 polygons
2026-09-21 21:44:55 +0700: Memory Usage (431784K) : ind_drw has 0 polygons
2026-09-21 21:44:55 +0700: Memory Usage (431784K) : ind_pin has 0 polygons
2026-09-21 21:44:55 +0700: Memory Usage (431784K) : ind_text has 0 polygons
2026-09-21 21:44:55 +0700: Memory Usage (431784K) : salblock_drw has 0 polygons
2026-09-21 21:44:55 +0700: Memory Usage (431784K) : via2_drw has 1575 polygons
2026-09-21 21:44:55 +0700: Memory Usage (431784K) : metal3_drw has 337 polygons
2026-09-21 21:44:55 +0700: Memory Usage (431784K) : metal3_filler has 0 polygons
2026-09-21 21:44:55 +0700: Memory Usage (431784K) : metal3_slit has 0 polygons
2026-09-21 21:44:55 +0700: Memory Usage (431784K) : metal3 has 337 polygons
2026-09-21 21:44:55 +0700: Memory Usage (431784K) : metal3_pin has 3 polygons
2026-09-21 21:44:55 +0700: Memory Usage (431784K) : metal3_mask has 0 polygons
2026-09-21 21:44:55 +0700: Memory Usage (431784K) : metal3_nofill has 0 polygons
2026-09-21 21:44:55 +0700: Memory Usage (431784K) : metal3_text has 3 polygons
2026-09-21 21:44:55 +0700: Memory Usage (431784K) : metal3_OPC has 0 polygons
2026-09-21 21:44:55 +0700: Memory Usage (431784K) : metal3_noqrc has 0 polygons
2026-09-21 21:44:55 +0700: Memory Usage (431784K) : metal3_res has 0 polygons
2026-09-21 21:44:55 +0700: Memory Usage (431784K) : metal3_iprobe has 0 polygons
2026-09-21 21:44:55 +0700: Memory Usage (431784K) : metal3_diffprb has 0 polygons
2026-09-21 21:44:55 +0700: Memory Usage (431784K) : nwell_drw has 17 polygons
2026-09-21 21:44:55 +0700: Memory Usage (431784K) : nwell_pin has 0 polygons
2026-09-21 21:44:55 +0700: Memory Usage (431784K) : nwell_text has 0 polygons
2026-09-21 21:44:55 +0700: Memory Usage (431784K) : nbulay_drw has 29 polygons
2026-09-21 21:44:55 +0700: Memory Usage (431784K) : nbulay_pin has 0 polygons
2026-09-21 21:44:55 +0700: Memory Usage (431784K) : nbulay_block has 0 polygons
2026-09-21 21:44:55 +0700: Memory Usage (431784K) : emwind_drw has 0 polygons
2026-09-21 21:44:55 +0700: Memory Usage (431784K) : emwind_OPC has 0 polygons
2026-09-21 21:44:55 +0700: Memory Usage (431784K) : deepco_drw has 0 polygons
2026-09-21 21:44:55 +0700: Memory Usage (431784K) : mim_drw has 345 polygons
2026-09-21 21:44:55 +0700: Memory Usage (431784K) : edgeseal_drw has 0 polygons
2026-09-21 21:44:55 +0700: Memory Usage (431784K) : substrate_drw has 68 polygons
2026-09-21 21:44:55 +0700: Memory Usage (431784K) : substrate_text has 0 polygons
2026-09-21 21:44:55 +0700: Memory Usage (431784K) : dfpad_drw has 0 polygons
2026-09-21 21:44:55 +0700: Memory Usage (431784K) : dfpad_pillar has 0 polygons
2026-09-21 21:44:55 +0700: Memory Usage (431784K) : dfpad_sbump has 0 polygons
2026-09-21 21:44:55 +0700: Memory Usage (431784K) : thickgateox_drw has 0 polygons
2026-09-21 21:44:55 +0700: Memory Usage (431784K) : pldb_drw has 0 polygons
2026-09-21 21:44:55 +0700: Memory Usage (431784K) : pwell_drw has 50 polygons
2026-09-21 21:44:55 +0700: Memory Usage (431784K) : pwell_pin has 0 polygons
2026-09-21 21:44:55 +0700: Memory Usage (431784K) : pwell_block has 0 polygons
2026-09-21 21:44:55 +0700: Memory Usage (431784K) : ic_drw has 0 polygons
2026-09-21 21:44:55 +0700: Memory Usage (431784K) : via3_drw has 910 polygons
2026-09-21 21:44:55 +0700: Memory Usage (431784K) : metal4_drw has 121 polygons
2026-09-21 21:44:55 +0700: Memory Usage (431784K) : metal4_filler has 0 polygons
2026-09-21 21:44:55 +0700: Memory Usage (431784K) : metal4_slit has 0 polygons
2026-09-21 21:44:55 +0700: Memory Usage (431784K) : metal4 has 121 polygons
2026-09-21 21:44:55 +0700: Memory Usage (431848K) : metal4_pin has 0 polygons
2026-09-21 21:44:55 +0700: Memory Usage (431848K) : metal4_mask has 0 polygons
2026-09-21 21:44:55 +0700: Memory Usage (431848K) : metal4_nofill has 0 polygons
2026-09-21 21:44:55 +0700: Memory Usage (431848K) : metal4_text has 0 polygons
2026-09-21 21:44:55 +0700: Memory Usage (431848K) : metal4_OPC has 0 polygons
2026-09-21 21:44:55 +0700: Memory Usage (431848K) : metal4_noqrc has 0 polygons
2026-09-21 21:44:55 +0700: Memory Usage (431848K) : metal4_res has 0 polygons
2026-09-21 21:44:55 +0700: Memory Usage (431848K) : metal4_iprobe has 0 polygons
2026-09-21 21:44:55 +0700: Memory Usage (431848K) : metal4_diffprb has 0 polygons
2026-09-21 21:44:55 +0700: Memory Usage (431848K) : heattrans_drw has 164 polygons
2026-09-21 21:44:55 +0700: Memory Usage (431936K) : heatres_drw has 0 polygons
2026-09-21 21:44:55 +0700: Memory Usage (431980K) : fbe_drw has 0 polygons
2026-09-21 21:44:55 +0700: Memory Usage (432216K) : empoly_drw has 0 polygons
2026-09-21 21:44:55 +0700: Memory Usage (432216K) : digisub_drw has 0 polygons
2026-09-21 21:44:55 +0700: Memory Usage (432452K) : text_drw has 188 polygons
2026-09-21 21:44:55 +0700: Memory Usage (432600K) : via4_drw has 886 polygons
2026-09-21 21:44:55 +0700: Memory Usage (432876K) : metal5_drw has 119 polygons
2026-09-21 21:44:55 +0700: Memory Usage (432924K) : metal5_filler has 0 polygons
2026-09-21 21:44:55 +0700: Memory Usage (432924K) : metal5_slit has 0 polygons
2026-09-21 21:44:55 +0700: Memory Usage (433100K) : metal5 has 119 polygons
2026-09-21 21:44:55 +0700: Memory Usage (433264K) : metal5_pin has 0 polygons
2026-09-21 21:44:55 +0700: Memory Usage (433500K) : metal5_mask has 0 polygons
2026-09-21 21:44:55 +0700: Memory Usage (433500K) : metal5_nofill has 0 polygons
2026-09-21 21:44:55 +0700: Memory Usage (433500K) : metal5_text has 0 polygons
2026-09-21 21:44:55 +0700: Memory Usage (433736K) : metal5_OPC has 0 polygons
2026-09-21 21:44:55 +0700: Memory Usage (433972K) : metal5_noqrc has 0 polygons
2026-09-21 21:44:55 +0700: Memory Usage (433972K) : metal5_res has 0 polygons
2026-09-21 21:44:55 +0700: Memory Usage (434216K) : metal5_iprobe has 0 polygons
2026-09-21 21:44:55 +0700: Memory Usage (434412K) : metal5_diffprb has 0 polygons
2026-09-21 21:44:55 +0700: Memory Usage (434564K) : radhard_drw has 0 polygons
2026-09-21 21:44:55 +0700: Memory Usage (434564K) : memcap_drw has 0 polygons
2026-09-21 21:44:55 +0700: Memory Usage (434564K) : varicap_drw has 0 polygons
2026-09-21 21:44:55 +0700: Memory Usage (434564K) : intbondvia_drw has 0 polygons
2026-09-21 21:44:55 +0700: Memory Usage (434564K) : intbondmet_drw has 0 polygons
2026-09-21 21:44:55 +0700: Memory Usage (434564K) : devbondvia_drw has 0 polygons
2026-09-21 21:44:55 +0700: Memory Usage (434564K) : devbondmet_drw has 0 polygons
2026-09-21 21:44:55 +0700: Memory Usage (434564K) : devtrench_drw has 0 polygons
2026-09-21 21:44:55 +0700: Memory Usage (434564K) : redist_drw has 0 polygons
2026-09-21 21:44:55 +0700: Memory Usage (434564K) : graphbot_drw has 0 polygons
2026-09-21 21:44:55 +0700: Memory Usage (434564K) : graphtop_drw has 0 polygons
2026-09-21 21:44:55 +0700: Memory Usage (434564K) : antvia1_drw has 0 polygons
2026-09-21 21:44:55 +0700: Memory Usage (434564K) : antmetal2_drw has 0 polygons
2026-09-21 21:44:55 +0700: Memory Usage (434564K) : graphcont_drw has 0 polygons
2026-09-21 21:44:55 +0700: Memory Usage (434564K) : siwg_drw has 0 polygons
2026-09-21 21:44:55 +0700: Memory Usage (434564K) : siwg_filler has 0 polygons
2026-09-21 21:44:55 +0700: Memory Usage (434564K) : siwg_nofill has 0 polygons
2026-09-21 21:44:55 +0700: Memory Usage (434564K) : sigrating_drw has 0 polygons
2026-09-21 21:44:55 +0700: Memory Usage (434564K) : singrating_drw has 0 polygons
2026-09-21 21:44:55 +0700: Memory Usage (434564K) : graphpas_drw has 0 polygons
2026-09-21 21:44:55 +0700: Memory Usage (434564K) : emwind3_drw has 0 polygons
2026-09-21 21:44:55 +0700: Memory Usage (434564K) : emwihv3_drw has 0 polygons
2026-09-21 21:44:55 +0700: Memory Usage (434564K) : redbulay_drw has 0 polygons
2026-09-21 21:44:55 +0700: Memory Usage (434564K) : smos_drw has 0 polygons
2026-09-21 21:44:55 +0700: Memory Usage (434564K) : graphpad_drw has 0 polygons
2026-09-21 21:44:55 +0700: Memory Usage (434564K) : polimide_drw has 0 polygons
2026-09-21 21:44:55 +0700: Memory Usage (434564K) : polimide_pin has 0 polygons
2026-09-21 21:44:55 +0700: Memory Usage (434564K) : recog_drw has 0 polygons
2026-09-21 21:44:55 +0700: Memory Usage (434564K) : recog_pin has 0 polygons
2026-09-21 21:44:55 +0700: Memory Usage (434564K) : recog_esd has 0 polygons
2026-09-21 21:44:55 +0700: Memory Usage (434564K) : recog_diode has 0 polygons
2026-09-21 21:44:55 +0700: Memory Usage (434564K) : recog_tsv has 0 polygons
2026-09-21 21:44:55 +0700: Memory Usage (434564K) : recog_iprobe has 0 polygons
2026-09-21 21:44:55 +0700: Memory Usage (434564K) : recog_diffprb has 0 polygons
2026-09-21 21:44:55 +0700: Memory Usage (434564K) : recog_pillar has 0 polygons
2026-09-21 21:44:55 +0700: Memory Usage (434564K) : recog_sbump has 0 polygons
2026-09-21 21:44:55 +0700: Memory Usage (434564K) : recog_otp has 0 polygons
2026-09-21 21:44:55 +0700: Memory Usage (434564K) : recog_pdiode has 0 polygons
2026-09-21 21:44:55 +0700: Memory Usage (434564K) : recog_mom has 0 polygons
2026-09-21 21:44:56 +0700: Memory Usage (434564K) : recog_pcm has 0 polygons
2026-09-21 21:44:56 +0700: Memory Usage (434564K) : colopen_drw has 0 polygons
2026-09-21 21:44:56 +0700: Memory Usage (434564K) : graphmetal1_drw has 0 polygons
2026-09-21 21:44:56 +0700: Memory Usage (434564K) : graphmetal1_filler has 0 polygons
2026-09-21 21:44:56 +0700: Memory Usage (434564K) : graphmetal1_nofill has 0 polygons
2026-09-21 21:44:56 +0700: Memory Usage (434564K) : graphmetal1_slit has 0 polygons
2026-09-21 21:44:56 +0700: Memory Usage (434564K) : graphmetal1_OPC has 0 polygons
2026-09-21 21:44:56 +0700: Memory Usage (434564K) : graphmet1l_drw has 0 polygons
2026-09-21 21:44:56 +0700: Memory Usage (434564K) : graphmet1l_filler has 0 polygons
2026-09-21 21:44:56 +0700: Memory Usage (434564K) : graphmet1l_nofill has 0 polygons
2026-09-21 21:44:56 +0700: Memory Usage (434564K) : graphmet1l_slit has 0 polygons
2026-09-21 21:44:56 +0700: Memory Usage (434564K) : graphmet1l_OPC has 0 polygons
2026-09-21 21:44:56 +0700: Memory Usage (434564K) : extblock_drw has 0 polygons
2026-09-21 21:44:56 +0700: Memory Usage (434564K) : nldd_drw has 0 polygons
2026-09-21 21:44:56 +0700: Memory Usage (434564K) : pldd_drw has 0 polygons
2026-09-21 21:44:56 +0700: Memory Usage (434564K) : next_drw has 0 polygons
2026-09-21 21:44:56 +0700: Memory Usage (434564K) : pext_drw has 0 polygons
2026-09-21 21:44:56 +0700: Memory Usage (434564K) : nexthv_drw has 0 polygons
2026-09-21 21:44:56 +0700: Memory Usage (434564K) : pexthv_drw has 0 polygons
2026-09-21 21:44:56 +0700: Memory Usage (434564K) : graphgate_drw has 0 polygons
2026-09-21 21:44:56 +0700: Memory Usage (434564K) : sinwg_drw has 0 polygons
2026-09-21 21:44:56 +0700: Memory Usage (434564K) : sinwg_filler has 0 polygons
2026-09-21 21:44:56 +0700: Memory Usage (434564K) : sinwg_nofill has 0 polygons
2026-09-21 21:44:56 +0700: Memory Usage (434564K) : mempad_drw has 0 polygons
2026-09-21 21:44:56 +0700: Memory Usage (434564K) : topvia1_drw has 375 polygons
2026-09-21 21:44:56 +0700: Memory Usage (434564K) : topmetal1_drw has 39 polygons
2026-09-21 21:44:56 +0700: Memory Usage (434564K) : topmetal1_filler has 0 polygons
2026-09-21 21:44:56 +0700: Memory Usage (434564K) : topmetal1_slit has 0 polygons
2026-09-21 21:44:56 +0700: Memory Usage (434564K) : topmetal1 has 39 polygons
2026-09-21 21:44:56 +0700: Memory Usage (434564K) : topmetal1_pin has 8 polygons
2026-09-21 21:44:56 +0700: Memory Usage (434564K) : topmetal1_mask has 0 polygons
2026-09-21 21:44:56 +0700: Memory Usage (434564K) : topmetal1_nofill has 0 polygons
2026-09-21 21:44:56 +0700: Memory Usage (434564K) : topmetal1_text has 13 polygons
2026-09-21 21:44:56 +0700: Memory Usage (434564K) : topmetal1_noqrc has 0 polygons
2026-09-21 21:44:56 +0700: Memory Usage (434564K) : topmetal1_res has 0 polygons
2026-09-21 21:44:56 +0700: Memory Usage (434564K) : topmetal1_iprobe has 0 polygons
2026-09-21 21:44:56 +0700: Memory Usage (434564K) : topmetal1_diffprb has 0 polygons
2026-09-21 21:44:56 +0700: Memory Usage (434564K) : inldpwl_drw has 0 polygons
2026-09-21 21:44:56 +0700: Memory Usage (434564K) : polyres_drw has 0 polygons
2026-09-21 21:44:56 +0700: Memory Usage (434564K) : polyres_pin has 0 polygons
2026-09-21 21:44:56 +0700: Memory Usage (435220K) : vmim_drw has 5512 polygons
2026-09-21 21:44:56 +0700: Memory Usage (435220K) : nbulaycut_drw has 0 polygons
2026-09-21 21:44:56 +0700: Memory Usage (435220K) : antmetal1_drw has 0 polygons
2026-09-21 21:44:56 +0700: Memory Usage (435220K) : topvia2_drw has 507 polygons
2026-09-21 21:44:56 +0700: Memory Usage (435220K) : topmetal2_drw has 12 polygons
2026-09-21 21:44:56 +0700: Memory Usage (435220K) : topmetal2_filler has 0 polygons
2026-09-21 21:44:56 +0700: Memory Usage (435220K) : topmetal2_slit has 0 polygons
2026-09-21 21:44:56 +0700: Memory Usage (435220K) : topmetal2 has 12 polygons
2026-09-21 21:44:56 +0700: Memory Usage (435220K) : topmetal2_pin has 8 polygons
2026-09-21 21:44:56 +0700: Memory Usage (435220K) : topmetal2_mask has 0 polygons
2026-09-21 21:44:56 +0700: Memory Usage (435220K) : topmetal2_nofill has 0 polygons
2026-09-21 21:44:56 +0700: Memory Usage (435220K) : topmetal2_text has 13 polygons
2026-09-21 21:44:56 +0700: Memory Usage (435220K) : topmetal2_noqrc has 0 polygons
2026-09-21 21:44:56 +0700: Memory Usage (435220K) : topmetal2_res has 0 polygons
2026-09-21 21:44:56 +0700: Memory Usage (435220K) : topmetal2_iprobe has 0 polygons
2026-09-21 21:44:56 +0700: Memory Usage (435220K) : topmetal2_diffprb has 0 polygons
2026-09-21 21:44:56 +0700: Memory Usage (435220K) : snsring_drw has 0 polygons
2026-09-21 21:44:56 +0700: Memory Usage (435220K) : sensor_drw has 0 polygons
2026-09-21 21:44:56 +0700: Memory Usage (435220K) : snsarms_drw has 0 polygons
2026-09-21 21:44:56 +0700: Memory Usage (435220K) : snscmosvia_drw has 0 polygons
2026-09-21 21:44:56 +0700: Memory Usage (435220K) : colwind_drw has 0 polygons
2026-09-21 21:44:56 +0700: Memory Usage (435220K) : flm_drw has 0 polygons
2026-09-21 21:44:56 +0700: Memory Usage (435220K) : hafniumox_drw has 0 polygons
2026-09-21 21:44:56 +0700: Memory Usage (435220K) : memvia_drw has 0 polygons
2026-09-21 21:44:56 +0700: Memory Usage (435220K) : thinfilmres_drw has 0 polygons
2026-09-21 21:44:56 +0700: Memory Usage (435220K) : rfmem_drw has 0 polygons
2026-09-21 21:44:56 +0700: Memory Usage (435220K) : norcx_drw has 0 polygons
2026-09-21 21:44:56 +0700: Memory Usage (435220K) : norcx_m2m3 has 0 polygons
2026-09-21 21:44:56 +0700: Memory Usage (435220K) : norcx_m2m4 has 0 polygons
2026-09-21 21:44:56 +0700: Memory Usage (435220K) : norcx_m2m5 has 0 polygons
2026-09-21 21:44:56 +0700: Memory Usage (435220K) : norcx_m2tm1 has 0 polygons
2026-09-21 21:44:56 +0700: Memory Usage (435220K) : norcx_m2tm2 has 0 polygons
2026-09-21 21:44:56 +0700: Memory Usage (435220K) : norcx_m3m4 has 0 polygons
2026-09-21 21:44:56 +0700: Memory Usage (435220K) : norcx_m3m5 has 0 polygons
2026-09-21 21:44:56 +0700: Memory Usage (435220K) : norcx_m3tm1 has 0 polygons
2026-09-21 21:44:56 +0700: Memory Usage (435220K) : norcx_m3tm2 has 0 polygons
2026-09-21 21:44:56 +0700: Memory Usage (435220K) : norcx_m4m5 has 0 polygons
2026-09-21 21:44:56 +0700: Memory Usage (435220K) : norcx_m4tm1 has 0 polygons
2026-09-21 21:44:56 +0700: Memory Usage (435220K) : norcx_m4tm2 has 0 polygons
2026-09-21 21:44:56 +0700: Memory Usage (435220K) : norcx_m5tm1 has 0 polygons
2026-09-21 21:44:56 +0700: Memory Usage (435220K) : norcx_m5tm2 has 0 polygons
2026-09-21 21:44:56 +0700: Memory Usage (435220K) : norcx_tm1tm2 has 0 polygons
2026-09-21 21:44:56 +0700: Memory Usage (435220K) : norcx_m1sub has 0 polygons
2026-09-21 21:44:56 +0700: Memory Usage (435220K) : norcx_m2sub has 0 polygons
2026-09-21 21:44:56 +0700: Memory Usage (435220K) : norcx_m3sub has 0 polygons
2026-09-21 21:44:56 +0700: Memory Usage (435220K) : norcx_m4sub has 0 polygons
2026-09-21 21:44:56 +0700: Memory Usage (435220K) : norcx_m5sub has 0 polygons
2026-09-21 21:44:56 +0700: Memory Usage (435220K) : norcx_tm1sub has 0 polygons
2026-09-21 21:44:56 +0700: Memory Usage (435220K) : norcx_tm2sub has 0 polygons
2026-09-21 21:44:56 +0700: Memory Usage (435220K) : snsbotvia_drw has 0 polygons
2026-09-21 21:44:56 +0700: Memory Usage (435220K) : snstopvia_drw has 0 polygons
2026-09-21 21:44:56 +0700: Memory Usage (435220K) : deepvia_drw has 0 polygons
2026-09-21 21:44:56 +0700: Memory Usage (435220K) : fgetch_drw has 0 polygons
2026-09-21 21:44:56 +0700: Memory Usage (435220K) : ctrgat_drw has 0 polygons
2026-09-21 21:44:56 +0700: Memory Usage (435220K) : fgimp_drw has 0 polygons
2026-09-21 21:44:56 +0700: Memory Usage (435220K) : emwihv_drw has 0 polygons
2026-09-21 21:44:56 +0700: Memory Usage (435220K) : lbe_drw has 0 polygons
2026-09-21 21:44:56 +0700: Memory Usage (435220K) : alcustop_drw has 0 polygons
2026-09-21 21:44:56 +0700: Memory Usage (435220K) : nometfiller_drw has 0 polygons
2026-09-21 21:44:56 +0700: Memory Usage (435220K) : prboundary_drw has 0 polygons
2026-09-21 21:44:56 +0700: Memory Usage (435220K) : exchange0_drw has 0 polygons
2026-09-21 21:44:56 +0700: Memory Usage (435220K) : exchange0_pin has 0 polygons
2026-09-21 21:44:56 +0700: Memory Usage (435220K) : exchange0_text has 0 polygons
2026-09-21 21:44:56 +0700: Memory Usage (435220K) : exchange1_drw has 0 polygons
2026-09-21 21:44:56 +0700: Memory Usage (435220K) : exchange1_pin has 0 polygons
2026-09-21 21:44:56 +0700: Memory Usage (435220K) : exchange1_text has 0 polygons
2026-09-21 21:44:56 +0700: Memory Usage (435220K) : exchange2_drw has 0 polygons
2026-09-21 21:44:56 +0700: Memory Usage (435220K) : exchange2_pin has 0 polygons
2026-09-21 21:44:56 +0700: Memory Usage (435220K) : exchange2_text has 0 polygons
2026-09-21 21:44:56 +0700: Memory Usage (435220K) : exchange3_drw has 0 polygons
2026-09-21 21:44:56 +0700: Memory Usage (435220K) : exchange3_pin has 0 polygons
2026-09-21 21:44:56 +0700: Memory Usage (435220K) : exchange3_text has 0 polygons
2026-09-21 21:44:56 +0700: Memory Usage (435220K) : exchange4_drw has 0 polygons
2026-09-21 21:44:56 +0700: Memory Usage (435220K) : exchange4_pin has 0 polygons
2026-09-21 21:44:56 +0700: Memory Usage (435220K) : exchange4_text has 0 polygons
2026-09-21 21:44:56 +0700: Memory Usage (435220K) : isonwell_drw has 0 polygons
2026-09-21 21:44:56 +0700: Memory Usage (435220K) : Total no. of polygons in the design is 36222
2026-09-21 21:44:56 +0700: Memory Usage (435220K) : Starting base layers derivations
2026-09-21 21:44:56 +0700: Memory Usage (435220K) : Starting general LVS derivations
2026-09-21 21:44:57 +0700: Memory Usage (437044K) : Starting MOSFET DERIVATIONS
2026-09-21 21:44:57 +0700: Memory Usage (437744K) : Starting NMOS DERIVATIONS
2026-09-21 21:44:57 +0700: Memory Usage (437744K) : Starting PMOS DERIVATIONS
2026-09-21 21:44:57 +0700: Memory Usage (437744K) : Starting RF-MOSFET DERIVATIONS
2026-09-21 21:44:57 +0700: Memory Usage (437744K) : Starting RF-NMOS DERIVATIONS
2026-09-21 21:44:57 +0700: Memory Usage (437744K) : Starting RF-PMOS DERIVATIONS
2026-09-21 21:44:57 +0700: Memory Usage (437744K) : Starting BJT DERIVATIONS
2026-09-21 21:44:57 +0700: Memory Usage (437744K) : Starting NPN-BJT DERIVATIONS
2026-09-21 21:44:58 +0700: Memory Usage (437744K) : Starting PNP-BJT DERIVATIONS
2026-09-21 21:44:58 +0700: Memory Usage (437744K) : Starting DIODE DERIVATIONS
2026-09-21 21:44:58 +0700: Memory Usage (440504K) : Starting RESISTOR DERIVATIONS
2026-09-21 21:44:58 +0700: Memory Usage (440504K) : Starting CAP DERIVATIONS
2026-09-21 21:44:59 +0700: Memory Usage (440776K) : Starting ESD DERIVATIONS
2026-09-21 21:44:59 +0700: Memory Usage (440852K) : Starting Inductor DERIVATIONS
2026-09-21 21:44:59 +0700: Memory Usage (440980K) : Starting Taps DERIVATIONS
2026-09-21 21:45:00 +0700: Memory Usage (440980K) : Starting SG13G2 LVS connectivity setup
2026-09-21 21:45:00 +0700: Memory Usage (440980K) : Starting SG13G2 LVS connectivity setup (Inter-layer)
2026-09-21 21:45:00 +0700: Memory Usage (441944K) : Starting SG13G2 LVS connectivity setup (Global)
2026-09-21 21:45:00 +0700: Memory Usage (441944K) : Starting LVS MOSFET CONNECTIONS
2026-09-21 21:45:00 +0700: Memory Usage (441944K) : Starting LVS RF-MOSFET CONNECTIONS
2026-09-21 21:45:00 +0700: Memory Usage (441944K) : Starting LVS BJT CONNECTIONS
2026-09-21 21:45:00 +0700: Memory Usage (441944K) : Starting LVS DIODE CONNECTIONS
2026-09-21 21:45:00 +0700: Memory Usage (442092K) : Starting RESISTOR CONNECTIONS
2026-09-21 21:45:00 +0700: Memory Usage (442092K) : Starting LVS CAP CONNECTIONS
2026-09-21 21:45:00 +0700: Memory Usage (442348K) : Starting ESD CONNECTIONS
2026-09-21 21:45:00 +0700: Memory Usage (442348K) : Starting Inductor CONNECTIONS
2026-09-21 21:45:00 +0700: Memory Usage (442348K) : Starting LVS Taps CONNECTIONS
2026-09-21 21:45:00 +0700: Memory Usage (442348K) : Starting SG13G2 LVS DEVICES EXTRACTION
2026-09-21 21:45:00 +0700: Memory Usage (442348K) : Starting MOSFET EXTRACTION
2026-09-21 21:45:00 +0700: Memory Usage (442348K) : Starting NMOS EXTRACTION
2026-09-21 21:45:00 +0700: Memory Usage (442348K) : Extraction of NMOS-LV transistor
2026-09-21 21:45:00 +0700: Memory Usage (442704K) : Extraction of NMOS-HV transistor
2026-09-21 21:45:00 +0700: Memory Usage (443936K) : Starting PMOS EXTRACTION
2026-09-21 21:45:00 +0700: Memory Usage (443936K) : Extraction of PMOS-LV transistor
2026-09-21 21:45:01 +0700: Memory Usage (443936K) : Extraction of PMOS-HV transistor
2026-09-21 21:45:01 +0700: Memory Usage (444088K) : Starting RF-MOSFET EXTRACTION
2026-09-21 21:45:01 +0700: Memory Usage (444088K) : Extraction of RF-NMOS-LV transistor
2026-09-21 21:45:02 +0700: Memory Usage (444136K) : Extraction of RF-NMOS-HV transistor
2026-09-21 21:45:02 +0700: Memory Usage (444136K) : Extraction of RF-PMOS-LV transistor
2026-09-21 21:45:03 +0700: Memory Usage (444136K) : Extraction of RF-PMOS-HV transistor
2026-09-21 21:45:03 +0700: Memory Usage (444136K) : Starting BJT EXTRACTION
2026-09-21 21:45:03 +0700: Memory Usage (444136K) : Starting NPN-BJT EXTRACTION
2026-09-21 21:45:03 +0700: Memory Usage (444136K) : Extraction of npn13G2 BJT transistor
2026-09-21 21:45:03 +0700: Memory Usage (444136K) : Extraction of npn13G2L BJT transistor
2026-09-21 21:45:03 +0700: Memory Usage (444136K) : Extraction of npn13G2V BJT transistor
2026-09-21 21:45:03 +0700: Memory Usage (444136K) : Starting PNP-BJT EXTRACTION
2026-09-21 21:45:03 +0700: Memory Usage (444136K) : Extracting pnpMPA BJT
2026-09-21 21:45:03 +0700: Memory Usage (444136K) : Starting DIODE EXTRACTION
2026-09-21 21:45:03 +0700: Memory Usage (444136K) : Extracting dantenna diode
2026-09-21 21:45:03 +0700: Memory Usage (444136K) : Extracting dpantenna diode
2026-09-21 21:45:03 +0700: Memory Usage (444136K) : Extracting schottky_nbl1 diode
2026-09-21 21:45:03 +0700: Memory Usage (444136K) : Extracting isolbox diode
2026-09-21 21:45:03 +0700: Memory Usage (444136K) : Starting RESISTOR EXTRACTION
2026-09-21 21:45:03 +0700: Memory Usage (444136K) : Extracting rsil resistor
2026-09-21 21:45:03 +0700: Memory Usage (444136K) : Extracting rppd resistor
2026-09-21 21:45:03 +0700: Memory Usage (444136K) : Extracting rhigh resistor
2026-09-21 21:45:03 +0700: Memory Usage (444136K) : Extracting res_metal1 resistor
2026-09-21 21:45:04 +0700: Memory Usage (445340K) : Extracting res_metal2 resistor
2026-09-21 21:45:04 +0700: Memory Usage (445340K) : Extracting res_metal3 resistor
2026-09-21 21:45:04 +0700: Memory Usage (445340K) : Extracting res_metal4 resistor
2026-09-21 21:45:04 +0700: Memory Usage (445340K) : Extracting res_metal5 resistor
2026-09-21 21:45:04 +0700: Memory Usage (445340K) : Extracting res_topmetal1 resistor
2026-09-21 21:45:04 +0700: Memory Usage (445340K) : Extracting res_topmetal2 resistor
2026-09-21 21:45:04 +0700: Memory Usage (445340K) : Starting CAP EXTRACTION
2026-09-21 21:45:04 +0700: Memory Usage (445340K) : Extracting cap_cmim device
2026-09-21 21:45:04 +0700: Memory Usage (445340K) : Extracting rfcmim device
2026-09-21 21:45:04 +0700: Memory Usage (445340K) : Extracting sg13_hv_svaricap varactor
2026-09-21 21:45:04 +0700: Memory Usage (445340K) : Starting ESD EXTRACTION
2026-09-21 21:45:04 +0700: Memory Usage (445340K) : Extracting diodevdd_2kv ESD device
2026-09-21 21:45:04 +0700: Memory Usage (445340K) : Extracting diodevdd_4kv ESD device
2026-09-21 21:45:04 +0700: Memory Usage (445340K) : Extracting diodevss_2kv ESD device
2026-09-21 21:45:04 +0700: Memory Usage (445340K) : Extracting diodevss_4kv ESD device
2026-09-21 21:45:04 +0700: Memory Usage (445340K) : Extracting idiodevdd_2kv ESD device
2026-09-21 21:45:04 +0700: Memory Usage (445340K) : Extracting idiodevdd_4kv ESD device
2026-09-21 21:45:04 +0700: Memory Usage (445340K) : Extracting idiodevss_2kv ESD device
2026-09-21 21:45:05 +0700: Memory Usage (445340K) : Extracting idiodevss_4kv ESD device
2026-09-21 21:45:05 +0700: Memory Usage (445340K) : Extracting nmoscl_2 ESD device
2026-09-21 21:45:05 +0700: Memory Usage (445340K) : Extracting nmoscl_4 ESD device
2026-09-21 21:45:05 +0700: Memory Usage (445340K) : Starting Inductor EXTRACTION
2026-09-21 21:45:05 +0700: Memory Usage (445340K) : Extracting Inductor2 device
2026-09-21 21:45:05 +0700: Memory Usage (445340K) : Extracting Inductor3 device
2026-09-21 21:45:05 +0700: Memory Usage (445340K) : Starting Taps EXTRACTION
2026-09-21 21:45:05 +0700: Memory Usage (445340K) : Extracting ntap1 device
2026-09-21 21:45:05 +0700: Memory Usage (445340K) : Extracting ptap1 device
2026-09-21 21:45:05 +0700: Memory Usage (445340K) : Starting SG13G2 LVS RF MOS Model Mapping
2026-09-21 21:45:07 +0700: Memory Usage (449576K) : [layout_netlist] Apply RF MOS model mapping and rfmode parameter.
2026-09-21 21:45:07 +0700: Memory Usage (449576K) : Starting SG13G2 LVS Options Preparations
2026-09-21 21:45:07 +0700: Memory Usage (449576K) : SG13G2 LVS flow: extraction -> alignment -> option preparation -> comparison.
2026-09-21 21:45:07 +0700: Memory Usage (449576K) : Starting SG13G2 LVS Alignment
2026-09-21 21:45:07 +0700: Memory Usage (450708K) : Starting SG13G2 LVS Simplification
2026-09-21 21:45:07 +0700: Memory Usage (450708K) : [layout_netlist] simplify: ENABLED
2026-09-21 21:45:07 +0700: Memory Usage (450972K) : [layout_netlist] make_top_level_pins: SKIPPED
2026-09-21 21:45:07 +0700: Memory Usage (450972K) : [layout_netlist] combine_devices: SKIPPED
2026-09-21 21:45:07 +0700: Memory Usage (450972K) : [layout_netlist] purge: SKIPPED
2026-09-21 21:45:07 +0700: Memory Usage (450972K) : [layout_netlist] purge_nets: SKIPPED
2026-09-21 21:45:07 +0700: Memory Usage (450972K) : [schematic_netlist] simplify: ENABLED
2026-09-21 21:45:07 +0700: Memory Usage (450988K) : [schematic_netlist] make_top_level_pins: SKIPPED
2026-09-21 21:45:07 +0700: Memory Usage (450988K) : [schematic_netlist] combine_devices: SKIPPED
2026-09-21 21:45:07 +0700: Memory Usage (450988K) : [schematic_netlist] purge: SKIPPED
2026-09-21 21:45:07 +0700: Memory Usage (450988K) : [schematic_netlist] purge_nets: SKIPPED
2026-09-21 21:45:07 +0700: Memory Usage (450988K) : Starting SG13G2 LVS Comparison
2026-09-21 21:45:08 +0700: Memory Usage (452656K) : xxxxxxxxxxxxxxxxxxxxxxxxxxxxxxxxxxxxxxxxxx
2026-09-21 21:45:08 +0700: Memory Usage (452656K) : ERROR : Netlists don't match
2026-09-21 21:45:08 +0700: Memory Usage (452656K) : xxxxxxxxxxxxxxxxxxxxxxxxxxxxxxxxxxxxxxxxxx
2026-09-21 21:45:08 +0700: Memory Usage (452656K) : LVS Total Run time 13.475020 seconds
