# Logfile created on 2026-09-21 21:45:20 +0700 by logger.rb/61378
2026-09-21 21:45:20 +0700: Memory Usage (416264K) : Starting running SG13G2 Klayout LVS runset on /home/admin/work/final/IHP__MSPHY6034/dependencies/OTA/release/v.1.0.0/gds/OTA5174.gds
2026-09-21 21:45:20 +0700: Memory Usage (416264K) : Ruby Version for klayout: 2.5.9
2026-09-21 21:45:20 +0700: Memory Usage (416264K) : Loading database to memory is complete.
2026-09-21 21:45:20 +0700: Memory Usage (416264K) : SG13G2 Klayout LVS runset output at: /home/admin/work/final/IHP__MSPHY6034/dependencies/OTA/OTA-main/verification/lvs/lvs_run_OTA5174_ignoreports/OTA5174.lvsdb
2026-09-21 21:45:20 +0700: Memory Usage (416264K) : Evaluate switches.
2026-09-21 21:45:20 +0700: Memory Usage (416264K) : Extracted netlist with net names: true
2026-09-21 21:45:20 +0700: Memory Usage (416264K) : Extracted netlist with comments in details: false
2026-09-21 21:45:20 +0700: Memory Usage (416264K) : Selected NET_ONLY option: false
2026-09-21 21:45:20 +0700: Memory Usage (416264K) : Selected LAYOUT_NETLIST option: (none)
2026-09-21 21:45:20 +0700: Memory Usage (416264K) : Selected IGNORE_TOP_PORTS_MISMATCH option: true
2026-09-21 21:45:20 +0700: Memory Usage (416264K) : Selected IMPLICIT_NETS option: (none)
2026-09-21 21:45:20 +0700: Memory Usage (416264K) : Selected TOP_LVL_PINS option: false
2026-09-21 21:45:20 +0700: Memory Usage (416264K) : Selected COMBINE DEVICES option: false
2026-09-21 21:45:20 +0700: Memory Usage (416264K) : Selected PURGE option: false
2026-09-21 21:45:20 +0700: Memory Usage (416264K) : Selected PURGE_NETS option: false
2026-09-21 21:45:20 +0700: Memory Usage (416264K) : Selected SIMPLIFY option: true
2026-09-21 21:45:20 +0700: Memory Usage (416264K) : Selected SERIES_RES option: true
2026-09-21 21:45:20 +0700: Memory Usage (416264K) : Selected PARALLEL_RES option: true
2026-09-21 21:45:20 +0700: Memory Usage (416264K) : flat  mode is enabled.
2026-09-21 21:45:20 +0700: Memory Usage (417304K) : Netlist file: /home/admin/work/final/IHP__MSPHY6034/dependencies/OTA/release/v.1.0.0/netlist/OTA5174.spice
2026-09-21 21:45:20 +0700: Memory Usage (417304K) : LVS extracted netlist at: /home/admin/work/final/IHP__MSPHY6034/dependencies/OTA/OTA-main/verification/lvs/lvs_run_OTA5174_ignoreports/OTA5174_extracted.cir
2026-09-21 21:45:20 +0700: Memory Usage (417304K) : Applying SRAM integration support.
2026-09-21 21:45:20 +0700: Memory Usage (417304K) : Starting SG13G2 LVS runset
2026-09-21 21:45:20 +0700: Memory Usage (417304K) : Read in polygons from layers.
2026-09-21 21:45:20 +0700: Memory Usage (417304K) : activ_drw has 189 polygons
2026-09-21 21:45:20 +0700: Memory Usage (417304K) : activ_filler has 0 polygons
2026-09-21 21:45:20 +0700: Memory Usage (417304K) : activ has 189 polygons
2026-09-21 21:45:20 +0700: Memory Usage (417304K) : activ_pin has 0 polygons
2026-09-21 21:45:20 +0700: Memory Usage (417304K) : activ_mask has 0 polygons
2026-09-21 21:45:20 +0700: Memory Usage (417304K) : activ_nofill has 0 polygons
2026-09-21 21:45:20 +0700: Memory Usage (417304K) : activ_OPC has 0 polygons
2026-09-21 21:45:20 +0700: Memory Usage (419136K) : activ_iOPC has 0 polygons
2026-09-21 21:45:20 +0700: Memory Usage (419136K) : activ_noqrc has 0 polygons
2026-09-21 21:45:20 +0700: Memory Usage (419664K) : biwind_drw has 0 polygons
2026-09-21 21:45:20 +0700: Memory Usage (419664K) : biwind_OPC has 0 polygons
2026-09-21 21:45:20 +0700: Memory Usage (419664K) : gatpoly_drw has 123 polygons
2026-09-21 21:45:20 +0700: Memory Usage (419664K) : gatpoly_filler has 0 polygons
2026-09-21 21:45:20 +0700: Memory Usage (419928K) : gatpoly has 123 polygons
2026-09-21 21:45:20 +0700: Memory Usage (419928K) : gatpoly_pin has 135 polygons
2026-09-21 21:45:20 +0700: Memory Usage (420192K) : gatpoly_nofill has 0 polygons
2026-09-21 21:45:20 +0700: Memory Usage (420192K) : gatpoly_OPC has 0 polygons
2026-09-21 21:45:20 +0700: Memory Usage (420456K) : gatpoly_iOPC has 0 polygons
2026-09-21 21:45:20 +0700: Memory Usage (420720K) : gatpoly_noqrc has 0 polygons
2026-09-21 21:45:20 +0700: Memory Usage (420720K) : cont_drw has 1647 polygons
2026-09-21 21:45:20 +0700: Memory Usage (421308K) : cont_OPC has 0 polygons
2026-09-21 21:45:20 +0700: Memory Usage (421308K) : nsd_drw has 24 polygons
2026-09-21 21:45:20 +0700: Memory Usage (421308K) : nsd_block has 0 polygons
2026-09-21 21:45:20 +0700: Memory Usage (421572K) : metal1_drw has 340 polygons
2026-09-21 21:45:20 +0700: Memory Usage (421836K) : metal1_filler has 0 polygons
2026-09-21 21:45:20 +0700: Memory Usage (421836K) : metal1_slit has 0 polygons
2026-09-21 21:45:20 +0700: Memory Usage (421836K) : metal1 has 340 polygons
2026-09-21 21:45:20 +0700: Memory Usage (422096K) : metal1_pin has 287 polygons
2026-09-21 21:45:20 +0700: Memory Usage (422096K) : metal1_mask has 0 polygons
2026-09-21 21:45:20 +0700: Memory Usage (422360K) : metal1_nofill has 0 polygons
2026-09-21 21:45:20 +0700: Memory Usage (422360K) : metal1_text has 20 polygons
2026-09-21 21:45:20 +0700: Memory Usage (422676K) : metal1_OPC has 0 polygons
2026-09-21 21:45:20 +0700: Memory Usage (422676K) : metal1_noqrc has 0 polygons
2026-09-21 21:45:20 +0700: Memory Usage (422940K) : metal1_res has 0 polygons
2026-09-21 21:45:20 +0700: Memory Usage (423204K) : metal1_iprobe has 0 polygons
2026-09-21 21:45:20 +0700: Memory Usage (423204K) : metal1_diffprb has 0 polygons
2026-09-21 21:45:20 +0700: Memory Usage (423468K) : passiv_drw has 0 polygons
2026-09-21 21:45:20 +0700: Memory Usage (423468K) : passiv_pin has 0 polygons
2026-09-21 21:45:20 +0700: Memory Usage (423732K) : passiv_sbump has 0 polygons
2026-09-21 21:45:20 +0700: Memory Usage (423732K) : passiv_pillar has 0 polygons
2026-09-21 21:45:20 +0700: Memory Usage (423996K) : passiv_pdl has 0 polygons
2026-09-21 21:45:20 +0700: Memory Usage (424260K) : metal2_drw has 192 polygons
2026-09-21 21:45:20 +0700: Memory Usage (424260K) : metal2_filler has 0 polygons
2026-09-21 21:45:20 +0700: Memory Usage (424524K) : metal2_slit has 0 polygons
2026-09-21 21:45:20 +0700: Memory Usage (424524K) : metal2 has 192 polygons
2026-09-21 21:45:20 +0700: Memory Usage (424788K) : metal2_pin has 27 polygons
2026-09-21 21:45:20 +0700: Memory Usage (424788K) : metal2_mask has 0 polygons
2026-09-21 21:45:20 +0700: Memory Usage (425052K) : metal2_nofill has 0 polygons
2026-09-21 21:45:20 +0700: Memory Usage (425052K) : metal2_text has 13 polygons
2026-09-21 21:45:20 +0700: Memory Usage (425316K) : metal2_OPC has 0 polygons
2026-09-21 21:45:20 +0700: Memory Usage (425316K) : metal2_noqrc has 0 polygons
2026-09-21 21:45:20 +0700: Memory Usage (425580K) : metal2_res has 0 polygons
2026-09-21 21:45:20 +0700: Memory Usage (425580K) : metal2_iprobe has 0 polygons
2026-09-21 21:45:20 +0700: Memory Usage (425844K) : metal2_diffprb has 0 polygons
2026-09-21 21:45:20 +0700: Memory Usage (425844K) : baspoly_drw has 0 polygons
2026-09-21 21:45:20 +0700: Memory Usage (426108K) : baspoly_pin has 0 polygons
2026-09-21 21:45:20 +0700: Memory Usage (426108K) : psd_drw has 96 polygons
2026-09-21 21:45:20 +0700: Memory Usage (426368K) : nldb_drw has 0 polygons
2026-09-21 21:45:20 +0700: Memory Usage (426368K) : digibnd_drw has 0 polygons
2026-09-21 21:45:20 +0700: Memory Usage (426632K) : via1_drw has 859 polygons
2026-09-21 21:45:20 +0700: Memory Usage (426896K) : backmetal1_drw has 0 polygons
2026-09-21 21:45:20 +0700: Memory Usage (426896K) : backmetal1_pin has 0 polygons
2026-09-21 21:45:20 +0700: Memory Usage (427160K) : backmetal1_mask has 0 polygons
2026-09-21 21:45:20 +0700: Memory Usage (427160K) : backmetal1_filler has 0 polygons
2026-09-21 21:45:20 +0700: Memory Usage (427424K) : backmetal1_nofill has 0 polygons
2026-09-21 21:45:20 +0700: Memory Usage (427424K) : backmetal1_slit has 0 polygons
2026-09-21 21:45:20 +0700: Memory Usage (427688K) : backmetal1_text has 0 polygons
2026-09-21 21:45:20 +0700: Memory Usage (427688K) : backmetal1_OPC has 0 polygons
2026-09-21 21:45:20 +0700: Memory Usage (427952K) : backmetal1_noqrc has 0 polygons
2026-09-21 21:45:20 +0700: Memory Usage (427952K) : backmetal1_res has 0 polygons
2026-09-21 21:45:20 +0700: Memory Usage (428216K) : backmetal1_iprobe has 0 polygons
2026-09-21 21:45:20 +0700: Memory Usage (428216K) : backmetal1_diffprb has 0 polygons
2026-09-21 21:45:20 +0700: Memory Usage (428480K) : backpassiv_drw has 0 polygons
2026-09-21 21:45:20 +0700: Memory Usage (428480K) : res_drw has 0 polygons
2026-09-21 21:45:20 +0700: Memory Usage (428744K) : sram_drw has 0 polygons
2026-09-21 21:45:20 +0700: Memory Usage (429008K) : trans_drw has 0 polygons
2026-09-21 21:45:21 +0700: Memory Usage (429008K) : ind_drw has 0 polygons
2026-09-21 21:45:21 +0700: Memory Usage (429272K) : ind_pin has 0 polygons
2026-09-21 21:45:21 +0700: Memory Usage (429272K) : ind_text has 0 polygons
2026-09-21 21:45:21 +0700: Memory Usage (429536K) : salblock_drw has 0 polygons
2026-09-21 21:45:21 +0700: Memory Usage (429536K) : via2_drw has 224 polygons
2026-09-21 21:45:21 +0700: Memory Usage (429800K) : metal3_drw has 69 polygons
2026-09-21 21:45:21 +0700: Memory Usage (429800K) : metal3_filler has 0 polygons
2026-09-21 21:45:21 +0700: Memory Usage (430064K) : metal3_slit has 0 polygons
2026-09-21 21:45:21 +0700: Memory Usage (430064K) : metal3 has 69 polygons
2026-09-21 21:45:21 +0700: Memory Usage (430328K) : metal3_pin has 9 polygons
2026-09-21 21:45:21 +0700: Memory Usage (430328K) : metal3_mask has 0 polygons
2026-09-21 21:45:21 +0700: Memory Usage (430592K) : metal3_nofill has 0 polygons
2026-09-21 21:45:21 +0700: Memory Usage (430592K) : metal3_text has 8 polygons
2026-09-21 21:45:21 +0700: Memory Usage (430856K) : metal3_OPC has 0 polygons
2026-09-21 21:45:21 +0700: Memory Usage (430856K) : metal3_noqrc has 0 polygons
2026-09-21 21:45:21 +0700: Memory Usage (431120K) : metal3_res has 0 polygons
2026-09-21 21:45:21 +0700: Memory Usage (431120K) : metal3_iprobe has 0 polygons
2026-09-21 21:45:21 +0700: Memory Usage (431384K) : metal3_diffprb has 0 polygons
2026-09-21 21:45:21 +0700: Memory Usage (431648K) : nwell_drw has 24 polygons
2026-09-21 21:45:21 +0700: Memory Usage (431648K) : nwell_pin has 0 polygons
2026-09-21 21:45:21 +0700: Memory Usage (431648K) : nwell_text has 0 polygons
2026-09-21 21:45:21 +0700: Memory Usage (431912K) : nbulay_drw has 0 polygons
2026-09-21 21:45:21 +0700: Memory Usage (431912K) : nbulay_pin has 0 polygons
2026-09-21 21:45:21 +0700: Memory Usage (432176K) : nbulay_block has 0 polygons
2026-09-21 21:45:21 +0700: Memory Usage (432440K) : emwind_drw has 0 polygons
2026-09-21 21:45:21 +0700: Memory Usage (432440K) : emwind_OPC has 0 polygons
2026-09-21 21:45:21 +0700: Memory Usage (432704K) : deepco_drw has 0 polygons
2026-09-21 21:45:21 +0700: Memory Usage (432704K) : mim_drw has 15 polygons
2026-09-21 21:45:21 +0700: Memory Usage (432968K) : edgeseal_drw has 0 polygons
2026-09-21 21:45:21 +0700: Memory Usage (432968K) : substrate_drw has 66 polygons
2026-09-21 21:45:21 +0700: Memory Usage (433232K) : substrate_text has 0 polygons
2026-09-21 21:45:21 +0700: Memory Usage (433232K) : dfpad_drw has 0 polygons
2026-09-21 21:45:21 +0700: Memory Usage (433496K) : dfpad_pillar has 0 polygons
2026-09-21 21:45:21 +0700: Memory Usage (433496K) : dfpad_sbump has 0 polygons
2026-09-21 21:45:21 +0700: Memory Usage (433760K) : thickgateox_drw has 49 polygons
2026-09-21 21:45:21 +0700: Memory Usage (433760K) : pldb_drw has 0 polygons
2026-09-21 21:45:21 +0700: Memory Usage (434024K) : pwell_drw has 0 polygons
2026-09-21 21:45:21 +0700: Memory Usage (434024K) : pwell_pin has 0 polygons
2026-09-21 21:45:21 +0700: Memory Usage (434288K) : pwell_block has 0 polygons
2026-09-21 21:45:21 +0700: Memory Usage (434552K) : ic_drw has 0 polygons
2026-09-21 21:45:21 +0700: Memory Usage (434552K) : via3_drw has 115 polygons
2026-09-21 21:45:21 +0700: Memory Usage (434816K) : metal4_drw has 44 polygons
2026-09-21 21:45:21 +0700: Memory Usage (434816K) : metal4_filler has 0 polygons
2026-09-21 21:45:21 +0700: Memory Usage (435080K) : metal4_slit has 0 polygons
2026-09-21 21:45:21 +0700: Memory Usage (435080K) : metal4 has 44 polygons
2026-09-21 21:45:21 +0700: Memory Usage (435344K) : metal4_pin has 4 polygons
2026-09-21 21:45:21 +0700: Memory Usage (435344K) : metal4_mask has 0 polygons
2026-09-21 21:45:21 +0700: Memory Usage (435608K) : metal4_nofill has 0 polygons
2026-09-21 21:45:21 +0700: Memory Usage (435608K) : metal4_text has 0 polygons
2026-09-21 21:45:21 +0700: Memory Usage (435872K) : metal4_OPC has 0 polygons
2026-09-21 21:45:21 +0700: Memory Usage (435872K) : metal4_noqrc has 0 polygons
2026-09-21 21:45:21 +0700: Memory Usage (436136K) : metal4_res has 0 polygons
2026-09-21 21:45:21 +0700: Memory Usage (436136K) : metal4_iprobe has 0 polygons
2026-09-21 21:45:21 +0700: Memory Usage (436400K) : metal4_diffprb has 0 polygons
2026-09-21 21:45:21 +0700: Memory Usage (436664K) : heattrans_drw has 143 polygons
2026-09-21 21:45:21 +0700: Memory Usage (436664K) : heatres_drw has 0 polygons
2026-09-21 21:45:21 +0700: Memory Usage (436664K) : fbe_drw has 0 polygons
2026-09-21 21:45:21 +0700: Memory Usage (436664K) : empoly_drw has 0 polygons
2026-09-21 21:45:21 +0700: Memory Usage (436664K) : digisub_drw has 0 polygons
2026-09-21 21:45:21 +0700: Memory Usage (436664K) : text_drw has 159 polygons
2026-09-21 21:45:21 +0700: Memory Usage (436664K) : via4_drw has 105 polygons
2026-09-21 21:45:21 +0700: Memory Usage (436664K) : metal5_drw has 41 polygons
2026-09-21 21:45:21 +0700: Memory Usage (436664K) : metal5_filler has 0 polygons
2026-09-21 21:45:21 +0700: Memory Usage (436664K) : metal5_slit has 0 polygons
2026-09-21 21:45:21 +0700: Memory Usage (436664K) : metal5 has 41 polygons
2026-09-21 21:45:21 +0700: Memory Usage (436928K) : metal5_pin has 0 polygons
2026-09-21 21:45:21 +0700: Memory Usage (436928K) : metal5_mask has 0 polygons
2026-09-21 21:45:21 +0700: Memory Usage (436928K) : metal5_nofill has 0 polygons
2026-09-21 21:45:21 +0700: Memory Usage (437192K) : metal5_text has 0 polygons
2026-09-21 21:45:21 +0700: Memory Usage (437192K) : metal5_OPC has 0 polygons
2026-09-21 21:45:21 +0700: Memory Usage (437192K) : metal5_noqrc has 0 polygons
2026-09-21 21:45:21 +0700: Memory Usage (437456K) : metal5_res has 0 polygons
2026-09-21 21:45:21 +0700: Memory Usage (437456K) : metal5_iprobe has 0 polygons
2026-09-21 21:45:21 +0700: Memory Usage (437720K) : metal5_diffprb has 0 polygons
2026-09-21 21:45:21 +0700: Memory Usage (437720K) : radhard_drw has 0 polygons
2026-09-21 21:45:21 +0700: Memory Usage (437984K) : memcap_drw has 0 polygons
2026-09-21 21:45:21 +0700: Memory Usage (437984K) : varicap_drw has 0 polygons
2026-09-21 21:45:21 +0700: Memory Usage (438248K) : intbondvia_drw has 0 polygons
2026-09-21 21:45:21 +0700: Memory Usage (438248K) : intbondmet_drw has 0 polygons
2026-09-21 21:45:21 +0700: Memory Usage (438512K) : devbondvia_drw has 0 polygons
2026-09-21 21:45:21 +0700: Memory Usage (438512K) : devbondmet_drw has 0 polygons
2026-09-21 21:45:21 +0700: Memory Usage (438512K) : devtrench_drw has 0 polygons
2026-09-21 21:45:21 +0700: Memory Usage (438776K) : redist_drw has 0 polygons
2026-09-21 21:45:21 +0700: Memory Usage (438776K) : graphbot_drw has 0 polygons
2026-09-21 21:45:21 +0700: Memory Usage (439040K) : graphtop_drw has 0 polygons
2026-09-21 21:45:21 +0700: Memory Usage (439040K) : antvia1_drw has 0 polygons
2026-09-21 21:45:21 +0700: Memory Usage (439304K) : antmetal2_drw has 0 polygons
2026-09-21 21:45:21 +0700: Memory Usage (439304K) : graphcont_drw has 0 polygons
2026-09-21 21:45:21 +0700: Memory Usage (433480K) : siwg_drw has 0 polygons
2026-09-21 21:45:21 +0700: Memory Usage (433480K) : siwg_filler has 0 polygons
2026-09-21 21:45:21 +0700: Memory Usage (433480K) : siwg_nofill has 0 polygons
2026-09-21 21:45:21 +0700: Memory Usage (433480K) : sigrating_drw has 0 polygons
2026-09-21 21:45:21 +0700: Memory Usage (433480K) : singrating_drw has 0 polygons
2026-09-21 21:45:21 +0700: Memory Usage (433480K) : graphpas_drw has 0 polygons
2026-09-21 21:45:21 +0700: Memory Usage (433480K) : emwind3_drw has 0 polygons
2026-09-21 21:45:21 +0700: Memory Usage (433480K) : emwihv3_drw has 0 polygons
2026-09-21 21:45:21 +0700: Memory Usage (433480K) : redbulay_drw has 0 polygons
2026-09-21 21:45:21 +0700: Memory Usage (433480K) : smos_drw has 0 polygons
2026-09-21 21:45:21 +0700: Memory Usage (433480K) : graphpad_drw has 0 polygons
2026-09-21 21:45:21 +0700: Memory Usage (433480K) : polimide_drw has 0 polygons
2026-09-21 21:45:21 +0700: Memory Usage (433480K) : polimide_pin has 0 polygons
2026-09-21 21:45:21 +0700: Memory Usage (433480K) : recog_drw has 0 polygons
2026-09-21 21:45:21 +0700: Memory Usage (433480K) : recog_pin has 0 polygons
2026-09-21 21:45:21 +0700: Memory Usage (433480K) : recog_esd has 0 polygons
2026-09-21 21:45:21 +0700: Memory Usage (433480K) : recog_diode has 0 polygons
2026-09-21 21:45:21 +0700: Memory Usage (433480K) : recog_tsv has 0 polygons
2026-09-21 21:45:21 +0700: Memory Usage (433480K) : recog_iprobe has 0 polygons
2026-09-21 21:45:21 +0700: Memory Usage (433480K) : recog_diffprb has 0 polygons
2026-09-21 21:45:21 +0700: Memory Usage (433480K) : recog_pillar has 0 polygons
2026-09-21 21:45:21 +0700: Memory Usage (433480K) : recog_sbump has 0 polygons
2026-09-21 21:45:21 +0700: Memory Usage (433480K) : recog_otp has 0 polygons
2026-09-21 21:45:21 +0700: Memory Usage (433480K) : recog_pdiode has 0 polygons
2026-09-21 21:45:21 +0700: Memory Usage (433480K) : recog_mom has 0 polygons
2026-09-21 21:45:21 +0700: Memory Usage (433480K) : recog_pcm has 0 polygons
2026-09-21 21:45:21 +0700: Memory Usage (433480K) : colopen_drw has 0 polygons
2026-09-21 21:45:21 +0700: Memory Usage (433480K) : graphmetal1_drw has 0 polygons
2026-09-21 21:45:21 +0700: Memory Usage (433480K) : graphmetal1_filler has 0 polygons
2026-09-21 21:45:21 +0700: Memory Usage (433480K) : graphmetal1_nofill has 0 polygons
2026-09-21 21:45:21 +0700: Memory Usage (433480K) : graphmetal1_slit has 0 polygons
2026-09-21 21:45:21 +0700: Memory Usage (433480K) : graphmetal1_OPC has 0 polygons
2026-09-21 21:45:21 +0700: Memory Usage (433480K) : graphmet1l_drw has 0 polygons
2026-09-21 21:45:21 +0700: Memory Usage (433480K) : graphmet1l_filler has 0 polygons
2026-09-21 21:45:21 +0700: Memory Usage (433480K) : graphmet1l_nofill has 0 polygons
2026-09-21 21:45:21 +0700: Memory Usage (433480K) : graphmet1l_slit has 0 polygons
2026-09-21 21:45:21 +0700: Memory Usage (433480K) : graphmet1l_OPC has 0 polygons
2026-09-21 21:45:21 +0700: Memory Usage (433480K) : extblock_drw has 0 polygons
2026-09-21 21:45:21 +0700: Memory Usage (433480K) : nldd_drw has 0 polygons
2026-09-21 21:45:21 +0700: Memory Usage (433480K) : pldd_drw has 0 polygons
2026-09-21 21:45:21 +0700: Memory Usage (433480K) : next_drw has 0 polygons
2026-09-21 21:45:21 +0700: Memory Usage (433480K) : pext_drw has 0 polygons
2026-09-21 21:45:21 +0700: Memory Usage (433480K) : nexthv_drw has 0 polygons
2026-09-21 21:45:21 +0700: Memory Usage (433480K) : pexthv_drw has 0 polygons
2026-09-21 21:45:21 +0700: Memory Usage (433480K) : graphgate_drw has 0 polygons
2026-09-21 21:45:21 +0700: Memory Usage (433480K) : sinwg_drw has 0 polygons
2026-09-21 21:45:21 +0700: Memory Usage (433480K) : sinwg_filler has 0 polygons
2026-09-21 21:45:21 +0700: Memory Usage (433480K) : sinwg_nofill has 0 polygons
2026-09-21 21:45:21 +0700: Memory Usage (433480K) : mempad_drw has 0 polygons
2026-09-21 21:45:21 +0700: Memory Usage (433480K) : topvia1_drw has 72 polygons
2026-09-21 21:45:21 +0700: Memory Usage (433480K) : topmetal1_drw has 19 polygons
2026-09-21 21:45:21 +0700: Memory Usage (433480K) : topmetal1_filler has 0 polygons
2026-09-21 21:45:21 +0700: Memory Usage (433480K) : topmetal1_slit has 0 polygons
2026-09-21 21:45:21 +0700: Memory Usage (433480K) : topmetal1 has 19 polygons
2026-09-21 21:45:21 +0700: Memory Usage (433480K) : topmetal1_pin has 0 polygons
2026-09-21 21:45:21 +0700: Memory Usage (433480K) : topmetal1_mask has 0 polygons
2026-09-21 21:45:21 +0700: Memory Usage (433480K) : topmetal1_nofill has 0 polygons
2026-09-21 21:45:21 +0700: Memory Usage (433480K) : topmetal1_text has 0 polygons
2026-09-21 21:45:21 +0700: Memory Usage (433480K) : topmetal1_noqrc has 0 polygons
2026-09-21 21:45:21 +0700: Memory Usage (433480K) : topmetal1_res has 0 polygons
2026-09-21 21:45:21 +0700: Memory Usage (433480K) : topmetal1_iprobe has 0 polygons
2026-09-21 21:45:21 +0700: Memory Usage (433480K) : topmetal1_diffprb has 0 polygons
2026-09-21 21:45:21 +0700: Memory Usage (433480K) : inldpwl_drw has 0 polygons
2026-09-21 21:45:21 +0700: Memory Usage (433480K) : polyres_drw has 0 polygons
2026-09-21 21:45:21 +0700: Memory Usage (433480K) : polyres_pin has 0 polygons
2026-09-21 21:45:21 +0700: Memory Usage (433480K) : vmim_drw has 1443 polygons
2026-09-21 21:45:21 +0700: Memory Usage (433480K) : nbulaycut_drw has 0 polygons
2026-09-21 21:45:21 +0700: Memory Usage (433480K) : antmetal1_drw has 0 polygons
2026-09-21 21:45:21 +0700: Memory Usage (433480K) : topvia2_drw has 0 polygons
2026-09-21 21:45:21 +0700: Memory Usage (433480K) : topmetal2_drw has 0 polygons
2026-09-21 21:45:21 +0700: Memory Usage (433480K) : topmetal2_filler has 0 polygons
2026-09-21 21:45:21 +0700: Memory Usage (433480K) : topmetal2_slit has 0 polygons
2026-09-21 21:45:21 +0700: Memory Usage (433480K) : topmetal2 has 0 polygons
2026-09-21 21:45:21 +0700: Memory Usage (433480K) : topmetal2_pin has 0 polygons
2026-09-21 21:45:21 +0700: Memory Usage (433480K) : topmetal2_mask has 0 polygons
2026-09-21 21:45:21 +0700: Memory Usage (433480K) : topmetal2_nofill has 0 polygons
2026-09-21 21:45:21 +0700: Memory Usage (433480K) : topmetal2_text has 0 polygons
2026-09-21 21:45:21 +0700: Memory Usage (433480K) : topmetal2_noqrc has 0 polygons
2026-09-21 21:45:21 +0700: Memory Usage (433480K) : topmetal2_res has 0 polygons
2026-09-21 21:45:21 +0700: Memory Usage (433480K) : topmetal2_iprobe has 0 polygons
2026-09-21 21:45:21 +0700: Memory Usage (433480K) : topmetal2_diffprb has 0 polygons
2026-09-21 21:45:21 +0700: Memory Usage (433480K) : snsring_drw has 0 polygons
2026-09-21 21:45:21 +0700: Memory Usage (433480K) : sensor_drw has 0 polygons
2026-09-21 21:45:21 +0700: Memory Usage (433480K) : snsarms_drw has 0 polygons
2026-09-21 21:45:21 +0700: Memory Usage (433480K) : snscmosvia_drw has 0 polygons
2026-09-21 21:45:21 +0700: Memory Usage (433480K) : colwind_drw has 0 polygons
2026-09-21 21:45:21 +0700: Memory Usage (433480K) : flm_drw has 0 polygons
2026-09-21 21:45:21 +0700: Memory Usage (433480K) : hafniumox_drw has 0 polygons
2026-09-21 21:45:21 +0700: Memory Usage (433480K) : memvia_drw has 0 polygons
2026-09-21 21:45:21 +0700: Memory Usage (433480K) : thinfilmres_drw has 0 polygons
2026-09-21 21:45:21 +0700: Memory Usage (433480K) : rfmem_drw has 0 polygons
2026-09-21 21:45:21 +0700: Memory Usage (433480K) : norcx_drw has 0 polygons
2026-09-21 21:45:21 +0700: Memory Usage (433480K) : norcx_m2m3 has 0 polygons
2026-09-21 21:45:21 +0700: Memory Usage (433480K) : norcx_m2m4 has 0 polygons
2026-09-21 21:45:21 +0700: Memory Usage (433480K) : norcx_m2m5 has 0 polygons
2026-09-21 21:45:21 +0700: Memory Usage (433480K) : norcx_m2tm1 has 0 polygons
2026-09-21 21:45:21 +0700: Memory Usage (433480K) : norcx_m2tm2 has 0 polygons
2026-09-21 21:45:21 +0700: Memory Usage (433480K) : norcx_m3m4 has 0 polygons
2026-09-21 21:45:21 +0700: Memory Usage (433480K) : norcx_m3m5 has 0 polygons
2026-09-21 21:45:21 +0700: Memory Usage (433480K) : norcx_m3tm1 has 0 polygons
2026-09-21 21:45:21 +0700: Memory Usage (433480K) : norcx_m3tm2 has 0 polygons
2026-09-21 21:45:21 +0700: Memory Usage (433480K) : norcx_m4m5 has 0 polygons
2026-09-21 21:45:21 +0700: Memory Usage (433480K) : norcx_m4tm1 has 0 polygons
2026-09-21 21:45:21 +0700: Memory Usage (433480K) : norcx_m4tm2 has 0 polygons
2026-09-21 21:45:21 +0700: Memory Usage (433480K) : norcx_m5tm1 has 0 polygons
2026-09-21 21:45:21 +0700: Memory Usage (433480K) : norcx_m5tm2 has 0 polygons
2026-09-21 21:45:21 +0700: Memory Usage (433480K) : norcx_tm1tm2 has 0 polygons
2026-09-21 21:45:21 +0700: Memory Usage (433480K) : norcx_m1sub has 0 polygons
2026-09-21 21:45:21 +0700: Memory Usage (433480K) : norcx_m2sub has 0 polygons
2026-09-21 21:45:21 +0700: Memory Usage (433480K) : norcx_m3sub has 0 polygons
2026-09-21 21:45:21 +0700: Memory Usage (433480K) : norcx_m4sub has 0 polygons
2026-09-21 21:45:21 +0700: Memory Usage (433480K) : norcx_m5sub has 0 polygons
2026-09-21 21:45:21 +0700: Memory Usage (433480K) : norcx_tm1sub has 0 polygons
2026-09-21 21:45:21 +0700: Memory Usage (433480K) : norcx_tm2sub has 0 polygons
2026-09-21 21:45:21 +0700: Memory Usage (433480K) : snsbotvia_drw has 0 polygons
2026-09-21 21:45:21 +0700: Memory Usage (433480K) : snstopvia_drw has 0 polygons
2026-09-21 21:45:21 +0700: Memory Usage (433480K) : deepvia_drw has 0 polygons
2026-09-21 21:45:21 +0700: Memory Usage (433480K) : fgetch_drw has 0 polygons
2026-09-21 21:45:21 +0700: Memory Usage (433480K) : ctrgat_drw has 0 polygons
2026-09-21 21:45:21 +0700: Memory Usage (433480K) : fgimp_drw has 0 polygons
2026-09-21 21:45:21 +0700: Memory Usage (433480K) : emwihv_drw has 0 polygons
2026-09-21 21:45:21 +0700: Memory Usage (433480K) : lbe_drw has 0 polygons
2026-09-21 21:45:21 +0700: Memory Usage (433480K) : alcustop_drw has 0 polygons
2026-09-21 21:45:21 +0700: Memory Usage (433480K) : nometfiller_drw has 0 polygons
2026-09-21 21:45:21 +0700: Memory Usage (433480K) : prboundary_drw has 0 polygons
2026-09-21 21:45:21 +0700: Memory Usage (433800K) : exchange0_drw has 0 polygons
2026-09-21 21:45:21 +0700: Memory Usage (433800K) : exchange0_pin has 0 polygons
2026-09-21 21:45:21 +0700: Memory Usage (434064K) : exchange0_text has 0 polygons
2026-09-21 21:45:21 +0700: Memory Usage (434064K) : exchange1_drw has 0 polygons
2026-09-21 21:45:21 +0700: Memory Usage (434328K) : exchange1_pin has 0 polygons
2026-09-21 21:45:21 +0700: Memory Usage (434328K) : exchange1_text has 0 polygons
2026-09-21 21:45:21 +0700: Memory Usage (434592K) : exchange2_drw has 0 polygons
2026-09-21 21:45:21 +0700: Memory Usage (434592K) : exchange2_pin has 0 polygons
2026-09-21 21:45:21 +0700: Memory Usage (434592K) : exchange2_text has 0 polygons
2026-09-21 21:45:21 +0700: Memory Usage (434856K) : exchange3_drw has 0 polygons
2026-09-21 21:45:21 +0700: Memory Usage (435120K) : exchange3_pin has 0 polygons
2026-09-21 21:45:21 +0700: Memory Usage (435120K) : exchange3_text has 0 polygons
2026-09-21 21:45:21 +0700: Memory Usage (435120K) : exchange4_drw has 0 polygons
2026-09-21 21:45:21 +0700: Memory Usage (435384K) : exchange4_pin has 0 polygons
2026-09-21 21:45:21 +0700: Memory Usage (435384K) : exchange4_text has 0 polygons
2026-09-21 21:45:21 +0700: Memory Usage (435648K) : isonwell_drw has 0 polygons
2026-09-21 21:45:21 +0700: Memory Usage (435648K) : Total no. of polygons in the design is 6561
2026-09-21 21:45:21 +0700: Memory Usage (435648K) : Starting base layers derivations
2026-09-21 21:45:21 +0700: Memory Usage (435648K) : Starting general LVS derivations
2026-09-21 21:45:21 +0700: Memory Usage (442152K) : Starting MOSFET DERIVATIONS
2026-09-21 21:45:21 +0700: Memory Usage (444528K) : Starting NMOS DERIVATIONS
2026-09-21 21:45:21 +0700: Memory Usage (444792K) : Starting PMOS DERIVATIONS
2026-09-21 21:45:21 +0700: Memory Usage (445056K) : Starting RF-MOSFET DERIVATIONS
2026-09-21 21:45:21 +0700: Memory Usage (445056K) : Starting RF-NMOS DERIVATIONS
2026-09-21 21:45:21 +0700: Memory Usage (445320K) : Starting RF-PMOS DERIVATIONS
2026-09-21 21:45:21 +0700: Memory Usage (445584K) : Starting BJT DERIVATIONS
2026-09-21 21:45:21 +0700: Memory Usage (445584K) : Starting NPN-BJT DERIVATIONS
2026-09-21 21:45:21 +0700: Memory Usage (446904K) : Starting PNP-BJT DERIVATIONS
2026-09-21 21:45:21 +0700: Memory Usage (446904K) : Starting DIODE DERIVATIONS
2026-09-21 21:45:21 +0700: Memory Usage (446904K) : Starting RESISTOR DERIVATIONS
2026-09-21 21:45:22 +0700: Memory Usage (446904K) : Starting CAP DERIVATIONS
2026-09-21 21:45:22 +0700: Memory Usage (446904K) : Starting ESD DERIVATIONS
2026-09-21 21:45:22 +0700: Memory Usage (447000K) : Starting Inductor DERIVATIONS
2026-09-21 21:45:22 +0700: Memory Usage (447004K) : Starting Taps DERIVATIONS
2026-09-21 21:45:22 +0700: Memory Usage (447004K) : Starting SG13G2 LVS connectivity setup
2026-09-21 21:45:22 +0700: Memory Usage (447004K) : Starting SG13G2 LVS connectivity setup (Inter-layer)
2026-09-21 21:45:22 +0700: Memory Usage (447512K) : Starting SG13G2 LVS connectivity setup (Global)
2026-09-21 21:45:22 +0700: Memory Usage (447512K) : Starting LVS MOSFET CONNECTIONS
2026-09-21 21:45:22 +0700: Memory Usage (447512K) : Starting LVS RF-MOSFET CONNECTIONS
2026-09-21 21:45:22 +0700: Memory Usage (447512K) : Starting LVS BJT CONNECTIONS
2026-09-21 21:45:22 +0700: Memory Usage (447512K) : Starting LVS DIODE CONNECTIONS
2026-09-21 21:45:22 +0700: Memory Usage (447512K) : Starting RESISTOR CONNECTIONS
2026-09-21 21:45:22 +0700: Memory Usage (447512K) : Starting LVS CAP CONNECTIONS
2026-09-21 21:45:22 +0700: Memory Usage (447512K) : Starting ESD CONNECTIONS
2026-09-21 21:45:22 +0700: Memory Usage (447512K) : Starting Inductor CONNECTIONS
2026-09-21 21:45:22 +0700: Memory Usage (447512K) : Starting LVS Taps CONNECTIONS
2026-09-21 21:45:22 +0700: Memory Usage (447512K) : Starting SG13G2 LVS DEVICES EXTRACTION
2026-09-21 21:45:22 +0700: Memory Usage (447512K) : Starting MOSFET EXTRACTION
2026-09-21 21:45:22 +0700: Memory Usage (447512K) : Starting NMOS EXTRACTION
2026-09-21 21:45:22 +0700: Memory Usage (447512K) : Extraction of NMOS-LV transistor
2026-09-21 21:45:22 +0700: Memory Usage (447516K) : Extraction of NMOS-HV transistor
2026-09-21 21:45:22 +0700: Memory Usage (447516K) : Starting PMOS EXTRACTION
2026-09-21 21:45:22 +0700: Memory Usage (447516K) : Extraction of PMOS-LV transistor
2026-09-21 21:45:22 +0700: Memory Usage (447516K) : Extraction of PMOS-HV transistor
2026-09-21 21:45:22 +0700: Memory Usage (448024K) : Starting RF-MOSFET EXTRACTION
2026-09-21 21:45:22 +0700: Memory Usage (448024K) : Extraction of RF-NMOS-LV transistor
2026-09-21 21:45:22 +0700: Memory Usage (448024K) : Extraction of RF-NMOS-HV transistor
2026-09-21 21:45:22 +0700: Memory Usage (448024K) : Extraction of RF-PMOS-LV transistor
2026-09-21 21:45:22 +0700: Memory Usage (448024K) : Extraction of RF-PMOS-HV transistor
2026-09-21 21:45:22 +0700: Memory Usage (448024K) : Starting BJT EXTRACTION
2026-09-21 21:45:22 +0700: Memory Usage (448024K) : Starting NPN-BJT EXTRACTION
2026-09-21 21:45:22 +0700: Memory Usage (448024K) : Extraction of npn13G2 BJT transistor
2026-09-21 21:45:22 +0700: Memory Usage (448024K) : Extraction of npn13G2L BJT transistor
2026-09-21 21:45:22 +0700: Memory Usage (448024K) : Extraction of npn13G2V BJT transistor
2026-09-21 21:45:22 +0700: Memory Usage (448024K) : Starting PNP-BJT EXTRACTION
2026-09-21 21:45:22 +0700: Memory Usage (448024K) : Extracting pnpMPA BJT
2026-09-21 21:45:22 +0700: Memory Usage (448024K) : Starting DIODE EXTRACTION
2026-09-21 21:45:22 +0700: Memory Usage (448024K) : Extracting dantenna diode
2026-09-21 21:45:22 +0700: Memory Usage (448024K) : Extracting dpantenna diode
2026-09-21 21:45:22 +0700: Memory Usage (448024K) : Extracting schottky_nbl1 diode
2026-09-21 21:45:22 +0700: Memory Usage (448024K) : Extracting isolbox diode
2026-09-21 21:45:22 +0700: Memory Usage (448024K) : Starting RESISTOR EXTRACTION
2026-09-21 21:45:22 +0700: Memory Usage (448024K) : Extracting rsil resistor
2026-09-21 21:45:22 +0700: Memory Usage (448028K) : Extracting rppd resistor
2026-09-21 21:45:22 +0700: Memory Usage (448028K) : Extracting rhigh resistor
2026-09-21 21:45:22 +0700: Memory Usage (448028K) : Extracting res_metal1 resistor
2026-09-21 21:45:22 +0700: Memory Usage (448028K) : Extracting res_metal2 resistor
2026-09-21 21:45:22 +0700: Memory Usage (448028K) : Extracting res_metal3 resistor
2026-09-21 21:45:22 +0700: Memory Usage (448028K) : Extracting res_metal4 resistor
2026-09-21 21:45:22 +0700: Memory Usage (448028K) : Extracting res_metal5 resistor
2026-09-21 21:45:22 +0700: Memory Usage (448028K) : Extracting res_topmetal1 resistor
2026-09-21 21:45:22 +0700: Memory Usage (448028K) : Extracting res_topmetal2 resistor
2026-09-21 21:45:22 +0700: Memory Usage (448028K) : Starting CAP EXTRACTION
2026-09-21 21:45:22 +0700: Memory Usage (448028K) : Extracting cap_cmim device
2026-09-21 21:45:22 +0700: Memory Usage (448028K) : Extracting rfcmim device
2026-09-21 21:45:22 +0700: Memory Usage (448028K) : Extracting sg13_hv_svaricap varactor
2026-09-21 21:45:22 +0700: Memory Usage (448028K) : Starting ESD EXTRACTION
2026-09-21 21:45:22 +0700: Memory Usage (448028K) : Extracting diodevdd_2kv ESD device
2026-09-21 21:45:22 +0700: Memory Usage (448028K) : Extracting diodevdd_4kv ESD device
2026-09-21 21:45:23 +0700: Memory Usage (448028K) : Extracting diodevss_2kv ESD device
2026-09-21 21:45:23 +0700: Memory Usage (448028K) : Extracting diodevss_4kv ESD device
2026-09-21 21:45:23 +0700: Memory Usage (448028K) : Extracting idiodevdd_2kv ESD device
2026-09-21 21:45:23 +0700: Memory Usage (448028K) : Extracting idiodevdd_4kv ESD device
2026-09-21 21:45:23 +0700: Memory Usage (448028K) : Extracting idiodevss_2kv ESD device
2026-09-21 21:45:23 +0700: Memory Usage (448028K) : Extracting idiodevss_4kv ESD device
2026-09-21 21:45:23 +0700: Memory Usage (448028K) : Extracting nmoscl_2 ESD device
2026-09-21 21:45:23 +0700: Memory Usage (448028K) : Extracting nmoscl_4 ESD device
2026-09-21 21:45:23 +0700: Memory Usage (448028K) : Starting Inductor EXTRACTION
2026-09-21 21:45:23 +0700: Memory Usage (448028K) : Extracting Inductor2 device
2026-09-21 21:45:23 +0700: Memory Usage (448028K) : Extracting Inductor3 device
2026-09-21 21:45:23 +0700: Memory Usage (448028K) : Starting Taps EXTRACTION
2026-09-21 21:45:23 +0700: Memory Usage (448028K) : Extracting ntap1 device
2026-09-21 21:45:23 +0700: Memory Usage (448028K) : Extracting ptap1 device
2026-09-21 21:45:23 +0700: Memory Usage (448028K) : Starting SG13G2 LVS RF MOS Model Mapping
2026-09-21 21:45:23 +0700: Memory Usage (448028K) : [layout_netlist] Apply RF MOS model mapping and rfmode parameter.
2026-09-21 21:45:23 +0700: Memory Usage (448088K) : Starting SG13G2 LVS Options Preparations
2026-09-21 21:45:23 +0700: Memory Usage (448088K) : SG13G2 LVS flow: extraction -> alignment -> option preparation -> comparison.
2026-09-21 21:45:23 +0700: Memory Usage (448088K) : Starting SG13G2 LVS Alignment
2026-09-21 21:45:23 +0700: Memory Usage (448088K) : Starting SG13G2 LVS Simplification
2026-09-21 21:45:23 +0700: Memory Usage (448088K) : [layout_netlist] simplify: ENABLED
2026-09-21 21:45:23 +0700: Memory Usage (448088K) : [layout_netlist] make_top_level_pins: SKIPPED
2026-09-21 21:45:23 +0700: Memory Usage (448088K) : [layout_netlist] combine_devices: SKIPPED
2026-09-21 21:45:23 +0700: Memory Usage (448088K) : [layout_netlist] purge: SKIPPED
2026-09-21 21:45:23 +0700: Memory Usage (448088K) : [layout_netlist] purge_nets: SKIPPED
2026-09-21 21:45:23 +0700: Memory Usage (448088K) : [schematic_netlist] simplify: ENABLED
2026-09-21 21:45:23 +0700: Memory Usage (448088K) : [schematic_netlist] make_top_level_pins: SKIPPED
2026-09-21 21:45:23 +0700: Memory Usage (448088K) : [schematic_netlist] combine_devices: SKIPPED
2026-09-21 21:45:23 +0700: Memory Usage (448088K) : [schematic_netlist] purge: SKIPPED
2026-09-21 21:45:23 +0700: Memory Usage (448088K) : [schematic_netlist] purge_nets: SKIPPED
2026-09-21 21:45:23 +0700: Memory Usage (448088K) : Starting SG13G2 LVS Comparison
2026-09-21 21:45:23 +0700: Memory Usage (448088K) : xxxxxxxxxxxxxxxxxxxxxxxxxxxxxxxxxxxxxxxxxx
2026-09-21 21:45:23 +0700: Memory Usage (448088K) : ERROR : Netlists don't match
2026-09-21 21:45:23 +0700: Memory Usage (448088K) : xxxxxxxxxxxxxxxxxxxxxxxxxxxxxxxxxxxxxxxxxx
2026-09-21 21:45:23 +0700: Memory Usage (448088K) : LVS Total Run time 2.519432 seconds
