# Logfile created on 2026-09-21 21:59:03 +0700 by logger.rb/61378
2026-09-21 21:59:03 +0700: Memory Usage (416396K) : Starting running SG13G2 Klayout LVS runset on /home/admin/work/final/IHP__MSPHY6034/dependencies/DAC/release/v.1.0.0/gds/CS_DAC_10b.gds
2026-09-21 21:59:03 +0700: Memory Usage (416396K) : Ruby Version for klayout: 2.5.9
2026-09-21 21:59:03 +0700: Memory Usage (416480K) : Loading database to memory is complete.
2026-09-21 21:59:03 +0700: Memory Usage (416480K) : SG13G2 Klayout LVS runset output at: /home/admin/work/final/IHP__MSPHY6034/dependencies/DAC/DAC-main/verification/lvs/lvs_run_CS_DAC_10b_deep/CS_DAC_10b.lvsdb
2026-09-21 21:59:03 +0700: Memory Usage (416480K) : Evaluate switches.
2026-09-21 21:59:03 +0700: Memory Usage (416480K) : Extracted netlist with net names: true
2026-09-21 21:59:03 +0700: Memory Usage (416480K) : Extracted netlist with comments in details: false
2026-09-21 21:59:03 +0700: Memory Usage (416480K) : Selected NET_ONLY option: false
2026-09-21 21:59:03 +0700: Memory Usage (416480K) : Selected LAYOUT_NETLIST option: (none)
2026-09-21 21:59:03 +0700: Memory Usage (416480K) : Selected IGNORE_TOP_PORTS_MISMATCH option: 
2026-09-21 21:59:03 +0700: Memory Usage (416480K) : Selected IMPLICIT_NETS option: (none)
2026-09-21 21:59:03 +0700: Memory Usage (416480K) : Selected TOP_LVL_PINS option: false
2026-09-21 21:59:03 +0700: Memory Usage (416480K) : Selected COMBINE DEVICES option: false
2026-09-21 21:59:03 +0700: Memory Usage (416480K) : Selected PURGE option: false
2026-09-21 21:59:03 +0700: Memory Usage (416480K) : Selected PURGE_NETS option: false
2026-09-21 21:59:03 +0700: Memory Usage (416480K) : Selected SIMPLIFY option: true
2026-09-21 21:59:03 +0700: Memory Usage (416480K) : Selected SERIES_RES option: true
2026-09-21 21:59:03 +0700: Memory Usage (416480K) : Selected PARALLEL_RES option: true
2026-09-21 21:59:03 +0700: Memory Usage (416480K) : deep  mode is enabled.
2026-09-21 21:59:04 +0700: Memory Usage (416480K) : Netlist file: /home/admin/work/final/IHP__MSPHY6034/dependencies/DAC/DAC-main/verification/lvs/lvs_run_CS_DAC_10b_deep/CS_DAC_10b_netlist_fixed.spice
2026-09-21 21:59:04 +0700: Memory Usage (416480K) : LVS extracted netlist at: /home/admin/work/final/IHP__MSPHY6034/dependencies/DAC/DAC-main/verification/lvs/lvs_run_CS_DAC_10b_deep/CS_DAC_10b_extracted.cir
2026-09-21 21:59:04 +0700: Memory Usage (416480K) : Applying SRAM integration support.
2026-09-21 21:59:04 +0700: Memory Usage (416480K) : Starting SG13G2 LVS runset
2026-09-21 21:59:04 +0700: Memory Usage (416480K) : Read in polygons from layers.
2026-09-21 21:59:04 +0700: Memory Usage (418428K) : activ_drw has 5436 polygons
2026-09-21 21:59:04 +0700: Memory Usage (418428K) : activ_filler has 0 polygons
2026-09-21 21:59:04 +0700: Memory Usage (418428K) : activ has 5436 polygons
2026-09-21 21:59:04 +0700: Memory Usage (418428K) : activ_pin has 0 polygons
2026-09-21 21:59:04 +0700: Memory Usage (418428K) : activ_mask has 0 polygons
2026-09-21 21:59:04 +0700: Memory Usage (418428K) : activ_nofill has 0 polygons
2026-09-21 21:59:04 +0700: Memory Usage (418428K) : activ_OPC has 0 polygons
2026-09-21 21:59:04 +0700: Memory Usage (418428K) : activ_iOPC has 0 polygons
2026-09-21 21:59:04 +0700: Memory Usage (418428K) : activ_noqrc has 0 polygons
2026-09-21 21:59:04 +0700: Memory Usage (418428K) : biwind_drw has 0 polygons
2026-09-21 21:59:04 +0700: Memory Usage (418428K) : biwind_OPC has 0 polygons
2026-09-21 21:59:04 +0700: Memory Usage (418428K) : gatpoly_drw has 6890 polygons
2026-09-21 21:59:04 +0700: Memory Usage (418428K) : gatpoly_filler has 0 polygons
2026-09-21 21:59:04 +0700: Memory Usage (418428K) : gatpoly has 6890 polygons
2026-09-21 21:59:04 +0700: Memory Usage (418428K) : gatpoly_pin has 1005 polygons
2026-09-21 21:59:04 +0700: Memory Usage (418428K) : gatpoly_nofill has 0 polygons
2026-09-21 21:59:04 +0700: Memory Usage (418428K) : gatpoly_OPC has 0 polygons
2026-09-21 21:59:04 +0700: Memory Usage (418428K) : gatpoly_iOPC has 0 polygons
2026-09-21 21:59:04 +0700: Memory Usage (418428K) : gatpoly_noqrc has 0 polygons
2026-09-21 21:59:04 +0700: Memory Usage (418428K) : cont_drw has 24540 polygons
2026-09-21 21:59:04 +0700: Memory Usage (418428K) : cont_OPC has 0 polygons
2026-09-21 21:59:04 +0700: Memory Usage (418428K) : nsd_drw has 0 polygons
2026-09-21 21:59:04 +0700: Memory Usage (418428K) : nsd_block has 0 polygons
2026-09-21 21:59:04 +0700: Memory Usage (418428K) : metal1_drw has 15368 polygons
2026-09-21 21:59:04 +0700: Memory Usage (418428K) : metal1_filler has 0 polygons
2026-09-21 21:59:04 +0700: Memory Usage (418428K) : metal1_slit has 0 polygons
2026-09-21 21:59:04 +0700: Memory Usage (418428K) : metal1 has 15368 polygons
2026-09-21 21:59:04 +0700: Memory Usage (418428K) : metal1_pin has 3119 polygons
2026-09-21 21:59:04 +0700: Memory Usage (418428K) : metal1_mask has 0 polygons
2026-09-21 21:59:04 +0700: Memory Usage (418428K) : metal1_nofill has 0 polygons
2026-09-21 21:59:04 +0700: Memory Usage (418856K) : metal1_text has 140 polygons
2026-09-21 21:59:04 +0700: Memory Usage (418856K) : metal1_OPC has 0 polygons
2026-09-21 21:59:04 +0700: Memory Usage (419340K) : metal1_noqrc has 0 polygons
2026-09-21 21:59:04 +0700: Memory Usage (419340K) : metal1_res has 0 polygons
2026-09-21 21:59:04 +0700: Memory Usage (419340K) : metal1_iprobe has 0 polygons
2026-09-21 21:59:04 +0700: Memory Usage (419340K) : metal1_diffprb has 0 polygons
2026-09-21 21:59:04 +0700: Memory Usage (419604K) : passiv_drw has 0 polygons
2026-09-21 21:59:04 +0700: Memory Usage (419604K) : passiv_pin has 0 polygons
2026-09-21 21:59:04 +0700: Memory Usage (419604K) : passiv_sbump has 0 polygons
2026-09-21 21:59:04 +0700: Memory Usage (419780K) : passiv_pillar has 0 polygons
2026-09-21 21:59:04 +0700: Memory Usage (419780K) : passiv_pdl has 0 polygons
2026-09-21 21:59:04 +0700: Memory Usage (419780K) : metal2_drw has 4792 polygons
2026-09-21 21:59:04 +0700: Memory Usage (419780K) : metal2_filler has 0 polygons
2026-09-21 21:59:04 +0700: Memory Usage (419780K) : metal2_slit has 0 polygons
2026-09-21 21:59:04 +0700: Memory Usage (419780K) : metal2 has 4792 polygons
2026-09-21 21:59:04 +0700: Memory Usage (419780K) : metal2_pin has 14 polygons
2026-09-21 21:59:04 +0700: Memory Usage (419780K) : metal2_mask has 0 polygons
2026-09-21 21:59:04 +0700: Memory Usage (419780K) : metal2_nofill has 0 polygons
2026-09-21 21:59:04 +0700: Memory Usage (419780K) : metal2_text has 5 polygons
2026-09-21 21:59:04 +0700: Memory Usage (419780K) : metal2_OPC has 0 polygons
2026-09-21 21:59:04 +0700: Memory Usage (419780K) : metal2_noqrc has 0 polygons
2026-09-21 21:59:04 +0700: Memory Usage (419780K) : metal2_res has 0 polygons
2026-09-21 21:59:04 +0700: Memory Usage (419780K) : metal2_iprobe has 0 polygons
2026-09-21 21:59:04 +0700: Memory Usage (419780K) : metal2_diffprb has 0 polygons
2026-09-21 21:59:04 +0700: Memory Usage (419780K) : baspoly_drw has 0 polygons
2026-09-21 21:59:04 +0700: Memory Usage (419780K) : baspoly_pin has 0 polygons
2026-09-21 21:59:04 +0700: Memory Usage (419780K) : psd_drw has 563 polygons
2026-09-21 21:59:04 +0700: Memory Usage (419780K) : nldb_drw has 0 polygons
2026-09-21 21:59:04 +0700: Memory Usage (419780K) : digibnd_drw has 0 polygons
2026-09-21 21:59:04 +0700: Memory Usage (419780K) : via1_drw has 4837 polygons
2026-09-21 21:59:04 +0700: Memory Usage (419780K) : backmetal1_drw has 0 polygons
2026-09-21 21:59:04 +0700: Memory Usage (419780K) : backmetal1_pin has 0 polygons
2026-09-21 21:59:04 +0700: Memory Usage (419780K) : backmetal1_mask has 0 polygons
2026-09-21 21:59:04 +0700: Memory Usage (419780K) : backmetal1_filler has 0 polygons
2026-09-21 21:59:04 +0700: Memory Usage (419780K) : backmetal1_nofill has 0 polygons
2026-09-21 21:59:04 +0700: Memory Usage (419780K) : backmetal1_slit has 0 polygons
2026-09-21 21:59:04 +0700: Memory Usage (419780K) : backmetal1_text has 0 polygons
2026-09-21 21:59:04 +0700: Memory Usage (419780K) : backmetal1_OPC has 0 polygons
2026-09-21 21:59:04 +0700: Memory Usage (419780K) : backmetal1_noqrc has 0 polygons
2026-09-21 21:59:04 +0700: Memory Usage (419780K) : backmetal1_res has 0 polygons
2026-09-21 21:59:04 +0700: Memory Usage (419780K) : backmetal1_iprobe has 0 polygons
2026-09-21 21:59:04 +0700: Memory Usage (419780K) : backmetal1_diffprb has 0 polygons
2026-09-21 21:59:04 +0700: Memory Usage (419780K) : backpassiv_drw has 0 polygons
2026-09-21 21:59:04 +0700: Memory Usage (419780K) : res_drw has 0 polygons
2026-09-21 21:59:04 +0700: Memory Usage (419780K) : sram_drw has 0 polygons
2026-09-21 21:59:04 +0700: Memory Usage (419780K) : trans_drw has 0 polygons
2026-09-21 21:59:04 +0700: Memory Usage (419780K) : ind_drw has 0 polygons
2026-09-21 21:59:04 +0700: Memory Usage (419780K) : ind_pin has 0 polygons
2026-09-21 21:59:04 +0700: Memory Usage (419780K) : ind_text has 0 polygons
2026-09-21 21:59:04 +0700: Memory Usage (419792K) : salblock_drw has 0 polygons
2026-09-21 21:59:04 +0700: Memory Usage (419792K) : via2_drw has 523 polygons
2026-09-21 21:59:04 +0700: Memory Usage (419936K) : metal3_drw has 528 polygons
2026-09-21 21:59:04 +0700: Memory Usage (419960K) : metal3_filler has 0 polygons
2026-09-21 21:59:04 +0700: Memory Usage (419960K) : metal3_slit has 0 polygons
2026-09-21 21:59:04 +0700: Memory Usage (420148K) : metal3 has 528 polygons
2026-09-21 21:59:04 +0700: Memory Usage (420236K) : metal3_pin has 5 polygons
2026-09-21 21:59:04 +0700: Memory Usage (420356K) : metal3_mask has 0 polygons
2026-09-21 21:59:04 +0700: Memory Usage (420356K) : metal3_nofill has 0 polygons
2026-09-21 21:59:04 +0700: Memory Usage (420512K) : metal3_text has 5 polygons
2026-09-21 21:59:04 +0700: Memory Usage (420580K) : metal3_OPC has 0 polygons
2026-09-21 21:59:04 +0700: Memory Usage (420580K) : metal3_noqrc has 0 polygons
2026-09-21 21:59:04 +0700: Memory Usage (420736K) : metal3_res has 0 polygons
2026-09-21 21:59:04 +0700: Memory Usage (420736K) : metal3_iprobe has 0 polygons
2026-09-21 21:59:04 +0700: Memory Usage (420736K) : metal3_diffprb has 0 polygons
2026-09-21 21:59:04 +0700: Memory Usage (420964K) : nwell_drw has 233 polygons
2026-09-21 21:59:04 +0700: Memory Usage (420964K) : nwell_pin has 0 polygons
2026-09-21 21:59:04 +0700: Memory Usage (421104K) : nwell_text has 0 polygons
2026-09-21 21:59:04 +0700: Memory Usage (421104K) : nbulay_drw has 0 polygons
2026-09-21 21:59:04 +0700: Memory Usage (421256K) : nbulay_pin has 0 polygons
2026-09-21 21:59:04 +0700: Memory Usage (421256K) : nbulay_block has 0 polygons
2026-09-21 21:59:04 +0700: Memory Usage (421344K) : emwind_drw has 0 polygons
2026-09-21 21:59:04 +0700: Memory Usage (421344K) : emwind_OPC has 0 polygons
2026-09-21 21:59:04 +0700: Memory Usage (421528K) : deepco_drw has 0 polygons
2026-09-21 21:59:04 +0700: Memory Usage (421528K) : mim_drw has 0 polygons
2026-09-21 21:59:04 +0700: Memory Usage (421528K) : edgeseal_drw has 0 polygons
2026-09-21 21:59:04 +0700: Memory Usage (421740K) : substrate_drw has 0 polygons
2026-09-21 21:59:04 +0700: Memory Usage (421740K) : substrate_text has 0 polygons
2026-09-21 21:59:04 +0700: Memory Usage (421876K) : dfpad_drw has 0 polygons
2026-09-21 21:59:04 +0700: Memory Usage (421876K) : dfpad_pillar has 0 polygons
2026-09-21 21:59:04 +0700: Memory Usage (422052K) : dfpad_sbump has 0 polygons
2026-09-21 21:59:04 +0700: Memory Usage (422052K) : thickgateox_drw has 402 polygons
2026-09-21 21:59:04 +0700: Memory Usage (422052K) : pldb_drw has 0 polygons
2026-09-21 21:59:04 +0700: Memory Usage (422240K) : pwell_drw has 0 polygons
2026-09-21 21:59:04 +0700: Memory Usage (422240K) : pwell_pin has 0 polygons
2026-09-21 21:59:04 +0700: Memory Usage (422240K) : pwell_block has 0 polygons
2026-09-21 21:59:04 +0700: Memory Usage (422480K) : ic_drw has 0 polygons
2026-09-21 21:59:04 +0700: Memory Usage (422480K) : via3_drw has 3376 polygons
2026-09-21 21:59:04 +0700: Memory Usage (422672K) : metal4_drw has 293 polygons
2026-09-21 21:59:04 +0700: Memory Usage (422672K) : metal4_filler has 0 polygons
2026-09-21 21:59:04 +0700: Memory Usage (422824K) : metal4_slit has 0 polygons
2026-09-21 21:59:04 +0700: Memory Usage (422824K) : metal4 has 293 polygons
2026-09-21 21:59:04 +0700: Memory Usage (422824K) : metal4_pin has 1 polygons
2026-09-21 21:59:04 +0700: Memory Usage (423028K) : metal4_mask has 0 polygons
2026-09-21 21:59:04 +0700: Memory Usage (423028K) : metal4_nofill has 0 polygons
2026-09-21 21:59:04 +0700: Memory Usage (423028K) : metal4_text has 1 polygons
2026-09-21 21:59:04 +0700: Memory Usage (423248K) : metal4_OPC has 0 polygons
2026-09-21 21:59:04 +0700: Memory Usage (423248K) : metal4_noqrc has 0 polygons
2026-09-21 21:59:04 +0700: Memory Usage (423472K) : metal4_res has 0 polygons
2026-09-21 21:59:04 +0700: Memory Usage (423472K) : metal4_iprobe has 0 polygons
2026-09-21 21:59:04 +0700: Memory Usage (423472K) : metal4_diffprb has 0 polygons
2026-09-21 21:59:04 +0700: Memory Usage (423704K) : heattrans_drw has 1968 polygons
2026-09-21 21:59:04 +0700: Memory Usage (423704K) : heatres_drw has 0 polygons
2026-09-21 21:59:04 +0700: Memory Usage (423704K) : fbe_drw has 0 polygons
2026-09-21 21:59:04 +0700: Memory Usage (423924K) : empoly_drw has 0 polygons
2026-09-21 21:59:04 +0700: Memory Usage (423924K) : digisub_drw has 0 polygons
2026-09-21 21:59:04 +0700: Memory Usage (423924K) : text_drw has 804 polygons
2026-09-21 21:59:04 +0700: Memory Usage (423924K) : via4_drw has 0 polygons
2026-09-21 21:59:04 +0700: Memory Usage (424156K) : metal5_drw has 0 polygons
2026-09-21 21:59:04 +0700: Memory Usage (424156K) : metal5_filler has 0 polygons
2026-09-21 21:59:04 +0700: Memory Usage (424376K) : metal5_slit has 0 polygons
2026-09-21 21:59:04 +0700: Memory Usage (424376K) : metal5 has 0 polygons
2026-09-21 21:59:04 +0700: Memory Usage (424376K) : metal5_pin has 0 polygons
2026-09-21 21:59:04 +0700: Memory Usage (424592K) : metal5_mask has 0 polygons
2026-09-21 21:59:04 +0700: Memory Usage (424592K) : metal5_nofill has 0 polygons
2026-09-21 21:59:04 +0700: Memory Usage (424592K) : metal5_text has 0 polygons
2026-09-21 21:59:04 +0700: Memory Usage (424808K) : metal5_OPC has 0 polygons
2026-09-21 21:59:04 +0700: Memory Usage (424808K) : metal5_noqrc has 0 polygons
2026-09-21 21:59:04 +0700: Memory Usage (424808K) : metal5_res has 0 polygons
2026-09-21 21:59:04 +0700: Memory Usage (425056K) : metal5_iprobe has 0 polygons
2026-09-21 21:59:04 +0700: Memory Usage (425056K) : metal5_diffprb has 0 polygons
2026-09-21 21:59:04 +0700: Memory Usage (425056K) : radhard_drw has 0 polygons
2026-09-21 21:59:04 +0700: Memory Usage (425308K) : memcap_drw has 0 polygons
2026-09-21 21:59:04 +0700: Memory Usage (425308K) : varicap_drw has 0 polygons
2026-09-21 21:59:04 +0700: Memory Usage (425308K) : intbondvia_drw has 0 polygons
2026-09-21 21:59:04 +0700: Memory Usage (425548K) : intbondmet_drw has 0 polygons
2026-09-21 21:59:04 +0700: Memory Usage (425548K) : devbondvia_drw has 0 polygons
2026-09-21 21:59:04 +0700: Memory Usage (425548K) : devbondmet_drw has 0 polygons
2026-09-21 21:59:04 +0700: Memory Usage (425548K) : devtrench_drw has 0 polygons
2026-09-21 21:59:04 +0700: Memory Usage (425788K) : redist_drw has 0 polygons
2026-09-21 21:59:04 +0700: Memory Usage (425788K) : graphbot_drw has 0 polygons
2026-09-21 21:59:04 +0700: Memory Usage (425788K) : graphtop_drw has 0 polygons
2026-09-21 21:59:04 +0700: Memory Usage (426028K) : antvia1_drw has 0 polygons
2026-09-21 21:59:04 +0700: Memory Usage (426028K) : antmetal2_drw has 0 polygons
2026-09-21 21:59:04 +0700: Memory Usage (426028K) : graphcont_drw has 0 polygons
2026-09-21 21:59:04 +0700: Memory Usage (426244K) : siwg_drw has 0 polygons
2026-09-21 21:59:04 +0700: Memory Usage (426244K) : siwg_filler has 0 polygons
2026-09-21 21:59:04 +0700: Memory Usage (426244K) : siwg_nofill has 0 polygons
2026-09-21 21:59:04 +0700: Memory Usage (426488K) : sigrating_drw has 0 polygons
2026-09-21 21:59:04 +0700: Memory Usage (424876K) : singrating_drw has 0 polygons
2026-09-21 21:59:04 +0700: Memory Usage (424876K) : graphpas_drw has 0 polygons
2026-09-21 21:59:04 +0700: Memory Usage (424876K) : emwind3_drw has 0 polygons
2026-09-21 21:59:04 +0700: Memory Usage (424876K) : emwihv3_drw has 0 polygons
2026-09-21 21:59:04 +0700: Memory Usage (424876K) : redbulay_drw has 0 polygons
2026-09-21 21:59:04 +0700: Memory Usage (424876K) : smos_drw has 0 polygons
2026-09-21 21:59:04 +0700: Memory Usage (424876K) : graphpad_drw has 0 polygons
2026-09-21 21:59:04 +0700: Memory Usage (424876K) : polimide_drw has 0 polygons
2026-09-21 21:59:04 +0700: Memory Usage (424876K) : polimide_pin has 0 polygons
2026-09-21 21:59:04 +0700: Memory Usage (424876K) : recog_drw has 0 polygons
2026-09-21 21:59:04 +0700: Memory Usage (424876K) : recog_pin has 0 polygons
2026-09-21 21:59:04 +0700: Memory Usage (424876K) : recog_esd has 0 polygons
2026-09-21 21:59:04 +0700: Memory Usage (424876K) : recog_diode has 0 polygons
2026-09-21 21:59:04 +0700: Memory Usage (424876K) : recog_tsv has 0 polygons
2026-09-21 21:59:04 +0700: Memory Usage (424876K) : recog_iprobe has 0 polygons
2026-09-21 21:59:04 +0700: Memory Usage (424876K) : recog_diffprb has 0 polygons
2026-09-21 21:59:04 +0700: Memory Usage (424876K) : recog_pillar has 0 polygons
2026-09-21 21:59:04 +0700: Memory Usage (424876K) : recog_sbump has 0 polygons
2026-09-21 21:59:04 +0700: Memory Usage (424876K) : recog_otp has 0 polygons
2026-09-21 21:59:04 +0700: Memory Usage (424876K) : recog_pdiode has 0 polygons
2026-09-21 21:59:04 +0700: Memory Usage (424876K) : recog_mom has 0 polygons
2026-09-21 21:59:04 +0700: Memory Usage (424876K) : recog_pcm has 0 polygons
2026-09-21 21:59:04 +0700: Memory Usage (424876K) : colopen_drw has 0 polygons
2026-09-21 21:59:04 +0700: Memory Usage (424876K) : graphmetal1_drw has 0 polygons
2026-09-21 21:59:04 +0700: Memory Usage (424876K) : graphmetal1_filler has 0 polygons
2026-09-21 21:59:04 +0700: Memory Usage (424876K) : graphmetal1_nofill has 0 polygons
2026-09-21 21:59:04 +0700: Memory Usage (424876K) : graphmetal1_slit has 0 polygons
2026-09-21 21:59:04 +0700: Memory Usage (424876K) : graphmetal1_OPC has 0 polygons
2026-09-21 21:59:04 +0700: Memory Usage (424876K) : graphmet1l_drw has 0 polygons
2026-09-21 21:59:04 +0700: Memory Usage (424876K) : graphmet1l_filler has 0 polygons
2026-09-21 21:59:04 +0700: Memory Usage (424876K) : graphmet1l_nofill has 0 polygons
2026-09-21 21:59:04 +0700: Memory Usage (424876K) : graphmet1l_slit has 0 polygons
2026-09-21 21:59:04 +0700: Memory Usage (424876K) : graphmet1l_OPC has 0 polygons
2026-09-21 21:59:04 +0700: Memory Usage (424876K) : extblock_drw has 0 polygons
2026-09-21 21:59:04 +0700: Memory Usage (424876K) : nldd_drw has 0 polygons
2026-09-21 21:59:04 +0700: Memory Usage (424876K) : pldd_drw has 0 polygons
2026-09-21 21:59:04 +0700: Memory Usage (424876K) : next_drw has 0 polygons
2026-09-21 21:59:04 +0700: Memory Usage (424876K) : pext_drw has 0 polygons
2026-09-21 21:59:04 +0700: Memory Usage (424876K) : nexthv_drw has 0 polygons
2026-09-21 21:59:04 +0700: Memory Usage (424876K) : pexthv_drw has 0 polygons
2026-09-21 21:59:04 +0700: Memory Usage (424876K) : graphgate_drw has 0 polygons
2026-09-21 21:59:04 +0700: Memory Usage (424876K) : sinwg_drw has 0 polygons
2026-09-21 21:59:04 +0700: Memory Usage (424876K) : sinwg_filler has 0 polygons
2026-09-21 21:59:04 +0700: Memory Usage (424876K) : sinwg_nofill has 0 polygons
2026-09-21 21:59:04 +0700: Memory Usage (424876K) : mempad_drw has 0 polygons
2026-09-21 21:59:04 +0700: Memory Usage (424876K) : topvia1_drw has 0 polygons
2026-09-21 21:59:04 +0700: Memory Usage (424876K) : topmetal1_drw has 0 polygons
2026-09-21 21:59:04 +0700: Memory Usage (424876K) : topmetal1_filler has 0 polygons
2026-09-21 21:59:04 +0700: Memory Usage (424876K) : topmetal1_slit has 0 polygons
2026-09-21 21:59:04 +0700: Memory Usage (424876K) : topmetal1 has 0 polygons
2026-09-21 21:59:04 +0700: Memory Usage (424876K) : topmetal1_pin has 0 polygons
2026-09-21 21:59:04 +0700: Memory Usage (424876K) : topmetal1_mask has 0 polygons
2026-09-21 21:59:04 +0700: Memory Usage (424876K) : topmetal1_nofill has 0 polygons
2026-09-21 21:59:04 +0700: Memory Usage (424876K) : topmetal1_text has 0 polygons
2026-09-21 21:59:04 +0700: Memory Usage (424876K) : topmetal1_noqrc has 0 polygons
2026-09-21 21:59:04 +0700: Memory Usage (424876K) : topmetal1_res has 0 polygons
2026-09-21 21:59:04 +0700: Memory Usage (424876K) : topmetal1_iprobe has 0 polygons
2026-09-21 21:59:05 +0700: Memory Usage (424876K) : topmetal1_diffprb has 0 polygons
2026-09-21 21:59:05 +0700: Memory Usage (424876K) : inldpwl_drw has 0 polygons
2026-09-21 21:59:05 +0700: Memory Usage (424876K) : polyres_drw has 0 polygons
2026-09-21 21:59:05 +0700: Memory Usage (424876K) : polyres_pin has 0 polygons
2026-09-21 21:59:05 +0700: Memory Usage (424876K) : vmim_drw has 0 polygons
2026-09-21 21:59:05 +0700: Memory Usage (424876K) : nbulaycut_drw has 0 polygons
2026-09-21 21:59:05 +0700: Memory Usage (424876K) : antmetal1_drw has 0 polygons
2026-09-21 21:59:05 +0700: Memory Usage (424876K) : topvia2_drw has 0 polygons
2026-09-21 21:59:05 +0700: Memory Usage (424876K) : topmetal2_drw has 0 polygons
2026-09-21 21:59:05 +0700: Memory Usage (424876K) : topmetal2_filler has 0 polygons
2026-09-21 21:59:05 +0700: Memory Usage (424876K) : topmetal2_slit has 0 polygons
2026-09-21 21:59:05 +0700: Memory Usage (424876K) : topmetal2 has 0 polygons
2026-09-21 21:59:05 +0700: Memory Usage (424876K) : topmetal2_pin has 0 polygons
2026-09-21 21:59:05 +0700: Memory Usage (424876K) : topmetal2_mask has 0 polygons
2026-09-21 21:59:05 +0700: Memory Usage (424876K) : topmetal2_nofill has 0 polygons
2026-09-21 21:59:05 +0700: Memory Usage (424876K) : topmetal2_text has 0 polygons
2026-09-21 21:59:05 +0700: Memory Usage (424876K) : topmetal2_noqrc has 0 polygons
2026-09-21 21:59:05 +0700: Memory Usage (424876K) : topmetal2_res has 0 polygons
2026-09-21 21:59:05 +0700: Memory Usage (424876K) : topmetal2_iprobe has 0 polygons
2026-09-21 21:59:05 +0700: Memory Usage (424876K) : topmetal2_diffprb has 0 polygons
2026-09-21 21:59:05 +0700: Memory Usage (424876K) : snsring_drw has 0 polygons
2026-09-21 21:59:05 +0700: Memory Usage (424876K) : sensor_drw has 0 polygons
2026-09-21 21:59:05 +0700: Memory Usage (424876K) : snsarms_drw has 0 polygons
2026-09-21 21:59:05 +0700: Memory Usage (424876K) : snscmosvia_drw has 0 polygons
2026-09-21 21:59:05 +0700: Memory Usage (424876K) : colwind_drw has 0 polygons
2026-09-21 21:59:05 +0700: Memory Usage (424876K) : flm_drw has 0 polygons
2026-09-21 21:59:05 +0700: Memory Usage (424876K) : hafniumox_drw has 0 polygons
2026-09-21 21:59:05 +0700: Memory Usage (424876K) : memvia_drw has 0 polygons
2026-09-21 21:59:05 +0700: Memory Usage (424876K) : thinfilmres_drw has 0 polygons
2026-09-21 21:59:05 +0700: Memory Usage (424876K) : rfmem_drw has 0 polygons
2026-09-21 21:59:05 +0700: Memory Usage (424876K) : norcx_drw has 0 polygons
2026-09-21 21:59:05 +0700: Memory Usage (424876K) : norcx_m2m3 has 0 polygons
2026-09-21 21:59:05 +0700: Memory Usage (424876K) : norcx_m2m4 has 0 polygons
2026-09-21 21:59:05 +0700: Memory Usage (424876K) : norcx_m2m5 has 0 polygons
2026-09-21 21:59:05 +0700: Memory Usage (424876K) : norcx_m2tm1 has 0 polygons
2026-09-21 21:59:05 +0700: Memory Usage (424876K) : norcx_m2tm2 has 0 polygons
2026-09-21 21:59:05 +0700: Memory Usage (424876K) : norcx_m3m4 has 0 polygons
2026-09-21 21:59:05 +0700: Memory Usage (424876K) : norcx_m3m5 has 0 polygons
2026-09-21 21:59:05 +0700: Memory Usage (424876K) : norcx_m3tm1 has 0 polygons
2026-09-21 21:59:05 +0700: Memory Usage (424876K) : norcx_m3tm2 has 0 polygons
2026-09-21 21:59:05 +0700: Memory Usage (424876K) : norcx_m4m5 has 0 polygons
2026-09-21 21:59:05 +0700: Memory Usage (424876K) : norcx_m4tm1 has 0 polygons
2026-09-21 21:59:05 +0700: Memory Usage (424876K) : norcx_m4tm2 has 0 polygons
2026-09-21 21:59:05 +0700: Memory Usage (424876K) : norcx_m5tm1 has 0 polygons
2026-09-21 21:59:05 +0700: Memory Usage (424876K) : norcx_m5tm2 has 0 polygons
2026-09-21 21:59:05 +0700: Memory Usage (424876K) : norcx_tm1tm2 has 0 polygons
2026-09-21 21:59:05 +0700: Memory Usage (424876K) : norcx_m1sub has 0 polygons
2026-09-21 21:59:05 +0700: Memory Usage (424876K) : norcx_m2sub has 0 polygons
2026-09-21 21:59:05 +0700: Memory Usage (424876K) : norcx_m3sub has 0 polygons
2026-09-21 21:59:05 +0700: Memory Usage (424876K) : norcx_m4sub has 0 polygons
2026-09-21 21:59:05 +0700: Memory Usage (424876K) : norcx_m5sub has 0 polygons
2026-09-21 21:59:05 +0700: Memory Usage (424876K) : norcx_tm1sub has 0 polygons
2026-09-21 21:59:05 +0700: Memory Usage (424876K) : norcx_tm2sub has 0 polygons
2026-09-21 21:59:05 +0700: Memory Usage (425056K) : snsbotvia_drw has 0 polygons
2026-09-21 21:59:05 +0700: Memory Usage (425056K) : snstopvia_drw has 0 polygons
2026-09-21 21:59:05 +0700: Memory Usage (425056K) : deepvia_drw has 0 polygons
2026-09-21 21:59:05 +0700: Memory Usage (425056K) : fgetch_drw has 0 polygons
2026-09-21 21:59:05 +0700: Memory Usage (425308K) : ctrgat_drw has 0 polygons
2026-09-21 21:59:05 +0700: Memory Usage (425308K) : fgimp_drw has 0 polygons
2026-09-21 21:59:05 +0700: Memory Usage (425308K) : emwihv_drw has 0 polygons
2026-09-21 21:59:05 +0700: Memory Usage (425572K) : lbe_drw has 0 polygons
2026-09-21 21:59:05 +0700: Memory Usage (425572K) : alcustop_drw has 0 polygons
2026-09-21 21:59:05 +0700: Memory Usage (425572K) : nometfiller_drw has 0 polygons
2026-09-21 21:59:05 +0700: Memory Usage (425572K) : prboundary_drw has 0 polygons
2026-09-21 21:59:05 +0700: Memory Usage (425828K) : exchange0_drw has 0 polygons
2026-09-21 21:59:05 +0700: Memory Usage (425828K) : exchange0_pin has 0 polygons
2026-09-21 21:59:05 +0700: Memory Usage (425828K) : exchange0_text has 0 polygons
2026-09-21 21:59:05 +0700: Memory Usage (426088K) : exchange1_drw has 0 polygons
2026-09-21 21:59:05 +0700: Memory Usage (426088K) : exchange1_pin has 0 polygons
2026-09-21 21:59:05 +0700: Memory Usage (426088K) : exchange1_text has 0 polygons
2026-09-21 21:59:05 +0700: Memory Usage (426088K) : exchange2_drw has 0 polygons
2026-09-21 21:59:05 +0700: Memory Usage (426340K) : exchange2_pin has 0 polygons
2026-09-21 21:59:05 +0700: Memory Usage (426340K) : exchange2_text has 0 polygons
2026-09-21 21:59:05 +0700: Memory Usage (426340K) : exchange3_drw has 0 polygons
2026-09-21 21:59:05 +0700: Memory Usage (426600K) : exchange3_pin has 0 polygons
2026-09-21 21:59:05 +0700: Memory Usage (426600K) : exchange3_text has 0 polygons
2026-09-21 21:59:05 +0700: Memory Usage (426600K) : exchange4_drw has 0 polygons
2026-09-21 21:59:05 +0700: Memory Usage (426600K) : exchange4_pin has 0 polygons
2026-09-21 21:59:05 +0700: Memory Usage (426864K) : exchange4_text has 0 polygons
2026-09-21 21:59:05 +0700: Memory Usage (426864K) : isonwell_drw has 0 polygons
2026-09-21 21:59:05 +0700: Memory Usage (426864K) : Total no. of polygons in the design is 74848
2026-09-21 21:59:05 +0700: Memory Usage (426864K) : Starting base layers derivations
2026-09-21 21:59:05 +0700: Memory Usage (426864K) : Starting general LVS derivations
2026-09-21 21:59:06 +0700: Memory Usage (427624K) : Starting MOSFET DERIVATIONS
2026-09-21 21:59:06 +0700: Memory Usage (427760K) : Starting NMOS DERIVATIONS
2026-09-21 21:59:06 +0700: Memory Usage (427760K) : Starting PMOS DERIVATIONS
2026-09-21 21:59:06 +0700: Memory Usage (427760K) : Starting RF-MOSFET DERIVATIONS
2026-09-21 21:59:06 +0700: Memory Usage (427760K) : Starting RF-NMOS DERIVATIONS
2026-09-21 21:59:06 +0700: Memory Usage (427760K) : Starting RF-PMOS DERIVATIONS
2026-09-21 21:59:06 +0700: Memory Usage (427760K) : Starting BJT DERIVATIONS
2026-09-21 21:59:06 +0700: Memory Usage (427760K) : Starting NPN-BJT DERIVATIONS
2026-09-21 21:59:07 +0700: Memory Usage (428320K) : Starting PNP-BJT DERIVATIONS
2026-09-21 21:59:07 +0700: Memory Usage (428320K) : Starting DIODE DERIVATIONS
2026-09-21 21:59:07 +0700: Memory Usage (429376K) : Starting RESISTOR DERIVATIONS
2026-09-21 21:59:08 +0700: Memory Usage (429376K) : Starting CAP DERIVATIONS
2026-09-21 21:59:08 +0700: Memory Usage (427204K) : Starting ESD DERIVATIONS
2026-09-21 21:59:09 +0700: Memory Usage (428900K) : Starting Inductor DERIVATIONS
2026-09-21 21:59:10 +0700: Memory Usage (430352K) : Starting Taps DERIVATIONS
2026-09-21 21:59:10 +0700: Memory Usage (430352K) : Starting SG13G2 LVS connectivity setup
2026-09-21 21:59:10 +0700: Memory Usage (430352K) : Starting SG13G2 LVS connectivity setup (Inter-layer)
2026-09-21 21:59:10 +0700: Memory Usage (430352K) : Starting SG13G2 LVS connectivity setup (Global)
2026-09-21 21:59:10 +0700: Memory Usage (430352K) : Starting LVS MOSFET CONNECTIONS
2026-09-21 21:59:10 +0700: Memory Usage (430352K) : Starting LVS RF-MOSFET CONNECTIONS
2026-09-21 21:59:10 +0700: Memory Usage (430352K) : Starting LVS BJT CONNECTIONS
2026-09-21 21:59:10 +0700: Memory Usage (430352K) : Starting LVS DIODE CONNECTIONS
2026-09-21 21:59:10 +0700: Memory Usage (430352K) : Starting RESISTOR CONNECTIONS
2026-09-21 21:59:10 +0700: Memory Usage (430352K) : Starting LVS CAP CONNECTIONS
2026-09-21 21:59:10 +0700: Memory Usage (430352K) : Starting ESD CONNECTIONS
2026-09-21 21:59:10 +0700: Memory Usage (430352K) : Starting Inductor CONNECTIONS
2026-09-21 21:59:10 +0700: Memory Usage (430352K) : Starting LVS Taps CONNECTIONS
2026-09-21 21:59:10 +0700: Memory Usage (430352K) : Starting SG13G2 LVS DEVICES EXTRACTION
2026-09-21 21:59:10 +0700: Memory Usage (430596K) : Starting MOSFET EXTRACTION
2026-09-21 21:59:10 +0700: Memory Usage (430596K) : Starting NMOS EXTRACTION
2026-09-21 21:59:10 +0700: Memory Usage (430596K) : Extraction of NMOS-LV transistor
2026-09-21 21:59:10 +0700: Memory Usage (430596K) : Extraction of NMOS-HV transistor
2026-09-21 21:59:10 +0700: Memory Usage (430596K) : Starting PMOS EXTRACTION
2026-09-21 21:59:10 +0700: Memory Usage (430596K) : Extraction of PMOS-LV transistor
2026-09-21 21:59:10 +0700: Memory Usage (430596K) : Extraction of PMOS-HV transistor
2026-09-21 21:59:10 +0700: Memory Usage (430596K) : Starting RF-MOSFET EXTRACTION
2026-09-21 21:59:10 +0700: Memory Usage (430596K) : Extraction of RF-NMOS-LV transistor
2026-09-21 21:59:10 +0700: Memory Usage (430596K) : Extraction of RF-NMOS-HV transistor
2026-09-21 21:59:10 +0700: Memory Usage (430596K) : Extraction of RF-PMOS-LV transistor
2026-09-21 21:59:11 +0700: Memory Usage (430596K) : Extraction of RF-PMOS-HV transistor
2026-09-21 21:59:11 +0700: Memory Usage (430596K) : Starting BJT EXTRACTION
2026-09-21 21:59:11 +0700: Memory Usage (430596K) : Starting NPN-BJT EXTRACTION
2026-09-21 21:59:11 +0700: Memory Usage (430596K) : Extraction of npn13G2 BJT transistor
2026-09-21 21:59:11 +0700: Memory Usage (430724K) : Extraction of npn13G2L BJT transistor
2026-09-21 21:59:11 +0700: Memory Usage (430724K) : Extraction of npn13G2V BJT transistor
2026-09-21 21:59:11 +0700: Memory Usage (430724K) : Starting PNP-BJT EXTRACTION
2026-09-21 21:59:11 +0700: Memory Usage (430724K) : Extracting pnpMPA BJT
2026-09-21 21:59:11 +0700: Memory Usage (430724K) : Starting DIODE EXTRACTION
2026-09-21 21:59:11 +0700: Memory Usage (430724K) : Extracting dantenna diode
2026-09-21 21:59:11 +0700: Memory Usage (430724K) : Extracting dpantenna diode
2026-09-21 21:59:11 +0700: Memory Usage (430724K) : Extracting schottky_nbl1 diode
2026-09-21 21:59:11 +0700: Memory Usage (430724K) : Extracting isolbox diode
2026-09-21 21:59:11 +0700: Memory Usage (430724K) : Starting RESISTOR EXTRACTION
2026-09-21 21:59:11 +0700: Memory Usage (430724K) : Extracting rsil resistor
2026-09-21 21:59:11 +0700: Memory Usage (430724K) : Extracting rppd resistor
2026-09-21 21:59:11 +0700: Memory Usage (430724K) : Extracting rhigh resistor
2026-09-21 21:59:11 +0700: Memory Usage (430724K) : Extracting res_metal1 resistor
2026-09-21 21:59:11 +0700: Memory Usage (430804K) : Extracting res_metal2 resistor
2026-09-21 21:59:11 +0700: Memory Usage (431016K) : Extracting res_metal3 resistor
2026-09-21 21:59:11 +0700: Memory Usage (431016K) : Extracting res_metal4 resistor
2026-09-21 21:59:11 +0700: Memory Usage (431016K) : Extracting res_metal5 resistor
2026-09-21 21:59:11 +0700: Memory Usage (431016K) : Extracting res_topmetal1 resistor
2026-09-21 21:59:11 +0700: Memory Usage (431016K) : Extracting res_topmetal2 resistor
2026-09-21 21:59:11 +0700: Memory Usage (431016K) : Starting CAP EXTRACTION
2026-09-21 21:59:11 +0700: Memory Usage (431016K) : Extracting cap_cmim device
2026-09-21 21:59:11 +0700: Memory Usage (431016K) : Extracting rfcmim device
2026-09-21 21:59:11 +0700: Memory Usage (431016K) : Extracting sg13_hv_svaricap varactor
2026-09-21 21:59:11 +0700: Memory Usage (431016K) : Starting ESD EXTRACTION
2026-09-21 21:59:11 +0700: Memory Usage (431016K) : Extracting diodevdd_2kv ESD device
2026-09-21 21:59:11 +0700: Memory Usage (431016K) : Extracting diodevdd_4kv ESD device
2026-09-21 21:59:11 +0700: Memory Usage (431016K) : Extracting diodevss_2kv ESD device
2026-09-21 21:59:11 +0700: Memory Usage (431016K) : Extracting diodevss_4kv ESD device
2026-09-21 21:59:11 +0700: Memory Usage (431016K) : Extracting idiodevdd_2kv ESD device
2026-09-21 21:59:11 +0700: Memory Usage (431016K) : Extracting idiodevdd_4kv ESD device
2026-09-21 21:59:11 +0700: Memory Usage (431016K) : Extracting idiodevss_2kv ESD device
2026-09-21 21:59:11 +0700: Memory Usage (431016K) : Extracting idiodevss_4kv ESD device
2026-09-21 21:59:11 +0700: Memory Usage (431016K) : Extracting nmoscl_2 ESD device
2026-09-21 21:59:11 +0700: Memory Usage (431016K) : Extracting nmoscl_4 ESD device
2026-09-21 21:59:11 +0700: Memory Usage (431016K) : Starting Inductor EXTRACTION
2026-09-21 21:59:11 +0700: Memory Usage (431016K) : Extracting Inductor2 device
2026-09-21 21:59:11 +0700: Memory Usage (431016K) : Extracting Inductor3 device
2026-09-21 21:59:11 +0700: Memory Usage (431016K) : Starting Taps EXTRACTION
2026-09-21 21:59:11 +0700: Memory Usage (431016K) : Extracting ntap1 device
2026-09-21 21:59:11 +0700: Memory Usage (431016K) : Extracting ptap1 device
2026-09-21 21:59:11 +0700: Memory Usage (431016K) : Starting SG13G2 LVS RF MOS Model Mapping
2026-09-21 21:59:12 +0700: Memory Usage (431292K) : [layout_netlist] Apply RF MOS model mapping and rfmode parameter.
2026-09-21 21:59:12 +0700: Memory Usage (431344K) : Starting SG13G2 LVS Options Preparations
2026-09-21 21:59:12 +0700: Memory Usage (431344K) : SG13G2 LVS flow: extraction -> alignment -> option preparation -> comparison.
2026-09-21 21:59:12 +0700: Memory Usage (431344K) : Starting SG13G2 LVS Alignment
2026-09-21 21:59:12 +0700: Memory Usage (433512K) : Starting SG13G2 LVS Simplification
2026-09-21 21:59:12 +0700: Memory Usage (433512K) : [layout_netlist] simplify: ENABLED
2026-09-21 21:59:12 +0700: Memory Usage (433512K) : [layout_netlist] make_top_level_pins: SKIPPED
2026-09-21 21:59:12 +0700: Memory Usage (433512K) : [layout_netlist] combine_devices: SKIPPED
2026-09-21 21:59:12 +0700: Memory Usage (433512K) : [layout_netlist] purge: SKIPPED
2026-09-21 21:59:12 +0700: Memory Usage (433512K) : [layout_netlist] purge_nets: SKIPPED
2026-09-21 21:59:12 +0700: Memory Usage (433512K) : [schematic_netlist] simplify: ENABLED
2026-09-21 21:59:12 +0700: Memory Usage (433512K) : [schematic_netlist] make_top_level_pins: SKIPPED
2026-09-21 21:59:12 +0700: Memory Usage (433512K) : [schematic_netlist] combine_devices: SKIPPED
2026-09-21 21:59:12 +0700: Memory Usage (433512K) : [schematic_netlist] purge: SKIPPED
2026-09-21 21:59:12 +0700: Memory Usage (433512K) : [schematic_netlist] purge_nets: SKIPPED
2026-09-21 21:59:12 +0700: Memory Usage (433512K) : Starting SG13G2 LVS Comparison in strict port mode.
2026-09-21 21:59:12 +0700: Memory Usage (433512K) : flag_missing_ports enabled: missing/mislabeled top-level ports are treated as errors.
2026-09-21 21:59:13 +0700: Memory Usage (433640K) : xxxxxxxxxxxxxxxxxxxxxxxxxxxxxxxxxxxxxxxxxx
2026-09-21 21:59:13 +0700: Memory Usage (433640K) : ERROR : Netlists don't match
2026-09-21 21:59:13 +0700: Memory Usage (433640K) : xxxxxxxxxxxxxxxxxxxxxxxxxxxxxxxxxxxxxxxxxx
2026-09-21 21:59:13 +0700: Memory Usage (433640K) : LVS Total Run time 9.356369 seconds
